Component: ARM Compiler 5.06 update 1 (build 61) Tool: armlink [4d35a8]

==============================================================================

Section Cross References

    stm32l0xx_hal_flash_ex.o(i.FLASH_OB_ProtectedSectorsConfig) refers to stm32l0xx_hal_flash.o(i.FLASH_WaitForLastOperation) for FLASH_WaitForLastOperation
    stm32l0xx_hal_flash_ex.o(i.FLASH_OB_ProtectedSectorsConfig) refers to stm32l0xx_hal_flash.o(.bss) for pFlash
    stm32l0xx_hal_flash_ex.o(i.FLASH_PageErase) refers to stm32l0xx_hal_flash.o(.bss) for pFlash
    stm32l0xx_hal_flash_ex.o(i.HAL_FLASHEx_AdvOBProgram) refers to stm32l0xx_hal_flash_ex.o(i.FLASH_OB_ProtectedSectorsConfig) for FLASH_OB_ProtectedSectorsConfig
    stm32l0xx_hal_flash_ex.o(i.HAL_FLASHEx_DATAEEPROM_Erase) refers to stm32l0xx_hal_flash.o(i.FLASH_WaitForLastOperation) for FLASH_WaitForLastOperation
    stm32l0xx_hal_flash_ex.o(i.HAL_FLASHEx_DATAEEPROM_Erase) refers to stm32l0xx_hal_flash.o(.bss) for pFlash
    stm32l0xx_hal_flash_ex.o(i.HAL_FLASHEx_DATAEEPROM_Program) refers to stm32l0xx_hal_flash.o(i.FLASH_WaitForLastOperation) for FLASH_WaitForLastOperation
    stm32l0xx_hal_flash_ex.o(i.HAL_FLASHEx_DATAEEPROM_Program) refers to stm32l0xx_hal_flash.o(.bss) for pFlash
    stm32l0xx_hal_flash_ex.o(i.HAL_FLASHEx_Erase) refers to stm32l0xx_hal_flash.o(i.FLASH_WaitForLastOperation) for FLASH_WaitForLastOperation
    stm32l0xx_hal_flash_ex.o(i.HAL_FLASHEx_Erase) refers to stm32l0xx_hal_flash_ex.o(i.FLASH_PageErase) for FLASH_PageErase
    stm32l0xx_hal_flash_ex.o(i.HAL_FLASHEx_Erase) refers to stm32l0xx_hal_flash.o(.bss) for pFlash
    stm32l0xx_hal_flash_ex.o(i.HAL_FLASHEx_Erase_IT) refers to stm32l0xx_hal_flash.o(i.FLASH_WaitForLastOperation) for FLASH_WaitForLastOperation
    stm32l0xx_hal_flash_ex.o(i.HAL_FLASHEx_Erase_IT) refers to stm32l0xx_hal_flash_ex.o(i.FLASH_PageErase) for FLASH_PageErase
    stm32l0xx_hal_flash_ex.o(i.HAL_FLASHEx_Erase_IT) refers to stm32l0xx_hal_flash.o(.bss) for pFlash
    stm32l0xx_hal_flash_ex.o(i.HAL_FLASHEx_OBProgram) refers to stm32l0xx_hal_flash_ex.o(i.FLASH_OB_ProtectedSectorsConfig) for FLASH_OB_ProtectedSectorsConfig
    stm32l0xx_hal_flash_ex.o(i.HAL_FLASHEx_OBProgram) refers to stm32l0xx_hal_flash.o(i.FLASH_WaitForLastOperation) for FLASH_WaitForLastOperation
    stm32l0xx_hal_flash_ex.o(i.HAL_FLASHEx_OBProgram) refers to stm32l0xx_hal_flash.o(.bss) for pFlash
    stm32l0xx_hal_flash_ex.o(i.HAL_FLASHEx_OB_DeSelectPCROP) refers to stm32l0xx_hal_flash.o(i.FLASH_WaitForLastOperation) for FLASH_WaitForLastOperation
    stm32l0xx_hal_flash_ex.o(i.HAL_FLASHEx_OB_DeSelectPCROP) refers to stm32l0xx_hal_flash.o(.bss) for pFlash
    stm32l0xx_hal_flash_ex.o(i.HAL_FLASHEx_OB_SelectPCROP) refers to stm32l0xx_hal_flash.o(i.FLASH_WaitForLastOperation) for FLASH_WaitForLastOperation
    stm32l0xx_hal_flash_ex.o(i.HAL_FLASHEx_OB_SelectPCROP) refers to stm32l0xx_hal_flash.o(.bss) for pFlash
    stm32l0xx_hal_cortex.o(i.HAL_NVIC_SetPriority) refers to stm32l0xx_hal_cortex.o(i.NVIC_SetPriority) for NVIC_SetPriority
    stm32l0xx_hal_cortex.o(i.HAL_SYSTICK_Config) refers to stm32l0xx_hal_cortex.o(i.NVIC_SetPriority) for NVIC_SetPriority
    stm32l0xx_hal_cortex.o(i.HAL_SYSTICK_IRQHandler) refers to common.o(i.HAL_SYSTICK_Callback) for HAL_SYSTICK_Callback
    stm32l0xx_hal_dma.o(i.HAL_DMA_Abort) refers to stm32l0xx_hal.o(i.HAL_GetTick) for HAL_GetTick
    stm32l0xx_hal_dma.o(i.HAL_DMA_PollForTransfer) refers to stm32l0xx_hal.o(i.HAL_GetTick) for HAL_GetTick
    stm32l0xx_hal_dma.o(i.HAL_DMA_Start) refers to stm32l0xx_hal_dma.o(i.DMA_SetConfig) for DMA_SetConfig
    stm32l0xx_hal_dma.o(i.HAL_DMA_Start_IT) refers to stm32l0xx_hal_dma.o(i.DMA_SetConfig) for DMA_SetConfig
    stm32l0xx_hal_pwr.o(i.HAL_PWR_PVD_IRQHandler) refers to stm32l0xx_hal_pwr.o(i.HAL_PWR_PVDCallback) for HAL_PWR_PVDCallback
    stm32l0xx_hal_tim.o(i.HAL_TIM_Base_DeInit) refers to tim.o(i.HAL_TIM_Base_MspDeInit) for HAL_TIM_Base_MspDeInit
    stm32l0xx_hal_tim.o(i.HAL_TIM_Base_Init) refers to tim.o(i.HAL_TIM_Base_MspInit) for HAL_TIM_Base_MspInit
    stm32l0xx_hal_tim.o(i.HAL_TIM_Base_Init) refers to stm32l0xx_hal_tim.o(i.TIM_Base_SetConfig) for TIM_Base_SetConfig
    stm32l0xx_hal_tim.o(i.HAL_TIM_Base_Start_DMA) refers to stm32l0xx_hal_dma.o(i.HAL_DMA_Start_IT) for HAL_DMA_Start_IT
    stm32l0xx_hal_tim.o(i.HAL_TIM_Base_Start_DMA) refers to stm32l0xx_hal_tim.o(i.TIM_DMAPeriodElapsedCplt) for TIM_DMAPeriodElapsedCplt
    stm32l0xx_hal_tim.o(i.HAL_TIM_Base_Start_DMA) refers to stm32l0xx_hal_tim.o(i.TIM_DMAError) for TIM_DMAError
    stm32l0xx_hal_tim.o(i.HAL_TIM_ConfigClockSource) refers to stm32l0xx_hal_tim.o(i.TIM_ETR_SetConfig) for TIM_ETR_SetConfig
    stm32l0xx_hal_tim.o(i.HAL_TIM_ConfigClockSource) refers to stm32l0xx_hal_tim.o(i.TIM_TI1_ConfigInputStage) for TIM_TI1_ConfigInputStage
    stm32l0xx_hal_tim.o(i.HAL_TIM_ConfigClockSource) refers to stm32l0xx_hal_tim.o(i.TIM_TI2_ConfigInputStage) for TIM_TI2_ConfigInputStage
[...]
    HL_atoh                                  0x08004ed1   Thumb Code    70  common.o(i.HL_atoh)
    HW_AdcReadChannel                        0x08004f1d   Thumb Code   112  common.o(i.HW_AdcReadChannel)
    HW_DeInit                                0x08004fa1   Thumb Code    34  common.o(i.HW_DeInit)
    HW_EnterStopMode                         0x08004fd1   Thumb Code    36  low_power.o(i.HW_EnterStopMode)
    HW_ExitStopMode                          0x08004ff9   Thumb Code    18  low_power.o(i.HW_ExitStopMode)
    HW_GPIO_Init                             0x08005045   Thumb Code    80  hw_gpio.o(i.HW_GPIO_Init)
    HW_GPIO_IrqHandler                       0x08005099   Thumb Code    20  hw_gpio.o(i.HW_GPIO_IrqHandler)
    HW_GPIO_SetIrq                           0x080050b1   Thumb Code    48  hw_gpio.o(i.HW_GPIO_SetIrq)
    HW_GPIO_Write                            0x080050e5   Thumb Code    10  hw_gpio.o(i.HW_GPIO_Write)
    HW_GetBatteryLevel                       0x080050f1   Thumb Code    82  common.o(i.HW_GetBatteryLevel)
    HW_GetUniqueId                           0x0800515d   Thumb Code    64  common.o(i.HW_GetUniqueId)
    HW_RTC_DelayMs                           0x080051a1   Thumb Code    38  hw_rtc.o(i.HW_RTC_DelayMs)
    HW_RTC_GetMinimumTimeout                 0x08005289   Thumb Code     4  hw_rtc.o(i.HW_RTC_GetMinimumTimeout)
    HW_RTC_GetTimerContext                   0x0800528d   Thumb Code     6  hw_rtc.o(i.HW_RTC_GetTimerContext)
    HW_RTC_GetTimerElapsedTime               0x08005299   Thumb Code    22  hw_rtc.o(i.HW_RTC_GetTimerElapsedTime)
    HW_RTC_GetTimerValue                     0x080052b5   Thumb Code    16  hw_rtc.o(i.HW_RTC_GetTimerValue)
    HW_RTC_Init                              0x080052c5   Thumb Code    34  hw_rtc.o(i.HW_RTC_Init)
    HW_RTC_IrqHandler                        0x080052f1   Thumb Code    16  hw_rtc.o(i.HW_RTC_IrqHandler)
    HW_RTC_SetAlarm                          0x08005305   Thumb Code    64  hw_rtc.o(i.HW_RTC_SetAlarm)
    HW_RTC_SetTimerContext                   0x080053a9   Thumb Code    18  hw_rtc.o(i.HW_RTC_SetTimerContext)
    HW_RTC_StopAlarm                         0x080054d9   Thumb Code    28  hw_rtc.o(i.HW_RTC_StopAlarm)
    HW_RTC_Tick2ms                           0x080054f9   Thumb Code    16  hw_rtc.o(i.HW_RTC_Tick2ms)
    HW_RTC_setMcuWakeUpTime                  0x08005509   Thumb Code   126  hw_rtc.o(i.HW_RTC_setMcuWakeUpTime)
    HW_SPI_DeInit                            0x08005599   Thumb Code   106  hw_spi.o(i.HW_SPI_DeInit)
    HW_SPI_InOut                             0x08005611   Thumb Code    28  hw_spi.o(i.HW_SPI_InOut)
    HW_SPI_Init                              0x08005631   Thumb Code   186  hw_spi.o(i.HW_SPI_Init)
    Handle_Error_Process                     0x0800571d   Thumb Code    64  aware_protocol.o(i.Handle_Error_Process)
    HardFault_Handler                        0x08005761   Thumb Code     2  stm32l0xx_it.o(i.HardFault_Handler)
    HeartRate_Idle                           0x08005765   Thumb Code    24  common.o(i.HeartRate_Idle)
    Hw_Init                                  0x08005785   Thumb Code    34  common.o(i.Hw_Init)
    IS_Set_ATCmd                             0x080057b5   Thumb Code    14  common.o(i.IS_Set_ATCmd)
    Init_SysConfig                           0x080057c5   Thumb Code   120  common.o(i.Init_SysConfig)
    Is_Ack_Pending                           0x0800585d   Thumb Code    16  aware_protocol.o(i.Is_Ack_Pending)
    Is_Cmd_Resp_Pending                      0x08005871   Thumb Code    16  aware_protocol.o(i.Is_Cmd_Resp_Pending)
    Is_Joining                               0x08005885   Thumb Code    28  aware_protocol.o(i.Is_Joining)
    Is_Local_Addr                            0x080058a9   Thumb Code    48  aware_protocol.o(i.Is_Local_Addr)
    Is_Local_NwkAddr                         0x080058e1   Thumb Code    32  aware_protocol.o(i.Is_Local_NwkAddr)
    Is_RF_Tx_Pending                         0x08005909   Thumb Code    18  aware_protocol.o(i.Is_RF_Tx_Pending)
    Is_ZED_PollReq                           0x0800591d   Thumb Code    26  aware_protocol.o(i.Is_ZED_PollReq)
    Join_Req                                 0x0800593d   Thumb Code    66  aware_protocol.o(i.Join_Req)
    KEY_Idle                                 0x080059b1   Thumb Code    26  common.o(i.KEY_Idle)
    Key_Func_Handler                         0x080059d1   Thumb Code   220  common.o(i.Key_Func_Handler)
    Key_GPIO_INT_Init                        0x08005b29   Thumb Code    78  common.o(i.Key_GPIO_INT_Init)
    Key_Read                                 0x08005b89   Thumb Code    34  common.o(i.Key_Read)
    Key_Status_Poll                          0x08005bb1   Thumb Code   124  common.o(i.Key_Status_Poll)
    LED_Ctrl                                 0x08005c35   Thumb Code   266  common.o(i.LED_Ctrl)
    LED_GPIO_Init                            0x08005d41   Thumb Code    82  common.o(i.LED_GPIO_Init)
    LED_Idle                                 0x08005d99   Thumb Code    36  common.o(i.LED_Idle)
    LED_Show                                 0x08005dc1   Thumb Code    56  common.o(i.LED_Show)
    LF_AS3932DeInit                          0x08005dfd   Thumb Code    22  lf_as3932.o(i.LF_AS3932DeInit)
    LF_AS3932Init                            0x08005e15   Thumb Code   130  lf_as3932.o(i.LF_AS3932Init)
    LF_Alarm_Report                          0x08005fcd   Thumb Code    66  common.o(i.LF_Alarm_Report)
    LF_AwakeUp                               0x0800601d   Thumb Code   462  lf_as3932.o(i.LF_AwakeUp)
    LF_Config                                0x080061f5   Thumb Code   462  common.o(i.LF_Config)
    LF_Done                                  0x08006511   Thumb Code    16  common.o(i.LF_Done)
    LF_Init                                  0x08006525   Thumb Code    16  lfwakeup.o(i.LF_Init)
    LF_ProtocolAnalyzing                     0x08006535   Thumb Code   262  lf_protocol.o(i.LF_ProtocolAnalyzing)
    LF_Read_Register                         0x08006641   Thumb Code   114  lf_as3932.o(i.LF_Read_Register)
    LF_Report                                0x080066b5   Thumb Code    92  common.o(i.LF_Report)
    LF_Reset                                 0x0800671d   Thumb Code    28  lfwakeup.o(i.LF_Reset)
    LF_SPI_GPIO_DeInit                       0x08006745   Thumb Code   118  lf_as3932.o(i.LF_SPI_GPIO_DeInit)
    LF_SPI_GPIO_Init                         0x080067c5   Thumb Code   136  lf_as3932.o(i.LF_SPI_GPIO_Init)
    LF_SendBit                               0x08006899   Thumb Code    84  lfwakeup.o(i.LF_SendBit)
    LF_SendConfig                            0x080068fd   Thumb Code    34  lfwakeup.o(i.LF_SendConfig)
    LF_Write_Command                         0x0800691f   Thumb Code    58  lf_as3932.o(i.LF_Write_Command)
    LF_Write_Register                        0x08006959   Thumb Code    62  lf_as3932.o(i.LF_Write_Register)
    LPMoveCount_Start                        0x08006999   Thumb Code    16  lptim.o(i.LPMoveCount_Start)
    LPMoveCount_Stop                         0x080069b1   Thumb Code    16  lptim.o(i.LPMoveCount_Stop)
    LoRa_Config                              0x080069c5   Thumb Code    24  common.o(i.LoRa_Config)
    LoRa_Init                                0x080069dd   Thumb Code   188  common.o(i.LoRa_Init)
    LowPower_Disable                         0x08006b45   Thumb Code    20  low_power.o(i.LowPower_Disable)
    LowPower_Enable                          0x08006b5d   Thumb Code    20  low_power.o(i.LowPower_Enable)
    LowPower_GetState                        0x08006b75   Thumb Code     6  low_power.o(i.LowPower_GetState)
    LowPower_Handler                         0x08006b81   Thumb Code    32  low_power.o(i.LowPower_Handler)
    MINI_Pro_Resp                            0x08006bbd   Thumb Code   706  common.o(i.MINI_Pro_Resp)
    MSP_GetIRQn                              0x08006e8d   Thumb Code    86  hw_gpio.o(i.MSP_GetIRQn)
    MX_ADC_Init                              0x08006ee5   Thumb Code   116  common.o(i.MX_ADC_Init)
    MX_DMA_Init                              0x08006f79   Thumb Code    52  common.o(i.MX_DMA_Init)
    MX_LPTIM1_Init                           0x08006fb1   Thumb Code    52  lptim.o(i.MX_LPTIM1_Init)
    MX_TIM21_Init                            0x08007009   Thumb Code   126  tim.o(i.MX_TIM21_Init)
    MX_TIM2_Init                             0x080070a5   Thumb Code   108  tim.o(i.MX_TIM2_Init)
    MX_TIM6_Init                             0x08007125   Thumb Code    64  tim.o(i.MX_TIM6_Init)
    MX_USART1_UART_Init                      0x0800717d   Thumb Code    56  common.o(i.MX_USART1_UART_Init)
    MX_USART2_UART_Init                      0x080071d1   Thumb Code    52  common.o(i.MX_USART2_UART_Init)
    Match_Tag_ID                             0x08007221   Thumb Code    84  common.o(i.Match_Tag_ID)
    NMI_Handler                              0x08007279   Thumb Code     2  stm32l0xx_it.o(i.NMI_Handler)
    Node_Join_LoRa                           0x080072dd   Thumb Code   102  aware_protocol.o(i.Node_Join_LoRa)
    OHR_GPIO_Init                            0x0800734d   Thumb Code   102  orh_uart.o(i.OHR_GPIO_Init)
    OHR_event_handler                        0x080073c1   Thumb Code    42  orh_uart.o(i.OHR_event_handler)
    OHR_init                                 0x080073f1   Thumb Code    12  orh_uart.o(i.OHR_init)
    OnRxDone                                 0x08007485   Thumb Code    68  common.o(i.OnRxDone)
    OnRxError                                0x080074e1   Thumb Code    28  common.o(i.OnRxError)
    OnRxTimeout                              0x0800750d   Thumb Code    14  common.o(i.OnRxTimeout)
    OnTxDone                                 0x08007521   Thumb Code    22  common.o(i.OnTxDone)
    OnTxTimeout                              0x0800753d   Thumb Code    28  common.o(i.OnTxTimeout)
    PWM_GPIO_Init                            0x0800756d   Thumb Code    98  lfwakeup.o(i.PWM_GPIO_Init)
    PackFrame_Config                         0x080075d9   Thumb Code   120  common.o(i.PackFrame_Config)
    PackFrame_Data7Byte                      0x08007659   Thumb Code   124  common.o(i.PackFrame_Data7Byte)
    PendSV_Handler                           0x080076d9   Thumb Code     2  stm32l0xx_it.o(i.PendSV_Handler)
    Period_Poll_Data                         0x080076dd   Thumb Code    58  aware_protocol.o(i.Period_Poll_Data)
    Poll_RF_Buffer                           0x08007721   Thumb Code    26  aware_protocol.o(i.Poll_RF_Buffer)
    Process_Ack                              0x08007741   Thumb Code    96  aware_protocol.o(i.Process_Ack)
    Process_App_Ack                          0x080077c1   Thumb Code    44  common.o(i.Process_App_Ack)
    Process_App_Cmd                          0x08007811   Thumb Code   280  aware_protocol.o(i.Process_App_Cmd)
    Process_App_RF_Rec                       0x080079a5   Thumb Code   246  common.o(i.Process_App_RF_Rec)
    Process_Bat                              0x08007b49   Thumb Code   342  common.o(i.Process_Bat)
    Process_Bind                             0x08007cf1   Thumb Code   196  common.o(i.Process_Bind)
    Process_Cmd                              0x08007dd5   Thumb Code   134  aware_protocol.o(i.Process_Cmd)
    Process_Cmd_Status                       0x08007ef1   Thumb Code    26  common.o(i.Process_Cmd_Status)
    Process_Error                            0x08007f49   Thumb Code    20  common.o(i.Process_Error)
    Process_HeartBeat                        0x08007f61   Thumb Code   102  common.o(i.Process_HeartBeat)
    Process_Join_Cmd                         0x08007fd1   Thumb Code    22  aware_protocol.o(i.Process_Join_Cmd)
    Process_Join_Req                         0x08007fe9   Thumb Code   106  aware_protocol.o(i.Process_Join_Req)
    Process_Join_Status                      0x0800809d   Thumb Code    18  common.o(i.Process_Join_Status)
    Process_Key                              0x080080c9   Thumb Code    42  common.o(i.Process_Key)
    Process_LED_Event                        0x080080f9   Thumb Code    42  common.o(i.Process_LED_Event)
    Process_LF                               0x08008129   Thumb Code   500  common.o(i.Process_LF)
    Process_LoRa_Data                        0x08008391   Thumb Code    84  common.o(i.Process_LoRa_Data)
    Process_Motion                           0x080083f5   Thumb Code   122  common.o(i.Process_Motion)
    Process_OHR                              0x08008499   Thumb Code    58  common.o(i.Process_OHR)
    Process_PWM_SPK                          0x080084f1   Thumb Code    14  common.o(i.Process_PWM_SPK)
    Process_RF_Tx                            0x08008505   Thumb Code    32  common.o(i.Process_RF_Tx)
    Process_Reg                              0x08008529   Thumb Code   156  common.o(i.Process_Reg)
    Process_SuperFrame                       0x080085f1   Thumb Code   304  aware_protocol.o(i.Process_SuperFrame)
    Process_UART_Data                        0x0800876d   Thumb Code    86  common.o(i.Process_UART_Data)
    Process_WorkMode                         0x080087e5   Thumb Code   224  common.o(i.Process_WorkMode)
    Pwr_DeInit                               0x080088dd   Thumb Code    28  common.o(i.Pwr_DeInit)
    Pwr_Init                                 0x08008901   Thumb Code    42  common.o(i.Pwr_Init)
    RF_CH_Config                             0x080089a5   Thumb Code    30  common.o(i.RF_CH_Config)
    RF_DataRate_Config                       0x080089e1   Thumb Code   172  common.o(i.RF_DataRate_Config)
    RF_Tx_Inc                                0x08008ab5   Thumb Code    32  aware_protocol.o(i.RF_Tx_Inc)
    RTC_Bcd2ToByte                           0x08008add   Thumb Code    16  stm32l0xx_hal_rtc.o(i.RTC_Bcd2ToByte)
    RTC_ByteToBcd2                           0x08008aed   Thumb Code    22  stm32l0xx_hal_rtc.o(i.RTC_ByteToBcd2)
    RTC_Cali                                 0x08008b05   Thumb Code    24  common.o(i.RTC_Cali)
    RTC_EnterInitMode                        0x08008b25   Thumb Code    56  stm32l0xx_hal_rtc.o(i.RTC_EnterInitMode)
    RTC_IRQHandler                           0x08008b5d   Thumb Code     8  common.o(i.RTC_IRQHandler)
    Read_App_NV                              0x08008b65   Thumb Code    16  common.o(i.Read_App_NV)
    Read_Data_From_Flash                     0x08008b7d   Thumb Code    28  flash.o(i.Read_Data_From_Flash)
    Read_NV                                  0x08008b99   Thumb Code    16  flash.o(i.Read_NV)
    Register_Done                            0x08008bb1   Thumb Code    38  common.o(i.Register_Done)
    SPK_GPIO_Init                            0x08008d39   Thumb Code    16  common.o(i.SPK_GPIO_Init)
    SPK_Idle                                 0x08008d4d   Thumb Code    16  common.o(i.SPK_Idle)
    SPK_PWM_Ctrl                             0x08008d61   Thumb Code   126  common.o(i.SPK_PWM_Ctrl)
    SPK_PWM_Toggle                           0x08008de5   Thumb Code    38  common.o(i.SPK_PWM_Toggle)
    SPK_Show                                 0x08008e15   Thumb Code    32  common.o(i.SPK_Show)
    SPK_TIM2_Init                            0x08008e39   Thumb Code   114  common.o(i.SPK_TIM2_Init)
    SVC_Handler                              0x08008ec5   Thumb Code     2  stm32l0xx_it.o(i.SVC_Handler)
    SX1276CheckRfFrequency                   0x08008ec7   Thumb Code     4  mlm32l07x01.o(i.SX1276CheckRfFrequency)
    SX1276GetStatus                          0x08008ecd   Thumb Code     6  sx1276.o(i.SX1276GetStatus)
    SX1276GetTimeOnAir                       0x08008ed9   Thumb Code     4  sx1276.o(i.SX1276GetTimeOnAir)
    SX1276Init                               0x08008edd   Thumb Code   106  sx1276.o(i.SX1276Init)
    SX1276IoDeInit                           0x08008f59   Thumb Code    54  mlm32l07x01.o(i.SX1276IoDeInit)
    SX1276IoInit                             0x08008f99   Thumb Code    70  mlm32l07x01.o(i.SX1276IoInit)
    SX1276IoIrqInit                          0x08008fed   Thumb Code    16  mlm32l07x01.o(i.SX1276IoIrqInit)
    SX1276IsChannelFree                      0x08009001   Thumb Code    54  sx1276.o(i.SX1276IsChannelFree)
    SX1276OnDio0Irq                          0x08009039   Thumb Code   584  sx1276.o(i.SX1276OnDio0Irq)
    SX1276OnDio1Irq                          0x08009291   Thumb Code   228  sx1276.o(i.SX1276OnDio1Irq)
    SX1276OnDio2Irq                          0x08009381   Thumb Code   166  sx1276.o(i.SX1276OnDio2Irq)
    SX1276OnDio3Irq                          0x08009435   Thumb Code    76  sx1276.o(i.SX1276OnDio3Irq)
    SX1276OnDio4Irq                          0x08009489   Thumb Code    24  sx1276.o(i.SX1276OnDio4Irq)
    SX1276OnTimeoutIrq                       0x080094a5   Thumb Code   122  sx1276.o(i.SX1276OnTimeoutIrq)
    SX1276Random                             0x08009529   Thumb Code    58  sx1276.o(i.SX1276Random)
    SX1276Read                               0x08009563   Thumb Code    16  sx1276.o(i.SX1276Read)
    SX1276ReadBuffer                         0x08009575   Thumb Code    62  sx1276.o(i.SX1276ReadBuffer)
    SX1276ReadFifo                           0x080095b9   Thumb Code    14  sx1276.o(i.SX1276ReadFifo)
    SX1276ReadRssi                           0x080095c9   Thumb Code    58  sx1276.o(i.SX1276ReadRssi)
    SX1276Reset                              0x0800960d   Thumb Code    38  sx1276.o(i.SX1276Reset)
    SX1276Send                               0x08009639   Thumb Code   224  sx1276.o(i.SX1276Send)
    SX1276SetAntSw                           0x08009721   Thumb Code    52  mlm32l07x01.o(i.SX1276SetAntSw)
    SX1276SetAntSwLowPower                   0x0800975d   Thumb Code   176  mlm32l07x01.o(i.SX1276SetAntSwLowPower)
    SX1276SetChannel                         0x08009815   Thumb Code    72  sx1276.o(i.SX1276SetChannel)
    SX1276SetMaxPayloadLength                0x08009865   Thumb Code    42  sx1276.o(i.SX1276SetMaxPayloadLength)
    SX1276SetModem                           0x08009895   Thumb Code    90  sx1276.o(i.SX1276SetModem)
    SX1276SetOpMode                          0x080098f5   Thumb Code    46  sx1276.o(i.SX1276SetOpMode)
    SX1276SetRfTxPower                       0x08009923   Thumb Code   144  mlm32l07x01.o(i.SX1276SetRfTxPower)
    SX1276SetRx                              0x080099b5   Thumb Code   566  sx1276.o(i.SX1276SetRx)
    SX1276SetRxConfig                        0x08009c19   Thumb Code   570  sx1276.o(i.SX1276SetRxConfig)
    SX1276SetSleep                           0x08009e61   Thumb Code    32  sx1276.o(i.SX1276SetSleep)
    SX1276SetStby                            0x08009e85   Thumb Code    32  sx1276.o(i.SX1276SetStby)
    SX1276SetSyncWord                        0x08009ea9   Thumb Code    20  sx1276.o(i.SX1276SetSyncWord)
    SX1276SetTx                              0x08009ebd   Thumb Code   158  sx1276.o(i.SX1276SetTx)
    SX1276SetTxConfig                        0x08009f61   Thumb Code   484  sx1276.o(i.SX1276SetTxConfig)
    SX1276SetTxContinuousWave                0x0800a151   Thumb Code   136  sx1276.o(i.SX1276SetTxContinuousWave)
    SX1276StartCad                           0x0800a1e1   Thumb Code    52  sx1276.o(i.SX1276StartCad)
    SX1276Write                              0x0800a219   Thumb Code    12  sx1276.o(i.SX1276Write)
    SX1276WriteBuffer                        0x0800a225   Thumb Code    62  sx1276.o(i.SX1276WriteBuffer)
    SX1276WriteFifo                          0x0800a269   Thumb Code    14  sx1276.o(i.SX1276WriteFifo)
    SetCH                                    0x0800a279   Thumb Code    14  common.o(i.SetCH)
    SetRFPwr                                 0x0800a28d   Thumb Code    14  common.o(i.SetRFPwr)
    SetRFRate                                0x0800a2a1   Thumb Code    14  common.o(i.SetRFRate)
    StartOHR                                 0x0800a2b5   Thumb Code    58  orh_uart.o(i.StartOHR)
    StopOHR                                  0x0800a2f9   Thumb Code    42  orh_uart.o(i.StopOHR)
    Store_UART_Data                          0x0800a331   Thumb Code    94  common.o(i.Store_UART_Data)
    SysTick_Handler                          0x0800a3a5   Thumb Code    12  stm32l0xx_it.o(i.SysTick_Handler)
    SystemClock_Config                       0x0800a3b1   Thumb Code   152  main.o(i.SystemClock_Config)
    SystemInit                               0x0800a451   Thumb Code    66  system_stm32l0xx.o(i.SystemInit)
    Systick_Event                            0x0800a4a5   Thumb Code   108  common.o(i.Systick_Event)
    TIM21_IRQHandler                         0x0800a51d   Thumb Code    10  tim.o(i.TIM21_IRQHandler)
    TIM6_IRQHandler                          0x0800a52d   Thumb Code    10  tim.o(i.TIM6_IRQHandler)
    TX_RF_Data                               0x0800a6f5   Thumb Code   374  aware_protocol.o(i.TX_RF_Data)
    Time_Init                                0x0800a891   Thumb Code    12  common.o(i.Time_Init)
    TimerInit                                0x0800a8a5   Thumb Code    14  timeserver.o(i.TimerInit)
    TimerIrqHandler                          0x0800a8d1   Thumb Code   116  timeserver.o(i.TimerIrqHandler)
    TimerSetValue                            0x0800a975   Thumb Code    26  timeserver.o(i.TimerSetValue)
    TimerStart                               0x0800a991   Thumb Code   108  timeserver.o(i.TimerStart)
    TimerStop                                0x0800aa01   Thumb Code    90  timeserver.o(i.TimerStop)
    UART_AT_CMD_Process                      0x0800aa61   Thumb Code  1618  common.o(i.UART_AT_CMD_Process)
    UART_AdvFeatureConfig                    0x0800b0e5   Thumb Code   202  stm32l0xx_hal_uart.o(i.UART_AdvFeatureConfig)
    UART_CheckIdleState                      0x0800b1b1   Thumb Code    90  stm32l0xx_hal_uart.o(i.UART_CheckIdleState)
    UART_SetConfig                           0x0800b369   Thumb Code   498  stm32l0xx_hal_uart.o(i.UART_SetConfig)
    UART_TX_Output_Low                       0x0800b585   Thumb Code    60  orh_uart.o(i.UART_TX_Output_Low)
    UART_WaitOnFlagUntilTimeout              0x0800b62b   Thumb Code    98  stm32l0xx_hal_uart.o(i.UART_WaitOnFlagUntilTimeout)
    USART1_IRQHandler                        0x0800b68d   Thumb Code    78  common.o(i.USART1_IRQHandler)
    USART2_IRQHandler                        0x0800b6e5   Thumb Code    78  common.o(i.USART2_IRQHandler)
    Uart2_Send                               0x0800b73d   Thumb Code    14  common.o(i.Uart2_Send)
    Uart_Enable                              0x0800b751   Thumb Code    82  common.o(i.Uart_Enable)
    Update_Parent_RSSI                       0x0800b7b1   Thumb Code    26  aware_protocol.o(i.Update_Parent_RSSI)
    WorkMode_Report                          0x0800b7d1   Thumb Code    62  common.o(i.WorkMode_Report)
    Write_App_NV                             0x0800b81d   Thumb Code    50  common.o(i.Write_App_NV)
    Write_Data_To_Flash                      0x0800b859   Thumb Code    38  flash.o(i.Write_Data_To_Flash)
    Write_NV                                 0x0800b881   Thumb Code    46  flash.o(i.Write_NV)
    ZED_DataReq_Event                        0x0800b8b9   Thumb Code   148  aware_protocol.o(i.ZED_DataReq_Event)
    ZED_Data_Req                             0x0800b979   Thumb Code   102  aware_protocol.o(i.ZED_Data_Req)
    _Error_Handler                           0x0800b9e9   Thumb Code     2  main.o(i._Error_Handler)
    __0printf$8                              0x0800b9ed   Thumb Code    24  printf8.o(i.__0printf$8)
    __1printf$8                              0x0800b9ed   Thumb Code     0  printf8.o(i.__0printf$8)
    __2printf                                0x0800b9ed   Thumb Code     0  printf8.o(i.__0printf$8)
    __ARM_clz                                0x0800ba0d   Thumb Code    46  depilogue.o(i.__ARM_clz)
    __ARM_common_ll_muluu                    0x0800ba3b   Thumb Code    48  hw_rtc.o(i.__ARM_common_ll_muluu)
    __ARM_common_switch8                     0x0800ba6b   Thumb Code    26  stm32l0xx_hal_tim.o(i.__ARM_common_switch8)
    __scatterload_copy                       0x0800ba85   Thumb Code    14  handlers.o(i.__scatterload_copy)
    __scatterload_null                       0x0800ba93   Thumb Code     2  handlers.o(i.__scatterload_null)
    __scatterload_zeroinit                   0x0800ba95   Thumb Code    14  handlers.o(i.__scatterload_zeroinit)
    ceil                                     0x0800bf19   Thumb Code   180  ceil.o(i.ceil)
    fputc                                    0x0800bfe1   Thumb Code    18  common.o(i.fputc)
    main                                     0x0800bffd   Thumb Code   196  main.o(i.main)
    nrf_gpio_cfg_sense_input                 0x0800c0c9   Thumb Code    60  orh_uart.o(i.nrf_gpio_cfg_sense_input)
    osal_memcpy                              0x0800c111   Thumb Code    16  common.o(i.osal_memcpy)
    osal_revmemcpy                           0x0800c121   Thumb Code    18  common.o(i.osal_revmemcpy)
    print_8_02x                              0x0800c135   Thumb Code    38  common.o(i.print_8_02x)
    rand1                                    0x0800c189   Thumb Code    26  aware_protocol.o(i.rand1)
    randr                                    0x0800c1b5   Thumb Code    22  aware_protocol.o(i.randr)
    AtJoin                                   0x0800c1ca   Data           6  common.o(.constdata)
    AtRst                                    0x0800c1d0   Data           7  common.o(.constdata)
    AtVer                                    0x0800c1d7   Data           7  common.o(.constdata)
    AtUid                                    0x0800c1de   Data           7  common.o(.constdata)
    AtDefault                                0x0800c1e5   Data           7  common.o(.constdata)
    AtPWR                                    0x0800c1ec   Data           7  common.o(.constdata)
    AtPID                                    0x0800c1f3   Data           7  common.o(.constdata)
    AtLeave                                  0x0800c1fa   Data           7  common.o(.constdata)
    AtTst                                    0x0800c201   Data           7  common.o(.constdata)
    AtOHR                                    0x0800c208   Data           7  common.o(.constdata)
    AtCmac                                   0x0800c20f   Data           8  common.o(.constdata)
    AtNodeTab                                0x0800c217   Data           8  common.o(.constdata)
    AtPollBuf                                0x0800c21f   Data           8  common.o(.constdata)
    AtRFCH                                   0x0800c227   Data           8  common.o(.constdata)
    AtPollGap                                0x0800c22f   Data           8  common.o(.constdata)
    AtPoll                                   0x0800c237   Data           8  common.o(.constdata)
    Atbind                                   0x0800c23f   Data           8  common.o(.constdata)
    AtOpMode                                 0x0800c247   Data          10  common.o(.constdata)
    AtSleep                                  0x0800c251   Data           9  common.o(.constdata)
    AtStandby                                0x0800c25a   Data          11  common.o(.constdata)
    AtRxTime                                 0x0800c265   Data          10  common.o(.constdata)
    AtRFRate                                 0x0800c26f   Data          10  common.o(.constdata)
    AtBeatGap                                0x0800c279   Data           9  common.o(.constdata)
    FuncReg                                  0x0800c282   Data          28  common.o(.constdata)
    Radio                                    0x0800c2b8   Data         100  mlm32l07x01.o(.constdata)
    RadioRegsInit                            0x0800c31c   Data          48  sx1276.o(.constdata)
    FskBandwidths                            0x0800c34c   Data         176  sx1276.o(.constdata)
    AHBPrescTable                            0x0800c3fc   Data          16  system_stm32l0xx.o(.constdata)
    PLLMulTable                              0x0800c40c   Data           9  system_stm32l0xx.o(.constdata)
    APBPrescTable                            0x0800c415   Data           8  system_stm32l0xx.o(.constdata)
    BroadCastAddr                            0x0800c41d   Data           8  aware_protocol.o(.constdata)
    NullAddr                                 0x0800c425   Data           8  aware_protocol.o(.constdata)
    CRC8Table                                0x0800c42d   Data         256  ccrfid_crc8.o(.constdata)
    Region$$Table$$Base                      0x0800c530   Number         0  anon$$obj.o(Region$$Table)
    Region$$Table$$Limit                     0x0800c550   Number         0  anon$$obj.o(Region$$Table)
    uwTick                                   0x20000000   Data           4  stm32l0xx_hal.o(.data)
    RTC_Cnt                                  0x20000004   Data           4  main.o(.data)
    Event_Flg                                0x20000008   Data           1  common.o(.data)
    ucHeart_Status                           0x2000001f   Data           1  common.o(.data)
    RTC_Sec_Cnt                              0x20000020   Data           2  common.o(.data)
    Pwr                                      0x20000024   Data           3  common.o(.data)
    Func_Key                                 0x20000027   Data           3  common.o(.data)
    Match_Key                                0x2000002a   Data           3  common.o(.data)
    DeviceAddr                               0x20000070   Data           8  common.o(.data)
    SysStatus                                0x20000078   Data           8  common.o(.data)
    RedLED                                   0x20000080   Data           8  common.o(.data)
    GreenLED                                 0x20000088   Data           8  common.o(.data)
    BlueLED                                  0x20000090   Data           8  common.o(.data)
    Speek                                    0x20000098   Data           8  common.o(.data)
    DioIrq                                   0x200000ac   Data          24  sx1276.o(.data)
    TimerListHead                            0x200000c4   Data           4  timeserver.o(.data)
    SystemCoreClock                          0x200000dc   Data           4  system_stm32l0xx.o(.data)
    ucPreJoinStatus                          0x200000e0   Data           1  aware_protocol.o(.data)
    Poll_Ack                                 0x200000e4   Data           3  aware_protocol.o(.data)
    HandleError                              0x200000e7   Data           4  aware_protocol.o(.data)
    Func_t                                   0x200000ec   Data           4  aware_protocol.o(.data)
    Ack                                      0x20000100   Data           7  aware_protocol.o(.data)
    SysPara                                  0x20000107   Data          15  aware_protocol.o(.data)
    LF_RecByte                               0x2000011b   Data           8  lf_as3932.o(.data)
    LF                                       0x20000124   Data           8  lf_as3932.o(.data)
    LFByteP                                  0x2000012c   Data           1  lfwakeup.o(.data)
    LFBitP                                   0x2000012d   Data           1  lfwakeup.o(.data)
    LFByteLength                             0x2000012e   Data           1  lfwakeup.o(.data)
    OHR_status                               0x2000012f   Data           1  orh_uart.o(.data)
    uarterror                                0x20000130   Data           1  orh_uart.o(.data)
    car                                      0x20000133   Data           6  orh_uart.o(.data)
    __stdout                                 0x2000013c   Data           4  stdout.o(.data)
    pFlash                                   0x20000140   Data          24  stm32l0xx_hal_flash.o(.bss)
    asUART0_Buffer                           0x20000158   Data         522  common.o(.bss)
    asUART2_Buffer                           0x20000362   Data         522  common.o(.bss)
    LoRaTxBuffer                             0x2000056c   Data          64  common.o(.bss)
    huart1                                   0x200005ac   Data         112  common.o(.bss)
    huart2                                   0x2000061c   Data         112  common.o(.bss)
    hdma_usart1_rx                           0x2000068c   Data          64  common.o(.bss)
    hdma_usart2_rx                           0x200006cc   Data          64  common.o(.bss)
    Period                                   0x20000728   Data          20  common.o(.bss)
    RFConfig                                 0x2000073c   Data          34  common.o(.bss)
    LoRaRxBuffer                             0x2000075e   Data         136  common.o(.bss)
    Loc                                      0x200007e6   Data          11  common.o(.bss)
    hadc                                     0x200007f4   Data          96  common.o(.bss)
    SX1276                                   0x20000a54   Data          96  sx1276.o(.bss)
    TxTimeoutTimer                           0x20000ab4   Data          20  sx1276.o(.bss)
    RxTimeoutTimer                           0x20000ac8   Data          20  sx1276.o(.bss)
    RxTimeoutSyncWord                        0x20000adc   Data          20  sx1276.o(.bss)
    htim21                                   0x20000af0   Data          56  tim.o(.bss)
    htim2                                    0x20000b28   Data          56  tim.o(.bss)
    htim6                                    0x20000b60   Data          56  tim.o(.bss)
    hlptim1                                  0x20000b98   Data          48  lptim.o(.bss)
    Nv_Para                                  0x20000bc8   Data          20  aware_protocol.o(.bss)
    RadioSendBuffer                          0x20000bdc   Data         255  aware_protocol.o(.bss)
    SuperData                                0x20000cdb   Data         266  aware_protocol.o(.bss)
    RxSuperData                              0x20000de5   Data         266  aware_protocol.o(.bss)
    PareTbl                                  0x20000eef   Data         140  aware_protocol.o(.bss)
    asRF_TX_Que                              0x20000f7b   Data         385  aware_protocol.o(.bss)
    LFSendDat                                0x200010fc   Data          32  lfwakeup.o(.bss)
    __initial_sp                             0x20001520   Data           0  startup_stm32l051xx.o(STACK)



==============================================================================

Memory Map of the image

  Image Entry point : 0x080000c1

  Load Region LR_IROM1 (Base: 0x08000000, Size: 0x0000c690, Max: 0x00010000, ABSOLUTE, COMPRESSED[0x0000c578])

    Execution Region ER_IROM1 (Base: 0x08000000, Size: 0x0000c550, Max: 0x00010000, ABSOLUTE)

    Base Addr    Size         Type   Attr      Idx    E Section Name        Object

    0x08000000   0x000000c0   Data   RO         3824    RESET               startup_stm32l051xx.o
    0x080000c0   0x00000000   Code   RO         6793  * .ARM.Collect$$$$00000000  mc_p.l(entry.o)
    0x080000c0   0x00000004   Code   RO         7089    .ARM.Collect$$$$00000001  mc_p.l(entry2.o)
    0x080000c4   0x00000004   Code   RO         7092    .ARM.Collect$$$$00000004  mc_p.l(entry5.o)
    0x080000c8   0x00000000   Code   RO         7094    .ARM.Collect$$$$00000008  mc_p.l(entry7b.o)
    0x080000c8   0x00000000   Code   RO         7096    .ARM.Collect$$$$0000000A  mc_p.l(entry8b.o)
    0x080000c8   0x00000008   Code   RO         7097    .ARM.Collect$$$$0000000B  mc_p.l(entry9a.o)
    0x080000d0   0x00000000   Code   RO         7099    .ARM.Collect$$$$0000000D  mc_p.l(entry10a.o)
    0x080000d0   0x00000000   Code   RO         7101    .ARM.Collect$$$$0000000F  mc_p.l(entry11a.o)
    0x080000d0   0x00000004   Code   RO         7090    .ARM.Collect$$$$00002712  mc_p.l(entry2.o)
    0x080000d4   0x0000001c   Code   RO         3825    .text               startup_stm32l051xx.o
    0x080000f0   0x0000002c   Code   RO         6796    .text               mc_p.l(uidiv.o)
    0x0800011c   0x00000028   Code   RO         6798    .text               mc_p.l(idiv.o)
    0x08000144   0x00000060   Code   RO         6800    .text               mc_p.l(uldiv.o)
    0x080001a4   0x00000024   Code   RO         6802    .text               mc_p.l(memcpya.o)
    0x080001c8   0x00000024   Code   RO         6804    .text               mc_p.l(memseta.o)
    0x080001ec   0x0000001a   Code   RO         6806    .text               mc_p.l(memcmp.o)
    0x08000206   0x0000001e   Code   RO         6808    .text               mc_p.l(strncmp.o)
    0x08000224   0x00000014   Code   RO         7073    .text               mc_p.l(uread4.o)
    0x08000238   0x00000012   Code   RO         7075    .text               mc_p.l(uwrite4.o)
    0x0800024a   0x00000002   PAD
    0x0800024c   0x00000164   Code   RO         7077    .text               mf_p.l(dadd.o)
    0x080003b0   0x000000d0   Code   RO         7079    .text               mf_p.l(dmul.o)
    0x08000480   0x000000f0   Code   RO         7081    .text               mf_p.l(ddiv.o)
    0x08000570   0x0000002c   Code   RO         7083    .text               mf_p.l(dscalb.o)
    0x0800059c   0x0000001c   Code   RO         7085    .text               mf_p.l(dfltui.o)
    0x080005b8   0x0000003c   Code   RO         7087    .text               mf_p.l(dfixui.o)
    0x080005f4   0x00000020   Code   RO         7104    .text               mc_p.l(llshl.o)
    0x08000614   0x00000022   Code   RO         7106    .text               mc_p.l(llushr.o)
    0x08000636   0x00000026   Code   RO         7108    .text               mc_p.l(llsshr.o)
    0x0800065c   0x00000000   Code   RO         7110    .text               mc_p.l(iusefp.o)
    0x0800065c   0x000000be   Code   RO         7111    .text               mf_p.l(depilogue.o)
    0x0800071a   0x00000002   PAD
    0x0800071c   0x00000028   Code   RO         7117    .text               mf_p.l(cdrcmple.o)
    0x08000744   0x00000024   Code   RO         7119    .text               mc_p.l(init.o)
    0x08000768   0x0000003a   Code   RO         7129    .text               mc_p.l(__dczerorl.o)
    0x080007a2   0x00000002   PAD
    0x080007a4   0x00000020   Code   RO         5825    i.ACK_Send          aware_protocol.o
    0x080007c4   0x00000024   Code   RO         3480    i.ADC_DelayMicroSecond  stm32l0xx_hal_adc.o
    0x080007e8   0x0000000c   Code   RO         5830    i.AwarePro_Cancel_Poll  aware_protocol.o
    0x080007f4   0x00000008   Code   RO         5836    i.AwarePro_GetHostExtAddr  aware_protocol.o
    0x080007fc   0x00000004   Code   RO         5844    i.AwarePro_GetVerion  aware_protocol.o
    0x08000800   0x00000004   Data   RO         4089    .ARM.__AT_0x08000800  common.o
    0x08000804   0x00000052   Code   RO         3476    i.ADC_ConversionStop  stm32l0xx_hal_adc.o
    0x08000856   0x00000060   Code   RO         3481    i.ADC_Disable       stm32l0xx_hal_adc.o
    0x080008b6   0x00000002   PAD
    0x080008b8   0x00000064   Code   RO         3482    i.ADC_Enable        stm32l0xx_hal_adc.o
    0x0800091c   0x00000104   Code   RO         5829    i.Add_RF_Frame_To_TX_Que  aware_protocol.o
    0x08000a20   0x00000024   Code   RO         5832    i.AwarePro_Default  aware_protocol.o
    0x08000a44   0x0000003c   Code   RO         5833    i.AwarePro_DevStatus  aware_protocol.o
    0x08000a80   0x00000010   Code   RO         5839    i.AwarePro_GetNwkAddr  aware_protocol.o
    0x08000a90   0x0000000c   Code   RO         5840    i.AwarePro_GetPGap  aware_protocol.o
    0x08000a9c   0x0000000c   Code   RO         5841    i.AwarePro_GetPID   aware_protocol.o
    0x08000aa8   0x00000010   Code   RO         5842    i.AwarePro_GetPareAddr  aware_protocol.o
    0x08000ab8   0x0000007c   Code   RO         5846    i.AwarePro_Init     aware_protocol.o
    0x08000b34   0x00000148   Code   RO         5847    i.AwarePro_Join     aware_protocol.o
    0x08000c7c   0x00000014   Code   RO         5849    i.AwarePro_Leave    aware_protocol.o
    0x08000c90   0x000000e8   Code   RO         5850    i.AwarePro_NV_Init  aware_protocol.o
    0x08000d78   0x0000000c   Code   RO         5851    i.AwarePro_NV_JoinFlg  aware_protocol.o
    0x08000d84   0x00000012   Code   RO         5853    i.AwarePro_Period_Event  aware_protocol.o
    0x08000d96   0x00000002   PAD
    0x08000d98   0x0000021c   Code   RO         5855    i.AwarePro_RF_Rec_Process  aware_protocol.o
    0x08000fb4   0x000000a8   Code   RO         5856    i.AwarePro_RF_Tx_Process  aware_protocol.o
    0x0800105c   0x00000034   Code   RO         5857    i.AwarePro_RF_Tx_RT_Process  aware_protocol.o
    0x08001090   0x00000020   Code   RO         5858    i.AwarePro_ReJoin   aware_protocol.o
    0x080010b0   0x00000016   Code   RO         5859    i.AwarePro_Run      aware_protocol.o
    0x080010c6   0x00000002   PAD
    0x080010c8   0x0000000c   Code   RO         5860    i.AwarePro_Rx_Done_Process  aware_protocol.o
    0x080010d4   0x00000010   Code   RO         5861    i.AwarePro_Rx_Error_Process  aware_protocol.o
    0x080010e4   0x00000002   Code   RO         5862    i.AwarePro_Rx_Timeout_Process  aware_protocol.o
    0x080010e6   0x00000002   PAD
    0x080010e8   0x00000014   Code   RO         5864    i.AwarePro_SetPGap  aware_protocol.o
    0x080010fc   0x0000001c   Code   RO         5865    i.AwarePro_SetPID   aware_protocol.o
    0x08001118   0x00000014   Code   RO         5866    i.AwarePro_Tx_Done_Process  aware_protocol.o
    0x0800112c   0x00000010   Code   RO         5867    i.AwarePro_Tx_Timeout_Process  aware_protocol.o
    0x0800113c   0x00000010   Code   RO         5868    i.AwarePro_ZED_Poll_Once  aware_protocol.o
    0x0800114c   0x0000000c   Code   RO         5615    i.BSP_Get_RTCFreq   tim.o
    0x08001158   0x0000002c   Code   RO         5616    i.BSP_LSI_Calibrator  tim.o
    0x08001184   0x0000002c   Code   RO         3957    i.Band_SOS_Report   common.o
    0x080011b0   0x00000070   Code   RO         5869    i.Beacon_Req        aware_protocol.o
    0x08001220   0x0000001c   Code   RO         3958    i.Bind_Done         common.o
    0x0800123c   0x00000064   Code   RO         5872    i.Build_Cmd_Resp    aware_protocol.o
    0x080012a0   0x00000068   Code   RO         5873    i.Build_LoRa_App_Frame  aware_protocol.o
    0x08001308   0x00000058   Code   RO         5874    i.Build_LoRa_RT_Frame  aware_protocol.o
    0x08001360   0x0000004c   Code   RO         3959    i.CHG_Report        common.o
    0x080013ac   0x00000020   Code   RO         6447    i.CRC8              ccrfid_crc8.o
    0x080013cc   0x00000030   Code   RO         3960    i.Check_APP_NV_Para  common.o
    0x080013fc   0x0000002c   Code   RO         5877    i.Check_NV_Para     aware_protocol.o
    0x08001428   0x0000001a   Code   RO         3961    i.Check_Sum         common.o
    0x08001442   0x0000001a   Code   RO         5878    i.Check_Sum         aware_protocol.o
    0x0800145c   0x00000010   Code   RO         3770    i.DMA1_Channel2_3_IRQHandler  stm32l0xx_it.o
    0x0800146c   0x0000001e   Code   RO          331    i.DMA_SetConfig     stm32l0xx_hal_dma.o
    0x0800148a   0x00000002   PAD
    0x0800148c   0x00000024   Code   RO         6691    i.Davail_DeInit     orh_uart.o
    0x080014b0   0x00000038   Code   RO         6692    i.Davail_Input      orh_uart.o
    0x080014e8   0x0000000c   Code   RO         6467    i.Delaymm           lf_as3932.o
    0x080014f4   0x00000014   Code   RO         3962    i.Delete_App_NV     common.o
    0x08001508   0x00000014   Code   RO         4792    i.Delete_NV         flash.o
    0x0800151c   0x00000044   Code   RO         3963    i.DevPro_RT_Send    common.o
    0x08001560   0x0000006c   Code   RO         3964    i.DevPro_Send       common.o
    0x080015cc   0x000000c8   Code   RO         3965    i.Dev_Event         common.o
    0x08001694   0x00000070   Code   RO         5879    i.Dev_Leave_Req     aware_protocol.o
    0x08001704   0x00000094   Code   RO         3966    i.Dev_Period_Report  common.o
    0x08001798   0x00000084   Code   RO         3967    i.Dev_Register      common.o
    0x0800181c   0x00000010   Code   RO         3968    i.EXTI0_1_IRQHandler  common.o
    0x0800182c   0x00000010   Code   RO         3969    i.EXTI2_3_IRQHandler  common.o
    0x0800183c   0x0000005c   Code   RO         3970    i.EXTI4_15_IRQHandler  common.o
    0x08001898   0x00000020   Code   RO         4793    i.Erase_Block_Flash  flash.o
    0x080018b8   0x00000090   Code   RO         1725    i.FLASH_SetErrorCode  stm32l0xx_hal_flash.o
    0x08001948   0x00000070   Code   RO         1726    i.FLASH_WaitForLastOperation  stm32l0xx_hal_flash.o
    0x080019b8   0x000000ac   Code   RO         5880    i.Find_Best_Parent  aware_protocol.o
    0x08001a64   0x0000002c   Code   RO         5237    i.GetFskBandwidthRegValue  sx1276.o
    0x08001a90   0x0000002c   Code   RO         5730    i.GetLPMoveCount    lptim.o
    0x08001abc   0x00000038   Code   RO         5881    i.Get_Empty_PareTable  aware_protocol.o
    0x08001af4   0x00000038   Code   RO         5885    i.Get_PareNode_Entry  aware_protocol.o
    0x08001b2c   0x00000028   Code   RO         3976    i.Get_TagSN         common.o
    0x08001b54   0x000000aa   Code   RO         3659    i.HAL_ADCEx_Calibration_Start  stm32l0xx_hal_adc_ex.o
    0x08001bfe   0x00000002   PAD
    0x08001c00   0x00000094   Code   RO         3484    i.HAL_ADC_ConfigChannel  stm32l0xx_hal_adc.o
    0x08001c94   0x000000b4   Code   RO         3487    i.HAL_ADC_DeInit    stm32l0xx_hal_adc.o
    0x08001d48   0x00000006   Code   RO         3491    i.HAL_ADC_GetValue  stm32l0xx_hal_adc.o
    0x08001d4e   0x00000002   PAD
    0x08001d50   0x000001c4   Code   RO         3493    i.HAL_ADC_Init      stm32l0xx_hal_adc.o
    0x08001f14   0x00000028   Code   RO         3977    i.HAL_ADC_MspDeInit  common.o
    0x08001f3c   0x00000054   Code   RO         3978    i.HAL_ADC_MspInit   common.o
    0x08001f90   0x000000be   Code   RO         3497    i.HAL_ADC_PollForConversion  stm32l0xx_hal_adc.o
    0x0800204e   0x00000002   PAD
    0x08002050   0x0000005c   Code   RO         3499    i.HAL_ADC_Start     stm32l0xx_hal_adc.o
    0x080020ac   0x0000004c   Code   RO          332    i.HAL_DMA_Abort     stm32l0xx_hal_dma.o
    0x080020f8   0x00000098   Code   RO          333    i.HAL_DMA_Abort_IT  stm32l0xx_hal_dma.o
    0x08002190   0x000001d4   Code   RO          334    i.HAL_DMA_DeInit    stm32l0xx_hal_dma.o
    0x08002364   0x00000280   Code   RO          337    i.HAL_DMA_IRQHandler  stm32l0xx_hal_dma.o
    0x080025e4   0x00000108   Code   RO          338    i.HAL_DMA_Init      stm32l0xx_hal_dma.o
    0x080026ec   0x0000004e   Code   RO          341    i.HAL_DMA_Start_IT  stm32l0xx_hal_dma.o
    0x0800273a   0x00000016   Code   RO         2973    i.HAL_Delay         stm32l0xx_hal.o
    0x08002750   0x00000028   Code   RO            9    i.HAL_FLASHEx_DATAEEPROM_Erase  stm32l0xx_hal_flash_ex.o
    0x08002778   0x00000014   Code   RO           10    i.HAL_FLASHEx_DATAEEPROM_Lock  stm32l0xx_hal_flash_ex.o
    0x0800278c   0x00000054   Code   RO           11    i.HAL_FLASHEx_DATAEEPROM_Program  stm32l0xx_hal_flash_ex.o
    0x080027e0   0x00000024   Code   RO           12    i.HAL_FLASHEx_DATAEEPROM_Unlock  stm32l0xx_hal_flash_ex.o
    0x08002804   0x000000e4   Code   RO         2617    i.HAL_GPIO_DeInit   stm32l0xx_hal_gpio.o
    0x080028e8   0x0000007c   Code   RO         4844    i.HAL_GPIO_EXTI_Callback  hw_gpio.o
    0x08002964   0x00000018   Code   RO         2619    i.HAL_GPIO_EXTI_IRQHandler  stm32l0xx_hal_gpio.o
    0x0800297c   0x00000178   Code   RO         2620    i.HAL_GPIO_Init     stm32l0xx_hal_gpio.o
    0x08002af4   0x0000000a   Code   RO         2622    i.HAL_GPIO_ReadPin  stm32l0xx_hal_gpio.o
    0x08002afe   0x00000008   Code   RO         2623    i.HAL_GPIO_TogglePin  stm32l0xx_hal_gpio.o
    0x08002b06   0x0000000c   Code   RO         2624    i.HAL_GPIO_WritePin  stm32l0xx_hal_gpio.o
    0x08002b12   0x00000002   PAD
    0x08002b14   0x0000000c   Code   RO         2977    i.HAL_GetTick       stm32l0xx_hal.o
    0x08002b20   0x00000010   Code   RO         2978    i.HAL_IncTick       stm32l0xx_hal.o
    0x08002b30   0x00000020   Code   RO         2979    i.HAL_Init          stm32l0xx_hal.o
    0x08002b50   0x00000028   Code   RO         2980    i.HAL_InitTick      stm32l0xx_hal.o
    0x08002b78   0x00000044   Code   RO         1823    i.HAL_LPTIM_Counter_Start  stm32l0xx_hal_lptim.o
    0x08002bbc   0x0000001a   Code   RO         1825    i.HAL_LPTIM_Counter_Stop  stm32l0xx_hal_lptim.o
    0x08002bd6   0x0000002a   Code   RO         1827    i.HAL_LPTIM_DeInit  stm32l0xx_hal_lptim.o
    0x08002c00   0x00000090   Code   RO         1836    i.HAL_LPTIM_Init    stm32l0xx_hal_lptim.o
    0x08002c90   0x0000002c   Code   RO         5731    i.HAL_LPTIM_MspDeInit  lptim.o
    0x08002cbc   0x00000040   Code   RO         5732    i.HAL_LPTIM_MspInit  lptim.o
    0x08002cfc   0x00000006   Code   RO         1849    i.HAL_LPTIM_ReadCounter  stm32l0xx_hal_lptim.o
    0x08002d02   0x00000002   PAD
    0x08002d04   0x00000038   Code   RO         3713    i.HAL_MspInit       stm32l0xx_hal_msp.o
    0x08002d3c   0x00000014   Code   RO          233    i.HAL_NVIC_DisableIRQ  stm32l0xx_hal_cortex.o
    0x08002d50   0x00000014   Code   RO          234    i.HAL_NVIC_EnableIRQ  stm32l0xx_hal_cortex.o
    0x08002d64   0x0000001c   Code   RO          235    i.HAL_NVIC_GetPendingIRQ  stm32l0xx_hal_cortex.o
    0x08002d80   0x00000008   Code   RO          238    i.HAL_NVIC_SetPriority  stm32l0xx_hal_cortex.o
    0x08002d88   0x00000034   Code   RO          424    i.HAL_PWR_EnterSTOPMode  stm32l0xx_hal_pwr.o
    0x08002dbc   0x00000138   Code   RO         1155    i.HAL_RCCEx_GetPeriphCLKFreq  stm32l0xx_hal_rcc_ex.o
    0x08002ef4   0x00000164   Code   RO         1158    i.HAL_RCCEx_PeriphCLKConfig  stm32l0xx_hal_rcc_ex.o
    0x08003058   0x00000168   Code   RO         2472    i.HAL_RCC_ClockConfig  stm32l0xx_hal_rcc.o
    0x080031c0   0x0000000c   Code   RO         2476    i.HAL_RCC_GetHCLKFreq  stm32l0xx_hal_rcc.o
    0x080031cc   0x00000020   Code   RO         2478    i.HAL_RCC_GetPCLK1Freq  stm32l0xx_hal_rcc.o
    0x080031ec   0x00000020   Code   RO         2479    i.HAL_RCC_GetPCLK2Freq  stm32l0xx_hal_rcc.o
    0x0800320c   0x00000078   Code   RO         2480    i.HAL_RCC_GetSysClockFreq  stm32l0xx_hal_rcc.o
    0x08003284   0x000003ec   Code   RO         2483    i.HAL_RCC_OscConfig  stm32l0xx_hal_rcc.o
    0x08003670   0x00000002   Code   RO         3264    i.HAL_RTCEx_AlarmBEventCallback  stm32l0xx_hal_rtc_ex.o
    0x08003672   0x0000003c   Code   RO         3273    i.HAL_RTCEx_EnableBypassShadow  stm32l0xx_hal_rtc_ex.o
    0x080036ae   0x00000008   Code   RO         3979    i.HAL_RTC_AlarmAEventCallback  common.o
    0x080036b6   0x00000002   PAD
    0x080036b8   0x00000060   Code   RO         3132    i.HAL_RTC_AlarmIRQHandler  stm32l0xx_hal_rtc.o
    0x08003718   0x000000b8   Code   RO         3134    i.HAL_RTC_DeactivateAlarm  stm32l0xx_hal_rtc.o
    0x080037d0   0x0000008c   Code   RO         3135    i.HAL_RTC_GetAlarm  stm32l0xx_hal_rtc.o
    0x0800385c   0x00000044   Code   RO         3136    i.HAL_RTC_GetDate   stm32l0xx_hal_rtc.o
    0x080038a0   0x0000005c   Code   RO         3138    i.HAL_RTC_GetTime   stm32l0xx_hal_rtc.o
    0x080038fc   0x000000a4   Code   RO         3139    i.HAL_RTC_Init      stm32l0xx_hal_rtc.o
    0x080039a0   0x00000030   Code   RO         3715    i.HAL_RTC_MspInit   stm32l0xx_hal_msp.o
    0x080039d0   0x000001a0   Code   RO         3144    i.HAL_RTC_SetAlarm_IT  stm32l0xx_hal_rtc.o
    0x08003b70   0x000000cc   Code   RO         3145    i.HAL_RTC_SetDate   stm32l0xx_hal_rtc.o
    0x08003c3c   0x000000f0   Code   RO         3146    i.HAL_RTC_SetTime   stm32l0xx_hal_rtc.o
    0x08003d2c   0x00000034   Code   RO         3147    i.HAL_RTC_WaitForSynchro  stm32l0xx_hal_rtc.o
    0x08003d60   0x00000030   Code   RO         2732    i.HAL_SPI_DeInit    stm32l0xx_hal_spi.o
    0x08003d90   0x00000084   Code   RO         2737    i.HAL_SPI_Init      stm32l0xx_hal_spi.o
    0x08003e14   0x00000048   Code   RO         3716    i.HAL_SPI_MspDeInit  stm32l0xx_hal_msp.o
    0x08003e5c   0x0000006c   Code   RO         3717    i.HAL_SPI_MspInit   stm32l0xx_hal_msp.o
    0x08003ec8   0x000002b8   Code   RO         2746    i.HAL_SPI_TransmitReceive  stm32l0xx_hal_spi.o
    0x08004180   0x00000018   Code   RO          240    i.HAL_SYSTICK_CLKSourceConfig  stm32l0xx_hal_cortex.o
    0x08004198   0x00000002   Code   RO         3980    i.HAL_SYSTICK_Callback  common.o
    0x0800419a   0x00000002   PAD
    0x0800419c   0x00000030   Code   RO          242    i.HAL_SYSTICK_Config  stm32l0xx_hal_cortex.o
    0x080041cc   0x00000008   Code   RO          243    i.HAL_SYSTICK_IRQHandler  stm32l0xx_hal_cortex.o
    0x080041d4   0x00000048   Code   RO         1213    i.HAL_TIMEx_MasterConfigSynchronization  stm32l0xx_hal_tim_ex.o
    0x0800421c   0x0000001e   Code   RO         1214    i.HAL_TIMEx_RemapConfig  stm32l0xx_hal_tim_ex.o
    0x0800423a   0x00000034   Code   RO          528    i.HAL_TIM_Base_Init  stm32l0xx_hal_tim.o
    0x0800426e   0x00000002   PAD
    0x08004270   0x00000030   Code   RO         5618    i.HAL_TIM_Base_MspInit  tim.o
    0x080042a0   0x00000016   Code   RO          533    i.HAL_TIM_Base_Start_IT  stm32l0xx_hal_tim.o
    0x080042b6   0x00000002   PAD
    0x080042b8   0x00000024   Code   RO          536    i.HAL_TIM_Base_Stop_IT  stm32l0xx_hal_tim.o
    0x080042dc   0x0000004c   Code   RO         5619    i.HAL_TIM_IC_CaptureCallback  tim.o
    0x08004328   0x00000120   Code   RO          558    i.HAL_TIM_IC_ConfigChannel  stm32l0xx_hal_tim.o
    0x08004448   0x0000002c   Code   RO          559    i.HAL_TIM_IC_DeInit  stm32l0xx_hal_tim.o
    0x08004474   0x00000034   Code   RO          561    i.HAL_TIM_IC_Init   stm32l0xx_hal_tim.o
    0x080044a8   0x00000024   Code   RO         5620    i.HAL_TIM_IC_MspDeInit  tim.o
    0x080044cc   0x00000030   Code   RO         5621    i.HAL_TIM_IC_MspInit  tim.o
    0x080044fc   0x00000048   Code   RO          566    i.HAL_TIM_IC_Start_IT  stm32l0xx_hal_tim.o
    0x08004544   0x00000054   Code   RO          569    i.HAL_TIM_IC_Stop_IT  stm32l0xx_hal_tim.o
    0x08004598   0x00000126   Code   RO          570    i.HAL_TIM_IRQHandler  stm32l0xx_hal_tim.o
    0x080046be   0x00000002   PAD
    0x080046c0   0x0000007c   Code   RO         5622    i.HAL_TIM_MspPostInit  tim.o
    0x0800473c   0x00000002   Code   RO          573    i.HAL_TIM_OC_DelayElapsedCallback  stm32l0xx_hal_tim.o
    0x0800473e   0x000000d0   Code   RO          594    i.HAL_TIM_PWM_ConfigChannel  stm32l0xx_hal_tim.o
    0x0800480e   0x00000002   PAD
    0x08004810   0x0000002c   Code   RO          595    i.HAL_TIM_PWM_DeInit  stm32l0xx_hal_tim.o
    0x0800483c   0x00000034   Code   RO          597    i.HAL_TIM_PWM_Init  stm32l0xx_hal_tim.o
    0x08004870   0x00000024   Code   RO         5623    i.HAL_TIM_PWM_MspDeInit  tim.o
    0x08004894   0x0000002c   Code   RO         5624    i.HAL_TIM_PWM_MspInit  tim.o
    0x080048c0   0x00000002   Code   RO          600    i.HAL_TIM_PWM_PulseFinishedCallback  stm32l0xx_hal_tim.o
    0x080048c2   0x0000001a   Code   RO          601    i.HAL_TIM_PWM_Start  stm32l0xx_hal_tim.o
    0x080048dc   0x0000002c   Code   RO          604    i.HAL_TIM_PWM_Stop  stm32l0xx_hal_tim.o
    0x08004908   0x00000018   Code   RO         6616    i.HAL_TIM_PeriodElapsedCallback  lfwakeup.o
    0x08004920   0x00000002   Code   RO          611    i.HAL_TIM_TriggerCallback  stm32l0xx_hal_tim.o
    0x08004922   0x00000002   Code   RO         1670    i.HAL_UARTEx_WakeupCallback  stm32l0xx_hal_uart_ex.o
    0x08004924   0x00000058   Code   RO         2149    i.HAL_UART_DMAStop  stm32l0xx_hal_uart.o
    0x0800497c   0x0000003e   Code   RO         2150    i.HAL_UART_DeInit   stm32l0xx_hal_uart.o
    0x080049ba   0x00000002   Code   RO         2151    i.HAL_UART_ErrorCallback  stm32l0xx_hal_uart.o
    0x080049bc   0x00000144   Code   RO         2154    i.HAL_UART_IRQHandler  stm32l0xx_hal_uart.o
    0x08004b00   0x0000006c   Code   RO         2155    i.HAL_UART_Init     stm32l0xx_hal_uart.o
    0x08004b6c   0x00000064   Code   RO         3718    i.HAL_UART_MspDeInit  stm32l0xx_hal_msp.o
    0x08004bd0   0x00000134   Code   RO         3719    i.HAL_UART_MspInit  stm32l0xx_hal_msp.o
    0x08004d04   0x000000a4   Code   RO         2159    i.HAL_UART_Receive_DMA  stm32l0xx_hal_uart.o
    0x08004da8   0x00000002   Code   RO         3981    i.HAL_UART_RxCpltCallback  common.o
    0x08004daa   0x00000002   Code   RO         2162    i.HAL_UART_RxHalfCpltCallback  stm32l0xx_hal_uart.o
    0x08004dac   0x000000c8   Code   RO         2163    i.HAL_UART_Transmit  stm32l0xx_hal_uart.o
    0x08004e74   0x00000058   Code   RO         2165    i.HAL_UART_Transmit_IT  stm32l0xx_hal_uart.o
    0x08004ecc   0x00000002   Code   RO         2166    i.HAL_UART_TxCpltCallback  stm32l0xx_hal_uart.o
    0x08004ece   0x00000002   PAD
    0x08004ed0   0x0000004c   Code   RO         3982    i.HL_atoh           common.o
    0x08004f1c   0x00000084   Code   RO         3983    i.HW_AdcReadChannel  common.o
    0x08004fa0   0x00000030   Code   RO         3984    i.HW_DeInit         common.o
    0x08004fd0   0x00000028   Code   RO         5556    i.HW_EnterStopMode  low_power.o
    0x08004ff8   0x00000012   Code   RO         5557    i.HW_ExitStopMode   low_power.o
    0x0800500a   0x00000002   PAD
    0x0800500c   0x00000038   Code   RO         4845    i.HW_GPIO_GetBitPos  hw_gpio.o
    0x08005044   0x00000054   Code   RO         4846    i.HW_GPIO_Init      hw_gpio.o
    0x08005098   0x00000018   Code   RO         4847    i.HW_GPIO_IrqHandler  hw_gpio.o
    0x080050b0   0x00000034   Code   RO         4849    i.HW_GPIO_SetIrq    hw_gpio.o
    0x080050e4   0x0000000a   Code   RO         4850    i.HW_GPIO_Write     hw_gpio.o
    0x080050ee   0x00000002   PAD
    0x080050f0   0x0000006c   Code   RO         3985    i.HW_GetBatteryLevel  common.o
    0x0800515c   0x00000044   Code   RO         3987    i.HW_GetUniqueId    common.o
    0x080051a0   0x00000026   Code   RO         4953    i.HW_RTC_DelayMs    hw_rtc.o
    0x080051c6   0x00000002   PAD
    0x080051c8   0x000000c0   Code   RO         4954    i.HW_RTC_GetCalendarValue  hw_rtc.o
    0x08005288   0x00000004   Code   RO         4955    i.HW_RTC_GetMinimumTimeout  hw_rtc.o
    0x0800528c   0x0000000c   Code   RO         4956    i.HW_RTC_GetTimerContext  hw_rtc.o
    0x08005298   0x0000001c   Code   RO         4957    i.HW_RTC_GetTimerElapsedTime  hw_rtc.o
    0x080052b4   0x00000010   Code   RO         4958    i.HW_RTC_GetTimerValue  hw_rtc.o
    0x080052c4   0x0000002c   Code   RO         4959    i.HW_RTC_Init       hw_rtc.o
    0x080052f0   0x00000014   Code   RO         4960    i.HW_RTC_IrqHandler  hw_rtc.o
    0x08005304   0x00000044   Code   RO         4961    i.HW_RTC_SetAlarm   hw_rtc.o
    0x08005348   0x00000060   Code   RO         4962    i.HW_RTC_SetConfig  hw_rtc.o
    0x080053a8   0x00000018   Code   RO         4963    i.HW_RTC_SetTimerContext  hw_rtc.o
    0x080053c0   0x00000118   Code   RO         4964    i.HW_RTC_StartWakeUpAlarm  hw_rtc.o
    0x080054d8   0x00000020   Code   RO         4965    i.HW_RTC_StopAlarm  hw_rtc.o
    0x080054f8   0x00000010   Code   RO         4966    i.HW_RTC_Tick2ms    hw_rtc.o
    0x08005508   0x00000090   Code   RO         4969    i.HW_RTC_setMcuWakeUpTime  hw_rtc.o
    0x08005598   0x00000078   Code   RO         5073    i.HW_SPI_DeInit     hw_spi.o
    0x08005610   0x00000020   Code   RO         5074    i.HW_SPI_InOut      hw_spi.o
    0x08005630   0x000000ec   Code   RO         5075    i.HW_SPI_Init       hw_spi.o
    0x0800571c   0x00000044   Code   RO         5886    i.Handle_Error_Process  aware_protocol.o
    0x08005760   0x00000002   Code   RO         3771    i.HardFault_Handler  stm32l0xx_it.o
    0x08005762   0x00000002   PAD
    0x08005764   0x00000020   Code   RO         3988    i.HeartRate_Idle    common.o
    0x08005784   0x00000030   Code   RO         3989    i.Hw_Init           common.o
    0x080057b4   0x0000000e   Code   RO         3990    i.IS_Set_ATCmd      common.o
    0x080057c2   0x00000002   PAD
    0x080057c4   0x00000098   Code   RO         3991    i.Init_SysConfig    common.o
    0x0800585c   0x00000014   Code   RO         5887    i.Is_Ack_Pending    aware_protocol.o
    0x08005870   0x00000014   Code   RO         5888    i.Is_Cmd_Resp_Pending  aware_protocol.o
    0x08005884   0x00000024   Code   RO         5890    i.Is_Joining        aware_protocol.o
    0x080058a8   0x00000038   Code   RO         5891    i.Is_Local_Addr     aware_protocol.o
    0x080058e0   0x00000028   Code   RO         5892    i.Is_Local_NwkAddr  aware_protocol.o
    0x08005908   0x00000012   Code   RO         5893    i.Is_RF_Tx_Pending  aware_protocol.o
    0x0800591a   0x00000002   PAD
    0x0800591c   0x00000020   Code   RO         5894    i.Is_ZED_PollReq    aware_protocol.o
    0x0800593c   0x00000074   Code   RO         5895    i.Join_Req          aware_protocol.o
    0x080059b0   0x00000020   Code   RO         3992    i.KEY_Idle          common.o
    0x080059d0   0x00000158   Code   RO         3993    i.Key_Func_Handler  common.o
    0x08005b28   0x00000060   Code   RO         3995    i.Key_GPIO_INT_Init  common.o
    0x08005b88   0x00000028   Code   RO         3996    i.Key_Read          common.o
    0x08005bb0   0x00000084   Code   RO         3997    i.Key_Status_Poll   common.o
    0x08005c34   0x0000010a   Code   RO         3998    i.LED_Ctrl          common.o
    0x08005d3e   0x00000002   PAD
    0x08005d40   0x00000058   Code   RO         4000    i.LED_GPIO_Init     common.o
    0x08005d98   0x00000028   Code   RO         4001    i.LED_Idle          common.o
    0x08005dc0   0x0000003c   Code   RO         4002    i.LED_Show          common.o
    0x08005dfc   0x00000016   Code   RO         6468    i.LF_AS3932DeInit   lf_as3932.o
    0x08005e12   0x00000002   PAD
    0x08005e14   0x00000088   Code   RO         6469    i.LF_AS3932Init     lf_as3932.o
    0x08005e9c   0x0000008c   Code   RO         6470    i.LF_AS3932_GPIO_DeInit  lf_as3932.o
    0x08005f28   0x000000a4   Code   RO         6471    i.LF_AS3932_GPIO_Init  lf_as3932.o
    0x08005fcc   0x00000050   Code   RO         4003    i.LF_Alarm_Report   common.o
    0x0800601c   0x000001d8   Code   RO         6472    i.LF_AwakeUp        lf_as3932.o
    0x080061f4   0x000001ec   Code   RO         4004    i.LF_Config         common.o
    0x080063e0   0x00000130   Code   RO         6618    i.LF_DataSend       lfwakeup.o
    0x08006510   0x00000014   Code   RO         4005    i.LF_Done           common.o
    0x08006524   0x00000010   Code   RO         6619    i.LF_Init           lfwakeup.o
    0x08006534   0x0000010c   Code   RO         6565    i.LF_ProtocolAnalyzing  lf_protocol.o
    0x08006640   0x00000072   Code   RO         6473    i.LF_Read_Register  lf_as3932.o
    0x080066b2   0x00000002   PAD
    0x080066b4   0x00000068   Code   RO         4006    i.LF_Report         common.o
    0x0800671c   0x00000028   Code   RO         6620    i.LF_Reset          lfwakeup.o
    0x08006744   0x00000080   Code   RO         6474    i.LF_SPI_GPIO_DeInit  lf_as3932.o
    0x080067c4   0x00000090   Code   RO         6475    i.LF_SPI_GPIO_Init  lf_as3932.o
    0x08006854   0x00000042   Code   RO         6476    i.LF_SPI_Write      lf_as3932.o
    0x08006896   0x00000002   PAD
    0x08006898   0x00000064   Code   RO         6621    i.LF_SendBit        lfwakeup.o
    0x080068fc   0x00000022   Code   RO         6622    i.LF_SendConfig     lfwakeup.o
    0x0800691e   0x0000003a   Code   RO         6477    i.LF_Write_Command  lf_as3932.o
    0x08006958   0x0000003e   Code   RO         6478    i.LF_Write_Register  lf_as3932.o
    0x08006996   0x00000002   PAD
    0x08006998   0x00000018   Code   RO         5733    i.LPMoveCount_Start  lptim.o
    0x080069b0   0x00000014   Code   RO         5734    i.LPMoveCount_Stop  lptim.o
    0x080069c4   0x00000018   Code   RO         4007    i.LoRa_Config       common.o
    0x080069dc   0x00000168   Code   RO         4008    i.LoRa_Init         common.o
    0x08006b44   0x00000018   Code   RO         5558    i.LowPower_Disable  low_power.o
    0x08006b5c   0x00000018   Code   RO         5559    i.LowPower_Enable   low_power.o
    0x08006b74   0x0000000c   Code   RO         5560    i.LowPower_GetState  low_power.o
    0x08006b80   0x0000003c   Code   RO         5561    i.LowPower_Handler  low_power.o
    0x08006bbc   0x000002d0   Code   RO         4009    i.MINI_Pro_Resp     common.o
    0x08006e8c   0x00000056   Code   RO         4851    i.MSP_GetIRQn       hw_gpio.o
    0x08006ee2   0x00000002   PAD
    0x08006ee4   0x00000094   Code   RO         4010    i.MX_ADC_Init       common.o
    0x08006f78   0x00000038   Code   RO         4011    i.MX_DMA_Init       common.o
    0x08006fb0   0x00000058   Code   RO         5735    i.MX_LPTIM1_Init    lptim.o
    0x08007008   0x0000009c   Code   RO         5625    i.MX_TIM21_Init     tim.o
    0x080070a4   0x00000080   Code   RO         5626    i.MX_TIM2_Init      tim.o
    0x08007124   0x00000058   Code   RO         5627    i.MX_TIM6_Init      tim.o
    0x0800717c   0x00000054   Code   RO         4012    i.MX_USART1_UART_Init  common.o
    0x080071d0   0x00000050   Code   RO         4013    i.MX_USART2_UART_Init  common.o
    0x08007220   0x00000058   Code   RO         4014    i.Match_Tag_ID      common.o
    0x08007278   0x00000002   Code   RO         3772    i.NMI_Handler       stm32l0xx_it.o
    0x0800727a   0x00000002   PAD
    0x0800727c   0x00000044   Code   RO          244    i.NVIC_SetPriority  stm32l0xx_hal_cortex.o
    0x080072c0   0x0000001c   Code   RO         4015    i.NVIC_SystemReset  common.o
    0x080072dc   0x00000070   Code   RO         5897    i.Node_Join_LoRa    aware_protocol.o
    0x0800734c   0x00000074   Code   RO         6693    i.OHR_GPIO_Init     orh_uart.o
    0x080073c0   0x00000030   Code   RO         6695    i.OHR_event_handler  orh_uart.o
    0x080073f0   0x0000000c   Code   RO         6696    i.OHR_init          orh_uart.o
    0x080073fc   0x00000084   Code   RO         6697    i.OHR_startup       orh_uart.o
    0x08007480   0x00000002   Code   RO         4017    i.OnPollData        common.o
    0x08007482   0x00000002   PAD
    0x08007484   0x0000005c   Code   RO         4018    i.OnRxDone          common.o
    0x080074e0   0x0000002c   Code   RO         4019    i.OnRxError         common.o
    0x0800750c   0x00000014   Code   RO         4020    i.OnRxTimeout       common.o
    0x08007520   0x0000001c   Code   RO         4021    i.OnTxDone          common.o
    0x0800753c   0x00000030   Code   RO         4022    i.OnTxTimeout       common.o
    0x0800756c   0x0000006c   Code   RO         6623    i.PWM_GPIO_Init     lfwakeup.o
    0x080075d8   0x00000080   Code   RO         4023    i.PackFrame_Config  common.o
    0x08007658   0x00000080   Code   RO         4024    i.PackFrame_Data7Byte  common.o
    0x080076d8   0x00000002   Code   RO         3773    i.PendSV_Handler    stm32l0xx_it.o
    0x080076da   0x00000002   PAD
    0x080076dc   0x00000044   Code   RO         5898    i.Period_Poll_Data  aware_protocol.o
    0x08007720   0x00000020   Code   RO         5902    i.Poll_RF_Buffer    aware_protocol.o
    0x08007740   0x00000080   Code   RO         5903    i.Process_Ack       aware_protocol.o
    0x080077c0   0x00000050   Code   RO         4025    i.Process_App_Ack   common.o
    0x08007810   0x00000194   Code   RO         5904    i.Process_App_Cmd   aware_protocol.o
    0x080079a4   0x000001a4   Code   RO         4027    i.Process_App_RF_Rec  common.o
    0x08007b48   0x000001a8   Code   RO         4028    i.Process_Bat       common.o
    0x08007cf0   0x000000e4   Code   RO         4029    i.Process_Bind      common.o
    0x08007dd4   0x0000011c   Code   RO         5905    i.Process_Cmd       aware_protocol.o
    0x08007ef0   0x00000058   Code   RO         4030    i.Process_Cmd_Status  common.o
    0x08007f48   0x00000018   Code   RO         4031    i.Process_Error     common.o
    0x08007f60   0x00000070   Code   RO         4032    i.Process_HeartBeat  common.o
    0x08007fd0   0x00000016   Code   RO         5906    i.Process_Join_Cmd  aware_protocol.o
    0x08007fe6   0x00000002   PAD
    0x08007fe8   0x000000b4   Code   RO         5907    i.Process_Join_Req  aware_protocol.o
    0x0800809c   0x0000002c   Code   RO         4033    i.Process_Join_Status  common.o
    0x080080c8   0x00000030   Code   RO         4034    i.Process_Key       common.o
    0x080080f8   0x00000030   Code   RO         4035    i.Process_LED_Event  common.o
    0x08008128   0x00000268   Code   RO         4036    i.Process_LF        common.o
    0x08008390   0x00000064   Code   RO         4038    i.Process_LoRa_Data  common.o
    0x080083f4   0x000000a4   Code   RO         4039    i.Process_Motion    common.o
    0x08008498   0x00000058   Code   RO         4040    i.Process_OHR       common.o
    0x080084f0   0x00000014   Code   RO         4041    i.Process_PWM_SPK   common.o
    0x08008504   0x00000024   Code   RO         4043    i.Process_RF_Tx     common.o
    0x08008528   0x000000c8   Code   RO         4044    i.Process_Reg       common.o
    0x080085f0   0x0000017c   Code   RO         5908    i.Process_SuperFrame  aware_protocol.o
    0x0800876c   0x00000078   Code   RO         4047    i.Process_UART_Data  common.o
    0x080087e4   0x000000f8   Code   RO         4048    i.Process_WorkMode  common.o
    0x080088dc   0x00000024   Code   RO         4049    i.Pwr_DeInit        common.o
    0x08008900   0x00000034   Code   RO         4050    i.Pwr_Init          common.o
    0x08008934   0x00000070   Code   RO         2484    i.RCC_SetFlashLatencyFromMSIRange  stm32l0xx_hal_rcc.o
    0x080089a4   0x0000003c   Code   RO         4051    i.RF_CH_Config      common.o
    0x080089e0   0x000000d4   Code   RO         4052    i.RF_DataRate_Config  common.o
    0x08008ab4   0x00000028   Code   RO         5909    i.RF_Tx_Inc         aware_protocol.o
    0x08008adc   0x00000010   Code   RO         3148    i.RTC_Bcd2ToByte    stm32l0xx_hal_rtc.o
    0x08008aec   0x00000016   Code   RO         3149    i.RTC_ByteToBcd2    stm32l0xx_hal_rtc.o
    0x08008b02   0x00000002   PAD
    0x08008b04   0x00000020   Code   RO         4053    i.RTC_Cali          common.o
    0x08008b24   0x00000038   Code   RO         3150    i.RTC_EnterInitMode  stm32l0xx_hal_rtc.o
    0x08008b5c   0x00000008   Code   RO         4054    i.RTC_IRQHandler    common.o
    0x08008b64   0x00000018   Code   RO         4055    i.Read_App_NV       common.o
    0x08008b7c   0x0000001c   Code   RO         4794    i.Read_Data_From_Flash  flash.o
    0x08008b98   0x00000018   Code   RO         4795    i.Read_NV           flash.o
    0x08008bb0   0x00000040   Code   RO         4056    i.Register_Done     common.o
    0x08008bf0   0x00000094   Code   RO         5238    i.RxChainCalibration  sx1276.o
    0x08008c84   0x000000b2   Code   RO         2767    i.SPI_WaitOnFlagUntilTimeout  stm32l0xx_hal_spi.o
    0x08008d36   0x00000002   PAD
    0x08008d38   0x00000014   Code   RO         4059    i.SPK_GPIO_Init     common.o
    0x08008d4c   0x00000014   Code   RO         4060    i.SPK_Idle          common.o
    0x08008d60   0x00000084   Code   RO         4061    i.SPK_PWM_Ctrl      common.o
    0x08008de4   0x00000030   Code   RO         4062    i.SPK_PWM_Toggle    common.o
    0x08008e14   0x00000024   Code   RO         4063    i.SPK_Show          common.o
    0x08008e38   0x0000008c   Code   RO         4064    i.SPK_TIM2_Init     common.o
    0x08008ec4   0x00000002   Code   RO         3774    i.SVC_Handler       stm32l0xx_it.o
    0x08008ec6   0x00000004   Code   RO         5159    i.SX1276CheckRfFrequency  mlm32l07x01.o
    0x08008eca   0x00000002   PAD
    0x08008ecc   0x0000000c   Code   RO         5239    i.SX1276GetStatus   sx1276.o
    0x08008ed8   0x00000004   Code   RO         5240    i.SX1276GetTimeOnAir  sx1276.o
    0x08008edc   0x0000007c   Code   RO         5241    i.SX1276Init        sx1276.o
    0x08008f58   0x00000040   Code   RO         5161    i.SX1276IoDeInit    mlm32l07x01.o
    0x08008f98   0x00000054   Code   RO         5162    i.SX1276IoInit      mlm32l07x01.o
    0x08008fec   0x00000014   Code   RO         5163    i.SX1276IoIrqInit   mlm32l07x01.o
    0x08009000   0x00000036   Code   RO         5242    i.SX1276IsChannelFree  sx1276.o
    0x08009036   0x00000002   PAD
    0x08009038   0x00000258   Code   RO         5243    i.SX1276OnDio0Irq   sx1276.o
    0x08009290   0x000000f0   Code   RO         5244    i.SX1276OnDio1Irq   sx1276.o
    0x08009380   0x000000b4   Code   RO         5245    i.SX1276OnDio2Irq   sx1276.o
    0x08009434   0x00000054   Code   RO         5246    i.SX1276OnDio3Irq   sx1276.o
    0x08009488   0x0000001c   Code   RO         5247    i.SX1276OnDio4Irq   sx1276.o
    0x080094a4   0x00000084   Code   RO         5249    i.SX1276OnTimeoutIrq  sx1276.o
    0x08009528   0x0000003a   Code   RO         5250    i.SX1276Random      sx1276.o
    0x08009562   0x00000010   Code   RO         5251    i.SX1276Read        sx1276.o
    0x08009572   0x00000002   PAD
    0x08009574   0x00000044   Code   RO         5252    i.SX1276ReadBuffer  sx1276.o
    0x080095b8   0x0000000e   Code   RO         5253    i.SX1276ReadFifo    sx1276.o
    0x080095c6   0x00000002   PAD
    0x080095c8   0x00000044   Code   RO         5254    i.SX1276ReadRssi    sx1276.o
    0x0800960c   0x0000002c   Code   RO         5255    i.SX1276Reset       sx1276.o
    0x08009638   0x000000e8   Code   RO         5256    i.SX1276Send        sx1276.o
    0x08009720   0x0000003c   Code   RO         5164    i.SX1276SetAntSw    mlm32l07x01.o
    0x0800975c   0x000000b8   Code   RO         5165    i.SX1276SetAntSwLowPower  mlm32l07x01.o
    0x08009814   0x00000050   Code   RO         5257    i.SX1276SetChannel  sx1276.o
    0x08009864   0x00000030   Code   RO         5258    i.SX1276SetMaxPayloadLength  sx1276.o
    0x08009894   0x00000060   Code   RO         5259    i.SX1276SetModem    sx1276.o
    0x080098f4   0x0000002e   Code   RO         5260    i.SX1276SetOpMode   sx1276.o
    0x08009922   0x00000090   Code   RO         5166    i.SX1276SetRfTxPower  mlm32l07x01.o
    0x080099b2   0x00000002   PAD
    0x080099b4   0x00000264   Code   RO         5261    i.SX1276SetRx       sx1276.o
    0x08009c18   0x00000248   Code   RO         5262    i.SX1276SetRxConfig  sx1276.o
    0x08009e60   0x00000024   Code   RO         5263    i.SX1276SetSleep    sx1276.o
    0x08009e84   0x00000024   Code   RO         5264    i.SX1276SetStby     sx1276.o
    0x08009ea8   0x00000014   Code   RO         5265    i.SX1276SetSyncWord  sx1276.o
    0x08009ebc   0x000000a4   Code   RO         5266    i.SX1276SetTx       sx1276.o
    0x08009f60   0x000001f0   Code   RO         5267    i.SX1276SetTxConfig  sx1276.o
    0x0800a150   0x00000090   Code   RO         5268    i.SX1276SetTxContinuousWave  sx1276.o
    0x0800a1e0   0x00000038   Code   RO         5269    i.SX1276StartCad    sx1276.o
    0x0800a218   0x0000000c   Code   RO         5270    i.SX1276Write       sx1276.o
    0x0800a224   0x00000044   Code   RO         5271    i.SX1276WriteBuffer  sx1276.o
    0x0800a268   0x0000000e   Code   RO         5272    i.SX1276WriteFifo   sx1276.o
    0x0800a276   0x00000002   PAD
    0x0800a278   0x00000014   Code   RO         4066    i.SetCH             common.o
    0x0800a28c   0x00000014   Code   RO         4067    i.SetRFPwr          common.o
    0x0800a2a0   0x00000014   Code   RO         4068    i.SetRFRate         common.o
    0x0800a2b4   0x00000044   Code   RO         6698    i.StartOHR          orh_uart.o
    0x0800a2f8   0x00000038   Code   RO         6699    i.StopOHR           orh_uart.o
    0x0800a330   0x00000074   Code   RO         4069    i.Store_UART_Data   common.o
    0x0800a3a4   0x0000000c   Code   RO         3775    i.SysTick_Handler   stm32l0xx_it.o
    0x0800a3b0   0x000000a0   Code   RO         3831    i.SystemClock_Config  main.o
    0x0800a450   0x00000054   Code   RO         5794    i.SystemInit        system_stm32l0xx.o
    0x0800a4a4   0x00000078   Code   RO         4070    i.Systick_Event     common.o
    0x0800a51c   0x00000010   Code   RO         5628    i.TIM21_IRQHandler  tim.o
    0x0800a52c   0x00000010   Code   RO         5629    i.TIM6_IRQHandler   tim.o
    0x0800a53c   0x00000050   Code   RO          612    i.TIM_Base_SetConfig  stm32l0xx_hal_tim.o
    0x0800a58c   0x00000016   Code   RO          613    i.TIM_CCxChannelCmd  stm32l0xx_hal_tim.o
    0x0800a5a2   0x00000030   Code   RO          621    i.TIM_OC1_SetConfig  stm32l0xx_hal_tim.o
    0x0800a5d2   0x00000032   Code   RO          622    i.TIM_OC2_SetConfig  stm32l0xx_hal_tim.o
    0x0800a604   0x00000036   Code   RO          623    i.TIM_OC3_SetConfig  stm32l0xx_hal_tim.o
    0x0800a63a   0x00000036   Code   RO          624    i.TIM_OC4_SetConfig  stm32l0xx_hal_tim.o
    0x0800a670   0x00000050   Code   RO          627    i.TIM_TI1_SetConfig  stm32l0xx_hal_tim.o
    0x0800a6c0   0x00000034   Code   RO          629    i.TIM_TI2_SetConfig  stm32l0xx_hal_tim.o
    0x0800a6f4   0x0000019c   Code   RO         5918    i.TX_RF_Data        aware_protocol.o
    0x0800a890   0x00000014   Code   RO         4073    i.Time_Init         common.o
    0x0800a8a4   0x0000000e   Code   RO         5475    i.TimerInit         timeserver.o
    0x0800a8b2   0x00000002   PAD
    0x0800a8b4   0x0000001c   Code   RO         5476    i.TimerInsertNewHeadTimer  timeserver.o
    0x0800a8d0   0x00000078   Code   RO         5477    i.TimerIrqHandler   timeserver.o
    0x0800a948   0x0000002c   Code   RO         5479    i.TimerSetTimeout   timeserver.o
    0x0800a974   0x0000001a   Code   RO         5480    i.TimerSetValue     timeserver.o
    0x0800a98e   0x00000002   PAD
    0x0800a990   0x00000070   Code   RO         5481    i.TimerStart        timeserver.o
    0x0800aa00   0x00000060   Code   RO         5482    i.TimerStop         timeserver.o
    0x0800aa60   0x00000684   Code   RO         4076    i.UART_AT_CMD_Process  common.o
    0x0800b0e4   0x000000ca   Code   RO         2168    i.UART_AdvFeatureConfig  stm32l0xx_hal_uart.o
    0x0800b1ae   0x00000002   PAD
    0x0800b1b0   0x00000060   Code   RO         2169    i.UART_CheckIdleState  stm32l0xx_hal_uart.o
    0x0800b210   0x00000014   Code   RO         2170    i.UART_DMAAbortOnError  stm32l0xx_hal_uart.o
    0x0800b224   0x0000004a   Code   RO         2171    i.UART_DMAError     stm32l0xx_hal_uart.o
    0x0800b26e   0x00000040   Code   RO         2172    i.UART_DMAReceiveCplt  stm32l0xx_hal_uart.o
    0x0800b2ae   0x0000000a   Code   RO         2174    i.UART_DMARxHalfCplt  stm32l0xx_hal_uart.o
    0x0800b2b8   0x0000001e   Code   RO         2180    i.UART_EndRxTransfer  stm32l0xx_hal_uart.o
    0x0800b2d6   0x00000012   Code   RO         2181    i.UART_EndTxTransfer  stm32l0xx_hal_uart.o
    0x0800b2e8   0x0000007e   Code   RO         2182    i.UART_Receive_IT   stm32l0xx_hal_uart.o
    0x0800b366   0x00000002   PAD
    0x0800b368   0x0000021c   Code   RO         2183    i.UART_SetConfig    stm32l0xx_hal_uart.o
    0x0800b584   0x00000040   Code   RO         6700    i.UART_TX_Output_Low  orh_uart.o
    0x0800b5c4   0x00000066   Code   RO         2184    i.UART_Transmit_IT  stm32l0xx_hal_uart.o
    0x0800b62a   0x00000062   Code   RO         2185    i.UART_WaitOnFlagUntilTimeout  stm32l0xx_hal_uart.o
    0x0800b68c   0x00000058   Code   RO         4077    i.USART1_IRQHandler  common.o
    0x0800b6e4   0x00000058   Code   RO         4078    i.USART2_IRQHandler  common.o
    0x0800b73c   0x00000014   Code   RO         4079    i.Uart2_Send        common.o
    0x0800b750   0x00000060   Code   RO         4080    i.Uart_Enable       common.o
    0x0800b7b0   0x00000020   Code   RO         5920    i.Update_Parent_RSSI  aware_protocol.o
    0x0800b7d0   0x0000004c   Code   RO         4082    i.WorkMode_Report   common.o
    0x0800b81c   0x0000003c   Code   RO         4083    i.Write_App_NV      common.o
    0x0800b858   0x00000026   Code   RO         4796    i.Write_Data_To_Flash  flash.o
    0x0800b87e   0x00000002   PAD
    0x0800b880   0x00000038   Code   RO         4797    i.Write_NV          flash.o
    0x0800b8b8   0x000000c0   Code   RO         5921    i.ZED_DataReq_Event  aware_protocol.o
    0x0800b978   0x00000070   Code   RO         5922    i.ZED_Data_Req      aware_protocol.o
    0x0800b9e8   0x00000002   Code   RO         3832    i._Error_Handler    main.o
    0x0800b9ea   0x00000002   PAD
    0x0800b9ec   0x00000020   Code   RO         7019    i.__0printf$8       mc_p.l(printf8.o)
    0x0800ba0c   0x0000002e   Code   RO         7113    i.__ARM_clz         mf_p.l(depilogue.o)
    0x0800ba3a   0x00000030   Code   RO         5061    i.__ARM_common_ll_muluu  hw_rtc.o
    0x0800ba6a   0x0000001a   Code   RO         1144    i.__ARM_common_switch8  stm32l0xx_hal_tim.o
    0x0800ba84   0x0000000e   Code   RO         7123    i.__scatterload_copy  mc_p.l(handlers.o)
    0x0800ba92   0x00000002   Code   RO         7124    i.__scatterload_null  mc_p.l(handlers.o)
    0x0800ba94   0x0000000e   Code   RO         7125    i.__scatterload_zeroinit  mc_p.l(handlers.o)
    0x0800baa2   0x00000002   PAD
    0x0800baa4   0x00000428   Code   RO         7026    i._printf_core      mc_p.l(printf8.o)
    0x0800becc   0x00000020   Code   RO         7027    i._printf_post_padding  mc_p.l(printf8.o)
    0x0800beec   0x0000002c   Code   RO         7028    i._printf_pre_padding  mc_p.l(printf8.o)
    0x0800bf18   0x000000c8   Code   RO         6790    i.ceil              m_ps.l(ceil.o)
    0x0800bfe0   0x0000001c   Code   RO         4085    i.fputc             common.o
    0x0800bffc   0x000000cc   Code   RO         3833    i.main              main.o
    0x0800c0c8   0x00000048   Code   RO         6703    i.nrf_gpio_cfg_sense_input  orh_uart.o
    0x0800c110   0x00000010   Code   RO         4086    i.osal_memcpy       common.o
    0x0800c120   0x00000012   Code   RO         4087    i.osal_revmemcpy    common.o
    0x0800c132   0x00000002   PAD
    0x0800c134   0x00000054   Code   RO         4088    i.print_8_02x       common.o
    0x0800c188   0x0000002c   Code   RO         5925    i.rand1             aware_protocol.o
    0x0800c1b4   0x00000016   Code   RO         5926    i.randr             aware_protocol.o
    0x0800c1ca   0x000000d4   Data   RO         4091    .constdata          common.o
    0x0800c29e   0x00000018   Data   RO         4971    .constdata          hw_rtc.o
    0x0800c2b6   0x00000002   PAD
    0x0800c2b8   0x00000064   Data   RO         5167    .constdata          mlm32l07x01.o
    0x0800c31c   0x000000e0   Data   RO         5274    .constdata          sx1276.o
    0x0800c3fc   0x00000019   Data   RO         5795    .constdata          system_stm32l0xx.o
    0x0800c415   0x00000008   Data   RO         5796    .constdata          system_stm32l0xx.o
    0x0800c41d   0x00000010   Data   RO         5929    .constdata          aware_protocol.o
    0x0800c42d   0x00000100   Data   RO         6448    .constdata          ccrfid_crc8.o
    0x0800c52d   0x00000003   PAD
    0x0800c530   0x00000020   Data   RO         7121    Region$$Table       anon$$obj.o


    Execution Region RW_IRAM1 (Base: 0x20000000, Size: 0x00001520, Max: 0x00002000, ABSOLUTE, COMPRESSED[0x00000028])

    Base Addr    Size         Type   Attr      Idx    E Section Name        Object

    0x20000000   0x00000004   Data   RW         2989    .data               stm32l0xx_hal.o
    0x20000004   0x00000004   Data   RW         3834    .data               main.o
    0x20000008   0x00000098   Data   RW         4097    .data               common.o
    0x200000a0   0x00000004   Data   RW         4972    .data               hw_rtc.o
    0x200000a4   0x00000001   Data   RW         5168    .data               mlm32l07x01.o
    0x200000a5   0x00000003   PAD
    0x200000a8   0x0000001c   Data   RW         5275    .data               sx1276.o
    0x200000c4   0x00000004   Data   RW         5483    .data               timeserver.o
    0x200000c8   0x00000004   Data   RW         5562    .data               low_power.o
    0x200000cc   0x0000000c   Data   RW         5631    .data               tim.o
    0x200000d8   0x00000004   Data   RW         5738    .data               lptim.o
    0x200000dc   0x00000004   Data   RW         5797    .data               system_stm32l0xx.o
    0x200000e0   0x00000036   Data   RW         5932    .data               aware_protocol.o
    0x20000116   0x00000002   PAD
    0x20000118   0x00000014   Data   RW         6480    .data               lf_as3932.o
    0x2000012c   0x00000003   Data   RW         6625    .data               lfwakeup.o
    0x2000012f   0x0000000a   Data   RW         6706    .data               orh_uart.o
    0x20000139   0x00000003   PAD
    0x2000013c   0x00000004   Data   RW         7103    .data               mc_p.l(stdout.o)
    0x20000140   0x00000018   Zero   RW         1738    .bss                stm32l0xx_hal_flash.o
    0x20000158   0x000006fc   Zero   RW         4090    .bss                common.o
    0x20000854   0x00000040   Zero   RW         4852    .bss                hw_gpio.o
    0x20000894   0x00000068   Zero   RW         4970    .bss                hw_rtc.o
    0x200008fc   0x00000058   Zero   RW         5084    .bss                hw_spi.o
    0x20000954   0x0000019c   Zero   RW         5273    .bss                sx1276.o
    0x20000af0   0x000000a8   Zero   RW         5630    .bss                tim.o
    0x20000b98   0x00000030   Zero   RW         5737    .bss                lptim.o
    0x20000bc8   0x00000534   Zero   RW         5928    .bss                aware_protocol.o
    0x200010fc   0x00000020   Zero   RW         6624    .bss                lfwakeup.o
    0x2000111c   0x00000004   PAD
    0x20001120   0x00000400   Zero   RW         3822    STACK               startup_stm32l051xx.o


==============================================================================

Image component sizes


      Code (inc. data)   RO Data    RW Data    ZI Data      Debug   Object Name

      5886       1186         16         54       1332      53449   aware_protocol.o
        32          4        256          0          0       1259   ccrfid_crc8.o
     12298       2534        216        152       1788     102265   common.o
       198         24          0          0          0       3618   flash.o
       436         54          0          0         64       8853   hw_gpio.o
      1062        110         24          4        104      10898   hw_rtc.o
       388         68          0          0         88       2661   hw_spi.o
      1518         54          0         20          0      10778   lf_as3932.o
       268          6          0          0          0       4543   lf_protocol.o
       626         56          0          3         32       6870   lfwakeup.o
       178         46          0          4          0       4239   low_power.o
       284         88          0          4         48       3749   lptim.o
       366         16          0          4          0      13654   main.o
       560         44        100          1          0       9927   mlm32l07x01.o
       660        122          0         10          0       8707   orh_uart.o
        28          8        192          0       1024        624   startup_stm32l051xx.o
       122         24          0          4          0       3811   stm32l0xx_hal.o
      1382         52          0          0          0       8431   stm32l0xx_hal_adc.o
       170          0          0          0          0       1494   stm32l0xx_hal_adc_ex.o
       224         38          0          0          0      13335   stm32l0xx_hal_cortex.o
      1708         24          0          0          0       6311   stm32l0xx_hal_dma.o
       256         16          0          0         24       1794   stm32l0xx_hal_flash.o
       180         36          0          0          0     377142   stm32l0xx_hal_flash_ex.o
       658         62          0          0          0       5169   stm32l0xx_hal_gpio.o
       286         14          0          0          0       3779   stm32l0xx_hal_lptim.o
       692        114          0          0          0       4226   stm32l0xx_hal_msp.o
        52          8          0          0          0        652   stm32l0xx_hal_pwr.o
      1672        116          0          0          0       7020   stm32l0xx_hal_rcc.o
       668         44          0          0          0       2925   stm32l0xx_hal_rcc_ex.o
      1750         40          0          0          0      11201   stm32l0xx_hal_rtc.o
        62          0          0          0          0       1703   stm32l0xx_hal_rtc_ex.o
      1054          0          0          0          0       4446   stm32l0xx_hal_spi.o
      1790         38          0          0          0      18567   stm32l0xx_hal_tim.o
       102          0          0          0          0       1900   stm32l0xx_hal_tim_ex.o
      2420         92          0          0          0      17319   stm32l0xx_hal_uart.o
         2          0          0          0          0       1032   stm32l0xx_hal_uart_ex.o
        36          6          0          0          0       2716   stm32l0xx_it.o
      4662        268        224         28        412      26953   sx1276.o
        84         18         33          4          0       1283   system_stm32l0xx.o
       872        162          0         12        168       8115   tim.o
       440         18          0          4          0       8083   timeserver.o

    ----------------------------------------------------------------------
     46228       5610       1098        316       5088     785501   Object Totals
         0          0         32          0          0          0   (incl. Generated)
        96          0          5          8          4          0   (incl. Padding)

    ----------------------------------------------------------------------

      Code (inc. data)   RO Data    RW Data    ZI Data      Debug   Library Member Name

       200         20          0          0          0         76   ceil.o
        58          0          0          0          0          0   __dczerorl.o
         0          0          0          0          0          0   entry.o
         0          0          0          0          0          0   entry10a.o
         0          0          0          0          0          0   entry11a.o
         8          4          0          0          0          0   entry2.o
         4          0          0          0          0          0   entry5.o
         0          0          0          0          0          0   entry7b.o
         0          0          0          0          0          0   entry8b.o
         8          4          0          0          0          0   entry9a.o
        30          0          0          0          0          0   handlers.o
        40          0          0          0          0         72   idiv.o
        36          8          0          0          0         68   init.o
         0          0          0          0          0          0   iusefp.o
        32          0          0          0          0         68   llshl.o
        38          0          0          0          0         68   llsshr.o
        34          0          0          0          0         68   llushr.o
        26          0          0          0          0         72   memcmp.o
        36          0          0          0          0         60   memcpya.o
        36          0          0          0          0        100   memseta.o
      1172         52          0          0          0        324   printf8.o
         0          0          0          4          0          0   stdout.o
        30          0          0          0          0         72   strncmp.o
        44          0          0          0          0         72   uidiv.o
        96          0          0          0          0         84   uldiv.o
        20          0          0          0          0         60   uread4.o
        18          0          0          0          0         60   uwrite4.o
        40          2          0          0          0         68   cdrcmple.o
       356          4          0          0          0        140   dadd.o
       240          6          0          0          0         84   ddiv.o
       236          0          0          0          0        216   depilogue.o
        60         10          0          0          0         68   dfixui.o
        28          4          0          0          0         68   dfltui.o
       208          6          0          0          0         88   dmul.o
        44          0          0          0          0         72   dscalb.o

    ----------------------------------------------------------------------
      3186        120          0          4          0       2128   Library Totals
         8          0          0          0          0          0   (incl. Padding)

    ----------------------------------------------------------------------

      Code (inc. data)   RO Data    RW Data    ZI Data      Debug   Library Name

       200         20          0          0          0         76   m_ps.l
      1766         68          0          4          0       1248   mc_p.l
      1212         32          0          0          0        804   mf_p.l

    ----------------------------------------------------------------------
      3186        120          0          4          0       2128   Library Totals

    ----------------------------------------------------------------------

==============================================================================


      Code (inc. data)   RO Data    RW Data    ZI Data      Debug   

     49414       5730       1098        320       5088     766945   Grand Totals
     49414       5730       1098         40       5088     766945   ELF Image Totals (compressed)
     49414       5730       1098         40          0          0   ROM Totals

==============================================================================

    Total RO  Size (Code + RO Data)                50512 (  49.33kB)
    Total RW  Size (RW Data + ZI Data)              5408 (   5.28kB)
    Total ROM Size (Code + RO Data + RW Data)      50552 (  49.37kB)

==============================================================================

