<!doctype html public "-//w3c//dtd html 4.0 transitional//en">
<html><head>
<title>Static Call Graph - [LoRa_Test_Lo51\LoRa_Test_Lo51.axf]</title></head>
<body><HR>
<H1>Static Call Graph for image LoRa_Test_Lo51\LoRa_Test_Lo51.axf</H1><HR>
<BR><P>#&#060CALLGRAPH&#062# ARM Linker, 5060061: Last Updated: Tue Mar 27 14:07:58 2018
<BR><P>
<H3>Maximum Stack Usage =        260 bytes + Unknown(Cycles, Untraceable Function Pointers)</H3><H3>
Call chain for Maximum Stack Depth:</H3>
main &rArr; Process_LoRa_Data &rArr; AwarePro_RF_Rec_Process &rArr; Process_Join_Cmd &rArr; Accept_Join_LoRa &rArr; Relay_Join_Resp &rArr; Add_RF_Frame_To_TX_Que &rArr; randr &rArr; rand1 &rArr; __aeabi_uidivmod
<P>
<H3>
Mutually Recursive functions
</H3> <LI><a href="#[16]">ADC1_COMP_IRQHandler</a>&nbsp;&nbsp;&nbsp;&rArr;&nbsp;&nbsp;&nbsp;<a href="#[16]">ADC1_COMP_IRQHandler</a><BR>
 <LI><a href="#[7]">HardFault_Handler</a>&nbsp;&nbsp;&nbsp;&rArr;&nbsp;&nbsp;&nbsp;<a href="#[7]">HardFault_Handler</a><BR>
 <LI><a href="#[122]">_Error_Handler</a>&nbsp;&nbsp;&nbsp;&rArr;&nbsp;&nbsp;&nbsp;<a href="#[122]">_Error_Handler</a><BR>
</UL>
<P>
<H3>
Function Pointers
</H3><UL>
 <LI><a href="#[16]">ADC1_COMP_IRQHandler</a> from startup_stm32l051xx.o(.text) referenced from startup_stm32l051xx.o(RESET)
 <LI><a href="#[32]">AwarePro_NV_Init</a> from aware_protocol.o(i.AwarePro_NV_Init) referenced from common.o(.constdata)
 <LI><a href="#[13]">DMA1_Channel1_IRQHandler</a> from startup_stm32l051xx.o(.text) referenced from startup_stm32l051xx.o(RESET)
 <LI><a href="#[14]">DMA1_Channel2_3_IRQHandler</a> from stm32l0xx_it.o(i.DMA1_Channel2_3_IRQHandler) referenced from startup_stm32l051xx.o(RESET)
 <LI><a href="#[15]">DMA1_Channel4_5_6_7_IRQHandler</a> from startup_stm32l051xx.o(.text) referenced from startup_stm32l051xx.o(RESET)
 <LI><a href="#[10]">EXTI0_1_IRQHandler</a> from common.o(i.EXTI0_1_IRQHandler) referenced from startup_stm32l051xx.o(RESET)
 <LI><a href="#[11]">EXTI2_3_IRQHandler</a> from common.o(i.EXTI2_3_IRQHandler) referenced from startup_stm32l051xx.o(RESET)
 <LI><a href="#[12]">EXTI4_15_IRQHandler</a> from common.o(i.EXTI4_15_IRQHandler) referenced from startup_stm32l051xx.o(RESET)
 <LI><a href="#[e]">FLASH_IRQHandler</a> from startup_stm32l051xx.o(.text) referenced from startup_stm32l051xx.o(RESET)
 <LI><a href="#[7]">HardFault_Handler</a> from stm32l0xx_it.o(i.HardFault_Handler) referenced from startup_stm32l051xx.o(RESET)
 <LI><a href="#[1c]">I2C1_IRQHandler</a> from startup_stm32l051xx.o(.text) referenced from startup_stm32l051xx.o(RESET)
 <LI><a href="#[1d]">I2C2_IRQHandler</a> from startup_stm32l051xx.o(.text) referenced from startup_stm32l051xx.o(RESET)
 <LI><a href="#[17]">LPTIM1_IRQHandler</a> from startup_stm32l051xx.o(.text) referenced from startup_stm32l051xx.o(RESET)
 <LI><a href="#[22]">LPUART1_IRQHandler</a> from startup_stm32l051xx.o(.text) referenced from startup_stm32l051xx.o(RESET)
 <LI><a href="#[6]">NMI_Handler</a> from stm32l0xx_it.o(i.NMI_Handler) referenced from startup_stm32l051xx.o(RESET)
 <LI><a href="#[38]">Node_Change</a> from common.o(i.Node_Change) referenced from common.o(.constdata)
 <LI><a href="#[30]">OnPollData</a> from common.o(i.OnPollData) referenced from common.o(i.Time_Init)
 <LI><a href="#[2b]">OnRxDone</a> from common.o(i.OnRxDone) referenced from common.o(i.LoRa_Init)
 <LI><a href="#[2e]">OnRxError</a> from common.o(i.OnRxError) referenced from common.o(i.LoRa_Init)
 <LI><a href="#[2d]">OnRxTimeout</a> from common.o(i.OnRxTimeout) referenced from common.o(i.LoRa_Init)
 <LI><a href="#[2a]">OnTxDone</a> from common.o(i.OnTxDone) referenced from common.o(i.LoRa_Init)
 <LI><a href="#[2c]">OnTxTimeout</a> from common.o(i.OnTxTimeout) referenced from common.o(i.LoRa_Init)
 <LI><a href="#[c]">PVD_IRQHandler</a> from startup_stm32l051xx.o(.text) referenced from startup_stm32l051xx.o(RESET)
 <LI><a href="#[9]">PendSV_Handler</a> from stm32l0xx_it.o(i.PendSV_Handler) referenced from startup_stm32l051xx.o(RESET)
 <LI><a href="#[36]">Process_App_Ack</a> from common.o(i.Process_App_Ack) referenced from common.o(.constdata)
 <LI><a href="#[39]">Process_App_RF_RT_Rec</a> from common.o(i.Process_App_RF_RT_Rec) referenced from common.o(.constdata)
 <LI><a href="#[33]">Process_App_RF_Rec</a> from common.o(i.Process_App_RF_Rec) referenced from common.o(.constdata)
 <LI><a href="#[37]">Process_Cmd_Status</a> from common.o(i.Process_Cmd_Status) referenced from common.o(.constdata)
 <LI><a href="#[3a]">Process_Error</a> from common.o(i.Process_Error) referenced from common.o(.constdata)
 <LI><a href="#[35]">Process_Join_Status</a> from common.o(i.Process_Join_Status) referenced from common.o(.constdata)
 <LI><a href="#[34]">Process_RF_Tx</a> from common.o(i.Process_RF_Tx) referenced from common.o(.constdata)
 <LI><a href="#[f]">RCC_IRQHandler</a> from startup_stm32l051xx.o(.text) referenced from startup_stm32l051xx.o(RESET)
 <LI><a href="#[d]">RTC_IRQHandler</a> from common.o(i.RTC_IRQHandler) referenced from startup_stm32l051xx.o(RESET)
 <LI><a href="#[5]">Reset_Handler</a> from startup_stm32l051xx.o(.text) referenced from startup_stm32l051xx.o(RESET)
 <LI><a href="#[1e]">SPI1_IRQHandler</a> from startup_stm32l051xx.o(.text) referenced from startup_stm32l051xx.o(RESET)
 <LI><a href="#[1f]">SPI2_IRQHandler</a> from startup_stm32l051xx.o(.text) referenced from startup_stm32l051xx.o(RESET)
 <LI><a href="#[8]">SVC_Handler</a> from stm32l0xx_it.o(i.SVC_Handler) referenced from startup_stm32l051xx.o(RESET)
 <LI><a href="#[45]">SX1276CheckRfFrequency</a> from mlm32l07x01.o(i.SX1276CheckRfFrequency) referenced from mlm32l07x01.o(.constdata)
 <LI><a href="#[3e]">SX1276GetStatus</a> from sx1276.o(i.SX1276GetStatus) referenced from mlm32l07x01.o(.constdata)
 <LI><a href="#[46]">SX1276GetTimeOnAir</a> from sx1276.o(i.SX1276GetTimeOnAir) referenced from mlm32l07x01.o(.constdata)
 <LI><a href="#[3d]">SX1276Init</a> from sx1276.o(i.SX1276Init) referenced from mlm32l07x01.o(.constdata)
 <LI><a href="#[3c]">SX1276IoDeInit</a> from mlm32l07x01.o(i.SX1276IoDeInit) referenced from mlm32l07x01.o(.constdata)
 <LI><a href="#[3b]">SX1276IoInit</a> from mlm32l07x01.o(i.SX1276IoInit) referenced from mlm32l07x01.o(.constdata)
 <LI><a href="#[41]">SX1276IsChannelFree</a> from sx1276.o(i.SX1276IsChannelFree) referenced from mlm32l07x01.o(.constdata)
 <LI><a href="#[0]">SX1276OnDio0Irq</a> from sx1276.o(i.SX1276OnDio0Irq) referenced 2 times from sx1276.o(.data)
 <LI><a href="#[1]">SX1276OnDio1Irq</a> from sx1276.o(i.SX1276OnDio1Irq) referenced 2 times from sx1276.o(.data)
 <LI><a href="#[2]">SX1276OnDio2Irq</a> from sx1276.o(i.SX1276OnDio2Irq) referenced 2 times from sx1276.o(.data)
 <LI><a href="#[3]">SX1276OnDio3Irq</a> from sx1276.o(i.SX1276OnDio3Irq) referenced 2 times from sx1276.o(.data)
 <LI><a href="#[4]">SX1276OnDio4Irq</a> from sx1276.o(i.SX1276OnDio4Irq) referenced 2 times from sx1276.o(.data)
 <LI><a href="#[2f]">SX1276OnTimeoutIrq</a> from sx1276.o(i.SX1276OnTimeoutIrq) referenced from sx1276.o(i.SX1276Init)
 <LI><a href="#[42]">SX1276Random</a> from sx1276.o(i.SX1276Random) referenced from mlm32l07x01.o(.constdata)
 <LI><a href="#[4f]">SX1276Read</a> from sx1276.o(i.SX1276Read) referenced from mlm32l07x01.o(.constdata)
 <LI><a href="#[51]">SX1276ReadBuffer</a> from sx1276.o(i.SX1276ReadBuffer) referenced from mlm32l07x01.o(.constdata)
 <LI><a href="#[4d]">SX1276ReadRssi</a> from sx1276.o(i.SX1276ReadRssi) referenced from mlm32l07x01.o(.constdata)
 <LI><a href="#[47]">SX1276Send</a> from sx1276.o(i.SX1276Send) referenced from mlm32l07x01.o(.constdata)
 <LI><a href="#[40]">SX1276SetChannel</a> from sx1276.o(i.SX1276SetChannel) referenced from mlm32l07x01.o(.constdata)
 <LI><a href="#[53]">SX1276SetMaxPayloadLength</a> from sx1276.o(i.SX1276SetMaxPayloadLength) referenced from mlm32l07x01.o(.constdata)
 <LI><a href="#[3f]">SX1276SetModem</a> from sx1276.o(i.SX1276SetModem) referenced from mlm32l07x01.o(.constdata)
 <LI><a href="#[4a]">SX1276SetRx</a> from sx1276.o(i.SX1276SetRx) referenced from mlm32l07x01.o(.constdata)
 <LI><a href="#[43]">SX1276SetRxConfig</a> from sx1276.o(i.SX1276SetRxConfig) referenced from mlm32l07x01.o(.constdata)
 <LI><a href="#[48]">SX1276SetSleep</a> from sx1276.o(i.SX1276SetSleep) referenced from mlm32l07x01.o(.constdata)
 <LI><a href="#[49]">SX1276SetStby</a> from sx1276.o(i.SX1276SetStby) referenced from mlm32l07x01.o(.constdata)
 <LI><a href="#[52]">SX1276SetSyncWord</a> from sx1276.o(i.SX1276SetSyncWord) referenced from mlm32l07x01.o(.constdata)
 <LI><a href="#[44]">SX1276SetTxConfig</a> from sx1276.o(i.SX1276SetTxConfig) referenced from mlm32l07x01.o(.constdata)
 <LI><a href="#[4c]">SX1276SetTxContinuousWave</a> from sx1276.o(i.SX1276SetTxContinuousWave) referenced from mlm32l07x01.o(.constdata)
 <LI><a href="#[4b]">SX1276StartCad</a> from sx1276.o(i.SX1276StartCad) referenced from mlm32l07x01.o(.constdata)
 <LI><a href="#[4e]">SX1276Write</a> from sx1276.o(i.SX1276Write) referenced from mlm32l07x01.o(.constdata)
 <LI><a href="#[50]">SX1276WriteBuffer</a> from sx1276.o(i.SX1276WriteBuffer) referenced from mlm32l07x01.o(.constdata)
 <LI><a href="#[a]">SysTick_Handler</a> from stm32l0xx_it.o(i.SysTick_Handler) referenced from startup_stm32l051xx.o(RESET)
 <LI><a href="#[24]">SystemInit</a> from system_stm32l0xx.o(i.SystemInit) referenced from startup_stm32l051xx.o(.text)
 <LI><a href="#[1a]">TIM21_IRQHandler</a> from tim.o(i.TIM21_IRQHandler) referenced from startup_stm32l051xx.o(RESET)
 <LI><a href="#[1b]">TIM22_IRQHandler</a> from startup_stm32l051xx.o(.text) referenced from startup_stm32l051xx.o(RESET)
 <LI><a href="#[18]">TIM2_IRQHandler</a> from startup_stm32l051xx.o(.text) referenced from startup_stm32l051xx.o(RESET)
 <LI><a href="#[19]">TIM6_IRQHandler</a> from tim.o(i.TIM6_IRQHandler) referenced from startup_stm32l051xx.o(RESET)
 <LI><a href="#[26]">UART_DMAAbortOnError</a> from stm32l0xx_hal_uart.o(i.UART_DMAAbortOnError) referenced from stm32l0xx_hal_uart.o(i.HAL_UART_IRQHandler)
 <LI><a href="#[29]">UART_DMAError</a> from stm32l0xx_hal_uart.o(i.UART_DMAError) referenced from stm32l0xx_hal_uart.o(i.HAL_UART_Receive_DMA)
 <LI><a href="#[27]">UART_DMAReceiveCplt</a> from stm32l0xx_hal_uart.o(i.UART_DMAReceiveCplt) referenced from stm32l0xx_hal_uart.o(i.HAL_UART_Receive_DMA)
 <LI><a href="#[28]">UART_DMARxHalfCplt</a> from stm32l0xx_hal_uart.o(i.UART_DMARxHalfCplt) referenced from stm32l0xx_hal_uart.o(i.HAL_UART_Receive_DMA)
 <LI><a href="#[20]">USART1_IRQHandler</a> from common.o(i.USART1_IRQHandler) referenced from startup_stm32l051xx.o(RESET)
 <LI><a href="#[21]">USART2_IRQHandler</a> from common.o(i.USART2_IRQHandler) referenced from startup_stm32l051xx.o(RESET)
 <LI><a href="#[b]">WWDG_IRQHandler</a> from startup_stm32l051xx.o(.text) referenced from startup_stm32l051xx.o(RESET)
 <LI><a href="#[25]">__main</a> from entry.o(.ARM.Collect$$$$00000000) referenced from startup_stm32l051xx.o(.text)
 <LI><a href="#[31]">fputc</a> from common.o(i.fputc) referenced from printf8.o(i.__0printf$8)
 <LI><a href="#[23]">main</a> from coo_main.o(i.main) referenced from entry9a.o(.ARM.Collect$$$$0000000B)
</UL>
<P>
<H3>
Global Symbols
</H3>
<P><STRONG><a name="[25]"></a>__main</STRONG> (Thumb, 0 bytes, Stack size unknown bytes, entry.o(.ARM.Collect$$$$00000000))
<BR>[Address Reference Count : 1]<UL><LI> startup_stm32l051xx.o(.text)
</UL>
<P><STRONG><a name="[1ac]"></a>_main_stk</STRONG> (Thumb, 0 bytes, Stack size unknown bytes, entry2.o(.ARM.Collect$$$$00000001))

<P><STRONG><a name="[54]"></a>_main_scatterload</STRONG> (Thumb, 0 bytes, Stack size unknown bytes, entry5.o(.ARM.Collect$$$$00000004))
<BR><BR>[Calls]<UL><LI><a href="#[55]">&gt;&gt;</a>&nbsp;&nbsp;&nbsp;__scatterload
</UL>

<P><STRONG><a name="[67]"></a>__main_after_scatterload</STRONG> (Thumb, 0 bytes, Stack size unknown bytes, entry5.o(.ARM.Collect$$$$00000004))
<BR><BR>[Called By]<UL><LI><a href="#[55]">&gt;&gt;</a>&nbsp;&nbsp;&nbsp;__scatterload
</UL>

<P><STRONG><a name="[1ad]"></a>_main_clock</STRONG> (Thumb, 0 bytes, Stack size unknown bytes, entry7b.o(.ARM.Collect$$$$00000008))

<P><STRONG><a name="[1ae]"></a>_main_cpp_init</STRONG> (Thumb, 0 bytes, Stack size unknown bytes, entry8b.o(.ARM.Collect$$$$0000000A))

<P><STRONG><a name="[1af]"></a>_main_init</STRONG> (Thumb, 0 bytes, Stack size unknown bytes, entry9a.o(.ARM.Collect$$$$0000000B))

<P><STRONG><a name="[1b0]"></a>__rt_final_cpp</STRONG> (Thumb, 0 bytes, Stack size unknown bytes, entry10a.o(.ARM.Collect$$$$0000000D))

<P><STRONG><a name="[1b1]"></a>__rt_final_exit</STRONG> (Thumb, 0 bytes, Stack size unknown bytes, entry11a.o(.ARM.Collect$$$$0000000F))

<P><STRONG><a name="[5]"></a>Reset_Handler</STRONG> (Thumb, 8 bytes, Stack size 0 bytes, startup_stm32l051xx.o(.text))
<BR>[Address Reference Count : 1]<UL><LI> startup_stm32l051xx.o(RESET)
</UL>
<P><STRONG><a name="[16]"></a>ADC1_COMP_IRQHandler</STRONG> (Thumb, 0 bytes, Stack size 0 bytes, startup_stm32l051xx.o(.text))
<BR><BR>[Calls]<UL><LI><a href="#[16]">&gt;&gt;</a>&nbsp;&nbsp;&nbsp;ADC1_COMP_IRQHandler
</UL>
<BR>[Called By]<UL><LI><a href="#[16]">&gt;&gt;</a>&nbsp;&nbsp;&nbsp;ADC1_COMP_IRQHandler
</UL>
<BR>[Address Reference Count : 1]<UL><LI> startup_stm32l051xx.o(RESET)
</UL>
<P><STRONG><a name="[13]"></a>DMA1_Channel1_IRQHandler</STRONG> (Thumb, 0 bytes, Stack size 0 bytes, startup_stm32l051xx.o(.text))
<BR>[Address Reference Count : 1]<UL><LI> startup_stm32l051xx.o(RESET)
</UL>
<P><STRONG><a name="[15]"></a>DMA1_Channel4_5_6_7_IRQHandler</STRONG> (Thumb, 0 bytes, Stack size 0 bytes, startup_stm32l051xx.o(.text))
<BR>[Address Reference Count : 1]<UL><LI> startup_stm32l051xx.o(RESET)
</UL>
<P><STRONG><a name="[e]"></a>FLASH_IRQHandler</STRONG> (Thumb, 0 bytes, Stack size 0 bytes, startup_stm32l051xx.o(.text))
<BR>[Address Reference Count : 1]<UL><LI> startup_stm32l051xx.o(RESET)
</UL>
<P><STRONG><a name="[1c]"></a>I2C1_IRQHandler</STRONG> (Thumb, 0 bytes, Stack size 0 bytes, startup_stm32l051xx.o(.text))
<BR>[Address Reference Count : 1]<UL><LI> startup_stm32l051xx.o(RESET)
</UL>
<P><STRONG><a name="[1d]"></a>I2C2_IRQHandler</STRONG> (Thumb, 0 bytes, Stack size 0 bytes, startup_stm32l051xx.o(.text))
<BR>[Address Reference Count : 1]<UL><LI> startup_stm32l051xx.o(RESET)
</UL>
<P><STRONG><a name="[17]"></a>LPTIM1_IRQHandler</STRONG> (Thumb, 0 bytes, Stack size 0 bytes, startup_stm32l051xx.o(.text))
<BR>[Address Reference Count : 1]<UL><LI> startup_stm32l051xx.o(RESET)
</UL>
<P><STRONG><a name="[22]"></a>LPUART1_IRQHandler</STRONG> (Thumb, 0 bytes, Stack size 0 bytes, startup_stm32l051xx.o(.text))
<BR>[Address Reference Count : 1]<UL><LI> startup_stm32l051xx.o(RESET)
</UL>
<P><STRONG><a name="[c]"></a>PVD_IRQHandler</STRONG> (Thumb, 0 bytes, Stack size 0 bytes, startup_stm32l051xx.o(.text))
<BR>[Address Reference Count : 1]<UL><LI> startup_stm32l051xx.o(RESET)
</UL>
<P><STRONG><a name="[f]"></a>RCC_IRQHandler</STRONG> (Thumb, 0 bytes, Stack size 0 bytes, startup_stm32l051xx.o(.text))
<BR>[Address Reference Count : 1]<UL><LI> startup_stm32l051xx.o(RESET)
</UL>
<P><STRONG><a name="[1e]"></a>SPI1_IRQHandler</STRONG> (Thumb, 0 bytes, Stack size 0 bytes, startup_stm32l051xx.o(.text))
<BR>[Address Reference Count : 1]<UL><LI> startup_stm32l051xx.o(RESET)
</UL>
<P><STRONG><a name="[1f]"></a>SPI2_IRQHandler</STRONG> (Thumb, 0 bytes, Stack size 0 bytes, startup_stm32l051xx.o(.text))
<BR>[Address Reference Count : 1]<UL><LI> startup_stm32l051xx.o(RESET)
</UL>
<P><STRONG><a name="[1b]"></a>TIM22_IRQHandler</STRONG> (Thumb, 0 bytes, Stack size 0 bytes, startup_stm32l051xx.o(.text))
<BR>[Address Reference Count : 1]<UL><LI> startup_stm32l051xx.o(RESET)
</UL>
<P><STRONG><a name="[18]"></a>TIM2_IRQHandler</STRONG> (Thumb, 0 bytes, Stack size 0 bytes, startup_stm32l051xx.o(.text))
<BR>[Address Reference Count : 1]<UL><LI> startup_stm32l051xx.o(RESET)
</UL>
<P><STRONG><a name="[b]"></a>WWDG_IRQHandler</STRONG> (Thumb, 0 bytes, Stack size 0 bytes, startup_stm32l051xx.o(.text))
<BR>[Address Reference Count : 1]<UL><LI> startup_stm32l051xx.o(RESET)
</UL>
<P><STRONG><a name="[1b2]"></a>__aeabi_uidiv</STRONG> (Thumb, 0 bytes, Stack size 12 bytes, uidiv.o(.text), UNUSED)

<P><STRONG><a name="[6b]"></a>__aeabi_uidivmod</STRONG> (Thumb, 44 bytes, Stack size 12 bytes, uidiv.o(.text))
<BR><BR>[Stack]<UL><LI>Max Depth = 12<LI>Call Chain = __aeabi_uidivmod
</UL>
<BR>[Called By]<UL><LI><a href="#[11d]">&gt;&gt;</a>&nbsp;&nbsp;&nbsp;UART_SetConfig
<LI><a href="#[ce]">&gt;&gt;</a>&nbsp;&nbsp;&nbsp;HAL_InitTick
<LI><a href="#[d5]">&gt;&gt;</a>&nbsp;&nbsp;&nbsp;HAL_RCC_GetSysClockFreq
<LI><a href="#[6a]">&gt;&gt;</a>&nbsp;&nbsp;&nbsp;ADC_DelayMicroSecond
<LI><a href="#[40]">&gt;&gt;</a>&nbsp;&nbsp;&nbsp;SX1276SetChannel
<LI><a href="#[137]">&gt;&gt;</a>&nbsp;&nbsp;&nbsp;HW_RTC_StartWakeUpAlarm
<LI><a href="#[7a]">&gt;&gt;</a>&nbsp;&nbsp;&nbsp;randr
<LI><a href="#[1ab]">&gt;&gt;</a>&nbsp;&nbsp;&nbsp;rand1
<LI><a href="#[9a]">&gt;&gt;</a>&nbsp;&nbsp;&nbsp;Process_SuperFrame
<LI><a href="#[194]">&gt;&gt;</a>&nbsp;&nbsp;&nbsp;SystemClock_Config
<LI><a href="#[f2]">&gt;&gt;</a>&nbsp;&nbsp;&nbsp;HAL_TIM_IC_CaptureCallback
<LI><a href="#[32]">&gt;&gt;</a>&nbsp;&nbsp;&nbsp;AwarePro_NV_Init
</UL>

<P><STRONG><a name="[56]"></a>__aeabi_uldivmod</STRONG> (Thumb, 96 bytes, Stack size 48 bytes, uldiv.o(.text))
<BR><BR>[Stack]<UL><LI>Max Depth = 56<LI>Call Chain = __aeabi_uldivmod &rArr; __aeabi_llsr
</UL>
<BR>[Calls]<UL><LI><a href="#[57]">&gt;&gt;</a>&nbsp;&nbsp;&nbsp;__aeabi_llsr
<LI><a href="#[58]">&gt;&gt;</a>&nbsp;&nbsp;&nbsp;__aeabi_llsl
</UL>
<BR>[Called By]<UL><LI><a href="#[11d]">&gt;&gt;</a>&nbsp;&nbsp;&nbsp;UART_SetConfig
<LI><a href="#[12b]">&gt;&gt;</a>&nbsp;&nbsp;&nbsp;HW_RTC_DelayMs
<LI><a href="#[1a5]">&gt;&gt;</a>&nbsp;&nbsp;&nbsp;_printf_core
</UL>

<P><STRONG><a name="[6e]"></a>__aeabi_memcpy</STRONG> (Thumb, 36 bytes, Stack size 0 bytes, memcpya.o(.text))
<BR><BR>[Called By]<UL><LI><a href="#[47]">&gt;&gt;</a>&nbsp;&nbsp;&nbsp;SX1276Send
<LI><a href="#[97]">&gt;&gt;</a>&nbsp;&nbsp;&nbsp;Store_SuperFrame
<LI><a href="#[72]">&gt;&gt;</a>&nbsp;&nbsp;&nbsp;Relay_Join_Resp
<LI><a href="#[9a]">&gt;&gt;</a>&nbsp;&nbsp;&nbsp;Process_SuperFrame
<LI><a href="#[75]">&gt;&gt;</a>&nbsp;&nbsp;&nbsp;Join_Resp
<LI><a href="#[a5]">&gt;&gt;</a>&nbsp;&nbsp;&nbsp;Build_MAC_Frame
<LI><a href="#[96]">&gt;&gt;</a>&nbsp;&nbsp;&nbsp;Build_LoRa_App_Frame
<LI><a href="#[a4]">&gt;&gt;</a>&nbsp;&nbsp;&nbsp;Build_Cmd_Resp
<LI><a href="#[93]">&gt;&gt;</a>&nbsp;&nbsp;&nbsp;Beacon_Resp
<LI><a href="#[79]">&gt;&gt;</a>&nbsp;&nbsp;&nbsp;Add_RF_Frame_To_TX_Que
<LI><a href="#[77]">&gt;&gt;</a>&nbsp;&nbsp;&nbsp;Add_Poll_Msg
<LI><a href="#[6c]">&gt;&gt;</a>&nbsp;&nbsp;&nbsp;Add_Node_RouteTbl
<LI><a href="#[6f]">&gt;&gt;</a>&nbsp;&nbsp;&nbsp;Accept_Join_LoRa
<LI><a href="#[89]">&gt;&gt;</a>&nbsp;&nbsp;&nbsp;AwarePro_RF_Rec_Process
<LI><a href="#[32]">&gt;&gt;</a>&nbsp;&nbsp;&nbsp;AwarePro_NV_Init
<LI><a href="#[192]">&gt;&gt;</a>&nbsp;&nbsp;&nbsp;Store_UART_Data
<LI><a href="#[170]">&gt;&gt;</a>&nbsp;&nbsp;&nbsp;Process_LoRa_Data
<LI><a href="#[2b]">&gt;&gt;</a>&nbsp;&nbsp;&nbsp;OnRxDone
</UL>

<P><STRONG><a name="[139]"></a>__aeabi_memcpy4</STRONG> (Thumb, 0 bytes, Stack size 0 bytes, memcpya.o(.text))
<BR><BR>[Called By]<UL><LI><a href="#[137]">&gt;&gt;</a>&nbsp;&nbsp;&nbsp;HW_RTC_StartWakeUpAlarm
<LI><a href="#[177]">&gt;&gt;</a>&nbsp;&nbsp;&nbsp;Read_Data_From_Flash
</UL>

<P><STRONG><a name="[1b3]"></a>__aeabi_memcpy8</STRONG> (Thumb, 0 bytes, Stack size 0 bytes, memcpya.o(.text), UNUSED)

<P><STRONG><a name="[5a]"></a>__aeabi_memset</STRONG> (Thumb, 14 bytes, Stack size 0 bytes, memseta.o(.text))
<BR><BR>[Called By]<UL><LI><a href="#[5b]">&gt;&gt;</a>&nbsp;&nbsp;&nbsp;_memset$wrapper
<LI><a href="#[59]">&gt;&gt;</a>&nbsp;&nbsp;&nbsp;__aeabi_memclr
</UL>

<P><STRONG><a name="[1b4]"></a>__aeabi_memset4</STRONG> (Thumb, 0 bytes, Stack size 0 bytes, memseta.o(.text), UNUSED)

<P><STRONG><a name="[1b5]"></a>__aeabi_memset8</STRONG> (Thumb, 0 bytes, Stack size 0 bytes, memseta.o(.text), UNUSED)

<P><STRONG><a name="[59]"></a>__aeabi_memclr</STRONG> (Thumb, 4 bytes, Stack size 0 bytes, memseta.o(.text))
<BR><BR>[Calls]<UL><LI><a href="#[5a]">&gt;&gt;</a>&nbsp;&nbsp;&nbsp;__aeabi_memset
</UL>
<BR>[Called By]<UL><LI><a href="#[16d]">&gt;&gt;</a>&nbsp;&nbsp;&nbsp;ZED_Poll_Resp
<LI><a href="#[99]">&gt;&gt;</a>&nbsp;&nbsp;&nbsp;TX_RF_Data
<LI><a href="#[16b]">&gt;&gt;</a>&nbsp;&nbsp;&nbsp;RoutTab_Age_Increase
<LI><a href="#[9a]">&gt;&gt;</a>&nbsp;&nbsp;&nbsp;Process_SuperFrame
<LI><a href="#[91]">&gt;&gt;</a>&nbsp;&nbsp;&nbsp;Process_App_Cmd
<LI><a href="#[8a]">&gt;&gt;</a>&nbsp;&nbsp;&nbsp;Process_Ack
<LI><a href="#[16a]">&gt;&gt;</a>&nbsp;&nbsp;&nbsp;Poll_Buffer_Age_Increase
<LI><a href="#[6d]">&gt;&gt;</a>&nbsp;&nbsp;&nbsp;Get_Empty_RoutTable
<LI><a href="#[7c]">&gt;&gt;</a>&nbsp;&nbsp;&nbsp;AwarePro_Default
<LI><a href="#[192]">&gt;&gt;</a>&nbsp;&nbsp;&nbsp;Store_UART_Data
</UL>

<P><STRONG><a name="[13f]"></a>__aeabi_memclr4</STRONG> (Thumb, 0 bytes, Stack size 0 bytes, memseta.o(.text))
<BR><BR>[Called By]<UL><LI><a href="#[4a]">&gt;&gt;</a>&nbsp;&nbsp;&nbsp;SX1276SetRx
<LI><a href="#[186]">&gt;&gt;</a>&nbsp;&nbsp;&nbsp;SX1276SetAntSwLowPower
<LI><a href="#[3b]">&gt;&gt;</a>&nbsp;&nbsp;&nbsp;SX1276IoInit
<LI><a href="#[3c]">&gt;&gt;</a>&nbsp;&nbsp;&nbsp;SX1276IoDeInit
<LI><a href="#[99]">&gt;&gt;</a>&nbsp;&nbsp;&nbsp;TX_RF_Data
<LI><a href="#[13e]">&gt;&gt;</a>&nbsp;&nbsp;&nbsp;HW_SPI_Init
<LI><a href="#[192]">&gt;&gt;</a>&nbsp;&nbsp;&nbsp;Store_UART_Data
</UL>

<P><STRONG><a name="[1b6]"></a>__aeabi_memclr8</STRONG> (Thumb, 0 bytes, Stack size 0 bytes, memseta.o(.text), UNUSED)

<P><STRONG><a name="[5b]"></a>_memset$wrapper</STRONG> (Thumb, 18 bytes, Stack size 8 bytes, memseta.o(.text), UNUSED)
<BR><BR>[Calls]<UL><LI><a href="#[5a]">&gt;&gt;</a>&nbsp;&nbsp;&nbsp;__aeabi_memset
</UL>

<P><STRONG><a name="[8c]"></a>memcmp</STRONG> (Thumb, 26 bytes, Stack size 12 bytes, memcmp.o(.text))
<BR><BR>[Stack]<UL><LI>Max Depth = 12<LI>Call Chain = memcmp
</UL>
<BR>[Called By]<UL><LI><a href="#[16d]">&gt;&gt;</a>&nbsp;&nbsp;&nbsp;ZED_Poll_Resp
<LI><a href="#[92]">&gt;&gt;</a>&nbsp;&nbsp;&nbsp;Poll_Empty_RoutTbl
<LI><a href="#[8b]">&gt;&gt;</a>&nbsp;&nbsp;&nbsp;Is_Local_Addr
<LI><a href="#[70]">&gt;&gt;</a>&nbsp;&nbsp;&nbsp;Get_Node_Entry
<LI><a href="#[6d]">&gt;&gt;</a>&nbsp;&nbsp;&nbsp;Get_Empty_RoutTable
<LI><a href="#[89]">&gt;&gt;</a>&nbsp;&nbsp;&nbsp;AwarePro_RF_Rec_Process
<LI><a href="#[174]">&gt;&gt;</a>&nbsp;&nbsp;&nbsp;UART_AT_CMD_Process
</UL>

<P><STRONG><a name="[19c]"></a>strncmp</STRONG> (Thumb, 30 bytes, Stack size 12 bytes, strncmp.o(.text))
<BR><BR>[Stack]<UL><LI>Max Depth = 12<LI>Call Chain = strncmp
</UL>
<BR>[Called By]<UL><LI><a href="#[174]">&gt;&gt;</a>&nbsp;&nbsp;&nbsp;UART_AT_CMD_Process
</UL>

<P><STRONG><a name="[74]"></a>__aeabi_uread4</STRONG> (Thumb, 20 bytes, Stack size 0 bytes, uread4.o(.text))
<BR><BR>[Called By]<UL><LI><a href="#[99]">&gt;&gt;</a>&nbsp;&nbsp;&nbsp;TX_RF_Data
<LI><a href="#[72]">&gt;&gt;</a>&nbsp;&nbsp;&nbsp;Relay_Join_Resp
<LI><a href="#[9a]">&gt;&gt;</a>&nbsp;&nbsp;&nbsp;Process_SuperFrame
<LI><a href="#[91]">&gt;&gt;</a>&nbsp;&nbsp;&nbsp;Process_App_Cmd
<LI><a href="#[8a]">&gt;&gt;</a>&nbsp;&nbsp;&nbsp;Process_Ack
<LI><a href="#[75]">&gt;&gt;</a>&nbsp;&nbsp;&nbsp;Join_Resp
<LI><a href="#[8b]">&gt;&gt;</a>&nbsp;&nbsp;&nbsp;Is_Local_Addr
<LI><a href="#[88]">&gt;&gt;</a>&nbsp;&nbsp;&nbsp;Handle_Error_Process
<LI><a href="#[93]">&gt;&gt;</a>&nbsp;&nbsp;&nbsp;Beacon_Resp
<LI><a href="#[6f]">&gt;&gt;</a>&nbsp;&nbsp;&nbsp;Accept_Join_LoRa
<LI><a href="#[89]">&gt;&gt;</a>&nbsp;&nbsp;&nbsp;AwarePro_RF_Rec_Process
<LI><a href="#[7f]">&gt;&gt;</a>&nbsp;&nbsp;&nbsp;AwarePro_Init
<LI><a href="#[172]">&gt;&gt;</a>&nbsp;&nbsp;&nbsp;SPK_PWM_Ctrl
<LI><a href="#[161]">&gt;&gt;</a>&nbsp;&nbsp;&nbsp;Match_Tag_ID
<LI><a href="#[15a]">&gt;&gt;</a>&nbsp;&nbsp;&nbsp;MINI_Pro_Resp
<LI><a href="#[14a]">&gt;&gt;</a>&nbsp;&nbsp;&nbsp;LED_Ctrl
</UL>

<P><STRONG><a name="[1b7]"></a>__rt_uread4</STRONG> (Thumb, 0 bytes, Stack size 0 bytes, uread4.o(.text), UNUSED)

<P><STRONG><a name="[1b8]"></a>_uread4</STRONG> (Thumb, 0 bytes, Stack size 0 bytes, uread4.o(.text), UNUSED)

<P><STRONG><a name="[69]"></a>__aeabi_uwrite4</STRONG> (Thumb, 18 bytes, Stack size 0 bytes, uwrite4.o(.text))
<BR><BR>[Called By]<UL><LI><a href="#[9a]">&gt;&gt;</a>&nbsp;&nbsp;&nbsp;Process_SuperFrame
<LI><a href="#[68]">&gt;&gt;</a>&nbsp;&nbsp;&nbsp;ACK_Send
<LI><a href="#[89]">&gt;&gt;</a>&nbsp;&nbsp;&nbsp;AwarePro_RF_Rec_Process
<LI><a href="#[32]">&gt;&gt;</a>&nbsp;&nbsp;&nbsp;AwarePro_NV_Init
<LI><a href="#[174]">&gt;&gt;</a>&nbsp;&nbsp;&nbsp;UART_AT_CMD_Process
<LI><a href="#[146]">&gt;&gt;</a>&nbsp;&nbsp;&nbsp;SPK_Show
<LI><a href="#[172]">&gt;&gt;</a>&nbsp;&nbsp;&nbsp;SPK_PWM_Ctrl
<LI><a href="#[15a]">&gt;&gt;</a>&nbsp;&nbsp;&nbsp;MINI_Pro_Resp
<LI><a href="#[145]">&gt;&gt;</a>&nbsp;&nbsp;&nbsp;LED_Show
<LI><a href="#[14a]">&gt;&gt;</a>&nbsp;&nbsp;&nbsp;LED_Ctrl
<LI><a href="#[140]">&gt;&gt;</a>&nbsp;&nbsp;&nbsp;Init_SysConfig
</UL>

<P><STRONG><a name="[1b9]"></a>__rt_uwrite4</STRONG> (Thumb, 0 bytes, Stack size 0 bytes, uwrite4.o(.text), UNUSED)

<P><STRONG><a name="[1ba]"></a>_uwrite4</STRONG> (Thumb, 0 bytes, Stack size 0 bytes, uwrite4.o(.text), UNUSED)

<P><STRONG><a name="[5c]"></a>__aeabi_dadd</STRONG> (Thumb, 328 bytes, Stack size 48 bytes, dadd.o(.text))
<BR><BR>[Stack]<UL><LI>Max Depth = 104<LI>Call Chain = __aeabi_dadd &rArr; _double_epilogue &rArr; __aeabi_llsr
</UL>
<BR>[Calls]<UL><LI><a href="#[5d]">&gt;&gt;</a>&nbsp;&nbsp;&nbsp;__aeabi_lasr
<LI><a href="#[58]">&gt;&gt;</a>&nbsp;&nbsp;&nbsp;__aeabi_llsl
<LI><a href="#[5f]">&gt;&gt;</a>&nbsp;&nbsp;&nbsp;_double_round
<LI><a href="#[5e]">&gt;&gt;</a>&nbsp;&nbsp;&nbsp;_double_epilogue
</UL>
<BR>[Called By]<UL><LI><a href="#[4a]">&gt;&gt;</a>&nbsp;&nbsp;&nbsp;SX1276SetRx
<LI><a href="#[61]">&gt;&gt;</a>&nbsp;&nbsp;&nbsp;__aeabi_drsub
<LI><a href="#[18b]">&gt;&gt;</a>&nbsp;&nbsp;&nbsp;ceil
<LI><a href="#[60]">&gt;&gt;</a>&nbsp;&nbsp;&nbsp;__aeabi_dsub
</UL>

<P><STRONG><a name="[60]"></a>__aeabi_dsub</STRONG> (Thumb, 12 bytes, Stack size 8 bytes, dadd.o(.text), UNUSED)
<BR><BR>[Calls]<UL><LI><a href="#[5c]">&gt;&gt;</a>&nbsp;&nbsp;&nbsp;__aeabi_dadd
</UL>

<P><STRONG><a name="[61]"></a>__aeabi_drsub</STRONG> (Thumb, 12 bytes, Stack size 8 bytes, dadd.o(.text))
<BR><BR>[Stack]<UL><LI>Max Depth = 112<LI>Call Chain = __aeabi_drsub &rArr; __aeabi_dadd &rArr; _double_epilogue &rArr; __aeabi_llsr
</UL>
<BR>[Calls]<UL><LI><a href="#[5c]">&gt;&gt;</a>&nbsp;&nbsp;&nbsp;__aeabi_dadd
</UL>
<BR>[Called By]<UL><LI><a href="#[18b]">&gt;&gt;</a>&nbsp;&nbsp;&nbsp;ceil
</UL>

<P><STRONG><a name="[62]"></a>__aeabi_dmul</STRONG> (Thumb, 202 bytes, Stack size 72 bytes, dmul.o(.text))
<BR><BR>[Stack]<UL><LI>Max Depth = 128<LI>Call Chain = __aeabi_dmul &rArr; _double_epilogue &rArr; __aeabi_llsr
</UL>
<BR>[Calls]<UL><LI><a href="#[5e]">&gt;&gt;</a>&nbsp;&nbsp;&nbsp;_double_epilogue
</UL>
<BR>[Called By]<UL><LI><a href="#[4c]">&gt;&gt;</a>&nbsp;&nbsp;&nbsp;SX1276SetTxContinuousWave
<LI><a href="#[4a]">&gt;&gt;</a>&nbsp;&nbsp;&nbsp;SX1276SetRx
</UL>

<P><STRONG><a name="[63]"></a>__aeabi_ddiv</STRONG> (Thumb, 234 bytes, Stack size 40 bytes, ddiv.o(.text))
<BR><BR>[Stack]<UL><LI>Max Depth = 48<LI>Call Chain = __aeabi_ddiv &rArr; _double_round
</UL>
<BR>[Calls]<UL><LI><a href="#[5f]">&gt;&gt;</a>&nbsp;&nbsp;&nbsp;_double_round
</UL>
<BR>[Called By]<UL><LI><a href="#[44]">&gt;&gt;</a>&nbsp;&nbsp;&nbsp;SX1276SetTxConfig
<LI><a href="#[43]">&gt;&gt;</a>&nbsp;&nbsp;&nbsp;SX1276SetRxConfig
<LI><a href="#[4a]">&gt;&gt;</a>&nbsp;&nbsp;&nbsp;SX1276SetRx
</UL>

<P><STRONG><a name="[18a]"></a>__ARM_scalbn</STRONG> (Thumb, 44 bytes, Stack size 16 bytes, dscalb.o(.text))
<BR><BR>[Stack]<UL><LI>Max Depth = 16<LI>Call Chain = __ARM_scalbn
</UL>
<BR>[Called By]<UL><LI><a href="#[4a]">&gt;&gt;</a>&nbsp;&nbsp;&nbsp;SX1276SetRx
</UL>

<P><STRONG><a name="[1bb]"></a>scalbn</STRONG> (Thumb, 0 bytes, Stack size 16 bytes, dscalb.o(.text), UNUSED)

<P><STRONG><a name="[64]"></a>__aeabi_ui2d</STRONG> (Thumb, 24 bytes, Stack size 16 bytes, dfltui.o(.text))
<BR><BR>[Stack]<UL><LI>Max Depth = 72<LI>Call Chain = __aeabi_ui2d &rArr; _double_epilogue &rArr; __aeabi_llsr
</UL>
<BR>[Calls]<UL><LI><a href="#[5e]">&gt;&gt;</a>&nbsp;&nbsp;&nbsp;_double_epilogue
</UL>
<BR>[Called By]<UL><LI><a href="#[4c]">&gt;&gt;</a>&nbsp;&nbsp;&nbsp;SX1276SetTxContinuousWave
<LI><a href="#[44]">&gt;&gt;</a>&nbsp;&nbsp;&nbsp;SX1276SetTxConfig
<LI><a href="#[43]">&gt;&gt;</a>&nbsp;&nbsp;&nbsp;SX1276SetRxConfig
<LI><a href="#[4a]">&gt;&gt;</a>&nbsp;&nbsp;&nbsp;SX1276SetRx
</UL>

<P><STRONG><a name="[65]"></a>__aeabi_d2uiz</STRONG> (Thumb, 50 bytes, Stack size 8 bytes, dfixui.o(.text))
<BR><BR>[Stack]<UL><LI>Max Depth = 16<LI>Call Chain = __aeabi_d2uiz &rArr; __aeabi_llsr
</UL>
<BR>[Calls]<UL><LI><a href="#[57]">&gt;&gt;</a>&nbsp;&nbsp;&nbsp;__aeabi_llsr
</UL>
<BR>[Called By]<UL><LI><a href="#[4c]">&gt;&gt;</a>&nbsp;&nbsp;&nbsp;SX1276SetTxContinuousWave
<LI><a href="#[44]">&gt;&gt;</a>&nbsp;&nbsp;&nbsp;SX1276SetTxConfig
<LI><a href="#[43]">&gt;&gt;</a>&nbsp;&nbsp;&nbsp;SX1276SetRxConfig
<LI><a href="#[4a]">&gt;&gt;</a>&nbsp;&nbsp;&nbsp;SX1276SetRx
</UL>

<P><STRONG><a name="[58]"></a>__aeabi_llsl</STRONG> (Thumb, 32 bytes, Stack size 8 bytes, llshl.o(.text))
<BR><BR>[Stack]<UL><LI>Max Depth = 8<LI>Call Chain = __aeabi_llsl
</UL>
<BR>[Called By]<UL><LI><a href="#[5c]">&gt;&gt;</a>&nbsp;&nbsp;&nbsp;__aeabi_dadd
<LI><a href="#[56]">&gt;&gt;</a>&nbsp;&nbsp;&nbsp;__aeabi_uldivmod
<LI><a href="#[5e]">&gt;&gt;</a>&nbsp;&nbsp;&nbsp;_double_epilogue
</UL>

<P><STRONG><a name="[1bc]"></a>_ll_shift_l</STRONG> (Thumb, 0 bytes, Stack size 8 bytes, llshl.o(.text), UNUSED)

<P><STRONG><a name="[57]"></a>__aeabi_llsr</STRONG> (Thumb, 34 bytes, Stack size 8 bytes, llushr.o(.text))
<BR><BR>[Stack]<UL><LI>Max Depth = 8<LI>Call Chain = __aeabi_llsr
</UL>
<BR>[Called By]<UL><LI><a href="#[65]">&gt;&gt;</a>&nbsp;&nbsp;&nbsp;__aeabi_d2uiz
<LI><a href="#[56]">&gt;&gt;</a>&nbsp;&nbsp;&nbsp;__aeabi_uldivmod
<LI><a href="#[5e]">&gt;&gt;</a>&nbsp;&nbsp;&nbsp;_double_epilogue
</UL>

<P><STRONG><a name="[1bd]"></a>_ll_ushift_r</STRONG> (Thumb, 0 bytes, Stack size 8 bytes, llushr.o(.text), UNUSED)

<P><STRONG><a name="[5d]"></a>__aeabi_lasr</STRONG> (Thumb, 38 bytes, Stack size 8 bytes, llsshr.o(.text))
<BR><BR>[Stack]<UL><LI>Max Depth = 8<LI>Call Chain = __aeabi_lasr
</UL>
<BR>[Called By]<UL><LI><a href="#[5c]">&gt;&gt;</a>&nbsp;&nbsp;&nbsp;__aeabi_dadd
</UL>

<P><STRONG><a name="[1be]"></a>_ll_sshift_r</STRONG> (Thumb, 0 bytes, Stack size 8 bytes, llsshr.o(.text), UNUSED)

<P><STRONG><a name="[1bf]"></a>__I$use$fp</STRONG> (Thumb, 0 bytes, Stack size 8 bytes, iusefp.o(.text), UNUSED)

<P><STRONG><a name="[5f]"></a>_double_round</STRONG> (Thumb, 26 bytes, Stack size 8 bytes, depilogue.o(.text))
<BR><BR>[Stack]<UL><LI>Max Depth = 8<LI>Call Chain = _double_round
</UL>
<BR>[Called By]<UL><LI><a href="#[63]">&gt;&gt;</a>&nbsp;&nbsp;&nbsp;__aeabi_ddiv
<LI><a href="#[5c]">&gt;&gt;</a>&nbsp;&nbsp;&nbsp;__aeabi_dadd
<LI><a href="#[5e]">&gt;&gt;</a>&nbsp;&nbsp;&nbsp;_double_epilogue
</UL>

<P><STRONG><a name="[5e]"></a>_double_epilogue</STRONG> (Thumb, 164 bytes, Stack size 48 bytes, depilogue.o(.text))
<BR><BR>[Stack]<UL><LI>Max Depth = 56<LI>Call Chain = _double_epilogue &rArr; __aeabi_llsr
</UL>
<BR>[Calls]<UL><LI><a href="#[66]">&gt;&gt;</a>&nbsp;&nbsp;&nbsp;__ARM_clz
<LI><a href="#[57]">&gt;&gt;</a>&nbsp;&nbsp;&nbsp;__aeabi_llsr
<LI><a href="#[58]">&gt;&gt;</a>&nbsp;&nbsp;&nbsp;__aeabi_llsl
<LI><a href="#[5f]">&gt;&gt;</a>&nbsp;&nbsp;&nbsp;_double_round
</UL>
<BR>[Called By]<UL><LI><a href="#[64]">&gt;&gt;</a>&nbsp;&nbsp;&nbsp;__aeabi_ui2d
<LI><a href="#[62]">&gt;&gt;</a>&nbsp;&nbsp;&nbsp;__aeabi_dmul
<LI><a href="#[5c]">&gt;&gt;</a>&nbsp;&nbsp;&nbsp;__aeabi_dadd
</UL>

<P><STRONG><a name="[1a8]"></a>__aeabi_cdrcmple</STRONG> (Thumb, 38 bytes, Stack size 0 bytes, cdrcmple.o(.text))
<BR><BR>[Called By]<UL><LI><a href="#[18b]">&gt;&gt;</a>&nbsp;&nbsp;&nbsp;ceil
</UL>

<P><STRONG><a name="[55]"></a>__scatterload</STRONG> (Thumb, 28 bytes, Stack size 0 bytes, init.o(.text))
<BR><BR>[Calls]<UL><LI><a href="#[67]">&gt;&gt;</a>&nbsp;&nbsp;&nbsp;__main_after_scatterload
</UL>
<BR>[Called By]<UL><LI><a href="#[54]">&gt;&gt;</a>&nbsp;&nbsp;&nbsp;_main_scatterload
</UL>

<P><STRONG><a name="[1c0]"></a>__scatterload_rt2</STRONG> (Thumb, 0 bytes, Stack size 0 bytes, init.o(.text), UNUSED)

<P><STRONG><a name="[1c1]"></a>__decompress</STRONG> (Thumb, 0 bytes, Stack size unknown bytes, __dczerorl.o(.text), UNUSED)

<P><STRONG><a name="[1c2]"></a>__decompress0</STRONG> (Thumb, 58 bytes, Stack size unknown bytes, __dczerorl.o(.text), UNUSED)

<P><STRONG><a name="[68]"></a>ACK_Send</STRONG> (Thumb, 28 bytes, Stack size 8 bytes, aware_protocol.o(i.ACK_Send))
<BR><BR>[Stack]<UL><LI>Max Depth = 8<LI>Call Chain = ACK_Send
</UL>
<BR>[Calls]<UL><LI><a href="#[69]">&gt;&gt;</a>&nbsp;&nbsp;&nbsp;__aeabi_uwrite4
</UL>
<BR>[Called By]<UL><LI><a href="#[89]">&gt;&gt;</a>&nbsp;&nbsp;&nbsp;AwarePro_RF_Rec_Process
</UL>

<P><STRONG><a name="[6c]"></a>Add_Node_RouteTbl</STRONG> (Thumb, 58 bytes, Stack size 40 bytes, aware_protocol.o(i.Add_Node_RouteTbl))
<BR><BR>[Stack]<UL><LI>Max Depth = 92<LI>Call Chain = Add_Node_RouteTbl &rArr; Get_Empty_RoutTable &rArr; Get_Node_Entry &rArr; memcmp
</UL>
<BR>[Calls]<UL><LI><a href="#[6d]">&gt;&gt;</a>&nbsp;&nbsp;&nbsp;Get_Empty_RoutTable
<LI><a href="#[6e]">&gt;&gt;</a>&nbsp;&nbsp;&nbsp;__aeabi_memcpy
</UL>
<BR>[Called By]<UL><LI><a href="#[91]">&gt;&gt;</a>&nbsp;&nbsp;&nbsp;Process_App_Cmd
</UL>

<P><STRONG><a name="[6f]"></a>Accept_Join_LoRa</STRONG> (Thumb, 228 bytes, Stack size 64 bytes, aware_protocol.o(i.Accept_Join_LoRa))
<BR><BR>[Stack]<UL><LI>Max Depth = 188<LI>Call Chain = Accept_Join_LoRa &rArr; Relay_Join_Resp &rArr; Add_RF_Frame_To_TX_Que &rArr; randr &rArr; rand1 &rArr; __aeabi_uidivmod
</UL>
<BR>[Calls]<UL><LI><a href="#[72]">&gt;&gt;</a>&nbsp;&nbsp;&nbsp;Relay_Join_Resp
<LI><a href="#[75]">&gt;&gt;</a>&nbsp;&nbsp;&nbsp;Join_Resp
<LI><a href="#[70]">&gt;&gt;</a>&nbsp;&nbsp;&nbsp;Get_Node_Entry
<LI><a href="#[6d]">&gt;&gt;</a>&nbsp;&nbsp;&nbsp;Get_Empty_RoutTable
<LI><a href="#[73]">&gt;&gt;</a>&nbsp;&nbsp;&nbsp;__2printf
<LI><a href="#[6e]">&gt;&gt;</a>&nbsp;&nbsp;&nbsp;__aeabi_memcpy
<LI><a href="#[71]">&gt;&gt;</a>&nbsp;&nbsp;&nbsp;Add_Node_To_Flash
<LI><a href="#[74]">&gt;&gt;</a>&nbsp;&nbsp;&nbsp;__aeabi_uread4
</UL>
<BR>[Called By]<UL><LI><a href="#[94]">&gt;&gt;</a>&nbsp;&nbsp;&nbsp;Process_Join_Cmd
</UL>

<P><STRONG><a name="[71]"></a>Add_Node_To_Flash</STRONG> (Thumb, 26 bytes, Stack size 8 bytes, flash.o(i.Add_Node_To_Flash))
<BR><BR>[Stack]<UL><LI>Max Depth = 80<LI>Call Chain = Add_Node_To_Flash &rArr; Write_Data_To_Flash &rArr; HAL_FLASHEx_DATAEEPROM_Program &rArr; FLASH_WaitForLastOperation &rArr; FLASH_SetErrorCode
</UL>
<BR>[Calls]<UL><LI><a href="#[76]">&gt;&gt;</a>&nbsp;&nbsp;&nbsp;Write_Data_To_Flash
</UL>
<BR>[Called By]<UL><LI><a href="#[91]">&gt;&gt;</a>&nbsp;&nbsp;&nbsp;Process_App_Cmd
<LI><a href="#[6f]">&gt;&gt;</a>&nbsp;&nbsp;&nbsp;Accept_Join_LoRa
</UL>

<P><STRONG><a name="[77]"></a>Add_Poll_Msg</STRONG> (Thumb, 118 bytes, Stack size 24 bytes, aware_protocol.o(i.Add_Poll_Msg))
<BR><BR>[Stack]<UL><LI>Max Depth = 32<LI>Call Chain = Add_Poll_Msg &rArr; Get_NwkAddr_Entry
</UL>
<BR>[Calls]<UL><LI><a href="#[78]">&gt;&gt;</a>&nbsp;&nbsp;&nbsp;Get_NwkAddr_Entry
<LI><a href="#[6e]">&gt;&gt;</a>&nbsp;&nbsp;&nbsp;__aeabi_memcpy
</UL>
<BR>[Called By]<UL><LI><a href="#[95]">&gt;&gt;</a>&nbsp;&nbsp;&nbsp;AwarePro_RF_Tx_Process
</UL>

<P><STRONG><a name="[79]"></a>Add_RF_Frame_To_TX_Que</STRONG> (Thumb, 250 bytes, Stack size 40 bytes, aware_protocol.o(i.Add_RF_Frame_To_TX_Que))
<BR><BR>[Stack]<UL><LI>Max Depth = 76<LI>Call Chain = Add_RF_Frame_To_TX_Que &rArr; randr &rArr; rand1 &rArr; __aeabi_uidivmod
</UL>
<BR>[Calls]<UL><LI><a href="#[7a]">&gt;&gt;</a>&nbsp;&nbsp;&nbsp;randr
<LI><a href="#[6e]">&gt;&gt;</a>&nbsp;&nbsp;&nbsp;__aeabi_memcpy
</UL>
<BR>[Called By]<UL><LI><a href="#[16d]">&gt;&gt;</a>&nbsp;&nbsp;&nbsp;ZED_Poll_Resp
<LI><a href="#[72]">&gt;&gt;</a>&nbsp;&nbsp;&nbsp;Relay_Join_Resp
<LI><a href="#[9a]">&gt;&gt;</a>&nbsp;&nbsp;&nbsp;Process_SuperFrame
<LI><a href="#[91]">&gt;&gt;</a>&nbsp;&nbsp;&nbsp;Process_App_Cmd
<LI><a href="#[75]">&gt;&gt;</a>&nbsp;&nbsp;&nbsp;Join_Resp
<LI><a href="#[81]">&gt;&gt;</a>&nbsp;&nbsp;&nbsp;Dev_Leave_Req
<LI><a href="#[93]">&gt;&gt;</a>&nbsp;&nbsp;&nbsp;Beacon_Resp
<LI><a href="#[95]">&gt;&gt;</a>&nbsp;&nbsp;&nbsp;AwarePro_RF_Tx_Process
</UL>

<P><STRONG><a name="[7b]"></a>AwarePro_Create_PID</STRONG> (Thumb, 18 bytes, Stack size 8 bytes, aware_protocol.o(i.AwarePro_Create_PID))
<BR><BR>[Stack]<UL><LI>Max Depth = 44<LI>Call Chain = AwarePro_Create_PID &rArr; randr &rArr; rand1 &rArr; __aeabi_uidivmod
</UL>
<BR>[Calls]<UL><LI><a href="#[7a]">&gt;&gt;</a>&nbsp;&nbsp;&nbsp;randr
</UL>
<BR>[Called By]<UL><LI><a href="#[32]">&gt;&gt;</a>&nbsp;&nbsp;&nbsp;AwarePro_NV_Init
</UL>

<P><STRONG><a name="[7c]"></a>AwarePro_Default</STRONG> (Thumb, 32 bytes, Stack size 8 bytes, aware_protocol.o(i.AwarePro_Default))
<BR><BR>[Stack]<UL><LI>Max Depth = 72<LI>Call Chain = AwarePro_Default &rArr; Erase_NodeTable &rArr; Erase_Block_Flash &rArr; HAL_FLASHEx_DATAEEPROM_Erase &rArr; FLASH_WaitForLastOperation &rArr; FLASH_SetErrorCode
</UL>
<BR>[Calls]<UL><LI><a href="#[59]">&gt;&gt;</a>&nbsp;&nbsp;&nbsp;__aeabi_memclr
<LI><a href="#[7e]">&gt;&gt;</a>&nbsp;&nbsp;&nbsp;Erase_NodeTable
<LI><a href="#[7d]">&gt;&gt;</a>&nbsp;&nbsp;&nbsp;Delete_NV
</UL>
<BR>[Called By]<UL><LI><a href="#[174]">&gt;&gt;</a>&nbsp;&nbsp;&nbsp;UART_AT_CMD_Process
</UL>

<P><STRONG><a name="[157]"></a>AwarePro_GetHostExtAddr</STRONG> (Thumb, 4 bytes, Stack size 0 bytes, aware_protocol.o(i.AwarePro_GetHostExtAddr))
<BR><BR>[Called By]<UL><LI><a href="#[153]">&gt;&gt;</a>&nbsp;&nbsp;&nbsp;LoRa_Init
</UL>

<P><STRONG><a name="[158]"></a>AwarePro_GetNwkAddr</STRONG> (Thumb, 12 bytes, Stack size 0 bytes, aware_protocol.o(i.AwarePro_GetNwkAddr))
<BR><BR>[Called By]<UL><LI><a href="#[153]">&gt;&gt;</a>&nbsp;&nbsp;&nbsp;LoRa_Init
</UL>

<P><STRONG><a name="[1a0]"></a>AwarePro_GetPGap</STRONG> (Thumb, 6 bytes, Stack size 0 bytes, aware_protocol.o(i.AwarePro_GetPGap))
<BR><BR>[Called By]<UL><LI><a href="#[174]">&gt;&gt;</a>&nbsp;&nbsp;&nbsp;UART_AT_CMD_Process
</UL>

<P><STRONG><a name="[156]"></a>AwarePro_GetPID</STRONG> (Thumb, 6 bytes, Stack size 0 bytes, aware_protocol.o(i.AwarePro_GetPID))
<BR><BR>[Called By]<UL><LI><a href="#[174]">&gt;&gt;</a>&nbsp;&nbsp;&nbsp;UART_AT_CMD_Process
<LI><a href="#[153]">&gt;&gt;</a>&nbsp;&nbsp;&nbsp;LoRa_Init
</UL>

<P><STRONG><a name="[b3]"></a>AwarePro_GetPareAddr</STRONG> (Thumb, 12 bytes, Stack size 0 bytes, aware_protocol.o(i.AwarePro_GetPareAddr))
<BR><BR>[Called By]<UL><LI><a href="#[b0]">&gt;&gt;</a>&nbsp;&nbsp;&nbsp;DevPro_Send
</UL>

<P><STRONG><a name="[159]"></a>AwarePro_GetVerion</STRONG> (Thumb, 4 bytes, Stack size 0 bytes, aware_protocol.o(i.AwarePro_GetVerion))
<BR><BR>[Called By]<UL><LI><a href="#[153]">&gt;&gt;</a>&nbsp;&nbsp;&nbsp;LoRa_Init
</UL>

<P><STRONG><a name="[7f]"></a>AwarePro_Init</STRONG> (Thumb, 82 bytes, Stack size 8 bytes, aware_protocol.o(i.AwarePro_Init))
<BR><BR>[Stack]<UL><LI>Max Depth = 32<LI>Call Chain = AwarePro_Init &rArr; __2printf
</UL>
<BR>[Calls]<UL><LI><a href="#[73]">&gt;&gt;</a>&nbsp;&nbsp;&nbsp;__2printf
<LI><a href="#[74]">&gt;&gt;</a>&nbsp;&nbsp;&nbsp;__aeabi_uread4
</UL>
<BR>[Called By]<UL><LI><a href="#[153]">&gt;&gt;</a>&nbsp;&nbsp;&nbsp;LoRa_Init
</UL>

<P><STRONG><a name="[1aa]"></a>AwarePro_Join</STRONG> (Thumb, 2 bytes, Stack size 0 bytes, aware_protocol.o(i.AwarePro_Join))
<BR><BR>[Called By]<UL><LI><a href="#[23]">&gt;&gt;</a>&nbsp;&nbsp;&nbsp;main
</UL>

<P><STRONG><a name="[80]"></a>AwarePro_Leave</STRONG> (Thumb, 14 bytes, Stack size 8 bytes, aware_protocol.o(i.AwarePro_Leave))
<BR><BR>[Stack]<UL><LI>Max Depth = 116<LI>Call Chain = AwarePro_Leave &rArr; Dev_Leave_Req &rArr; Add_RF_Frame_To_TX_Que &rArr; randr &rArr; rand1 &rArr; __aeabi_uidivmod
</UL>
<BR>[Calls]<UL><LI><a href="#[81]">&gt;&gt;</a>&nbsp;&nbsp;&nbsp;Dev_Leave_Req
</UL>
<BR>[Called By]<UL><LI><a href="#[174]">&gt;&gt;</a>&nbsp;&nbsp;&nbsp;UART_AT_CMD_Process
</UL>

<P><STRONG><a name="[32]"></a>AwarePro_NV_Init</STRONG> (Thumb, 176 bytes, Stack size 40 bytes, aware_protocol.o(i.AwarePro_NV_Init))
<BR><BR>[Stack]<UL><LI>Max Depth = 120<LI>Call Chain = AwarePro_NV_Init &rArr; Write_NV &rArr; Write_Data_To_Flash &rArr; HAL_FLASHEx_DATAEEPROM_Program &rArr; FLASH_WaitForLastOperation &rArr; FLASH_SetErrorCode
</UL>
<BR>[Calls]<UL><LI><a href="#[83]">&gt;&gt;</a>&nbsp;&nbsp;&nbsp;Check_NV_Para
<LI><a href="#[7b]">&gt;&gt;</a>&nbsp;&nbsp;&nbsp;AwarePro_Create_PID
<LI><a href="#[73]">&gt;&gt;</a>&nbsp;&nbsp;&nbsp;__2printf
<LI><a href="#[6e]">&gt;&gt;</a>&nbsp;&nbsp;&nbsp;__aeabi_memcpy
<LI><a href="#[6b]">&gt;&gt;</a>&nbsp;&nbsp;&nbsp;__aeabi_uidivmod
<LI><a href="#[84]">&gt;&gt;</a>&nbsp;&nbsp;&nbsp;Write_NV
<LI><a href="#[85]">&gt;&gt;</a>&nbsp;&nbsp;&nbsp;Read_Node_From_Flash
<LI><a href="#[82]">&gt;&gt;</a>&nbsp;&nbsp;&nbsp;Read_NV
<LI><a href="#[7d]">&gt;&gt;</a>&nbsp;&nbsp;&nbsp;Delete_NV
<LI><a href="#[69]">&gt;&gt;</a>&nbsp;&nbsp;&nbsp;__aeabi_uwrite4
</UL>
<BR>[Called By]<UL><LI><a href="#[153]">&gt;&gt;</a>&nbsp;&nbsp;&nbsp;LoRa_Init
</UL>
<BR>[Address Reference Count : 1]<UL><LI> common.o(.constdata)
</UL>
<P><STRONG><a name="[b1]"></a>AwarePro_NV_JoinFlg</STRONG> (Thumb, 6 bytes, Stack size 0 bytes, aware_protocol.o(i.AwarePro_NV_JoinFlg))
<BR><BR>[Called By]<UL><LI><a href="#[174]">&gt;&gt;</a>&nbsp;&nbsp;&nbsp;UART_AT_CMD_Process
<LI><a href="#[36]">&gt;&gt;</a>&nbsp;&nbsp;&nbsp;Process_App_Ack
<LI><a href="#[153]">&gt;&gt;</a>&nbsp;&nbsp;&nbsp;LoRa_Init
<LI><a href="#[b0]">&gt;&gt;</a>&nbsp;&nbsp;&nbsp;DevPro_Send
</UL>

<P><STRONG><a name="[86]"></a>AwarePro_Period_Event</STRONG> (Thumb, 18 bytes, Stack size 8 bytes, aware_protocol.o(i.AwarePro_Period_Event))
<BR><BR>[Stack]<UL><LI>Max Depth = 40<LI>Call Chain = AwarePro_Period_Event &rArr; Period_Update_Event &rArr; RoutTab_Age_Increase
</UL>
<BR>[Calls]<UL><LI><a href="#[87]">&gt;&gt;</a>&nbsp;&nbsp;&nbsp;Period_Update_Event
<LI><a href="#[88]">&gt;&gt;</a>&nbsp;&nbsp;&nbsp;Handle_Error_Process
</UL>
<BR>[Called By]<UL><LI><a href="#[98]">&gt;&gt;</a>&nbsp;&nbsp;&nbsp;AwarePro_Run
</UL>

<P><STRONG><a name="[89]"></a>AwarePro_RF_Rec_Process</STRONG> (Thumb, 640 bytes, Stack size 40 bytes, aware_protocol.o(i.AwarePro_RF_Rec_Process))
<BR><BR>[Stack]<UL><LI>Max Depth = 236<LI>Call Chain = AwarePro_RF_Rec_Process &rArr; Process_Join_Cmd &rArr; Accept_Join_LoRa &rArr; Relay_Join_Resp &rArr; Add_RF_Frame_To_TX_Que &rArr; randr &rArr; rand1 &rArr; __aeabi_uidivmod
</UL>
<BR>[Calls]<UL><LI><a href="#[8e]">&gt;&gt;</a>&nbsp;&nbsp;&nbsp;Update_Parent_RSSI
<LI><a href="#[90]">&gt;&gt;</a>&nbsp;&nbsp;&nbsp;Update_NwkAddr_Table
<LI><a href="#[94]">&gt;&gt;</a>&nbsp;&nbsp;&nbsp;Process_Join_Cmd
<LI><a href="#[91]">&gt;&gt;</a>&nbsp;&nbsp;&nbsp;Process_App_Cmd
<LI><a href="#[8a]">&gt;&gt;</a>&nbsp;&nbsp;&nbsp;Process_Ack
<LI><a href="#[92]">&gt;&gt;</a>&nbsp;&nbsp;&nbsp;Poll_Empty_RoutTbl
<LI><a href="#[8d]">&gt;&gt;</a>&nbsp;&nbsp;&nbsp;Is_Local_NwkAddr
<LI><a href="#[8b]">&gt;&gt;</a>&nbsp;&nbsp;&nbsp;Is_Local_Addr
<LI><a href="#[8f]">&gt;&gt;</a>&nbsp;&nbsp;&nbsp;Is_Dup_Frame
<LI><a href="#[93]">&gt;&gt;</a>&nbsp;&nbsp;&nbsp;Beacon_Resp
<LI><a href="#[68]">&gt;&gt;</a>&nbsp;&nbsp;&nbsp;ACK_Send
<LI><a href="#[73]">&gt;&gt;</a>&nbsp;&nbsp;&nbsp;__2printf
<LI><a href="#[8c]">&gt;&gt;</a>&nbsp;&nbsp;&nbsp;memcmp
<LI><a href="#[6e]">&gt;&gt;</a>&nbsp;&nbsp;&nbsp;__aeabi_memcpy
<LI><a href="#[69]">&gt;&gt;</a>&nbsp;&nbsp;&nbsp;__aeabi_uwrite4
<LI><a href="#[74]">&gt;&gt;</a>&nbsp;&nbsp;&nbsp;__aeabi_uread4
</UL>
<BR>[Called By]<UL><LI><a href="#[170]">&gt;&gt;</a>&nbsp;&nbsp;&nbsp;Process_LoRa_Data
</UL>

<P><STRONG><a name="[95]"></a>AwarePro_RF_Tx_Process</STRONG> (Thumb, 108 bytes, Stack size 32 bytes, aware_protocol.o(i.AwarePro_RF_Tx_Process))
<BR><BR>[Stack]<UL><LI>Max Depth = 108<LI>Call Chain = AwarePro_RF_Tx_Process &rArr; Add_RF_Frame_To_TX_Que &rArr; randr &rArr; rand1 &rArr; __aeabi_uidivmod
</UL>
<BR>[Calls]<UL><LI><a href="#[97]">&gt;&gt;</a>&nbsp;&nbsp;&nbsp;Store_SuperFrame
<LI><a href="#[78]">&gt;&gt;</a>&nbsp;&nbsp;&nbsp;Get_NwkAddr_Entry
<LI><a href="#[96]">&gt;&gt;</a>&nbsp;&nbsp;&nbsp;Build_LoRa_App_Frame
<LI><a href="#[79]">&gt;&gt;</a>&nbsp;&nbsp;&nbsp;Add_RF_Frame_To_TX_Que
<LI><a href="#[77]">&gt;&gt;</a>&nbsp;&nbsp;&nbsp;Add_Poll_Msg
<LI><a href="#[73]">&gt;&gt;</a>&nbsp;&nbsp;&nbsp;__2printf
</UL>
<BR>[Called By]<UL><LI><a href="#[b0]">&gt;&gt;</a>&nbsp;&nbsp;&nbsp;DevPro_Send
</UL>

<P><STRONG><a name="[98]"></a>AwarePro_Run</STRONG> (Thumb, 22 bytes, Stack size 8 bytes, aware_protocol.o(i.AwarePro_Run))
<BR><BR>[Stack]<UL><LI>Max Depth = 116<LI>Call Chain = AwarePro_Run &rArr; Process_SuperFrame &rArr; Add_RF_Frame_To_TX_Que &rArr; randr &rArr; rand1 &rArr; __aeabi_uidivmod
</UL>
<BR>[Calls]<UL><LI><a href="#[99]">&gt;&gt;</a>&nbsp;&nbsp;&nbsp;TX_RF_Data
<LI><a href="#[9a]">&gt;&gt;</a>&nbsp;&nbsp;&nbsp;Process_SuperFrame
<LI><a href="#[86]">&gt;&gt;</a>&nbsp;&nbsp;&nbsp;AwarePro_Period_Event
</UL>
<BR>[Called By]<UL><LI><a href="#[23]">&gt;&gt;</a>&nbsp;&nbsp;&nbsp;main
</UL>

<P><STRONG><a name="[165]"></a>AwarePro_Rx_Done_Process</STRONG> (Thumb, 8 bytes, Stack size 0 bytes, aware_protocol.o(i.AwarePro_Rx_Done_Process))
<BR><BR>[Called By]<UL><LI><a href="#[2b]">&gt;&gt;</a>&nbsp;&nbsp;&nbsp;OnRxDone
</UL>

<P><STRONG><a name="[166]"></a>AwarePro_Rx_Error_Process</STRONG> (Thumb, 10 bytes, Stack size 0 bytes, aware_protocol.o(i.AwarePro_Rx_Error_Process))
<BR><BR>[Called By]<UL><LI><a href="#[2e]">&gt;&gt;</a>&nbsp;&nbsp;&nbsp;OnRxError
</UL>

<P><STRONG><a name="[167]"></a>AwarePro_Rx_Timeout_Process</STRONG> (Thumb, 2 bytes, Stack size 0 bytes, aware_protocol.o(i.AwarePro_Rx_Timeout_Process))
<BR><BR>[Called By]<UL><LI><a href="#[2d]">&gt;&gt;</a>&nbsp;&nbsp;&nbsp;OnRxTimeout
</UL>

<P><STRONG><a name="[9b]"></a>AwarePro_SetPGap</STRONG> (Thumb, 14 bytes, Stack size 8 bytes, aware_protocol.o(i.AwarePro_SetPGap))
<BR><BR>[Stack]<UL><LI>Max Depth = 88<LI>Call Chain = AwarePro_SetPGap &rArr; Write_NV &rArr; Write_Data_To_Flash &rArr; HAL_FLASHEx_DATAEEPROM_Program &rArr; FLASH_WaitForLastOperation &rArr; FLASH_SetErrorCode
</UL>
<BR>[Calls]<UL><LI><a href="#[84]">&gt;&gt;</a>&nbsp;&nbsp;&nbsp;Write_NV
</UL>
<BR>[Called By]<UL><LI><a href="#[174]">&gt;&gt;</a>&nbsp;&nbsp;&nbsp;UART_AT_CMD_Process
</UL>

<P><STRONG><a name="[9c]"></a>AwarePro_SetPID</STRONG> (Thumb, 22 bytes, Stack size 8 bytes, aware_protocol.o(i.AwarePro_SetPID))
<BR><BR>[Stack]<UL><LI>Max Depth = 88<LI>Call Chain = AwarePro_SetPID &rArr; Write_NV &rArr; Write_Data_To_Flash &rArr; HAL_FLASHEx_DATAEEPROM_Program &rArr; FLASH_WaitForLastOperation &rArr; FLASH_SetErrorCode
</UL>
<BR>[Calls]<UL><LI><a href="#[84]">&gt;&gt;</a>&nbsp;&nbsp;&nbsp;Write_NV
</UL>
<BR>[Called By]<UL><LI><a href="#[174]">&gt;&gt;</a>&nbsp;&nbsp;&nbsp;UART_AT_CMD_Process
</UL>

<P><STRONG><a name="[9d]"></a>AwarePro_Tx_Done_Process</STRONG> (Thumb, 14 bytes, Stack size 4 bytes, aware_protocol.o(i.AwarePro_Tx_Done_Process))
<BR><BR>[Stack]<UL><LI>Max Depth = 4<LI>Call Chain = AwarePro_Tx_Done_Process
</UL>
<BR>[Calls]<UL><LI><a href="#[9e]">&gt;&gt;</a>&nbsp;&nbsp;&nbsp;RF_Tx_Inc
</UL>
<BR>[Called By]<UL><LI><a href="#[2a]">&gt;&gt;</a>&nbsp;&nbsp;&nbsp;OnTxDone
</UL>

<P><STRONG><a name="[168]"></a>AwarePro_Tx_Timeout_Process</STRONG> (Thumb, 10 bytes, Stack size 0 bytes, aware_protocol.o(i.AwarePro_Tx_Timeout_Process))
<BR><BR>[Called By]<UL><LI><a href="#[2c]">&gt;&gt;</a>&nbsp;&nbsp;&nbsp;OnTxTimeout
</UL>

<P><STRONG><a name="[16c]"></a>AwarePro_ZED_Poll_Once</STRONG> (Thumb, 10 bytes, Stack size 0 bytes, aware_protocol.o(i.AwarePro_ZED_Poll_Once))
<BR><BR>[Called By]<UL><LI><a href="#[174]">&gt;&gt;</a>&nbsp;&nbsp;&nbsp;UART_AT_CMD_Process
<LI><a href="#[36]">&gt;&gt;</a>&nbsp;&nbsp;&nbsp;Process_App_Ack
</UL>

<P><STRONG><a name="[1a9]"></a>BSP_Get_RTCFreq</STRONG> (Thumb, 6 bytes, Stack size 0 bytes, tim.o(i.BSP_Get_RTCFreq))
<BR><BR>[Called By]<UL><LI><a href="#[23]">&gt;&gt;</a>&nbsp;&nbsp;&nbsp;main
</UL>

<P><STRONG><a name="[9f]"></a>BSP_LSI_Calibrator</STRONG> (Thumb, 34 bytes, Stack size 8 bytes, tim.o(i.BSP_LSI_Calibrator))
<BR><BR>[Stack]<UL><LI>Max Depth = 24<LI>Call Chain = BSP_LSI_Calibrator &rArr; HAL_Delay
</UL>
<BR>[Calls]<UL><LI><a href="#[a0]">&gt;&gt;</a>&nbsp;&nbsp;&nbsp;HAL_Delay
<LI><a href="#[a2]">&gt;&gt;</a>&nbsp;&nbsp;&nbsp;HAL_TIM_IC_Stop_IT
<LI><a href="#[a1]">&gt;&gt;</a>&nbsp;&nbsp;&nbsp;HAL_TIM_IC_Start_IT
</UL>
<BR>[Called By]<UL><LI><a href="#[23]">&gt;&gt;</a>&nbsp;&nbsp;&nbsp;main
</UL>

<P><STRONG><a name="[93]"></a>Beacon_Resp</STRONG> (Thumb, 114 bytes, Stack size 32 bytes, aware_protocol.o(i.Beacon_Resp))
<BR><BR>[Stack]<UL><LI>Max Depth = 108<LI>Call Chain = Beacon_Resp &rArr; Add_RF_Frame_To_TX_Que &rArr; randr &rArr; rand1 &rArr; __aeabi_uidivmod
</UL>
<BR>[Calls]<UL><LI><a href="#[79]">&gt;&gt;</a>&nbsp;&nbsp;&nbsp;Add_RF_Frame_To_TX_Que
<LI><a href="#[6e]">&gt;&gt;</a>&nbsp;&nbsp;&nbsp;__aeabi_memcpy
<LI><a href="#[a3]">&gt;&gt;</a>&nbsp;&nbsp;&nbsp;Check_Sum
<LI><a href="#[74]">&gt;&gt;</a>&nbsp;&nbsp;&nbsp;__aeabi_uread4
</UL>
<BR>[Called By]<UL><LI><a href="#[89]">&gt;&gt;</a>&nbsp;&nbsp;&nbsp;AwarePro_RF_Rec_Process
</UL>

<P><STRONG><a name="[a4]"></a>Build_Cmd_Resp</STRONG> (Thumb, 96 bytes, Stack size 24 bytes, aware_protocol.o(i.Build_Cmd_Resp))
<BR><BR>[Stack]<UL><LI>Max Depth = 32<LI>Call Chain = Build_Cmd_Resp &rArr; Check_Sum
</UL>
<BR>[Calls]<UL><LI><a href="#[6e]">&gt;&gt;</a>&nbsp;&nbsp;&nbsp;__aeabi_memcpy
<LI><a href="#[a3]">&gt;&gt;</a>&nbsp;&nbsp;&nbsp;Check_Sum
</UL>
<BR>[Called By]<UL><LI><a href="#[91]">&gt;&gt;</a>&nbsp;&nbsp;&nbsp;Process_App_Cmd
</UL>

<P><STRONG><a name="[96]"></a>Build_LoRa_App_Frame</STRONG> (Thumb, 96 bytes, Stack size 24 bytes, aware_protocol.o(i.Build_LoRa_App_Frame))
<BR><BR>[Stack]<UL><LI>Max Depth = 32<LI>Call Chain = Build_LoRa_App_Frame &rArr; Check_Sum
</UL>
<BR>[Calls]<UL><LI><a href="#[6e]">&gt;&gt;</a>&nbsp;&nbsp;&nbsp;__aeabi_memcpy
<LI><a href="#[a3]">&gt;&gt;</a>&nbsp;&nbsp;&nbsp;Check_Sum
</UL>
<BR>[Called By]<UL><LI><a href="#[95]">&gt;&gt;</a>&nbsp;&nbsp;&nbsp;AwarePro_RF_Tx_Process
</UL>

<P><STRONG><a name="[a5]"></a>Build_MAC_Frame</STRONG> (Thumb, 44 bytes, Stack size 16 bytes, aware_protocol.o(i.Build_MAC_Frame))
<BR><BR>[Stack]<UL><LI>Max Depth = 24<LI>Call Chain = Build_MAC_Frame &rArr; Check_Sum
</UL>
<BR>[Calls]<UL><LI><a href="#[6e]">&gt;&gt;</a>&nbsp;&nbsp;&nbsp;__aeabi_memcpy
<LI><a href="#[a3]">&gt;&gt;</a>&nbsp;&nbsp;&nbsp;Check_Sum
</UL>
<BR>[Called By]<UL><LI><a href="#[16d]">&gt;&gt;</a>&nbsp;&nbsp;&nbsp;ZED_Poll_Resp
</UL>

<P><STRONG><a name="[a6]"></a>Build_Zero_Poll_Resp</STRONG> (Thumb, 78 bytes, Stack size 16 bytes, aware_protocol.o(i.Build_Zero_Poll_Resp))
<BR><BR>[Stack]<UL><LI>Max Depth = 24<LI>Call Chain = Build_Zero_Poll_Resp &rArr; Check_Sum
</UL>
<BR>[Calls]<UL><LI><a href="#[a3]">&gt;&gt;</a>&nbsp;&nbsp;&nbsp;Check_Sum
</UL>
<BR>[Called By]<UL><LI><a href="#[16d]">&gt;&gt;</a>&nbsp;&nbsp;&nbsp;ZED_Poll_Resp
</UL>

<P><STRONG><a name="[14d]"></a>CRC8</STRONG> (Thumb, 28 bytes, Stack size 8 bytes, ccrfid_crc8.o(i.CRC8))
<BR><BR>[Stack]<UL><LI>Max Depth = 8<LI>Call Chain = CRC8
</UL>
<BR>[Called By]<UL><LI><a href="#[cc]">&gt;&gt;</a>&nbsp;&nbsp;&nbsp;LF_AwakeUp
</UL>

<P><STRONG><a name="[a7]"></a>Check_APP_NV_Para</STRONG> (Thumb, 42 bytes, Stack size 8 bytes, common.o(i.Check_APP_NV_Para))
<BR><BR>[Stack]<UL><LI>Max Depth = 16<LI>Call Chain = Check_APP_NV_Para &rArr; Check_Sum
</UL>
<BR>[Calls]<UL><LI><a href="#[a8]">&gt;&gt;</a>&nbsp;&nbsp;&nbsp;Check_Sum
</UL>
<BR>[Called By]<UL><LI><a href="#[140]">&gt;&gt;</a>&nbsp;&nbsp;&nbsp;Init_SysConfig
</UL>

<P><STRONG><a name="[83]"></a>Check_NV_Para</STRONG> (Thumb, 38 bytes, Stack size 8 bytes, aware_protocol.o(i.Check_NV_Para))
<BR><BR>[Stack]<UL><LI>Max Depth = 16<LI>Call Chain = Check_NV_Para &rArr; Check_Sum
</UL>
<BR>[Calls]<UL><LI><a href="#[a3]">&gt;&gt;</a>&nbsp;&nbsp;&nbsp;Check_Sum
</UL>
<BR>[Called By]<UL><LI><a href="#[32]">&gt;&gt;</a>&nbsp;&nbsp;&nbsp;AwarePro_NV_Init
</UL>

<P><STRONG><a name="[a3]"></a>Check_Sum</STRONG> (Thumb, 26 bytes, Stack size 8 bytes, aware_protocol.o(i.Check_Sum))
<BR><BR>[Stack]<UL><LI>Max Depth = 8<LI>Call Chain = Check_Sum
</UL>
<BR>[Called By]<UL><LI><a href="#[72]">&gt;&gt;</a>&nbsp;&nbsp;&nbsp;Relay_Join_Resp
<LI><a href="#[75]">&gt;&gt;</a>&nbsp;&nbsp;&nbsp;Join_Resp
<LI><a href="#[81]">&gt;&gt;</a>&nbsp;&nbsp;&nbsp;Dev_Leave_Req
<LI><a href="#[83]">&gt;&gt;</a>&nbsp;&nbsp;&nbsp;Check_NV_Para
<LI><a href="#[a6]">&gt;&gt;</a>&nbsp;&nbsp;&nbsp;Build_Zero_Poll_Resp
<LI><a href="#[a5]">&gt;&gt;</a>&nbsp;&nbsp;&nbsp;Build_MAC_Frame
<LI><a href="#[96]">&gt;&gt;</a>&nbsp;&nbsp;&nbsp;Build_LoRa_App_Frame
<LI><a href="#[a4]">&gt;&gt;</a>&nbsp;&nbsp;&nbsp;Build_Cmd_Resp
<LI><a href="#[93]">&gt;&gt;</a>&nbsp;&nbsp;&nbsp;Beacon_Resp
<LI><a href="#[84]">&gt;&gt;</a>&nbsp;&nbsp;&nbsp;Write_NV
</UL>

<P><STRONG><a name="[14]"></a>DMA1_Channel2_3_IRQHandler</STRONG> (Thumb, 10 bytes, Stack size 8 bytes, stm32l0xx_it.o(i.DMA1_Channel2_3_IRQHandler))
<BR><BR>[Stack]<UL><LI>Max Depth = 32<LI>Call Chain = DMA1_Channel2_3_IRQHandler &rArr; HAL_DMA_IRQHandler
</UL>
<BR>[Calls]<UL><LI><a href="#[a9]">&gt;&gt;</a>&nbsp;&nbsp;&nbsp;HAL_DMA_IRQHandler
</UL>
<BR>[Address Reference Count : 1]<UL><LI> startup_stm32l051xx.o(RESET)
</UL>
<P><STRONG><a name="[aa]"></a>Davail_DeInit</STRONG> (Thumb, 28 bytes, Stack size 8 bytes, orh_uart.o(i.Davail_DeInit))
<BR><BR>[Stack]<UL><LI>Max Depth = 28<LI>Call Chain = Davail_DeInit &rArr; HAL_GPIO_DeInit
</UL>
<BR>[Calls]<UL><LI><a href="#[ab]">&gt;&gt;</a>&nbsp;&nbsp;&nbsp;HAL_GPIO_DeInit
</UL>
<BR>[Called By]<UL><LI><a href="#[164]">&gt;&gt;</a>&nbsp;&nbsp;&nbsp;StopOHR
</UL>

<P><STRONG><a name="[ac]"></a>Davail_Input</STRONG> (Thumb, 46 bytes, Stack size 32 bytes, orh_uart.o(i.Davail_Input))
<BR><BR>[Stack]<UL><LI>Max Depth = 56<LI>Call Chain = Davail_Input &rArr; HAL_GPIO_Init
</UL>
<BR>[Calls]<UL><LI><a href="#[ad]">&gt;&gt;</a>&nbsp;&nbsp;&nbsp;HAL_GPIO_Init
</UL>
<BR>[Called By]<UL><LI><a href="#[190]">&gt;&gt;</a>&nbsp;&nbsp;&nbsp;StartOHR
</UL>

<P><STRONG><a name="[ae]"></a>Delete_App_NV</STRONG> (Thumb, 14 bytes, Stack size 8 bytes, common.o(i.Delete_App_NV))
<BR><BR>[Stack]<UL><LI>Max Depth = 64<LI>Call Chain = Delete_App_NV &rArr; Erase_Block_Flash &rArr; HAL_FLASHEx_DATAEEPROM_Erase &rArr; FLASH_WaitForLastOperation &rArr; FLASH_SetErrorCode
</UL>
<BR>[Calls]<UL><LI><a href="#[af]">&gt;&gt;</a>&nbsp;&nbsp;&nbsp;Erase_Block_Flash
</UL>
<BR>[Called By]<UL><LI><a href="#[174]">&gt;&gt;</a>&nbsp;&nbsp;&nbsp;UART_AT_CMD_Process
<LI><a href="#[15a]">&gt;&gt;</a>&nbsp;&nbsp;&nbsp;MINI_Pro_Resp
<LI><a href="#[144]">&gt;&gt;</a>&nbsp;&nbsp;&nbsp;Key_Func_Handler
<LI><a href="#[140]">&gt;&gt;</a>&nbsp;&nbsp;&nbsp;Init_SysConfig
</UL>

<P><STRONG><a name="[7d]"></a>Delete_NV</STRONG> (Thumb, 14 bytes, Stack size 8 bytes, flash.o(i.Delete_NV))
<BR><BR>[Stack]<UL><LI>Max Depth = 64<LI>Call Chain = Delete_NV &rArr; Erase_Block_Flash &rArr; HAL_FLASHEx_DATAEEPROM_Erase &rArr; FLASH_WaitForLastOperation &rArr; FLASH_SetErrorCode
</UL>
<BR>[Calls]<UL><LI><a href="#[af]">&gt;&gt;</a>&nbsp;&nbsp;&nbsp;Erase_Block_Flash
</UL>
<BR>[Called By]<UL><LI><a href="#[32]">&gt;&gt;</a>&nbsp;&nbsp;&nbsp;AwarePro_NV_Init
<LI><a href="#[7c]">&gt;&gt;</a>&nbsp;&nbsp;&nbsp;AwarePro_Default
<LI><a href="#[15a]">&gt;&gt;</a>&nbsp;&nbsp;&nbsp;MINI_Pro_Resp
<LI><a href="#[144]">&gt;&gt;</a>&nbsp;&nbsp;&nbsp;Key_Func_Handler
<LI><a href="#[140]">&gt;&gt;</a>&nbsp;&nbsp;&nbsp;Init_SysConfig
<LI><a href="#[b4]">&gt;&gt;</a>&nbsp;&nbsp;&nbsp;Dev_Event
</UL>

<P><STRONG><a name="[b0]"></a>DevPro_Send</STRONG> (Thumb, 100 bytes, Stack size 40 bytes, common.o(i.DevPro_Send))
<BR><BR>[Stack]<UL><LI>Max Depth = 148<LI>Call Chain = DevPro_Send &rArr; AwarePro_RF_Tx_Process &rArr; Add_RF_Frame_To_TX_Que &rArr; randr &rArr; rand1 &rArr; __aeabi_uidivmod
</UL>
<BR>[Calls]<UL><LI><a href="#[a8]">&gt;&gt;</a>&nbsp;&nbsp;&nbsp;Check_Sum
<LI><a href="#[95]">&gt;&gt;</a>&nbsp;&nbsp;&nbsp;AwarePro_RF_Tx_Process
<LI><a href="#[b1]">&gt;&gt;</a>&nbsp;&nbsp;&nbsp;AwarePro_NV_JoinFlg
<LI><a href="#[b3]">&gt;&gt;</a>&nbsp;&nbsp;&nbsp;AwarePro_GetPareAddr
<LI><a href="#[b2]">&gt;&gt;</a>&nbsp;&nbsp;&nbsp;osal_memcpy
</UL>
<BR>[Called By]<UL><LI><a href="#[15a]">&gt;&gt;</a>&nbsp;&nbsp;&nbsp;MINI_Pro_Resp
</UL>

<P><STRONG><a name="[b4]"></a>Dev_Event</STRONG> (Thumb, 192 bytes, Stack size 24 bytes, common.o(i.Dev_Event))
<BR><BR>[Stack]<UL><LI>Max Depth = 120<LI>Call Chain = Dev_Event &rArr; RF_DataRate_Config &rArr; __2printf
</UL>
<BR>[Calls]<UL><LI><a href="#[b7]">&gt;&gt;</a>&nbsp;&nbsp;&nbsp;NVIC_SystemReset
<LI><a href="#[7d]">&gt;&gt;</a>&nbsp;&nbsp;&nbsp;Delete_NV
<LI><a href="#[b5]">&gt;&gt;</a>&nbsp;&nbsp;&nbsp;Write_App_NV
<LI><a href="#[b8]">&gt;&gt;</a>&nbsp;&nbsp;&nbsp;RF_DataRate_Config
<LI><a href="#[b6]">&gt;&gt;</a>&nbsp;&nbsp;&nbsp;RF_CH_Config
</UL>
<BR>[Called By]<UL><LI><a href="#[196]">&gt;&gt;</a>&nbsp;&nbsp;&nbsp;Systick_Event
</UL>

<P><STRONG><a name="[81]"></a>Dev_Leave_Req</STRONG> (Thumb, 100 bytes, Stack size 32 bytes, aware_protocol.o(i.Dev_Leave_Req))
<BR><BR>[Stack]<UL><LI>Max Depth = 108<LI>Call Chain = Dev_Leave_Req &rArr; Add_RF_Frame_To_TX_Que &rArr; randr &rArr; rand1 &rArr; __aeabi_uidivmod
</UL>
<BR>[Calls]<UL><LI><a href="#[79]">&gt;&gt;</a>&nbsp;&nbsp;&nbsp;Add_RF_Frame_To_TX_Que
<LI><a href="#[a3]">&gt;&gt;</a>&nbsp;&nbsp;&nbsp;Check_Sum
</UL>
<BR>[Called By]<UL><LI><a href="#[80]">&gt;&gt;</a>&nbsp;&nbsp;&nbsp;AwarePro_Leave
</UL>

<P><STRONG><a name="[10]"></a>EXTI0_1_IRQHandler</STRONG> (Thumb, 16 bytes, Stack size 8 bytes, common.o(i.EXTI0_1_IRQHandler))
<BR><BR>[Stack]<UL><LI>Max Depth = 104<LI>Call Chain = EXTI0_1_IRQHandler &rArr; HAL_GPIO_EXTI_IRQHandler &rArr; HAL_GPIO_EXTI_Callback &rArr; LF_SPI_GPIO_Init &rArr; HW_GPIO_Init &rArr; HAL_GPIO_Init
</UL>
<BR>[Calls]<UL><LI><a href="#[b9]">&gt;&gt;</a>&nbsp;&nbsp;&nbsp;HAL_GPIO_EXTI_IRQHandler
</UL>
<BR>[Address Reference Count : 1]<UL><LI> startup_stm32l051xx.o(RESET)
</UL>
<P><STRONG><a name="[11]"></a>EXTI2_3_IRQHandler</STRONG> (Thumb, 16 bytes, Stack size 8 bytes, common.o(i.EXTI2_3_IRQHandler))
<BR><BR>[Stack]<UL><LI>Max Depth = 104<LI>Call Chain = EXTI2_3_IRQHandler &rArr; HAL_GPIO_EXTI_IRQHandler &rArr; HAL_GPIO_EXTI_Callback &rArr; LF_SPI_GPIO_Init &rArr; HW_GPIO_Init &rArr; HAL_GPIO_Init
</UL>
<BR>[Calls]<UL><LI><a href="#[b9]">&gt;&gt;</a>&nbsp;&nbsp;&nbsp;HAL_GPIO_EXTI_IRQHandler
</UL>
<BR>[Address Reference Count : 1]<UL><LI> startup_stm32l051xx.o(RESET)
</UL>
<P><STRONG><a name="[12]"></a>EXTI4_15_IRQHandler</STRONG> (Thumb, 92 bytes, Stack size 8 bytes, common.o(i.EXTI4_15_IRQHandler))
<BR><BR>[Stack]<UL><LI>Max Depth = 104<LI>Call Chain = EXTI4_15_IRQHandler &rArr; HAL_GPIO_EXTI_IRQHandler &rArr; HAL_GPIO_EXTI_Callback &rArr; LF_SPI_GPIO_Init &rArr; HW_GPIO_Init &rArr; HAL_GPIO_Init
</UL>
<BR>[Calls]<UL><LI><a href="#[b9]">&gt;&gt;</a>&nbsp;&nbsp;&nbsp;HAL_GPIO_EXTI_IRQHandler
</UL>
<BR>[Address Reference Count : 1]<UL><LI> startup_stm32l051xx.o(RESET)
</UL>
<P><STRONG><a name="[af]"></a>Erase_Block_Flash</STRONG> (Thumb, 32 bytes, Stack size 16 bytes, flash.o(i.Erase_Block_Flash))
<BR><BR>[Stack]<UL><LI>Max Depth = 56<LI>Call Chain = Erase_Block_Flash &rArr; HAL_FLASHEx_DATAEEPROM_Erase &rArr; FLASH_WaitForLastOperation &rArr; FLASH_SetErrorCode
</UL>
<BR>[Calls]<UL><LI><a href="#[ba]">&gt;&gt;</a>&nbsp;&nbsp;&nbsp;HAL_FLASHEx_DATAEEPROM_Unlock
<LI><a href="#[bc]">&gt;&gt;</a>&nbsp;&nbsp;&nbsp;HAL_FLASHEx_DATAEEPROM_Lock
<LI><a href="#[bb]">&gt;&gt;</a>&nbsp;&nbsp;&nbsp;HAL_FLASHEx_DATAEEPROM_Erase
</UL>
<BR>[Called By]<UL><LI><a href="#[84]">&gt;&gt;</a>&nbsp;&nbsp;&nbsp;Write_NV
<LI><a href="#[7e]">&gt;&gt;</a>&nbsp;&nbsp;&nbsp;Erase_NodeTable
<LI><a href="#[7d]">&gt;&gt;</a>&nbsp;&nbsp;&nbsp;Delete_NV
<LI><a href="#[b5]">&gt;&gt;</a>&nbsp;&nbsp;&nbsp;Write_App_NV
<LI><a href="#[ae]">&gt;&gt;</a>&nbsp;&nbsp;&nbsp;Delete_App_NV
</UL>

<P><STRONG><a name="[7e]"></a>Erase_NodeTable</STRONG> (Thumb, 16 bytes, Stack size 8 bytes, flash.o(i.Erase_NodeTable))
<BR><BR>[Stack]<UL><LI>Max Depth = 64<LI>Call Chain = Erase_NodeTable &rArr; Erase_Block_Flash &rArr; HAL_FLASHEx_DATAEEPROM_Erase &rArr; FLASH_WaitForLastOperation &rArr; FLASH_SetErrorCode
</UL>
<BR>[Calls]<UL><LI><a href="#[af]">&gt;&gt;</a>&nbsp;&nbsp;&nbsp;Erase_Block_Flash
</UL>
<BR>[Called By]<UL><LI><a href="#[7c]">&gt;&gt;</a>&nbsp;&nbsp;&nbsp;AwarePro_Default
</UL>

<P><STRONG><a name="[bd]"></a>FLASH_WaitForLastOperation</STRONG> (Thumb, 106 bytes, Stack size 16 bytes, stm32l0xx_hal_flash.o(i.FLASH_WaitForLastOperation))
<BR><BR>[Stack]<UL><LI>Max Depth = 24<LI>Call Chain = FLASH_WaitForLastOperation &rArr; FLASH_SetErrorCode
</UL>
<BR>[Calls]<UL><LI><a href="#[be]">&gt;&gt;</a>&nbsp;&nbsp;&nbsp;HAL_GetTick
<LI><a href="#[bf]">&gt;&gt;</a>&nbsp;&nbsp;&nbsp;FLASH_SetErrorCode
</UL>
<BR>[Called By]<UL><LI><a href="#[c7]">&gt;&gt;</a>&nbsp;&nbsp;&nbsp;HAL_FLASHEx_DATAEEPROM_Program
<LI><a href="#[bb]">&gt;&gt;</a>&nbsp;&nbsp;&nbsp;HAL_FLASHEx_DATAEEPROM_Erase
</UL>

<P><STRONG><a name="[6d]"></a>Get_Empty_RoutTable</STRONG> (Thumb, 86 bytes, Stack size 24 bytes, aware_protocol.o(i.Get_Empty_RoutTable))
<BR><BR>[Stack]<UL><LI>Max Depth = 52<LI>Call Chain = Get_Empty_RoutTable &rArr; Get_Node_Entry &rArr; memcmp
</UL>
<BR>[Calls]<UL><LI><a href="#[70]">&gt;&gt;</a>&nbsp;&nbsp;&nbsp;Get_Node_Entry
<LI><a href="#[8c]">&gt;&gt;</a>&nbsp;&nbsp;&nbsp;memcmp
<LI><a href="#[59]">&gt;&gt;</a>&nbsp;&nbsp;&nbsp;__aeabi_memclr
</UL>
<BR>[Called By]<UL><LI><a href="#[6c]">&gt;&gt;</a>&nbsp;&nbsp;&nbsp;Add_Node_RouteTbl
<LI><a href="#[6f]">&gt;&gt;</a>&nbsp;&nbsp;&nbsp;Accept_Join_LoRa
</UL>

<P><STRONG><a name="[70]"></a>Get_Node_Entry</STRONG> (Thumb, 54 bytes, Stack size 16 bytes, aware_protocol.o(i.Get_Node_Entry))
<BR><BR>[Stack]<UL><LI>Max Depth = 28<LI>Call Chain = Get_Node_Entry &rArr; memcmp
</UL>
<BR>[Calls]<UL><LI><a href="#[8c]">&gt;&gt;</a>&nbsp;&nbsp;&nbsp;memcmp
</UL>
<BR>[Called By]<UL><LI><a href="#[6d]">&gt;&gt;</a>&nbsp;&nbsp;&nbsp;Get_Empty_RoutTable
<LI><a href="#[6f]">&gt;&gt;</a>&nbsp;&nbsp;&nbsp;Accept_Join_LoRa
</UL>

<P><STRONG><a name="[78]"></a>Get_NwkAddr_Entry</STRONG> (Thumb, 40 bytes, Stack size 8 bytes, aware_protocol.o(i.Get_NwkAddr_Entry))
<BR><BR>[Stack]<UL><LI>Max Depth = 8<LI>Call Chain = Get_NwkAddr_Entry
</UL>
<BR>[Called By]<UL><LI><a href="#[16d]">&gt;&gt;</a>&nbsp;&nbsp;&nbsp;ZED_Poll_Resp
<LI><a href="#[90]">&gt;&gt;</a>&nbsp;&nbsp;&nbsp;Update_NwkAddr_Table
<LI><a href="#[91]">&gt;&gt;</a>&nbsp;&nbsp;&nbsp;Process_App_Cmd
<LI><a href="#[77]">&gt;&gt;</a>&nbsp;&nbsp;&nbsp;Add_Poll_Msg
<LI><a href="#[95]">&gt;&gt;</a>&nbsp;&nbsp;&nbsp;AwarePro_RF_Tx_Process
</UL>

<P><STRONG><a name="[154]"></a>Get_TagSN</STRONG> (Thumb, 34 bytes, Stack size 0 bytes, common.o(i.Get_TagSN))
<BR><BR>[Called By]<UL><LI><a href="#[153]">&gt;&gt;</a>&nbsp;&nbsp;&nbsp;LoRa_Init
</UL>

<P><STRONG><a name="[c0]"></a>HAL_ADC_ConfigChannel</STRONG> (Thumb, 140 bytes, Stack size 24 bytes, stm32l0xx_hal_adc.o(i.HAL_ADC_ConfigChannel))
<BR><BR>[Stack]<UL><LI>Max Depth = 52<LI>Call Chain = HAL_ADC_ConfigChannel &rArr; ADC_DelayMicroSecond &rArr; __aeabi_uidivmod
</UL>
<BR>[Calls]<UL><LI><a href="#[6a]">&gt;&gt;</a>&nbsp;&nbsp;&nbsp;ADC_DelayMicroSecond
</UL>
<BR>[Called By]<UL><LI><a href="#[15b]">&gt;&gt;</a>&nbsp;&nbsp;&nbsp;MX_ADC_Init
</UL>

<P><STRONG><a name="[c1]"></a>HAL_ADC_Init</STRONG> (Thumb, 442 bytes, Stack size 16 bytes, stm32l0xx_hal_adc.o(i.HAL_ADC_Init))
<BR><BR>[Stack]<UL><LI>Max Depth = 80<LI>Call Chain = HAL_ADC_Init &rArr; HAL_ADC_MspInit &rArr; HAL_GPIO_Init
</UL>
<BR>[Calls]<UL><LI><a href="#[c2]">&gt;&gt;</a>&nbsp;&nbsp;&nbsp;HAL_ADC_MspInit
</UL>
<BR>[Called By]<UL><LI><a href="#[15b]">&gt;&gt;</a>&nbsp;&nbsp;&nbsp;MX_ADC_Init
</UL>

<P><STRONG><a name="[c2]"></a>HAL_ADC_MspInit</STRONG> (Thumb, 74 bytes, Stack size 40 bytes, common.o(i.HAL_ADC_MspInit))
<BR><BR>[Stack]<UL><LI>Max Depth = 64<LI>Call Chain = HAL_ADC_MspInit &rArr; HAL_GPIO_Init
</UL>
<BR>[Calls]<UL><LI><a href="#[c3]">&gt;&gt;</a>&nbsp;&nbsp;&nbsp;HAL_GPIO_WritePin
<LI><a href="#[ad]">&gt;&gt;</a>&nbsp;&nbsp;&nbsp;HAL_GPIO_Init
</UL>
<BR>[Called By]<UL><LI><a href="#[c1]">&gt;&gt;</a>&nbsp;&nbsp;&nbsp;HAL_ADC_Init
</UL>

<P><STRONG><a name="[c4]"></a>HAL_DMA_Abort</STRONG> (Thumb, 76 bytes, Stack size 24 bytes, stm32l0xx_hal_dma.o(i.HAL_DMA_Abort))
<BR><BR>[Stack]<UL><LI>Max Depth = 24<LI>Call Chain = HAL_DMA_Abort
</UL>
<BR>[Calls]<UL><LI><a href="#[be]">&gt;&gt;</a>&nbsp;&nbsp;&nbsp;HAL_GetTick
</UL>
<BR>[Called By]<UL><LI><a href="#[110]">&gt;&gt;</a>&nbsp;&nbsp;&nbsp;HAL_UART_DMAStop
</UL>

<P><STRONG><a name="[115]"></a>HAL_DMA_Abort_IT</STRONG> (Thumb, 148 bytes, Stack size 16 bytes, stm32l0xx_hal_dma.o(i.HAL_DMA_Abort_IT))
<BR><BR>[Stack]<UL><LI>Max Depth = 16<LI>Call Chain = HAL_DMA_Abort_IT
</UL>
<BR>[Called By]<UL><LI><a href="#[113]">&gt;&gt;</a>&nbsp;&nbsp;&nbsp;HAL_UART_IRQHandler
</UL>

<P><STRONG><a name="[120]"></a>HAL_DMA_DeInit</STRONG> (Thumb, 464 bytes, Stack size 20 bytes, stm32l0xx_hal_dma.o(i.HAL_DMA_DeInit))
<BR><BR>[Stack]<UL><LI>Max Depth = 20<LI>Call Chain = HAL_DMA_DeInit
</UL>
<BR>[Called By]<UL><LI><a href="#[11f]">&gt;&gt;</a>&nbsp;&nbsp;&nbsp;HAL_UART_MspDeInit
</UL>

<P><STRONG><a name="[a9]"></a>HAL_DMA_IRQHandler</STRONG> (Thumb, 634 bytes, Stack size 24 bytes, stm32l0xx_hal_dma.o(i.HAL_DMA_IRQHandler))
<BR><BR>[Stack]<UL><LI>Max Depth = 24<LI>Call Chain = HAL_DMA_IRQHandler
</UL>
<BR>[Called By]<UL><LI><a href="#[14]">&gt;&gt;</a>&nbsp;&nbsp;&nbsp;DMA1_Channel2_3_IRQHandler
</UL>

<P><STRONG><a name="[121]"></a>HAL_DMA_Init</STRONG> (Thumb, 254 bytes, Stack size 16 bytes, stm32l0xx_hal_dma.o(i.HAL_DMA_Init))
<BR><BR>[Stack]<UL><LI>Max Depth = 16<LI>Call Chain = HAL_DMA_Init
</UL>
<BR>[Called By]<UL><LI><a href="#[11b]">&gt;&gt;</a>&nbsp;&nbsp;&nbsp;HAL_UART_MspInit
</UL>

<P><STRONG><a name="[c5]"></a>HAL_DMA_Start_IT</STRONG> (Thumb, 78 bytes, Stack size 24 bytes, stm32l0xx_hal_dma.o(i.HAL_DMA_Start_IT))
<BR><BR>[Stack]<UL><LI>Max Depth = 32<LI>Call Chain = HAL_DMA_Start_IT &rArr; DMA_SetConfig
</UL>
<BR>[Calls]<UL><LI><a href="#[c6]">&gt;&gt;</a>&nbsp;&nbsp;&nbsp;DMA_SetConfig
</UL>
<BR>[Called By]<UL><LI><a href="#[123]">&gt;&gt;</a>&nbsp;&nbsp;&nbsp;HAL_UART_Receive_DMA
</UL>

<P><STRONG><a name="[a0]"></a>HAL_Delay</STRONG> (Thumb, 22 bytes, Stack size 16 bytes, stm32l0xx_hal.o(i.HAL_Delay))
<BR><BR>[Stack]<UL><LI>Max Depth = 16<LI>Call Chain = HAL_Delay
</UL>
<BR>[Calls]<UL><LI><a href="#[be]">&gt;&gt;</a>&nbsp;&nbsp;&nbsp;HAL_GetTick
</UL>
<BR>[Called By]<UL><LI><a href="#[23]">&gt;&gt;</a>&nbsp;&nbsp;&nbsp;main
<LI><a href="#[9f]">&gt;&gt;</a>&nbsp;&nbsp;&nbsp;BSP_LSI_Calibrator
</UL>

<P><STRONG><a name="[bb]"></a>HAL_FLASHEx_DATAEEPROM_Erase</STRONG> (Thumb, 30 bytes, Stack size 16 bytes, stm32l0xx_hal_flash_ex.o(i.HAL_FLASHEx_DATAEEPROM_Erase))
<BR><BR>[Stack]<UL><LI>Max Depth = 40<LI>Call Chain = HAL_FLASHEx_DATAEEPROM_Erase &rArr; FLASH_WaitForLastOperation &rArr; FLASH_SetErrorCode
</UL>
<BR>[Calls]<UL><LI><a href="#[bd]">&gt;&gt;</a>&nbsp;&nbsp;&nbsp;FLASH_WaitForLastOperation
</UL>
<BR>[Called By]<UL><LI><a href="#[af]">&gt;&gt;</a>&nbsp;&nbsp;&nbsp;Erase_Block_Flash
</UL>

<P><STRONG><a name="[bc]"></a>HAL_FLASHEx_DATAEEPROM_Lock</STRONG> (Thumb, 14 bytes, Stack size 0 bytes, stm32l0xx_hal_flash_ex.o(i.HAL_FLASHEx_DATAEEPROM_Lock))
<BR><BR>[Called By]<UL><LI><a href="#[76]">&gt;&gt;</a>&nbsp;&nbsp;&nbsp;Write_Data_To_Flash
<LI><a href="#[177]">&gt;&gt;</a>&nbsp;&nbsp;&nbsp;Read_Data_From_Flash
<LI><a href="#[af]">&gt;&gt;</a>&nbsp;&nbsp;&nbsp;Erase_Block_Flash
</UL>

<P><STRONG><a name="[c7]"></a>HAL_FLASHEx_DATAEEPROM_Program</STRONG> (Thumb, 76 bytes, Stack size 24 bytes, stm32l0xx_hal_flash_ex.o(i.HAL_FLASHEx_DATAEEPROM_Program))
<BR><BR>[Stack]<UL><LI>Max Depth = 48<LI>Call Chain = HAL_FLASHEx_DATAEEPROM_Program &rArr; FLASH_WaitForLastOperation &rArr; FLASH_SetErrorCode
</UL>
<BR>[Calls]<UL><LI><a href="#[bd]">&gt;&gt;</a>&nbsp;&nbsp;&nbsp;FLASH_WaitForLastOperation
</UL>
<BR>[Called By]<UL><LI><a href="#[76]">&gt;&gt;</a>&nbsp;&nbsp;&nbsp;Write_Data_To_Flash
</UL>

<P><STRONG><a name="[ba]"></a>HAL_FLASHEx_DATAEEPROM_Unlock</STRONG> (Thumb, 24 bytes, Stack size 0 bytes, stm32l0xx_hal_flash_ex.o(i.HAL_FLASHEx_DATAEEPROM_Unlock))
<BR><BR>[Called By]<UL><LI><a href="#[76]">&gt;&gt;</a>&nbsp;&nbsp;&nbsp;Write_Data_To_Flash
<LI><a href="#[177]">&gt;&gt;</a>&nbsp;&nbsp;&nbsp;Read_Data_From_Flash
<LI><a href="#[af]">&gt;&gt;</a>&nbsp;&nbsp;&nbsp;Erase_Block_Flash
</UL>

<P><STRONG><a name="[ab]"></a>HAL_GPIO_DeInit</STRONG> (Thumb, 202 bytes, Stack size 20 bytes, stm32l0xx_hal_gpio.o(i.HAL_GPIO_DeInit))
<BR><BR>[Stack]<UL><LI>Max Depth = 20<LI>Call Chain = HAL_GPIO_DeInit
</UL>
<BR>[Called By]<UL><LI><a href="#[11f]">&gt;&gt;</a>&nbsp;&nbsp;&nbsp;HAL_UART_MspDeInit
<LI><a href="#[aa]">&gt;&gt;</a>&nbsp;&nbsp;&nbsp;Davail_DeInit
</UL>

<P><STRONG><a name="[c8]"></a>HAL_GPIO_EXTI_Callback</STRONG> (Thumb, 96 bytes, Stack size 8 bytes, hw_gpio.o(i.HAL_GPIO_EXTI_Callback))
<BR><BR>[Stack]<UL><LI>Max Depth = 88<LI>Call Chain = HAL_GPIO_EXTI_Callback &rArr; LF_SPI_GPIO_Init &rArr; HW_GPIO_Init &rArr; HAL_GPIO_Init
</UL>
<BR>[Calls]<UL><LI><a href="#[ca]">&gt;&gt;</a>&nbsp;&nbsp;&nbsp;HAL_GPIO_ReadPin
<LI><a href="#[cc]">&gt;&gt;</a>&nbsp;&nbsp;&nbsp;LF_AwakeUp
<LI><a href="#[c9]">&gt;&gt;</a>&nbsp;&nbsp;&nbsp;HW_GPIO_IrqHandler
<LI><a href="#[73]">&gt;&gt;</a>&nbsp;&nbsp;&nbsp;__2printf
<LI><a href="#[cb]">&gt;&gt;</a>&nbsp;&nbsp;&nbsp;LF_SPI_GPIO_Init
</UL>
<BR>[Called By]<UL><LI><a href="#[b9]">&gt;&gt;</a>&nbsp;&nbsp;&nbsp;HAL_GPIO_EXTI_IRQHandler
</UL>

<P><STRONG><a name="[b9]"></a>HAL_GPIO_EXTI_IRQHandler</STRONG> (Thumb, 18 bytes, Stack size 8 bytes, stm32l0xx_hal_gpio.o(i.HAL_GPIO_EXTI_IRQHandler))
<BR><BR>[Stack]<UL><LI>Max Depth = 96<LI>Call Chain = HAL_GPIO_EXTI_IRQHandler &rArr; HAL_GPIO_EXTI_Callback &rArr; LF_SPI_GPIO_Init &rArr; HW_GPIO_Init &rArr; HAL_GPIO_Init
</UL>
<BR>[Calls]<UL><LI><a href="#[c8]">&gt;&gt;</a>&nbsp;&nbsp;&nbsp;HAL_GPIO_EXTI_Callback
</UL>
<BR>[Called By]<UL><LI><a href="#[12]">&gt;&gt;</a>&nbsp;&nbsp;&nbsp;EXTI4_15_IRQHandler
<LI><a href="#[11]">&gt;&gt;</a>&nbsp;&nbsp;&nbsp;EXTI2_3_IRQHandler
<LI><a href="#[10]">&gt;&gt;</a>&nbsp;&nbsp;&nbsp;EXTI0_1_IRQHandler
</UL>

<P><STRONG><a name="[ad]"></a>HAL_GPIO_Init</STRONG> (Thumb, 346 bytes, Stack size 24 bytes, stm32l0xx_hal_gpio.o(i.HAL_GPIO_Init))
<BR><BR>[Stack]<UL><LI>Max Depth = 24<LI>Call Chain = HAL_GPIO_Init
</UL>
<BR>[Called By]<UL><LI><a href="#[11b]">&gt;&gt;</a>&nbsp;&nbsp;&nbsp;HAL_UART_MspInit
<LI><a href="#[ed]">&gt;&gt;</a>&nbsp;&nbsp;&nbsp;HAL_SPI_MspInit
<LI><a href="#[191]">&gt;&gt;</a>&nbsp;&nbsp;&nbsp;UART_TX_Output_Low
<LI><a href="#[162]">&gt;&gt;</a>&nbsp;&nbsp;&nbsp;OHR_GPIO_Init
<LI><a href="#[ac]">&gt;&gt;</a>&nbsp;&nbsp;&nbsp;Davail_Input
<LI><a href="#[169]">&gt;&gt;</a>&nbsp;&nbsp;&nbsp;PWM_GPIO_Init
<LI><a href="#[126]">&gt;&gt;</a>&nbsp;&nbsp;&nbsp;HW_GPIO_Init
<LI><a href="#[103]">&gt;&gt;</a>&nbsp;&nbsp;&nbsp;HAL_TIM_MspPostInit
<LI><a href="#[175]">&gt;&gt;</a>&nbsp;&nbsp;&nbsp;Pwr_Init
<LI><a href="#[14c]">&gt;&gt;</a>&nbsp;&nbsp;&nbsp;LED_GPIO_Init
<LI><a href="#[147]">&gt;&gt;</a>&nbsp;&nbsp;&nbsp;Key_GPIO_INT_Init
<LI><a href="#[c2]">&gt;&gt;</a>&nbsp;&nbsp;&nbsp;HAL_ADC_MspInit
</UL>

<P><STRONG><a name="[ca]"></a>HAL_GPIO_ReadPin</STRONG> (Thumb, 10 bytes, Stack size 0 bytes, stm32l0xx_hal_gpio.o(i.HAL_GPIO_ReadPin))
<BR><BR>[Called By]<UL><LI><a href="#[cc]">&gt;&gt;</a>&nbsp;&nbsp;&nbsp;LF_AwakeUp
<LI><a href="#[c8]">&gt;&gt;</a>&nbsp;&nbsp;&nbsp;HAL_GPIO_EXTI_Callback
<LI><a href="#[14e]">&gt;&gt;</a>&nbsp;&nbsp;&nbsp;LF_Read_Register
<LI><a href="#[148]">&gt;&gt;</a>&nbsp;&nbsp;&nbsp;Key_Read
</UL>

<P><STRONG><a name="[14b]"></a>HAL_GPIO_TogglePin</STRONG> (Thumb, 8 bytes, Stack size 0 bytes, stm32l0xx_hal_gpio.o(i.HAL_GPIO_TogglePin))
<BR><BR>[Called By]<UL><LI><a href="#[14a]">&gt;&gt;</a>&nbsp;&nbsp;&nbsp;LED_Ctrl
</UL>

<P><STRONG><a name="[c3]"></a>HAL_GPIO_WritePin</STRONG> (Thumb, 12 bytes, Stack size 0 bytes, stm32l0xx_hal_gpio.o(i.HAL_GPIO_WritePin))
<BR><BR>[Called By]<UL><LI><a href="#[191]">&gt;&gt;</a>&nbsp;&nbsp;&nbsp;UART_TX_Output_Low
<LI><a href="#[162]">&gt;&gt;</a>&nbsp;&nbsp;&nbsp;OHR_GPIO_Init
<LI><a href="#[14f]">&gt;&gt;</a>&nbsp;&nbsp;&nbsp;LF_Write_Command
<LI><a href="#[14e]">&gt;&gt;</a>&nbsp;&nbsp;&nbsp;LF_Read_Register
<LI><a href="#[151]">&gt;&gt;</a>&nbsp;&nbsp;&nbsp;LF_SPI_Write
<LI><a href="#[164]">&gt;&gt;</a>&nbsp;&nbsp;&nbsp;StopOHR
<LI><a href="#[190]">&gt;&gt;</a>&nbsp;&nbsp;&nbsp;StartOHR
<LI><a href="#[169]">&gt;&gt;</a>&nbsp;&nbsp;&nbsp;PWM_GPIO_Init
<LI><a href="#[cb]">&gt;&gt;</a>&nbsp;&nbsp;&nbsp;LF_SPI_GPIO_Init
<LI><a href="#[12a]">&gt;&gt;</a>&nbsp;&nbsp;&nbsp;HW_GPIO_Write
<LI><a href="#[103]">&gt;&gt;</a>&nbsp;&nbsp;&nbsp;HAL_TIM_MspPostInit
<LI><a href="#[14c]">&gt;&gt;</a>&nbsp;&nbsp;&nbsp;LED_GPIO_Init
<LI><a href="#[14a]">&gt;&gt;</a>&nbsp;&nbsp;&nbsp;LED_Ctrl
<LI><a href="#[c2]">&gt;&gt;</a>&nbsp;&nbsp;&nbsp;HAL_ADC_MspInit
</UL>

<P><STRONG><a name="[be]"></a>HAL_GetTick</STRONG> (Thumb, 6 bytes, Stack size 0 bytes, stm32l0xx_hal.o(i.HAL_GetTick))
<BR><BR>[Called By]<UL><LI><a href="#[c4]">&gt;&gt;</a>&nbsp;&nbsp;&nbsp;HAL_DMA_Abort
<LI><a href="#[bd]">&gt;&gt;</a>&nbsp;&nbsp;&nbsp;FLASH_WaitForLastOperation
<LI><a href="#[124]">&gt;&gt;</a>&nbsp;&nbsp;&nbsp;HAL_UART_Transmit
<LI><a href="#[125]">&gt;&gt;</a>&nbsp;&nbsp;&nbsp;UART_WaitOnFlagUntilTimeout
<LI><a href="#[11e]">&gt;&gt;</a>&nbsp;&nbsp;&nbsp;UART_CheckIdleState
<LI><a href="#[e5]">&gt;&gt;</a>&nbsp;&nbsp;&nbsp;RTC_EnterInitMode
<LI><a href="#[ea]">&gt;&gt;</a>&nbsp;&nbsp;&nbsp;HAL_RTC_WaitForSynchro
<LI><a href="#[e7]">&gt;&gt;</a>&nbsp;&nbsp;&nbsp;HAL_RTC_SetAlarm_IT
<LI><a href="#[df]">&gt;&gt;</a>&nbsp;&nbsp;&nbsp;HAL_RTC_DeactivateAlarm
<LI><a href="#[a0]">&gt;&gt;</a>&nbsp;&nbsp;&nbsp;HAL_Delay
<LI><a href="#[ef]">&gt;&gt;</a>&nbsp;&nbsp;&nbsp;SPI_WaitOnFlagUntilTimeout
<LI><a href="#[d9]">&gt;&gt;</a>&nbsp;&nbsp;&nbsp;HAL_RCC_OscConfig
<LI><a href="#[d8]">&gt;&gt;</a>&nbsp;&nbsp;&nbsp;HAL_RCC_ClockConfig
<LI><a href="#[d7]">&gt;&gt;</a>&nbsp;&nbsp;&nbsp;HAL_RCCEx_PeriphCLKConfig
</UL>

<P><STRONG><a name="[193]"></a>HAL_IncTick</STRONG> (Thumb, 10 bytes, Stack size 0 bytes, stm32l0xx_hal.o(i.HAL_IncTick))
<BR><BR>[Called By]<UL><LI><a href="#[a]">&gt;&gt;</a>&nbsp;&nbsp;&nbsp;SysTick_Handler
</UL>

<P><STRONG><a name="[cd]"></a>HAL_Init</STRONG> (Thumb, 26 bytes, Stack size 8 bytes, stm32l0xx_hal.o(i.HAL_Init))
<BR><BR>[Stack]<UL><LI>Max Depth = 28<LI>Call Chain = HAL_Init &rArr; HAL_InitTick &rArr; __aeabi_uidivmod
</UL>
<BR>[Calls]<UL><LI><a href="#[ce]">&gt;&gt;</a>&nbsp;&nbsp;&nbsp;HAL_InitTick
<LI><a href="#[cf]">&gt;&gt;</a>&nbsp;&nbsp;&nbsp;HAL_MspInit
</UL>
<BR>[Called By]<UL><LI><a href="#[23]">&gt;&gt;</a>&nbsp;&nbsp;&nbsp;main
</UL>

<P><STRONG><a name="[ce]"></a>HAL_InitTick</STRONG> (Thumb, 34 bytes, Stack size 8 bytes, stm32l0xx_hal.o(i.HAL_InitTick))
<BR><BR>[Stack]<UL><LI>Max Depth = 20<LI>Call Chain = HAL_InitTick &rArr; __aeabi_uidivmod
</UL>
<BR>[Calls]<UL><LI><a href="#[d0]">&gt;&gt;</a>&nbsp;&nbsp;&nbsp;HAL_SYSTICK_Config
<LI><a href="#[d1]">&gt;&gt;</a>&nbsp;&nbsp;&nbsp;HAL_NVIC_SetPriority
<LI><a href="#[6b]">&gt;&gt;</a>&nbsp;&nbsp;&nbsp;__aeabi_uidivmod
</UL>
<BR>[Called By]<UL><LI><a href="#[cd]">&gt;&gt;</a>&nbsp;&nbsp;&nbsp;HAL_Init
<LI><a href="#[d9]">&gt;&gt;</a>&nbsp;&nbsp;&nbsp;HAL_RCC_OscConfig
<LI><a href="#[d8]">&gt;&gt;</a>&nbsp;&nbsp;&nbsp;HAL_RCC_ClockConfig
</UL>

<P><STRONG><a name="[cf]"></a>HAL_MspInit</STRONG> (Thumb, 52 bytes, Stack size 8 bytes, stm32l0xx_hal_msp.o(i.HAL_MspInit))
<BR><BR>[Stack]<UL><LI>Max Depth = 16<LI>Call Chain = HAL_MspInit &rArr; HAL_NVIC_SetPriority
</UL>
<BR>[Calls]<UL><LI><a href="#[d1]">&gt;&gt;</a>&nbsp;&nbsp;&nbsp;HAL_NVIC_SetPriority
</UL>
<BR>[Called By]<UL><LI><a href="#[cd]">&gt;&gt;</a>&nbsp;&nbsp;&nbsp;HAL_Init
</UL>

<P><STRONG><a name="[fc]"></a>HAL_NVIC_DisableIRQ</STRONG> (Thumb, 14 bytes, Stack size 0 bytes, stm32l0xx_hal_cortex.o(i.HAL_NVIC_DisableIRQ))
<BR><BR>[Called By]<UL><LI><a href="#[11f]">&gt;&gt;</a>&nbsp;&nbsp;&nbsp;HAL_UART_MspDeInit
<LI><a href="#[cc]">&gt;&gt;</a>&nbsp;&nbsp;&nbsp;LF_AwakeUp
<LI><a href="#[10a]">&gt;&gt;</a>&nbsp;&nbsp;&nbsp;HAL_TIM_PWM_MspDeInit
<LI><a href="#[f8]">&gt;&gt;</a>&nbsp;&nbsp;&nbsp;HAL_TIM_IC_MspDeInit
</UL>

<P><STRONG><a name="[e6]"></a>HAL_NVIC_EnableIRQ</STRONG> (Thumb, 14 bytes, Stack size 0 bytes, stm32l0xx_hal_cortex.o(i.HAL_NVIC_EnableIRQ))
<BR><BR>[Called By]<UL><LI><a href="#[11b]">&gt;&gt;</a>&nbsp;&nbsp;&nbsp;HAL_UART_MspInit
<LI><a href="#[e4]">&gt;&gt;</a>&nbsp;&nbsp;&nbsp;HAL_RTC_MspInit
<LI><a href="#[cc]">&gt;&gt;</a>&nbsp;&nbsp;&nbsp;LF_AwakeUp
<LI><a href="#[128]">&gt;&gt;</a>&nbsp;&nbsp;&nbsp;HW_GPIO_SetIrq
<LI><a href="#[10c]">&gt;&gt;</a>&nbsp;&nbsp;&nbsp;HAL_TIM_PWM_MspInit
<LI><a href="#[fa]">&gt;&gt;</a>&nbsp;&nbsp;&nbsp;HAL_TIM_IC_MspInit
<LI><a href="#[15c]">&gt;&gt;</a>&nbsp;&nbsp;&nbsp;MX_DMA_Init
<LI><a href="#[147]">&gt;&gt;</a>&nbsp;&nbsp;&nbsp;Key_GPIO_INT_Init
</UL>

<P><STRONG><a name="[d1]"></a>HAL_NVIC_SetPriority</STRONG> (Thumb, 8 bytes, Stack size 8 bytes, stm32l0xx_hal_cortex.o(i.HAL_NVIC_SetPriority))
<BR><BR>[Stack]<UL><LI>Max Depth = 8<LI>Call Chain = HAL_NVIC_SetPriority
</UL>
<BR>[Calls]<UL><LI><a href="#[d2]">&gt;&gt;</a>&nbsp;&nbsp;&nbsp;NVIC_SetPriority
</UL>
<BR>[Called By]<UL><LI><a href="#[ce]">&gt;&gt;</a>&nbsp;&nbsp;&nbsp;HAL_InitTick
<LI><a href="#[11b]">&gt;&gt;</a>&nbsp;&nbsp;&nbsp;HAL_UART_MspInit
<LI><a href="#[e4]">&gt;&gt;</a>&nbsp;&nbsp;&nbsp;HAL_RTC_MspInit
<LI><a href="#[cf]">&gt;&gt;</a>&nbsp;&nbsp;&nbsp;HAL_MspInit
<LI><a href="#[128]">&gt;&gt;</a>&nbsp;&nbsp;&nbsp;HW_GPIO_SetIrq
<LI><a href="#[194]">&gt;&gt;</a>&nbsp;&nbsp;&nbsp;SystemClock_Config
<LI><a href="#[10c]">&gt;&gt;</a>&nbsp;&nbsp;&nbsp;HAL_TIM_PWM_MspInit
<LI><a href="#[fa]">&gt;&gt;</a>&nbsp;&nbsp;&nbsp;HAL_TIM_IC_MspInit
<LI><a href="#[15c]">&gt;&gt;</a>&nbsp;&nbsp;&nbsp;MX_DMA_Init
<LI><a href="#[147]">&gt;&gt;</a>&nbsp;&nbsp;&nbsp;Key_GPIO_INT_Init
</UL>

<P><STRONG><a name="[d3]"></a>HAL_RCCEx_GetPeriphCLKFreq</STRONG> (Thumb, 282 bytes, Stack size 24 bytes, stm32l0xx_hal_rcc_ex.o(i.HAL_RCCEx_GetPeriphCLKFreq))
<BR><BR>[Stack]<UL><LI>Max Depth = 44<LI>Call Chain = HAL_RCCEx_GetPeriphCLKFreq &rArr; HAL_RCC_GetSysClockFreq &rArr; __aeabi_uidivmod
</UL>
<BR>[Calls]<UL><LI><a href="#[d5]">&gt;&gt;</a>&nbsp;&nbsp;&nbsp;HAL_RCC_GetSysClockFreq
<LI><a href="#[d4]">&gt;&gt;</a>&nbsp;&nbsp;&nbsp;HAL_RCC_GetPCLK2Freq
<LI><a href="#[d6]">&gt;&gt;</a>&nbsp;&nbsp;&nbsp;HAL_RCC_GetPCLK1Freq
</UL>
<BR>[Called By]<UL><LI><a href="#[11d]">&gt;&gt;</a>&nbsp;&nbsp;&nbsp;UART_SetConfig
</UL>

<P><STRONG><a name="[d7]"></a>HAL_RCCEx_PeriphCLKConfig</STRONG> (Thumb, 342 bytes, Stack size 24 bytes, stm32l0xx_hal_rcc_ex.o(i.HAL_RCCEx_PeriphCLKConfig))
<BR><BR>[Stack]<UL><LI>Max Depth = 24<LI>Call Chain = HAL_RCCEx_PeriphCLKConfig
</UL>
<BR>[Calls]<UL><LI><a href="#[be]">&gt;&gt;</a>&nbsp;&nbsp;&nbsp;HAL_GetTick
</UL>
<BR>[Called By]<UL><LI><a href="#[194]">&gt;&gt;</a>&nbsp;&nbsp;&nbsp;SystemClock_Config
</UL>

<P><STRONG><a name="[d8]"></a>HAL_RCC_ClockConfig</STRONG> (Thumb, 340 bytes, Stack size 24 bytes, stm32l0xx_hal_rcc.o(i.HAL_RCC_ClockConfig))
<BR><BR>[Stack]<UL><LI>Max Depth = 44<LI>Call Chain = HAL_RCC_ClockConfig &rArr; HAL_InitTick &rArr; __aeabi_uidivmod
</UL>
<BR>[Calls]<UL><LI><a href="#[be]">&gt;&gt;</a>&nbsp;&nbsp;&nbsp;HAL_GetTick
<LI><a href="#[ce]">&gt;&gt;</a>&nbsp;&nbsp;&nbsp;HAL_InitTick
<LI><a href="#[d5]">&gt;&gt;</a>&nbsp;&nbsp;&nbsp;HAL_RCC_GetSysClockFreq
</UL>
[...]
</UL>

<P><STRONG><a name="[31]"></a>fputc</STRONG> (Thumb, 18 bytes, Stack size 16 bytes, common.o(i.fputc))
<BR><BR>[Stack]<UL><LI>Max Depth = 104<LI>Call Chain = fputc &rArr; HAL_UART_Transmit &rArr; UART_WaitOnFlagUntilTimeout
</UL>
<BR>[Calls]<UL><LI><a href="#[124]">&gt;&gt;</a>&nbsp;&nbsp;&nbsp;HAL_UART_Transmit
</UL>
<BR>[Address Reference Count : 1]<UL><LI> printf8.o(i.__0printf$8)
</UL>
<P><STRONG><a name="[23]"></a>main</STRONG> (Thumb, 148 bytes, Stack size 0 bytes, coo_main.o(i.main))
<BR><BR>[Stack]<UL><LI>Max Depth = 260<LI>Call Chain = main &rArr; Process_LoRa_Data &rArr; AwarePro_RF_Rec_Process &rArr; Process_Join_Cmd &rArr; Accept_Join_LoRa &rArr; Relay_Join_Resp &rArr; Add_RF_Frame_To_TX_Que &rArr; randr &rArr; rand1 &rArr; __aeabi_uidivmod
</UL>
<BR>[Calls]<UL><LI><a href="#[a0]">&gt;&gt;</a>&nbsp;&nbsp;&nbsp;HAL_Delay
<LI><a href="#[cd]">&gt;&gt;</a>&nbsp;&nbsp;&nbsp;HAL_Init
<LI><a href="#[13b]">&gt;&gt;</a>&nbsp;&nbsp;&nbsp;HW_RTC_Tick2ms
<LI><a href="#[12f]">&gt;&gt;</a>&nbsp;&nbsp;&nbsp;HW_RTC_Init
<LI><a href="#[12c]">&gt;&gt;</a>&nbsp;&nbsp;&nbsp;HW_RTC_GetTimerValue
<LI><a href="#[98]">&gt;&gt;</a>&nbsp;&nbsp;&nbsp;AwarePro_Run
<LI><a href="#[1aa]">&gt;&gt;</a>&nbsp;&nbsp;&nbsp;AwarePro_Join
<LI><a href="#[194]">&gt;&gt;</a>&nbsp;&nbsp;&nbsp;SystemClock_Config
<LI><a href="#[15d]">&gt;&gt;</a>&nbsp;&nbsp;&nbsp;MX_TIM21_Init
<LI><a href="#[9f]">&gt;&gt;</a>&nbsp;&nbsp;&nbsp;BSP_LSI_Calibrator
<LI><a href="#[1a9]">&gt;&gt;</a>&nbsp;&nbsp;&nbsp;BSP_Get_RTCFreq
<LI><a href="#[1a3]">&gt;&gt;</a>&nbsp;&nbsp;&nbsp;Uart_Enable
<LI><a href="#[197]">&gt;&gt;</a>&nbsp;&nbsp;&nbsp;Time_Init
<LI><a href="#[196]">&gt;&gt;</a>&nbsp;&nbsp;&nbsp;Systick_Event
<LI><a href="#[192]">&gt;&gt;</a>&nbsp;&nbsp;&nbsp;Store_UART_Data
<LI><a href="#[179]">&gt;&gt;</a>&nbsp;&nbsp;&nbsp;SPK_GPIO_Init
<LI><a href="#[176]">&gt;&gt;</a>&nbsp;&nbsp;&nbsp;RTC_Cali
<LI><a href="#[175]">&gt;&gt;</a>&nbsp;&nbsp;&nbsp;Pwr_Init
<LI><a href="#[173]">&gt;&gt;</a>&nbsp;&nbsp;&nbsp;Process_UART_Data
<LI><a href="#[171]">&gt;&gt;</a>&nbsp;&nbsp;&nbsp;Process_PWM_SPK
<LI><a href="#[170]">&gt;&gt;</a>&nbsp;&nbsp;&nbsp;Process_LoRa_Data
<LI><a href="#[16f]">&gt;&gt;</a>&nbsp;&nbsp;&nbsp;Process_LED_Event
<LI><a href="#[16e]">&gt;&gt;</a>&nbsp;&nbsp;&nbsp;Process_Key
<LI><a href="#[160]">&gt;&gt;</a>&nbsp;&nbsp;&nbsp;MX_USART1_UART_Init
<LI><a href="#[15c]">&gt;&gt;</a>&nbsp;&nbsp;&nbsp;MX_DMA_Init
<LI><a href="#[15b]">&gt;&gt;</a>&nbsp;&nbsp;&nbsp;MX_ADC_Init
<LI><a href="#[153]">&gt;&gt;</a>&nbsp;&nbsp;&nbsp;LoRa_Init
<LI><a href="#[14c]">&gt;&gt;</a>&nbsp;&nbsp;&nbsp;LED_GPIO_Init
<LI><a href="#[147]">&gt;&gt;</a>&nbsp;&nbsp;&nbsp;Key_GPIO_INT_Init
</UL>
<BR>[Address Reference Count : 1]<UL><LI> entry9a.o(.ARM.Collect$$$$0000000B)
</UL>
<P><STRONG><a name="[b2]"></a>osal_memcpy</STRONG> (Thumb, 16 bytes, Stack size 0 bytes, common.o(i.osal_memcpy))
<BR><BR>[Called By]<UL><LI><a href="#[b0]">&gt;&gt;</a>&nbsp;&nbsp;&nbsp;DevPro_Send
</UL>

<P><STRONG><a name="[142]"></a>osal_revmemcpy</STRONG> (Thumb, 18 bytes, Stack size 0 bytes, common.o(i.osal_revmemcpy))
<BR><BR>[Called By]<UL><LI><a href="#[33]">&gt;&gt;</a>&nbsp;&nbsp;&nbsp;Process_App_RF_Rec
<LI><a href="#[140]">&gt;&gt;</a>&nbsp;&nbsp;&nbsp;Init_SysConfig
</UL>

<P><STRONG><a name="[155]"></a>print_8_02x</STRONG> (Thumb, 38 bytes, Stack size 32 bytes, common.o(i.print_8_02x))
<BR><BR>[Stack]<UL><LI>Max Depth = 56<LI>Call Chain = print_8_02x &rArr; __2printf
</UL>
<BR>[Calls]<UL><LI><a href="#[73]">&gt;&gt;</a>&nbsp;&nbsp;&nbsp;__2printf
</UL>
<BR>[Called By]<UL><LI><a href="#[174]">&gt;&gt;</a>&nbsp;&nbsp;&nbsp;UART_AT_CMD_Process
<LI><a href="#[39]">&gt;&gt;</a>&nbsp;&nbsp;&nbsp;Process_App_RF_RT_Rec
<LI><a href="#[38]">&gt;&gt;</a>&nbsp;&nbsp;&nbsp;Node_Change
<LI><a href="#[153]">&gt;&gt;</a>&nbsp;&nbsp;&nbsp;LoRa_Init
</UL>

<P><STRONG><a name="[1ab]"></a>rand1</STRONG> (Thumb, 26 bytes, Stack size 8 bytes, aware_protocol.o(i.rand1))
<BR><BR>[Stack]<UL><LI>Max Depth = 20<LI>Call Chain = rand1 &rArr; __aeabi_uidivmod
</UL>
<BR>[Calls]<UL><LI><a href="#[6b]">&gt;&gt;</a>&nbsp;&nbsp;&nbsp;__aeabi_uidivmod
</UL>
<BR>[Called By]<UL><LI><a href="#[7a]">&gt;&gt;</a>&nbsp;&nbsp;&nbsp;randr
</UL>

<P><STRONG><a name="[7a]"></a>randr</STRONG> (Thumb, 22 bytes, Stack size 16 bytes, aware_protocol.o(i.randr))
<BR><BR>[Stack]<UL><LI>Max Depth = 36<LI>Call Chain = randr &rArr; rand1 &rArr; __aeabi_uidivmod
</UL>
<BR>[Calls]<UL><LI><a href="#[1ab]">&gt;&gt;</a>&nbsp;&nbsp;&nbsp;rand1
<LI><a href="#[6b]">&gt;&gt;</a>&nbsp;&nbsp;&nbsp;__aeabi_uidivmod
</UL>
<BR>[Called By]<UL><LI><a href="#[99]">&gt;&gt;</a>&nbsp;&nbsp;&nbsp;TX_RF_Data
<LI><a href="#[7b]">&gt;&gt;</a>&nbsp;&nbsp;&nbsp;AwarePro_Create_PID
<LI><a href="#[79]">&gt;&gt;</a>&nbsp;&nbsp;&nbsp;Add_RF_Frame_To_TX_Que
</UL>
<P>
<H3>
Local Symbols
</H3>
<P><STRONG><a name="[d2]"></a>NVIC_SetPriority</STRONG> (Thumb, 60 bytes, Stack size 0 bytes, stm32l0xx_hal_cortex.o(i.NVIC_SetPriority))
<BR><BR>[Called By]<UL><LI><a href="#[d0]">&gt;&gt;</a>&nbsp;&nbsp;&nbsp;HAL_SYSTICK_Config
<LI><a href="#[d1]">&gt;&gt;</a>&nbsp;&nbsp;&nbsp;HAL_NVIC_SetPriority
</UL>

<P><STRONG><a name="[c6]"></a>DMA_SetConfig</STRONG> (Thumb, 30 bytes, Stack size 8 bytes, stm32l0xx_hal_dma.o(i.DMA_SetConfig))
<BR><BR>[Stack]<UL><LI>Max Depth = 8<LI>Call Chain = DMA_SetConfig
</UL>
<BR>[Called By]<UL><LI><a href="#[c5]">&gt;&gt;</a>&nbsp;&nbsp;&nbsp;HAL_DMA_Start_IT
</UL>

<P><STRONG><a name="[fb]"></a>TIM_Base_SetConfig</STRONG> (Thumb, 70 bytes, Stack size 16 bytes, stm32l0xx_hal_tim.o(i.TIM_Base_SetConfig))
<BR><BR>[Stack]<UL><LI>Max Depth = 16<LI>Call Chain = TIM_Base_SetConfig
</UL>
<BR>[Called By]<UL><LI><a href="#[10b]">&gt;&gt;</a>&nbsp;&nbsp;&nbsp;HAL_TIM_PWM_Init
<LI><a href="#[f9]">&gt;&gt;</a>&nbsp;&nbsp;&nbsp;HAL_TIM_IC_Init
</UL>

<P><STRONG><a name="[fd]"></a>TIM_CCxChannelCmd</STRONG> (Thumb, 22 bytes, Stack size 8 bytes, stm32l0xx_hal_tim.o(i.TIM_CCxChannelCmd))
<BR><BR>[Stack]<UL><LI>Max Depth = 8<LI>Call Chain = TIM_CCxChannelCmd
</UL>
<BR>[Called By]<UL><LI><a href="#[10e]">&gt;&gt;</a>&nbsp;&nbsp;&nbsp;HAL_TIM_PWM_Stop
<LI><a href="#[10d]">&gt;&gt;</a>&nbsp;&nbsp;&nbsp;HAL_TIM_PWM_Start
<LI><a href="#[a2]">&gt;&gt;</a>&nbsp;&nbsp;&nbsp;HAL_TIM_IC_Stop_IT
<LI><a href="#[a1]">&gt;&gt;</a>&nbsp;&nbsp;&nbsp;HAL_TIM_IC_Start_IT
</UL>

<P><STRONG><a name="[105]"></a>TIM_OC1_SetConfig</STRONG> (Thumb, 48 bytes, Stack size 12 bytes, stm32l0xx_hal_tim.o(i.TIM_OC1_SetConfig))
<BR><BR>[Stack]<UL><LI>Max Depth = 12<LI>Call Chain = TIM_OC1_SetConfig
</UL>
<BR>[Called By]<UL><LI><a href="#[104]">&gt;&gt;</a>&nbsp;&nbsp;&nbsp;HAL_TIM_PWM_ConfigChannel
</UL>

<P><STRONG><a name="[106]"></a>TIM_OC2_SetConfig</STRONG> (Thumb, 50 bytes, Stack size 12 bytes, stm32l0xx_hal_tim.o(i.TIM_OC2_SetConfig))
<BR><BR>[Stack]<UL><LI>Max Depth = 12<LI>Call Chain = TIM_OC2_SetConfig
</UL>
<BR>[Called By]<UL><LI><a href="#[104]">&gt;&gt;</a>&nbsp;&nbsp;&nbsp;HAL_TIM_PWM_ConfigChannel
</UL>

<P><STRONG><a name="[107]"></a>TIM_OC3_SetConfig</STRONG> (Thumb, 54 bytes, Stack size 12 bytes, stm32l0xx_hal_tim.o(i.TIM_OC3_SetConfig))
<BR><BR>[Stack]<UL><LI>Max Depth = 12<LI>Call Chain = TIM_OC3_SetConfig
</UL>
<BR>[Called By]<UL><LI><a href="#[104]">&gt;&gt;</a>&nbsp;&nbsp;&nbsp;HAL_TIM_PWM_ConfigChannel
</UL>

<P><STRONG><a name="[108]"></a>TIM_OC4_SetConfig</STRONG> (Thumb, 54 bytes, Stack size 12 bytes, stm32l0xx_hal_tim.o(i.TIM_OC4_SetConfig))
<BR><BR>[Stack]<UL><LI>Max Depth = 12<LI>Call Chain = TIM_OC4_SetConfig
</UL>
<BR>[Called By]<UL><LI><a href="#[104]">&gt;&gt;</a>&nbsp;&nbsp;&nbsp;HAL_TIM_PWM_ConfigChannel
</UL>

<P><STRONG><a name="[f5]"></a>TIM_TI1_SetConfig</STRONG> (Thumb, 72 bytes, Stack size 16 bytes, stm32l0xx_hal_tim.o(i.TIM_TI1_SetConfig))
<BR><BR>[Stack]<UL><LI>Max Depth = 16<LI>Call Chain = TIM_TI1_SetConfig
</UL>
<BR>[Called By]<UL><LI><a href="#[f4]">&gt;&gt;</a>&nbsp;&nbsp;&nbsp;HAL_TIM_IC_ConfigChannel
</UL>

<P><STRONG><a name="[f6]"></a>TIM_TI2_SetConfig</STRONG> (Thumb, 52 bytes, Stack size 16 bytes, stm32l0xx_hal_tim.o(i.TIM_TI2_SetConfig))
<BR><BR>[Stack]<UL><LI>Max Depth = 16<LI>Call Chain = TIM_TI2_SetConfig
</UL>
<BR>[Called By]<UL><LI><a href="#[f4]">&gt;&gt;</a>&nbsp;&nbsp;&nbsp;HAL_TIM_IC_ConfigChannel
</UL>

<P><STRONG><a name="[bf]"></a>FLASH_SetErrorCode</STRONG> (Thumb, 134 bytes, Stack size 8 bytes, stm32l0xx_hal_flash.o(i.FLASH_SetErrorCode))
<BR><BR>[Stack]<UL><LI>Max Depth = 8<LI>Call Chain = FLASH_SetErrorCode
</UL>
<BR>[Called By]<UL><LI><a href="#[bd]">&gt;&gt;</a>&nbsp;&nbsp;&nbsp;FLASH_WaitForLastOperation
</UL>

<P><STRONG><a name="[26]"></a>UART_DMAAbortOnError</STRONG> (Thumb, 20 bytes, Stack size 8 bytes, stm32l0xx_hal_uart.o(i.UART_DMAAbortOnError))
<BR><BR>[Stack]<UL><LI>Max Depth = 8<LI>Call Chain = UART_DMAAbortOnError
</UL>
<BR>[Calls]<UL><LI><a href="#[116]">&gt;&gt;</a>&nbsp;&nbsp;&nbsp;HAL_UART_ErrorCallback
</UL>
<BR>[Address Reference Count : 1]<UL><LI> stm32l0xx_hal_uart.o(i.HAL_UART_IRQHandler)
</UL>
<P><STRONG><a name="[29]"></a>UART_DMAError</STRONG> (Thumb, 74 bytes, Stack size 16 bytes, stm32l0xx_hal_uart.o(i.UART_DMAError))
<BR><BR>[Stack]<UL><LI>Max Depth = 16<LI>Call Chain = UART_DMAError
</UL>
<BR>[Calls]<UL><LI><a href="#[116]">&gt;&gt;</a>&nbsp;&nbsp;&nbsp;HAL_UART_ErrorCallback
<LI><a href="#[111]">&gt;&gt;</a>&nbsp;&nbsp;&nbsp;UART_EndTxTransfer
<LI><a href="#[112]">&gt;&gt;</a>&nbsp;&nbsp;&nbsp;UART_EndRxTransfer
</UL>
<BR>[Address Reference Count : 1]<UL><LI> stm32l0xx_hal_uart.o(i.HAL_UART_Receive_DMA)
</UL>
<P><STRONG><a name="[27]"></a>UART_DMAReceiveCplt</STRONG> (Thumb, 64 bytes, Stack size 8 bytes, stm32l0xx_hal_uart.o(i.UART_DMAReceiveCplt))
<BR><BR>[Stack]<UL><LI>Max Depth = 8<LI>Call Chain = UART_DMAReceiveCplt
</UL>
<BR>[Calls]<UL><LI><a href="#[1a1]">&gt;&gt;</a>&nbsp;&nbsp;&nbsp;HAL_UART_RxCpltCallback
</UL>
<BR>[Address Reference Count : 1]<UL><LI> stm32l0xx_hal_uart.o(i.HAL_UART_Receive_DMA)
</UL>
<P><STRONG><a name="[28]"></a>UART_DMARxHalfCplt</STRONG> (Thumb, 10 bytes, Stack size 8 bytes, stm32l0xx_hal_uart.o(i.UART_DMARxHalfCplt))
<BR><BR>[Stack]<UL><LI>Max Depth = 8<LI>Call Chain = UART_DMARxHalfCplt
</UL>
<BR>[Calls]<UL><LI><a href="#[1a2]">&gt;&gt;</a>&nbsp;&nbsp;&nbsp;HAL_UART_RxHalfCpltCallback
</UL>
<BR>[Address Reference Count : 1]<UL><LI> stm32l0xx_hal_uart.o(i.HAL_UART_Receive_DMA)
</UL>
<P><STRONG><a name="[112]"></a>UART_EndRxTransfer</STRONG> (Thumb, 30 bytes, Stack size 0 bytes, stm32l0xx_hal_uart.o(i.UART_EndRxTransfer))
<BR><BR>[Called By]<UL><LI><a href="#[113]">&gt;&gt;</a>&nbsp;&nbsp;&nbsp;HAL_UART_IRQHandler
<LI><a href="#[110]">&gt;&gt;</a>&nbsp;&nbsp;&nbsp;HAL_UART_DMAStop
<LI><a href="#[29]">&gt;&gt;</a>&nbsp;&nbsp;&nbsp;UART_DMAError
</UL>

<P><STRONG><a name="[111]"></a>UART_EndTxTransfer</STRONG> (Thumb, 18 bytes, Stack size 0 bytes, stm32l0xx_hal_uart.o(i.UART_EndTxTransfer))
<BR><BR>[Called By]<UL><LI><a href="#[110]">&gt;&gt;</a>&nbsp;&nbsp;&nbsp;HAL_UART_DMAStop
<LI><a href="#[29]">&gt;&gt;</a>&nbsp;&nbsp;&nbsp;UART_DMAError
</UL>

<P><STRONG><a name="[114]"></a>UART_Receive_IT</STRONG> (Thumb, 126 bytes, Stack size 16 bytes, stm32l0xx_hal_uart.o(i.UART_Receive_IT))
<BR><BR>[Stack]<UL><LI>Max Depth = 16<LI>Call Chain = UART_Receive_IT
</UL>
<BR>[Calls]<UL><LI><a href="#[1a1]">&gt;&gt;</a>&nbsp;&nbsp;&nbsp;HAL_UART_RxCpltCallback
</UL>
<BR>[Called By]<UL><LI><a href="#[113]">&gt;&gt;</a>&nbsp;&nbsp;&nbsp;HAL_UART_IRQHandler
</UL>

<P><STRONG><a name="[118]"></a>UART_Transmit_IT</STRONG> (Thumb, 102 bytes, Stack size 0 bytes, stm32l0xx_hal_uart.o(i.UART_Transmit_IT))
<BR><BR>[Called By]<UL><LI><a href="#[113]">&gt;&gt;</a>&nbsp;&nbsp;&nbsp;HAL_UART_IRQHandler
</UL>

<P><STRONG><a name="[da]"></a>RCC_SetFlashLatencyFromMSIRange</STRONG> (Thumb, 94 bytes, Stack size 16 bytes, stm32l0xx_hal_rcc.o(i.RCC_SetFlashLatencyFromMSIRange))
<BR><BR>[Stack]<UL><LI>Max Depth = 16<LI>Call Chain = RCC_SetFlashLatencyFromMSIRange
</UL>
<BR>[Called By]<UL><LI><a href="#[d9]">&gt;&gt;</a>&nbsp;&nbsp;&nbsp;HAL_RCC_OscConfig
</UL>

<P><STRONG><a name="[ef]"></a>SPI_WaitOnFlagUntilTimeout</STRONG> (Thumb, 178 bytes, Stack size 24 bytes, stm32l0xx_hal_spi.o(i.SPI_WaitOnFlagUntilTimeout))
<BR><BR>[Stack]<UL><LI>Max Depth = 24<LI>Call Chain = SPI_WaitOnFlagUntilTimeout
</UL>
<BR>[Calls]<UL><LI><a href="#[be]">&gt;&gt;</a>&nbsp;&nbsp;&nbsp;HAL_GetTick
</UL>
<BR>[Called By]<UL><LI><a href="#[ee]">&gt;&gt;</a>&nbsp;&nbsp;&nbsp;HAL_SPI_TransmitReceive
</UL>

<P><STRONG><a name="[6a]"></a>ADC_DelayMicroSecond</STRONG> (Thumb, 28 bytes, Stack size 16 bytes, stm32l0xx_hal_adc.o(i.ADC_DelayMicroSecond))
<BR><BR>[Stack]<UL><LI>Max Depth = 28<LI>Call Chain = ADC_DelayMicroSecond &rArr; __aeabi_uidivmod
</UL>
<BR>[Calls]<UL><LI><a href="#[6b]">&gt;&gt;</a>&nbsp;&nbsp;&nbsp;__aeabi_uidivmod
</UL>
<BR>[Called By]<UL><LI><a href="#[c0]">&gt;&gt;</a>&nbsp;&nbsp;&nbsp;HAL_ADC_ConfigChannel
</UL>

<P><STRONG><a name="[a8]"></a>Check_Sum</STRONG> (Thumb, 26 bytes, Stack size 8 bytes, common.o(i.Check_Sum))
<BR><BR>[Stack]<UL><LI>Max Depth = 8<LI>Call Chain = Check_Sum
</UL>
<BR>[Called By]<UL><LI><a href="#[b5]">&gt;&gt;</a>&nbsp;&nbsp;&nbsp;Write_App_NV
<LI><a href="#[b0]">&gt;&gt;</a>&nbsp;&nbsp;&nbsp;DevPro_Send
<LI><a href="#[a7]">&gt;&gt;</a>&nbsp;&nbsp;&nbsp;Check_APP_NV_Para
</UL>

<P><STRONG><a name="[b7]"></a>NVIC_SystemReset</STRONG> (Thumb, 18 bytes, Stack size 0 bytes, common.o(i.NVIC_SystemReset))
<BR><BR>[Called By]<UL><LI><a href="#[b4]">&gt;&gt;</a>&nbsp;&nbsp;&nbsp;Dev_Event
</UL>

<P><STRONG><a name="[30]"></a>OnPollData</STRONG> (Thumb, 2 bytes, Stack size 0 bytes, common.o(i.OnPollData))
<BR>[Address Reference Count : 1]<UL><LI> common.o(i.Time_Init)
</UL>
<P><STRONG><a name="[127]"></a>HW_GPIO_GetBitPos</STRONG> (Thumb, 42 bytes, Stack size 0 bytes, hw_gpio.o(i.HW_GPIO_GetBitPos))
<BR><BR>[Called By]<UL><LI><a href="#[128]">&gt;&gt;</a>&nbsp;&nbsp;&nbsp;HW_GPIO_SetIrq
<LI><a href="#[c9]">&gt;&gt;</a>&nbsp;&nbsp;&nbsp;HW_GPIO_IrqHandler
</UL>

<P><STRONG><a name="[12d]"></a>HW_RTC_GetCalendarValue</STRONG> (Thumb, 168 bytes, Stack size 24 bytes, hw_rtc.o(i.HW_RTC_GetCalendarValue))
<BR><BR>[Stack]<UL><LI>Max Depth = 36<LI>Call Chain = HW_RTC_GetCalendarValue &rArr; HAL_RTC_GetTime
</UL>
<BR>[Calls]<UL><LI><a href="#[e2]">&gt;&gt;</a>&nbsp;&nbsp;&nbsp;HAL_RTC_GetTime
<LI><a href="#[e0]">&gt;&gt;</a>&nbsp;&nbsp;&nbsp;HAL_RTC_GetDate
</UL>
<BR>[Called By]<UL><LI><a href="#[131]">&gt;&gt;</a>&nbsp;&nbsp;&nbsp;HW_RTC_SetTimerContext
<LI><a href="#[12c]">&gt;&gt;</a>&nbsp;&nbsp;&nbsp;HW_RTC_GetTimerValue
<LI><a href="#[12e]">&gt;&gt;</a>&nbsp;&nbsp;&nbsp;HW_RTC_GetTimerElapsedTime
</UL>

<P><STRONG><a name="[130]"></a>HW_RTC_SetConfig</STRONG> (Thumb, 84 bytes, Stack size 32 bytes, hw_rtc.o(i.HW_RTC_SetConfig))
<BR><BR>[Stack]<UL><LI>Max Depth = 72<LI>Call Chain = HW_RTC_SetConfig &rArr; HAL_RTC_SetTime &rArr; RTC_EnterInitMode
</UL>
<BR>[Calls]<UL><LI><a href="#[eb]">&gt;&gt;</a>&nbsp;&nbsp;&nbsp;HAL_RTC_SetTime
<LI><a href="#[e9]">&gt;&gt;</a>&nbsp;&nbsp;&nbsp;HAL_RTC_SetDate
<LI><a href="#[e3]">&gt;&gt;</a>&nbsp;&nbsp;&nbsp;HAL_RTC_Init
<LI><a href="#[138]">&gt;&gt;</a>&nbsp;&nbsp;&nbsp;HAL_RTCEx_EnableBypassShadow
</UL>
<BR>[Called By]<UL><LI><a href="#[12f]">&gt;&gt;</a>&nbsp;&nbsp;&nbsp;HW_RTC_Init
</UL>

<P><STRONG><a name="[137]"></a>HW_RTC_StartWakeUpAlarm</STRONG> (Thumb, 264 bytes, Stack size 48 bytes, hw_rtc.o(i.HW_RTC_StartWakeUpAlarm))
<BR><BR>[Stack]<UL><LI>Max Depth = 80<LI>Call Chain = HW_RTC_StartWakeUpAlarm &rArr; HAL_RTC_SetAlarm_IT
</UL>
<BR>[Calls]<UL><LI><a href="#[e7]">&gt;&gt;</a>&nbsp;&nbsp;&nbsp;HAL_RTC_SetAlarm_IT
<LI><a href="#[13a]">&gt;&gt;</a>&nbsp;&nbsp;&nbsp;HW_RTC_StopAlarm
<LI><a href="#[139]">&gt;&gt;</a>&nbsp;&nbsp;&nbsp;__aeabi_memcpy4
<LI><a href="#[6b]">&gt;&gt;</a>&nbsp;&nbsp;&nbsp;__aeabi_uidivmod
</UL>
<BR>[Called By]<UL><LI><a href="#[134]">&gt;&gt;</a>&nbsp;&nbsp;&nbsp;HW_RTC_SetAlarm
</UL>

<P><STRONG><a name="[18c]"></a>GetFskBandwidthRegValue</STRONG> (Thumb, 40 bytes, Stack size 8 bytes, sx1276.o(i.GetFskBandwidthRegValue))
<BR><BR>[Stack]<UL><LI>Max Depth = 8<LI>Call Chain = GetFskBandwidthRegValue
</UL>
<BR>[Called By]<UL><LI><a href="#[43]">&gt;&gt;</a>&nbsp;&nbsp;&nbsp;SX1276SetRxConfig
</UL>

<P><STRONG><a name="[178]"></a>RxChainCalibration</STRONG> (Thumb, 138 bytes, Stack size 16 bytes, sx1276.o(i.RxChainCalibration))
<BR><BR>[Stack]<UL><LI>Max Depth = 136<LI>Call Chain = RxChainCalibration &rArr; SX1276SetChannel &rArr; SX1276Write &rArr; SX1276WriteBuffer &rArr; HW_SPI_InOut &rArr; HAL_SPI_TransmitReceive &rArr; SPI_WaitOnFlagUntilTimeout
</UL>
<BR>[Calls]<UL><LI><a href="#[4e]">&gt;&gt;</a>&nbsp;&nbsp;&nbsp;SX1276Write
<LI><a href="#[40]">&gt;&gt;</a>&nbsp;&nbsp;&nbsp;SX1276SetChannel
<LI><a href="#[4f]">&gt;&gt;</a>&nbsp;&nbsp;&nbsp;SX1276Read
</UL>
<BR>[Called By]<UL><LI><a href="#[3d]">&gt;&gt;</a>&nbsp;&nbsp;&nbsp;SX1276Init
</UL>

<P><STRONG><a name="[198]"></a>TimerInsertNewHeadTimer</STRONG> (Thumb, 24 bytes, Stack size 8 bytes, timeserver.o(i.TimerInsertNewHeadTimer))
<BR><BR>[Stack]<UL><LI>Max Depth = 120<LI>Call Chain = TimerInsertNewHeadTimer &rArr; TimerSetTimeout &rArr; HW_RTC_SetAlarm &rArr; HW_RTC_StartWakeUpAlarm &rArr; HAL_RTC_SetAlarm_IT
</UL>
<BR>[Calls]<UL><LI><a href="#[199]">&gt;&gt;</a>&nbsp;&nbsp;&nbsp;TimerSetTimeout
</UL>
<BR>[Called By]<UL><LI><a href="#[181]">&gt;&gt;</a>&nbsp;&nbsp;&nbsp;TimerStart
</UL>

<P><STRONG><a name="[199]"></a>TimerSetTimeout</STRONG> (Thumb, 44 bytes, Stack size 16 bytes, timeserver.o(i.TimerSetTimeout))
<BR><BR>[Stack]<UL><LI>Max Depth = 112<LI>Call Chain = TimerSetTimeout &rArr; HW_RTC_SetAlarm &rArr; HW_RTC_StartWakeUpAlarm &rArr; HAL_RTC_SetAlarm_IT
</UL>
<BR>[Calls]<UL><LI><a href="#[134]">&gt;&gt;</a>&nbsp;&nbsp;&nbsp;HW_RTC_SetAlarm
<LI><a href="#[12e]">&gt;&gt;</a>&nbsp;&nbsp;&nbsp;HW_RTC_GetTimerElapsedTime
<LI><a href="#[19b]">&gt;&gt;</a>&nbsp;&nbsp;&nbsp;HW_RTC_GetMinimumTimeout
</UL>
<BR>[Called By]<UL><LI><a href="#[198]">&gt;&gt;</a>&nbsp;&nbsp;&nbsp;TimerInsertNewHeadTimer
<LI><a href="#[180]">&gt;&gt;</a>&nbsp;&nbsp;&nbsp;TimerStop
<LI><a href="#[dc]">&gt;&gt;</a>&nbsp;&nbsp;&nbsp;TimerIrqHandler
</UL>

<P><STRONG><a name="[150]"></a>Delaymm</STRONG> (Thumb, 12 bytes, Stack size 0 bytes, lf_as3932.o(i.Delaymm))
<BR><BR>[Called By]<UL><LI><a href="#[14f]">&gt;&gt;</a>&nbsp;&nbsp;&nbsp;LF_Write_Command
<LI><a href="#[14e]">&gt;&gt;</a>&nbsp;&nbsp;&nbsp;LF_Read_Register
<LI><a href="#[151]">&gt;&gt;</a>&nbsp;&nbsp;&nbsp;LF_SPI_Write
</UL>

<P><STRONG><a name="[151]"></a>LF_SPI_Write</STRONG> (Thumb, 66 bytes, Stack size 16 bytes, lf_as3932.o(i.LF_SPI_Write))
<BR><BR>[Stack]<UL><LI>Max Depth = 16<LI>Call Chain = LF_SPI_Write
</UL>
<BR>[Calls]<UL><LI><a href="#[c3]">&gt;&gt;</a>&nbsp;&nbsp;&nbsp;HAL_GPIO_WritePin
<LI><a href="#[150]">&gt;&gt;</a>&nbsp;&nbsp;&nbsp;Delaymm
</UL>
<BR>[Called By]<UL><LI><a href="#[14f]">&gt;&gt;</a>&nbsp;&nbsp;&nbsp;LF_Write_Command
<LI><a href="#[14e]">&gt;&gt;</a>&nbsp;&nbsp;&nbsp;LF_Read_Register
</UL>

<P><STRONG><a name="[1a5]"></a>_printf_core</STRONG> (Thumb, 1020 bytes, Stack size 104 bytes, printf8.o(i._printf_core), UNUSED)
<BR><BR>[Calls]<UL><LI><a href="#[1a6]">&gt;&gt;</a>&nbsp;&nbsp;&nbsp;_printf_pre_padding
<LI><a href="#[1a7]">&gt;&gt;</a>&nbsp;&nbsp;&nbsp;_printf_post_padding
<LI><a href="#[56]">&gt;&gt;</a>&nbsp;&nbsp;&nbsp;__aeabi_uldivmod
</UL>
<BR>[Called By]<UL><LI><a href="#[1a4]">&gt;&gt;</a>&nbsp;&nbsp;&nbsp;__0printf$8
</UL>

<P><STRONG><a name="[1a7]"></a>_printf_post_padding</STRONG> (Thumb, 32 bytes, Stack size 24 bytes, printf8.o(i._printf_post_padding), UNUSED)
<BR><BR>[Called By]<UL><LI><a href="#[1a5]">&gt;&gt;</a>&nbsp;&nbsp;&nbsp;_printf_core
</UL>

<P><STRONG><a name="[1a6]"></a>_printf_pre_padding</STRONG> (Thumb, 44 bytes, Stack size 40 bytes, printf8.o(i._printf_pre_padding), UNUSED)
<BR><BR>[Called By]<UL><LI><a href="#[1a5]">&gt;&gt;</a>&nbsp;&nbsp;&nbsp;_printf_core
</UL>
<P>
<H3>
Undefined Global Symbols
</H3><HR></body></html>
