Component: ARM Compiler 5.06 update 1 (build 61) Tool: armlink [4d35a8]

==============================================================================

Section Cross References

    stm32l0xx_hal_flash_ex.o(i.FLASH_OB_ProtectedSectorsConfig) refers to stm32l0xx_hal_flash.o(i.FLASH_WaitForLastOperation) for FLASH_WaitForLastOperation
    stm32l0xx_hal_flash_ex.o(i.FLASH_OB_ProtectedSectorsConfig) refers to stm32l0xx_hal_flash.o(.bss) for pFlash
    stm32l0xx_hal_flash_ex.o(i.FLASH_PageErase) refers to stm32l0xx_hal_flash.o(.bss) for pFlash
    stm32l0xx_hal_flash_ex.o(i.HAL_FLASHEx_AdvOBProgram) refers to stm32l0xx_hal_flash_ex.o(i.FLASH_OB_ProtectedSectorsConfig) for FLASH_OB_ProtectedSectorsConfig
    stm32l0xx_hal_flash_ex.o(i.HAL_FLASHEx_DATAEEPROM_Erase) refers to stm32l0xx_hal_flash.o(i.FLASH_WaitForLastOperation) for FLASH_WaitForLastOperation
    stm32l0xx_hal_flash_ex.o(i.HAL_FLASHEx_DATAEEPROM_Erase) refers to stm32l0xx_hal_flash.o(.bss) for pFlash
    stm32l0xx_hal_flash_ex.o(i.HAL_FLASHEx_DATAEEPROM_Program) refers to stm32l0xx_hal_flash.o(i.FLASH_WaitForLastOperation) for FLASH_WaitForLastOperation
    stm32l0xx_hal_flash_ex.o(i.HAL_FLASHEx_DATAEEPROM_Program) refers to stm32l0xx_hal_flash.o(.bss) for pFlash
    stm32l0xx_hal_flash_ex.o(i.HAL_FLASHEx_Erase) refers to stm32l0xx_hal_flash.o(i.FLASH_WaitForLastOperation) for FLASH_WaitForLastOperation
    stm32l0xx_hal_flash_ex.o(i.HAL_FLASHEx_Erase) refers to stm32l0xx_hal_flash_ex.o(i.FLASH_PageErase) for FLASH_PageErase
    stm32l0xx_hal_flash_ex.o(i.HAL_FLASHEx_Erase) refers to stm32l0xx_hal_flash.o(.bss) for pFlash
    stm32l0xx_hal_flash_ex.o(i.HAL_FLASHEx_Erase_IT) refers to stm32l0xx_hal_flash.o(i.FLASH_WaitForLastOperation) for FLASH_WaitForLastOperation
    stm32l0xx_hal_flash_ex.o(i.HAL_FLASHEx_Erase_IT) refers to stm32l0xx_hal_flash_ex.o(i.FLASH_PageErase) for FLASH_PageErase
    stm32l0xx_hal_flash_ex.o(i.HAL_FLASHEx_Erase_IT) refers to stm32l0xx_hal_flash.o(.bss) for pFlash
    stm32l0xx_hal_flash_ex.o(i.HAL_FLASHEx_OBProgram) refers to stm32l0xx_hal_flash_ex.o(i.FLASH_OB_ProtectedSectorsConfig) for FLASH_OB_ProtectedSectorsConfig
    stm32l0xx_hal_flash_ex.o(i.HAL_FLASHEx_OBProgram) refers to stm32l0xx_hal_flash.o(i.FLASH_WaitForLastOperation) for FLASH_WaitForLastOperation
    stm32l0xx_hal_flash_ex.o(i.HAL_FLASHEx_OBProgram) refers to stm32l0xx_hal_flash.o(.bss) for pFlash
    stm32l0xx_hal_flash_ex.o(i.HAL_FLASHEx_OB_DeSelectPCROP) refers to stm32l0xx_hal_flash.o(i.FLASH_WaitForLastOperation) for FLASH_WaitForLastOperation
    stm32l0xx_hal_flash_ex.o(i.HAL_FLASHEx_OB_DeSelectPCROP) refers to stm32l0xx_hal_flash.o(.bss) for pFlash
    stm32l0xx_hal_flash_ex.o(i.HAL_FLASHEx_OB_SelectPCROP) refers to stm32l0xx_hal_flash.o(i.FLASH_WaitForLastOperation) for FLASH_WaitForLastOperation
    stm32l0xx_hal_flash_ex.o(i.HAL_FLASHEx_OB_SelectPCROP) refers to stm32l0xx_hal_flash.o(.bss) for pFlash
    stm32l0xx_hal_cortex.o(i.HAL_NVIC_SetPriority) refers to stm32l0xx_hal_cortex.o(i.NVIC_SetPriority) for NVIC_SetPriority
    stm32l0xx_hal_cortex.o(i.HAL_SYSTICK_Config) refers to stm32l0xx_hal_cortex.o(i.NVIC_SetPriority) for NVIC_SetPriority
    stm32l0xx_hal_cortex.o(i.HAL_SYSTICK_IRQHandler) refers to common.o(i.HAL_SYSTICK_Callback) for HAL_SYSTICK_Callback
    stm32l0xx_hal_dma.o(i.HAL_DMA_Abort) refers to stm32l0xx_hal.o(i.HAL_GetTick) for HAL_GetTick
    stm32l0xx_hal_dma.o(i.HAL_DMA_PollForTransfer) refers to stm32l0xx_hal.o(i.HAL_GetTick) for HAL_GetTick
    stm32l0xx_hal_dma.o(i.HAL_DMA_Start) refers to stm32l0xx_hal_dma.o(i.DMA_SetConfig) for DMA_SetConfig
    stm32l0xx_hal_dma.o(i.HAL_DMA_Start_IT) refers to stm32l0xx_hal_dma.o(i.DMA_SetConfig) for DMA_SetConfig
    stm32l0xx_hal_pwr.o(i.HAL_PWR_PVD_IRQHandler) refers to stm32l0xx_hal_pwr.o(i.HAL_PWR_PVDCallback) for HAL_PWR_PVDCallback
    stm32l0xx_hal_tim.o(i.HAL_TIM_Base_DeInit) refers to tim.o(i.HAL_TIM_Base_MspDeInit) for HAL_TIM_Base_MspDeInit
    stm32l0xx_hal_tim.o(i.HAL_TIM_Base_Init) refers to tim.o(i.HAL_TIM_Base_MspInit) for HAL_TIM_Base_MspInit
    stm32l0xx_hal_tim.o(i.HAL_TIM_Base_Init) refers to stm32l0xx_hal_tim.o(i.TIM_Base_SetConfig) for TIM_Base_SetConfig
    stm32l0xx_hal_tim.o(i.HAL_TIM_Base_Start_DMA) refers to stm32l0xx_hal_dma.o(i.HAL_DMA_Start_IT) for HAL_DMA_Start_IT
    stm32l0xx_hal_tim.o(i.HAL_TIM_Base_Start_DMA) refers to stm32l0xx_hal_tim.o(i.TIM_DMAPeriodElapsedCplt) for TIM_DMAPeriodElapsedCplt
    stm32l0xx_hal_tim.o(i.HAL_TIM_Base_Start_DMA) refers to stm32l0xx_hal_tim.o(i.TIM_DMAError) for TIM_DMAError
    stm32l0xx_hal_tim.o(i.HAL_TIM_ConfigClockSource) refers to stm32l0xx_hal_tim.o(i.TIM_ETR_SetConfig) for TIM_ETR_SetConfig
    stm32l0xx_hal_tim.o(i.HAL_TIM_ConfigClockSource) refers to stm32l0xx_hal_tim.o(i.TIM_TI1_ConfigInputStage) for TIM_TI1_ConfigInputStage
    stm32l0xx_hal_tim.o(i.HAL_TIM_ConfigClockSource) refers to stm32l0xx_hal_tim.o(i.TIM_TI2_ConfigInputStage) for TIM_TI2_ConfigInputStage
[...]
    Check_APP_NV_Para                        0x080012c1   Thumb Code    42  common.o(i.Check_APP_NV_Para)
    Check_NV_Para                            0x080012f1   Thumb Code    38  aware_protocol.o(i.Check_NV_Para)
    Check_Sum                                0x08001337   Thumb Code    26  aware_protocol.o(i.Check_Sum)
    DMA1_Channel2_3_IRQHandler               0x08001351   Thumb Code    10  stm32l0xx_it.o(i.DMA1_Channel2_3_IRQHandler)
    Davail_DeInit                            0x08001381   Thumb Code    28  orh_uart.o(i.Davail_DeInit)
    Davail_Input                             0x080013a5   Thumb Code    46  orh_uart.o(i.Davail_Input)
    Delete_App_NV                            0x080013e9   Thumb Code    14  common.o(i.Delete_App_NV)
    Delete_NV                                0x080013fd   Thumb Code    14  flash.o(i.Delete_NV)
    DevPro_Send                              0x08001411   Thumb Code   100  common.o(i.DevPro_Send)
    Dev_Event                                0x0800147d   Thumb Code   192  common.o(i.Dev_Event)
    Dev_Leave_Req                            0x08001545   Thumb Code   100  aware_protocol.o(i.Dev_Leave_Req)
    EXTI0_1_IRQHandler                       0x080015b5   Thumb Code    16  common.o(i.EXTI0_1_IRQHandler)
    EXTI2_3_IRQHandler                       0x080015c5   Thumb Code    16  common.o(i.EXTI2_3_IRQHandler)
    EXTI4_15_IRQHandler                      0x080015d5   Thumb Code    92  common.o(i.EXTI4_15_IRQHandler)
    Erase_Block_Flash                        0x08001631   Thumb Code    32  flash.o(i.Erase_Block_Flash)
    Erase_NodeTable                          0x08001651   Thumb Code    16  flash.o(i.Erase_NodeTable)
    FLASH_WaitForLastOperation               0x080016f5   Thumb Code   106  stm32l0xx_hal_flash.o(i.FLASH_WaitForLastOperation)
    Get_Empty_RoutTable                      0x08001791   Thumb Code    86  aware_protocol.o(i.Get_Empty_RoutTable)
    Get_Node_Entry                           0x080017f1   Thumb Code    54  aware_protocol.o(i.Get_Node_Entry)
    Get_NwkAddr_Entry                        0x08001831   Thumb Code    40  aware_protocol.o(i.Get_NwkAddr_Entry)
    Get_TagSN                                0x0800185d   Thumb Code    34  common.o(i.Get_TagSN)
    HAL_ADC_ConfigChannel                    0x08001885   Thumb Code   140  stm32l0xx_hal_adc.o(i.HAL_ADC_ConfigChannel)
    HAL_ADC_Init                             0x08001919   Thumb Code   442  stm32l0xx_hal_adc.o(i.HAL_ADC_Init)
    HAL_ADC_MspInit                          0x08001add   Thumb Code    74  common.o(i.HAL_ADC_MspInit)
    HAL_DMA_Abort                            0x08001b31   Thumb Code    76  stm32l0xx_hal_dma.o(i.HAL_DMA_Abort)
    HAL_DMA_Abort_IT                         0x08001b7d   Thumb Code   148  stm32l0xx_hal_dma.o(i.HAL_DMA_Abort_IT)
    HAL_DMA_DeInit                           0x08001c15   Thumb Code   464  stm32l0xx_hal_dma.o(i.HAL_DMA_DeInit)
    HAL_DMA_IRQHandler                       0x08001de9   Thumb Code   634  stm32l0xx_hal_dma.o(i.HAL_DMA_IRQHandler)
    HAL_DMA_Init                             0x08002069   Thumb Code   254  stm32l0xx_hal_dma.o(i.HAL_DMA_Init)
    HAL_DMA_Start_IT                         0x08002171   Thumb Code    78  stm32l0xx_hal_dma.o(i.HAL_DMA_Start_IT)
    HAL_Delay                                0x080021bf   Thumb Code    22  stm32l0xx_hal.o(i.HAL_Delay)
    HAL_FLASHEx_DATAEEPROM_Erase             0x080021d5   Thumb Code    30  stm32l0xx_hal_flash_ex.o(i.HAL_FLASHEx_DATAEEPROM_Erase)
    HAL_FLASHEx_DATAEEPROM_Lock              0x080021fd   Thumb Code    14  stm32l0xx_hal_flash_ex.o(i.HAL_FLASHEx_DATAEEPROM_Lock)
    HAL_FLASHEx_DATAEEPROM_Program           0x08002211   Thumb Code    76  stm32l0xx_hal_flash_ex.o(i.HAL_FLASHEx_DATAEEPROM_Program)
    HAL_FLASHEx_DATAEEPROM_Unlock            0x08002265   Thumb Code    24  stm32l0xx_hal_flash_ex.o(i.HAL_FLASHEx_DATAEEPROM_Unlock)
    HAL_GPIO_DeInit                          0x08002289   Thumb Code   202  stm32l0xx_hal_gpio.o(i.HAL_GPIO_DeInit)
    HAL_GPIO_EXTI_Callback                   0x0800236d   Thumb Code    96  hw_gpio.o(i.HAL_GPIO_EXTI_Callback)
    HAL_GPIO_EXTI_IRQHandler                 0x080023e9   Thumb Code    18  stm32l0xx_hal_gpio.o(i.HAL_GPIO_EXTI_IRQHandler)
    HAL_GPIO_Init                            0x08002401   Thumb Code   346  stm32l0xx_hal_gpio.o(i.HAL_GPIO_Init)
    HAL_GPIO_ReadPin                         0x08002579   Thumb Code    10  stm32l0xx_hal_gpio.o(i.HAL_GPIO_ReadPin)
    HAL_GPIO_TogglePin                       0x08002583   Thumb Code     8  stm32l0xx_hal_gpio.o(i.HAL_GPIO_TogglePin)
    HAL_GPIO_WritePin                        0x0800258b   Thumb Code    12  stm32l0xx_hal_gpio.o(i.HAL_GPIO_WritePin)
    HAL_GetTick                              0x08002599   Thumb Code     6  stm32l0xx_hal.o(i.HAL_GetTick)
    HAL_IncTick                              0x080025a5   Thumb Code    10  stm32l0xx_hal.o(i.HAL_IncTick)
    HAL_Init                                 0x080025b5   Thumb Code    26  stm32l0xx_hal.o(i.HAL_Init)
    HAL_InitTick                             0x080025d5   Thumb Code    34  stm32l0xx_hal.o(i.HAL_InitTick)
    HAL_MspInit                              0x080025fd   Thumb Code    52  stm32l0xx_hal_msp.o(i.HAL_MspInit)
    HAL_NVIC_DisableIRQ                      0x08002635   Thumb Code    14  stm32l0xx_hal_cortex.o(i.HAL_NVIC_DisableIRQ)
    HAL_NVIC_EnableIRQ                       0x08002649   Thumb Code    14  stm32l0xx_hal_cortex.o(i.HAL_NVIC_EnableIRQ)
    HAL_NVIC_SetPriority                     0x0800265d   Thumb Code     8  stm32l0xx_hal_cortex.o(i.HAL_NVIC_SetPriority)
    HAL_RCCEx_GetPeriphCLKFreq               0x08002665   Thumb Code   282  stm32l0xx_hal_rcc_ex.o(i.HAL_RCCEx_GetPeriphCLKFreq)
    HAL_RCCEx_PeriphCLKConfig                0x0800279d   Thumb Code   342  stm32l0xx_hal_rcc_ex.o(i.HAL_RCCEx_PeriphCLKConfig)
    HAL_RCC_ClockConfig                      0x08002901   Thumb Code   340  stm32l0xx_hal_rcc.o(i.HAL_RCC_ClockConfig)
    HAL_RCC_GetHCLKFreq                      0x08002a69   Thumb Code     6  stm32l0xx_hal_rcc.o(i.HAL_RCC_GetHCLKFreq)
    HAL_RCC_GetPCLK1Freq                     0x08002a75   Thumb Code    20  stm32l0xx_hal_rcc.o(i.HAL_RCC_GetPCLK1Freq)
    HAL_RCC_GetPCLK2Freq                     0x08002a95   Thumb Code    20  stm32l0xx_hal_rcc.o(i.HAL_RCC_GetPCLK2Freq)
    HAL_RCC_GetSysClockFreq                  0x08002ab5   Thumb Code   100  stm32l0xx_hal_rcc.o(i.HAL_RCC_GetSysClockFreq)
    HAL_RCC_OscConfig                        0x08002b2d   Thumb Code   976  stm32l0xx_hal_rcc.o(i.HAL_RCC_OscConfig)
    HAL_RTCEx_AlarmBEventCallback            0x08002f19   Thumb Code     2  stm32l0xx_hal_rtc_ex.o(i.HAL_RTCEx_AlarmBEventCallback)
    HAL_RTCEx_EnableBypassShadow             0x08002f1b   Thumb Code    60  stm32l0xx_hal_rtc_ex.o(i.HAL_RTCEx_EnableBypassShadow)
    HAL_RTC_AlarmAEventCallback              0x08002f57   Thumb Code     8  common.o(i.HAL_RTC_AlarmAEventCallback)
    HAL_RTC_AlarmIRQHandler                  0x08002f61   Thumb Code    88  stm32l0xx_hal_rtc.o(i.HAL_RTC_AlarmIRQHandler)
    HAL_RTC_DeactivateAlarm                  0x08002fc1   Thumb Code   184  stm32l0xx_hal_rtc.o(i.HAL_RTC_DeactivateAlarm)
    HAL_RTC_GetDate                          0x08003079   Thumb Code    68  stm32l0xx_hal_rtc.o(i.HAL_RTC_GetDate)
    HAL_RTC_GetTime                          0x080030bd   Thumb Code    88  stm32l0xx_hal_rtc.o(i.HAL_RTC_GetTime)
    HAL_RTC_Init                             0x08003119   Thumb Code   160  stm32l0xx_hal_rtc.o(i.HAL_RTC_Init)
    HAL_RTC_MspInit                          0x080031bd   Thumb Code    40  stm32l0xx_hal_msp.o(i.HAL_RTC_MspInit)
    HAL_RTC_SetAlarm_IT                      0x080031ed   Thumb Code   408  stm32l0xx_hal_rtc.o(i.HAL_RTC_SetAlarm_IT)
    HAL_RTC_SetDate                          0x0800338d   Thumb Code   200  stm32l0xx_hal_rtc.o(i.HAL_RTC_SetDate)
    HAL_RTC_SetTime                          0x08003459   Thumb Code   234  stm32l0xx_hal_rtc.o(i.HAL_RTC_SetTime)
    HAL_RTC_WaitForSynchro                   0x08003549   Thumb Code    52  stm32l0xx_hal_rtc.o(i.HAL_RTC_WaitForSynchro)
    HAL_SPI_Init                             0x0800357d   Thumb Code   132  stm32l0xx_hal_spi.o(i.HAL_SPI_Init)
    HAL_SPI_MspInit                          0x08003601   Thumb Code    92  stm32l0xx_hal_msp.o(i.HAL_SPI_MspInit)
    HAL_SPI_TransmitReceive                  0x0800366d   Thumb Code   696  stm32l0xx_hal_spi.o(i.HAL_SPI_TransmitReceive)
    HAL_SYSTICK_CLKSourceConfig              0x08003925   Thumb Code    20  stm32l0xx_hal_cortex.o(i.HAL_SYSTICK_CLKSourceConfig)
    HAL_SYSTICK_Callback                     0x0800393d   Thumb Code     2  common.o(i.HAL_SYSTICK_Callback)
    HAL_SYSTICK_Config                       0x08003941   Thumb Code    38  stm32l0xx_hal_cortex.o(i.HAL_SYSTICK_Config)
    HAL_SYSTICK_IRQHandler                   0x08003971   Thumb Code     8  stm32l0xx_hal_cortex.o(i.HAL_SYSTICK_IRQHandler)
    HAL_TIMEx_MasterConfigSynchronization    0x08003979   Thumb Code    72  stm32l0xx_hal_tim_ex.o(i.HAL_TIMEx_MasterConfigSynchronization)
    HAL_TIMEx_RemapConfig                    0x080039c1   Thumb Code    30  stm32l0xx_hal_tim_ex.o(i.HAL_TIMEx_RemapConfig)
    HAL_TIM_Base_Stop_IT                     0x080039e1   Thumb Code    32  stm32l0xx_hal_tim.o(i.HAL_TIM_Base_Stop_IT)
    HAL_TIM_IC_CaptureCallback               0x08003a05   Thumb Code    64  tim.o(i.HAL_TIM_IC_CaptureCallback)
    HAL_TIM_IC_ConfigChannel                 0x08003a51   Thumb Code   288  stm32l0xx_hal_tim.o(i.HAL_TIM_IC_ConfigChannel)
    HAL_TIM_IC_DeInit                        0x08003b71   Thumb Code    40  stm32l0xx_hal_tim.o(i.HAL_TIM_IC_DeInit)
    HAL_TIM_IC_Init                          0x08003b9d   Thumb Code    52  stm32l0xx_hal_tim.o(i.HAL_TIM_IC_Init)
    HAL_TIM_IC_MspDeInit                     0x08003bd1   Thumb Code    28  tim.o(i.HAL_TIM_IC_MspDeInit)
    HAL_TIM_IC_MspInit                       0x08003bf5   Thumb Code    38  tim.o(i.HAL_TIM_IC_MspInit)
    HAL_TIM_IC_Start_IT                      0x08003c25   Thumb Code    72  stm32l0xx_hal_tim.o(i.HAL_TIM_IC_Start_IT)
    HAL_TIM_IC_Stop_IT                       0x08003c6d   Thumb Code    80  stm32l0xx_hal_tim.o(i.HAL_TIM_IC_Stop_IT)
    HAL_TIM_IRQHandler                       0x08003cc1   Thumb Code   294  stm32l0xx_hal_tim.o(i.HAL_TIM_IRQHandler)
    HAL_TIM_MspPostInit                      0x08003de9   Thumb Code   114  tim.o(i.HAL_TIM_MspPostInit)
    HAL_TIM_OC_DelayElapsedCallback          0x08003e65   Thumb Code     2  stm32l0xx_hal_tim.o(i.HAL_TIM_OC_DelayElapsedCallback)
    HAL_TIM_PWM_ConfigChannel                0x08003e67   Thumb Code   208  stm32l0xx_hal_tim.o(i.HAL_TIM_PWM_ConfigChannel)
    HAL_TIM_PWM_DeInit                       0x08003f39   Thumb Code    40  stm32l0xx_hal_tim.o(i.HAL_TIM_PWM_DeInit)
    HAL_TIM_PWM_Init                         0x08003f65   Thumb Code    52  stm32l0xx_hal_tim.o(i.HAL_TIM_PWM_Init)
    HAL_TIM_PWM_MspDeInit                    0x08003f99   Thumb Code    30  tim.o(i.HAL_TIM_PWM_MspDeInit)
    HAL_TIM_PWM_MspInit                      0x08003fbd   Thumb Code    40  tim.o(i.HAL_TIM_PWM_MspInit)
    HAL_TIM_PWM_PulseFinishedCallback        0x08003fe9   Thumb Code     2  stm32l0xx_hal_tim.o(i.HAL_TIM_PWM_PulseFinishedCallback)
    HAL_TIM_PWM_Start                        0x08003feb   Thumb Code    26  stm32l0xx_hal_tim.o(i.HAL_TIM_PWM_Start)
    HAL_TIM_PWM_Stop                         0x08004005   Thumb Code    40  stm32l0xx_hal_tim.o(i.HAL_TIM_PWM_Stop)
    HAL_TIM_PeriodElapsedCallback            0x08004031   Thumb Code    18  lfwakeup.o(i.HAL_TIM_PeriodElapsedCallback)
    HAL_TIM_TriggerCallback                  0x08004049   Thumb Code     2  stm32l0xx_hal_tim.o(i.HAL_TIM_TriggerCallback)
    HAL_UARTEx_WakeupCallback                0x0800404b   Thumb Code     2  stm32l0xx_hal_uart_ex.o(i.HAL_UARTEx_WakeupCallback)
    HAL_UART_DMAStop                         0x0800404d   Thumb Code    88  stm32l0xx_hal_uart.o(i.HAL_UART_DMAStop)
    HAL_UART_ErrorCallback                   0x080040a5   Thumb Code     2  stm32l0xx_hal_uart.o(i.HAL_UART_ErrorCallback)
    HAL_UART_IRQHandler                      0x080040a9   Thumb Code   318  stm32l0xx_hal_uart.o(i.HAL_UART_IRQHandler)
    HAL_UART_Init                            0x080041ed   Thumb Code   108  stm32l0xx_hal_uart.o(i.HAL_UART_Init)
    HAL_UART_MspDeInit                       0x08004259   Thumb Code    86  stm32l0xx_hal_msp.o(i.HAL_UART_MspDeInit)
    HAL_UART_MspInit                         0x080042bd   Thumb Code   254  stm32l0xx_hal_msp.o(i.HAL_UART_MspInit)
    HAL_UART_Receive_DMA                     0x080043f1   Thumb Code   150  stm32l0xx_hal_uart.o(i.HAL_UART_Receive_DMA)
    HAL_UART_RxCpltCallback                  0x08004495   Thumb Code     2  common.o(i.HAL_UART_RxCpltCallback)
    HAL_UART_RxHalfCpltCallback              0x08004497   Thumb Code     2  stm32l0xx_hal_uart.o(i.HAL_UART_RxHalfCpltCallback)
    HAL_UART_Transmit                        0x08004499   Thumb Code   200  stm32l0xx_hal_uart.o(i.HAL_UART_Transmit)
    HAL_UART_TxCpltCallback                  0x08004561   Thumb Code     2  stm32l0xx_hal_uart.o(i.HAL_UART_TxCpltCallback)
    HL_atoh                                  0x08004565   Thumb Code    70  common.o(i.HL_atoh)
    HW_GPIO_Init                             0x080045e9   Thumb Code    80  hw_gpio.o(i.HW_GPIO_Init)
    HW_GPIO_IrqHandler                       0x0800463d   Thumb Code    20  hw_gpio.o(i.HW_GPIO_IrqHandler)
    HW_GPIO_SetIrq                           0x08004655   Thumb Code    48  hw_gpio.o(i.HW_GPIO_SetIrq)
    HW_GPIO_Write                            0x08004689   Thumb Code    10  hw_gpio.o(i.HW_GPIO_Write)
    HW_GetUniqueId                           0x08004695   Thumb Code    64  common.o(i.HW_GetUniqueId)
    HW_RTC_DelayMs                           0x080046d9   Thumb Code    38  hw_rtc.o(i.HW_RTC_DelayMs)
    HW_RTC_GetMinimumTimeout                 0x080047c1   Thumb Code     4  hw_rtc.o(i.HW_RTC_GetMinimumTimeout)
    HW_RTC_GetTimerContext                   0x080047c5   Thumb Code     6  hw_rtc.o(i.HW_RTC_GetTimerContext)
    HW_RTC_GetTimerElapsedTime               0x080047d1   Thumb Code    22  hw_rtc.o(i.HW_RTC_GetTimerElapsedTime)
    HW_RTC_GetTimerValue                     0x080047ed   Thumb Code    16  hw_rtc.o(i.HW_RTC_GetTimerValue)
    HW_RTC_Init                              0x080047fd   Thumb Code    34  hw_rtc.o(i.HW_RTC_Init)
    HW_RTC_IrqHandler                        0x08004829   Thumb Code    16  hw_rtc.o(i.HW_RTC_IrqHandler)
    HW_RTC_SetAlarm                          0x0800483d   Thumb Code    64  hw_rtc.o(i.HW_RTC_SetAlarm)
    HW_RTC_SetTimerContext                   0x080048e1   Thumb Code    18  hw_rtc.o(i.HW_RTC_SetTimerContext)
    HW_RTC_StopAlarm                         0x08004a11   Thumb Code    28  hw_rtc.o(i.HW_RTC_StopAlarm)
    HW_RTC_Tick2ms                           0x08004a31   Thumb Code    16  hw_rtc.o(i.HW_RTC_Tick2ms)
    HW_SPI_InOut                             0x08004a41   Thumb Code    28  hw_spi.o(i.HW_SPI_InOut)
    HW_SPI_Init                              0x08004a61   Thumb Code   186  hw_spi.o(i.HW_SPI_Init)
    Handle_Error_Process                     0x08004b4d   Thumb Code    64  aware_protocol.o(i.Handle_Error_Process)
    HardFault_Handler                        0x08004b91   Thumb Code     2  stm32l0xx_it.o(i.HardFault_Handler)
    IS_Set_ATCmd                             0x08004b93   Thumb Code    14  common.o(i.IS_Set_ATCmd)
    Init_SysConfig                           0x08004ba1   Thumb Code   120  common.o(i.Init_SysConfig)
    Is_Dup_Frame                             0x08004c39   Thumb Code    36  aware_protocol.o(i.Is_Dup_Frame)
    Is_Local_Addr                            0x08004c61   Thumb Code    48  aware_protocol.o(i.Is_Local_Addr)
    Is_Local_NwkAddr                         0x08004c99   Thumb Code    32  aware_protocol.o(i.Is_Local_NwkAddr)
    Join_Resp                                0x08004cc1   Thumb Code   120  aware_protocol.o(i.Join_Resp)
    Key_Func_Handler                         0x08004d45   Thumb Code   118  common.o(i.Key_Func_Handler)
    Key_GPIO_INT_Init                        0x08004dfd   Thumb Code    78  common.o(i.Key_GPIO_INT_Init)
    Key_Read                                 0x08004e5d   Thumb Code    34  common.o(i.Key_Read)
    Key_Status_Poll                          0x08004e85   Thumb Code   124  common.o(i.Key_Status_Poll)
    LED_Ctrl                                 0x08004f09   Thumb Code   266  common.o(i.LED_Ctrl)
    LED_GPIO_Init                            0x08005015   Thumb Code    82  common.o(i.LED_GPIO_Init)
    LED_Show                                 0x0800506d   Thumb Code    56  common.o(i.LED_Show)
    LF_AwakeUp                               0x080050a9   Thumb Code   462  lf_as3932.o(i.LF_AwakeUp)
    LF_Read_Register                         0x08005281   Thumb Code   114  lf_as3932.o(i.LF_Read_Register)
    LF_SPI_GPIO_Init                         0x080052f5   Thumb Code   136  lf_as3932.o(i.LF_SPI_GPIO_Init)
    LF_SendBit                               0x080053c9   Thumb Code    84  lfwakeup.o(i.LF_SendBit)
    LF_Write_Command                         0x0800542d   Thumb Code    58  lf_as3932.o(i.LF_Write_Command)
    LoRa_Config                              0x08005467   Thumb Code    24  common.o(i.LoRa_Config)
    LoRa_Init                                0x08005481   Thumb Code   186  common.o(i.LoRa_Init)
    LowPower_Disable                         0x080055e9   Thumb Code    20  low_power.o(i.LowPower_Disable)
    LowPower_Enable                          0x08005601   Thumb Code    20  low_power.o(i.LowPower_Enable)
    LowPower_GetState                        0x08005619   Thumb Code     6  low_power.o(i.LowPower_GetState)
    MINI_Pro_Resp                            0x08005625   Thumb Code   706  common.o(i.MINI_Pro_Resp)
    MSP_GetIRQn                              0x080058f5   Thumb Code    86  hw_gpio.o(i.MSP_GetIRQn)
    MX_ADC_Init                              0x0800594d   Thumb Code   116  common.o(i.MX_ADC_Init)
    MX_DMA_Init                              0x080059e1   Thumb Code    52  common.o(i.MX_DMA_Init)
    MX_TIM21_Init                            0x08005a19   Thumb Code   126  tim.o(i.MX_TIM21_Init)
    MX_USART1_UART_Init                      0x08005ab5   Thumb Code    56  common.o(i.MX_USART1_UART_Init)
    Match_Tag_ID                             0x08005b09   Thumb Code    84  common.o(i.Match_Tag_ID)
    NMI_Handler                              0x08005b61   Thumb Code     2  stm32l0xx_it.o(i.NMI_Handler)
    Node_Change                              0x08005bc5   Thumb Code    40  common.o(i.Node_Change)
    OHR_GPIO_Init                            0x08005c1d   Thumb Code   102  orh_uart.o(i.OHR_GPIO_Init)
    OHR_init                                 0x08005c91   Thumb Code    12  orh_uart.o(i.OHR_init)
    OnRxDone                                 0x08005ca1   Thumb Code    66  common.o(i.OnRxDone)
    OnRxError                                0x08005cfd   Thumb Code    26  common.o(i.OnRxError)
    OnRxTimeout                              0x08005d29   Thumb Code    20  common.o(i.OnRxTimeout)
    OnTxDone                                 0x08005d41   Thumb Code    20  common.o(i.OnTxDone)
    OnTxTimeout                              0x08005d59   Thumb Code    26  common.o(i.OnTxTimeout)
    PWM_GPIO_Init                            0x08005d89   Thumb Code    98  lfwakeup.o(i.PWM_GPIO_Init)
    PendSV_Handler                           0x08005df5   Thumb Code     2  stm32l0xx_it.o(i.PendSV_Handler)
    Period_Update_Event                      0x08005df9   Thumb Code    28  aware_protocol.o(i.Period_Update_Event)
    Poll_Buffer_Age_Increase                 0x08005e19   Thumb Code    50  aware_protocol.o(i.Poll_Buffer_Age_Increase)
    Poll_Empty_RoutTbl                       0x08005e55   Thumb Code    36  aware_protocol.o(i.Poll_Empty_RoutTbl)
    Process_Ack                              0x08005e81   Thumb Code    96  aware_protocol.o(i.Process_Ack)
    Process_App_Ack                          0x08005f01   Thumb Code    44  common.o(i.Process_App_Ack)
    Process_App_Cmd                          0x08005f51   Thumb Code   334  aware_protocol.o(i.Process_App_Cmd)
    Process_App_RF_RT_Rec                    0x080060ed   Thumb Code    48  common.o(i.Process_App_RF_RT_Rec)
    Process_App_RF_Rec                       0x08006131   Thumb Code   246  common.o(i.Process_App_RF_Rec)
    Process_Cmd_Status                       0x080062d5   Thumb Code    26  common.o(i.Process_Cmd_Status)
    Process_Error                            0x0800632d   Thumb Code    20  common.o(i.Process_Error)
    Process_Join_Cmd                         0x08006345   Thumb Code    22  aware_protocol.o(i.Process_Join_Cmd)
    Process_Join_Status                      0x0800635d   Thumb Code    18  common.o(i.Process_Join_Status)
    Process_Key                              0x08006389   Thumb Code    42  common.o(i.Process_Key)
    Process_LED_Event                        0x080063b9   Thumb Code    42  common.o(i.Process_LED_Event)
    Process_LoRa_Data                        0x080063e9   Thumb Code    84  common.o(i.Process_LoRa_Data)
    Process_PWM_SPK                          0x0800644d   Thumb Code    14  common.o(i.Process_PWM_SPK)
    Process_RF_Tx                            0x08006461   Thumb Code    32  common.o(i.Process_RF_Tx)
    Process_SuperFrame                       0x08006485   Thumb Code   304  aware_protocol.o(i.Process_SuperFrame)
    Process_UART_Data                        0x08006601   Thumb Code    86  common.o(i.Process_UART_Data)
    Pwr_Init                                 0x08006679   Thumb Code    42  common.o(i.Pwr_Init)
    RF_CH_Config                             0x0800671d   Thumb Code    30  common.o(i.RF_CH_Config)
    RF_DataRate_Config                       0x08006759   Thumb Code   172  common.o(i.RF_DataRate_Config)
    RF_Tx_Inc                                0x0800682d   Thumb Code    32  aware_protocol.o(i.RF_Tx_Inc)
    RTC_Bcd2ToByte                           0x08006855   Thumb Code    16  stm32l0xx_hal_rtc.o(i.RTC_Bcd2ToByte)
    RTC_ByteToBcd2                           0x08006865   Thumb Code    22  stm32l0xx_hal_rtc.o(i.RTC_ByteToBcd2)
    RTC_Cali                                 0x0800687d   Thumb Code    24  common.o(i.RTC_Cali)
    RTC_EnterInitMode                        0x0800689d   Thumb Code    56  stm32l0xx_hal_rtc.o(i.RTC_EnterInitMode)
    RTC_IRQHandler                           0x080068d5   Thumb Code     8  common.o(i.RTC_IRQHandler)
    Read_App_NV                              0x080068dd   Thumb Code    16  common.o(i.Read_App_NV)
    Read_Data_From_Flash                     0x080068f5   Thumb Code    28  flash.o(i.Read_Data_From_Flash)
    Read_NV                                  0x08006911   Thumb Code    16  flash.o(i.Read_NV)
    Read_Node_From_Flash                     0x08006929   Thumb Code    18  flash.o(i.Read_Node_From_Flash)
    Relay_Join_Resp                          0x08006945   Thumb Code   120  aware_protocol.o(i.Relay_Join_Resp)
    RoutTab_Age_Increase                     0x080069c9   Thumb Code   100  aware_protocol.o(i.RoutTab_Age_Increase)
    SPK_GPIO_Init                            0x08006b79   Thumb Code    16  common.o(i.SPK_GPIO_Init)
    SPK_PWM_Ctrl                             0x08006b8d   Thumb Code   126  common.o(i.SPK_PWM_Ctrl)
    SPK_PWM_Toggle                           0x08006c11   Thumb Code    38  common.o(i.SPK_PWM_Toggle)
    SPK_Show                                 0x08006c41   Thumb Code    32  common.o(i.SPK_Show)
    SPK_TIM2_Init                            0x08006c65   Thumb Code   114  common.o(i.SPK_TIM2_Init)
    SVC_Handler                              0x08006cf1   Thumb Code     2  stm32l0xx_it.o(i.SVC_Handler)
    SX1276CheckRfFrequency                   0x08006cf3   Thumb Code     4  mlm32l07x01.o(i.SX1276CheckRfFrequency)
    SX1276GetStatus                          0x08006cf9   Thumb Code     6  sx1276.o(i.SX1276GetStatus)
    SX1276GetTimeOnAir                       0x08006d05   Thumb Code     4  sx1276.o(i.SX1276GetTimeOnAir)
    SX1276Init                               0x08006d09   Thumb Code   106  sx1276.o(i.SX1276Init)
    SX1276IoDeInit                           0x08006d85   Thumb Code    54  mlm32l07x01.o(i.SX1276IoDeInit)
    SX1276IoInit                             0x08006dc5   Thumb Code    70  mlm32l07x01.o(i.SX1276IoInit)
    SX1276IoIrqInit                          0x08006e19   Thumb Code    16  mlm32l07x01.o(i.SX1276IoIrqInit)
    SX1276IsChannelFree                      0x08006e2d   Thumb Code    54  sx1276.o(i.SX1276IsChannelFree)
    SX1276OnDio0Irq                          0x08006e65   Thumb Code   584  sx1276.o(i.SX1276OnDio0Irq)
    SX1276OnDio1Irq                          0x080070bd   Thumb Code   228  sx1276.o(i.SX1276OnDio1Irq)
    SX1276OnDio2Irq                          0x080071ad   Thumb Code   166  sx1276.o(i.SX1276OnDio2Irq)
    SX1276OnDio3Irq                          0x08007261   Thumb Code    76  sx1276.o(i.SX1276OnDio3Irq)
    SX1276OnDio4Irq                          0x080072b5   Thumb Code    24  sx1276.o(i.SX1276OnDio4Irq)
    SX1276OnTimeoutIrq                       0x080072d1   Thumb Code   122  sx1276.o(i.SX1276OnTimeoutIrq)
    SX1276Random                             0x08007355   Thumb Code    58  sx1276.o(i.SX1276Random)
    SX1276Read                               0x0800738f   Thumb Code    16  sx1276.o(i.SX1276Read)
    SX1276ReadBuffer                         0x080073a1   Thumb Code    62  sx1276.o(i.SX1276ReadBuffer)
    SX1276ReadFifo                           0x080073e5   Thumb Code    14  sx1276.o(i.SX1276ReadFifo)
    SX1276ReadRssi                           0x080073f5   Thumb Code    58  sx1276.o(i.SX1276ReadRssi)
    SX1276Reset                              0x08007439   Thumb Code    38  sx1276.o(i.SX1276Reset)
    SX1276Send                               0x08007465   Thumb Code   224  sx1276.o(i.SX1276Send)
    SX1276SetAntSw                           0x0800754d   Thumb Code    52  mlm32l07x01.o(i.SX1276SetAntSw)
    SX1276SetAntSwLowPower                   0x08007589   Thumb Code   176  mlm32l07x01.o(i.SX1276SetAntSwLowPower)
    SX1276SetChannel                         0x08007641   Thumb Code    72  sx1276.o(i.SX1276SetChannel)
    SX1276SetMaxPayloadLength                0x08007691   Thumb Code    42  sx1276.o(i.SX1276SetMaxPayloadLength)
    SX1276SetModem                           0x080076c1   Thumb Code    90  sx1276.o(i.SX1276SetModem)
    SX1276SetOpMode                          0x08007721   Thumb Code    46  sx1276.o(i.SX1276SetOpMode)
    SX1276SetRfTxPower                       0x0800774f   Thumb Code   144  mlm32l07x01.o(i.SX1276SetRfTxPower)
    SX1276SetRx                              0x080077e1   Thumb Code   566  sx1276.o(i.SX1276SetRx)
    SX1276SetRxConfig                        0x08007a45   Thumb Code   570  sx1276.o(i.SX1276SetRxConfig)
    SX1276SetSleep                           0x08007c8d   Thumb Code    32  sx1276.o(i.SX1276SetSleep)
    SX1276SetStby                            0x08007cb1   Thumb Code    32  sx1276.o(i.SX1276SetStby)
    SX1276SetSyncWord                        0x08007cd5   Thumb Code    20  sx1276.o(i.SX1276SetSyncWord)
    SX1276SetTx                              0x08007ce9   Thumb Code   158  sx1276.o(i.SX1276SetTx)
    SX1276SetTxConfig                        0x08007d8d   Thumb Code   484  sx1276.o(i.SX1276SetTxConfig)
    SX1276SetTxContinuousWave                0x08007f7d   Thumb Code   136  sx1276.o(i.SX1276SetTxContinuousWave)
    SX1276StartCad                           0x0800800d   Thumb Code    52  sx1276.o(i.SX1276StartCad)
    SX1276Write                              0x08008045   Thumb Code    12  sx1276.o(i.SX1276Write)
    SX1276WriteBuffer                        0x08008051   Thumb Code    62  sx1276.o(i.SX1276WriteBuffer)
    SX1276WriteFifo                          0x08008095   Thumb Code    14  sx1276.o(i.SX1276WriteFifo)
    SetCH                                    0x080080a5   Thumb Code    14  common.o(i.SetCH)
    SetRFPwr                                 0x080080b9   Thumb Code    14  common.o(i.SetRFPwr)
    SetRFRate                                0x080080cd   Thumb Code    14  common.o(i.SetRFRate)
    StartOHR                                 0x080080e1   Thumb Code    58  orh_uart.o(i.StartOHR)
    StopOHR                                  0x08008125   Thumb Code    42  orh_uart.o(i.StopOHR)
    Store_SuperFrame                         0x0800815d   Thumb Code    74  aware_protocol.o(i.Store_SuperFrame)
    Store_UART_Data                          0x080081c5   Thumb Code    94  common.o(i.Store_UART_Data)
    SysTick_Handler                          0x08008239   Thumb Code    12  stm32l0xx_it.o(i.SysTick_Handler)
    SystemClock_Config                       0x08008245   Thumb Code   152  coo_main.o(i.SystemClock_Config)
    SystemInit                               0x080082e5   Thumb Code    66  system_stm32l0xx.o(i.SystemInit)
    Systick_Event                            0x08008339   Thumb Code     8  common.o(i.Systick_Event)
    TIM21_IRQHandler                         0x08008341   Thumb Code    10  tim.o(i.TIM21_IRQHandler)
    TIM6_IRQHandler                          0x08008351   Thumb Code    10  tim.o(i.TIM6_IRQHandler)
    TX_RF_Data                               0x08008519   Thumb Code   374  aware_protocol.o(i.TX_RF_Data)
    Time_Init                                0x080086b5   Thumb Code    12  common.o(i.Time_Init)
    TimerInit                                0x080086c9   Thumb Code    14  timeserver.o(i.TimerInit)
    TimerIrqHandler                          0x080086f5   Thumb Code   116  timeserver.o(i.TimerIrqHandler)
    TimerSetValue                            0x08008799   Thumb Code    26  timeserver.o(i.TimerSetValue)
    TimerStart                               0x080087b5   Thumb Code   108  timeserver.o(i.TimerStart)
    TimerStop                                0x08008825   Thumb Code    90  timeserver.o(i.TimerStop)
    UART_AT_CMD_Process                      0x08008885   Thumb Code  1790  common.o(i.UART_AT_CMD_Process)
    UART_AdvFeatureConfig                    0x08008fe1   Thumb Code   202  stm32l0xx_hal_uart.o(i.UART_AdvFeatureConfig)
    UART_CheckIdleState                      0x080090ad   Thumb Code    90  stm32l0xx_hal_uart.o(i.UART_CheckIdleState)
    UART_SetConfig                           0x08009265   Thumb Code   498  stm32l0xx_hal_uart.o(i.UART_SetConfig)
    UART_TX_Output_Low                       0x08009481   Thumb Code    60  orh_uart.o(i.UART_TX_Output_Low)
    UART_WaitOnFlagUntilTimeout              0x08009527   Thumb Code    98  stm32l0xx_hal_uart.o(i.UART_WaitOnFlagUntilTimeout)
    USART1_IRQHandler                        0x08009589   Thumb Code    78  common.o(i.USART1_IRQHandler)
    USART2_IRQHandler                        0x080095e1   Thumb Code    78  common.o(i.USART2_IRQHandler)
    Uart_Enable                              0x08009639   Thumb Code    82  common.o(i.Uart_Enable)
    Update_NwkAddr_Table                     0x08009699   Thumb Code    30  aware_protocol.o(i.Update_NwkAddr_Table)
    Update_Parent_RSSI                       0x080096bd   Thumb Code    26  aware_protocol.o(i.Update_Parent_RSSI)
    Write_App_NV                             0x080096dd   Thumb Code    50  common.o(i.Write_App_NV)
    Write_Data_To_Flash                      0x08009719   Thumb Code    38  flash.o(i.Write_Data_To_Flash)
    Write_NV                                 0x08009741   Thumb Code    46  flash.o(i.Write_NV)
    ZED_Poll_Resp                            0x08009779   Thumb Code   156  aware_protocol.o(i.ZED_Poll_Resp)
    _Error_Handler                           0x08009821   Thumb Code     2  coo_main.o(i._Error_Handler)
    __0printf$8                              0x08009825   Thumb Code    24  printf8.o(i.__0printf$8)
    __1printf$8                              0x08009825   Thumb Code     0  printf8.o(i.__0printf$8)
    __2printf                                0x08009825   Thumb Code     0  printf8.o(i.__0printf$8)
    __ARM_clz                                0x08009845   Thumb Code    46  depilogue.o(i.__ARM_clz)
    __ARM_common_ll_muluu                    0x08009873   Thumb Code    48  hw_rtc.o(i.__ARM_common_ll_muluu)
    __ARM_common_switch8                     0x080098a3   Thumb Code    26  stm32l0xx_hal_tim.o(i.__ARM_common_switch8)
    __scatterload_copy                       0x080098bd   Thumb Code    14  handlers.o(i.__scatterload_copy)
    __scatterload_null                       0x080098cb   Thumb Code     2  handlers.o(i.__scatterload_null)
    __scatterload_zeroinit                   0x080098cd   Thumb Code    14  handlers.o(i.__scatterload_zeroinit)
    ceil                                     0x08009d51   Thumb Code   180  ceil.o(i.ceil)
    fputc                                    0x08009e19   Thumb Code    18  common.o(i.fputc)
    main                                     0x08009e35   Thumb Code   148  coo_main.o(i.main)
    osal_memcpy                              0x08009ecd   Thumb Code    16  common.o(i.osal_memcpy)
    osal_revmemcpy                           0x08009edd   Thumb Code    18  common.o(i.osal_revmemcpy)
    print_8_02x                              0x08009ef1   Thumb Code    38  common.o(i.print_8_02x)
    rand1                                    0x08009f45   Thumb Code    26  aware_protocol.o(i.rand1)
    randr                                    0x08009f71   Thumb Code    22  aware_protocol.o(i.randr)
    AtJoin                                   0x08009f86   Data           6  common.o(.constdata)
    AtRst                                    0x08009f8c   Data           7  common.o(.constdata)
    AtVer                                    0x08009f93   Data           7  common.o(.constdata)
    AtUid                                    0x08009f9a   Data           7  common.o(.constdata)
    AtDefault                                0x08009fa1   Data           7  common.o(.constdata)
    AtPWR                                    0x08009fa8   Data           7  common.o(.constdata)
    AtPID                                    0x08009faf   Data           7  common.o(.constdata)
    AtLeave                                  0x08009fb6   Data           7  common.o(.constdata)
    AtTst                                    0x08009fbd   Data           7  common.o(.constdata)
    AtOHR                                    0x08009fc4   Data           7  common.o(.constdata)
    AtCmac                                   0x08009fcb   Data           8  common.o(.constdata)
    AtNodeTab                                0x08009fd3   Data           8  common.o(.constdata)
    AtPollBuf                                0x08009fdb   Data           8  common.o(.constdata)
    AtRFCH                                   0x08009fe3   Data           8  common.o(.constdata)
    AtPollGap                                0x08009feb   Data           8  common.o(.constdata)
    AtPoll                                   0x08009ff3   Data           8  common.o(.constdata)
    Atbind                                   0x08009ffb   Data           8  common.o(.constdata)
    AtOpMode                                 0x0800a003   Data          10  common.o(.constdata)
    AtSleep                                  0x0800a00d   Data           9  common.o(.constdata)
    AtStandby                                0x0800a016   Data          11  common.o(.constdata)
    AtRxTime                                 0x0800a021   Data          10  common.o(.constdata)
    AtRFRate                                 0x0800a02b   Data          10  common.o(.constdata)
    AtBeatGap                                0x0800a035   Data           9  common.o(.constdata)
    FuncReg                                  0x0800a03e   Data          36  common.o(.constdata)
    Radio                                    0x0800a07c   Data         100  mlm32l07x01.o(.constdata)
    RadioRegsInit                            0x0800a0e0   Data          48  sx1276.o(.constdata)
    FskBandwidths                            0x0800a110   Data         176  sx1276.o(.constdata)
    AHBPrescTable                            0x0800a1c0   Data          16  system_stm32l0xx.o(.constdata)
    PLLMulTable                              0x0800a1d0   Data           9  system_stm32l0xx.o(.constdata)
    APBPrescTable                            0x0800a1d9   Data           8  system_stm32l0xx.o(.constdata)
    BroadCastAddr                            0x0800a1e1   Data           8  aware_protocol.o(.constdata)
    NullAddr                                 0x0800a1e9   Data           8  aware_protocol.o(.constdata)
    CRC8Table                                0x0800a1f1   Data         256  ccrfid_crc8.o(.constdata)
    Region$$Table$$Base                      0x0800a2f4   Number         0  anon$$obj.o(Region$$Table)
    Region$$Table$$Limit                     0x0800a314   Number         0  anon$$obj.o(Region$$Table)
    uwTick                                   0x20000000   Data           4  stm32l0xx_hal.o(.data)
    Event_Flg                                0x20000004   Data           1  common.o(.data)
    ucHeart_Status                           0x2000001c   Data           1  common.o(.data)
    RTC_Sec_Cnt                              0x2000001e   Data           2  common.o(.data)
    Pwr                                      0x20000022   Data           3  common.o(.data)
    Func_Key                                 0x20000025   Data           3  common.o(.data)
    Match_Key                                0x20000028   Data           3  common.o(.data)
    DeviceAddr                               0x2000006c   Data           8  common.o(.data)
    SysStatus                                0x20000074   Data           8  common.o(.data)
    RedLED                                   0x2000007c   Data           8  common.o(.data)
    GreenLED                                 0x20000084   Data           8  common.o(.data)
    BlueLED                                  0x2000008c   Data           8  common.o(.data)
    Speek                                    0x20000094   Data           8  common.o(.data)
    DioIrq                                   0x200000a8   Data          24  sx1276.o(.data)
    TimerListHead                            0x200000c0   Data           4  timeserver.o(.data)
    RTC_Cnt                                  0x200000d4   Data           4  coo_main.o(.data)
    SystemCoreClock                          0x200000d8   Data           4  system_stm32l0xx.o(.data)
    ucPreJoinStatus                          0x200000dc   Data           1  aware_protocol.o(.data)
    Poll_Ack                                 0x200000df   Data           3  aware_protocol.o(.data)
    HandleError                              0x200000e2   Data           4  aware_protocol.o(.data)
    Func_t                                   0x200000e8   Data           4  aware_protocol.o(.data)
    Ack                                      0x200000f4   Data           7  aware_protocol.o(.data)
    SysPara                                  0x20000103   Data          15  aware_protocol.o(.data)
    LF_RecByte                               0x20000117   Data           8  lf_as3932.o(.data)
    LF                                       0x20000120   Data           8  lf_as3932.o(.data)
    LFByteP                                  0x20000128   Data           1  lfwakeup.o(.data)
    LFBitP                                   0x20000129   Data           1  lfwakeup.o(.data)
    LFByteLength                             0x2000012a   Data           1  lfwakeup.o(.data)
    OHR_status                               0x2000012b   Data           1  orh_uart.o(.data)
    uarterror                                0x2000012c   Data           1  orh_uart.o(.data)
    car                                      0x2000012f   Data           6  orh_uart.o(.data)
    __stdout                                 0x20000138   Data           4  stdout.o(.data)
    pFlash                                   0x2000013c   Data          24  stm32l0xx_hal_flash.o(.bss)
    asUART0_Buffer                           0x20000154   Data         522  common.o(.bss)
    asUART2_Buffer                           0x2000035e   Data         522  common.o(.bss)
    LoRaTxBuffer                             0x20000568   Data          64  common.o(.bss)
    huart1                                   0x200005a8   Data         112  common.o(.bss)
    huart2                                   0x20000618   Data         112  common.o(.bss)
    hdma_usart1_rx                           0x20000688   Data          64  common.o(.bss)
    hdma_usart2_rx                           0x200006c8   Data          64  common.o(.bss)
    Period                                   0x20000724   Data          20  common.o(.bss)
    RFConfig                                 0x20000738   Data          34  common.o(.bss)
    LoRaRxBuffer                             0x2000075a   Data         136  common.o(.bss)
    Loc                                      0x200007e2   Data          11  common.o(.bss)
    hadc                                     0x200007f0   Data          96  common.o(.bss)
    SX1276                                   0x20000a50   Data          96  sx1276.o(.bss)
    TxTimeoutTimer                           0x20000ab0   Data          20  sx1276.o(.bss)
    RxTimeoutTimer                           0x20000ac4   Data          20  sx1276.o(.bss)
    RxTimeoutSyncWord                        0x20000ad8   Data          20  sx1276.o(.bss)
    htim21                                   0x20000aec   Data          56  tim.o(.bss)
    htim2                                    0x20000b24   Data          56  tim.o(.bss)
    htim6                                    0x20000b5c   Data          56  tim.o(.bss)
    Nv_Para                                  0x20000b94   Data          20  aware_protocol.o(.bss)
    RoutTable                                0x20000ba8   Data        1400  aware_protocol.o(.bss)
    asPoll_Buffer                            0x20001120   Data         740  aware_protocol.o(.bss)
    RadioSendBuffer                          0x20001404   Data         255  aware_protocol.o(.bss)
    SuperData                                0x20001503   Data         266  aware_protocol.o(.bss)
    RxSuperData                              0x2000160d   Data         266  aware_protocol.o(.bss)
    asRF_TX_Que                              0x20001717   Data         385  aware_protocol.o(.bss)
    LFSendDat                                0x20001898   Data          32  lfwakeup.o(.bss)
    __initial_sp                             0x20001cb8   Data           0  startup_stm32l051xx.o(STACK)



==============================================================================

Memory Map of the image

  Image Entry point : 0x080000c1

  Load Region LR_IROM1 (Base: 0x08000000, Size: 0x0000a450, Max: 0x00010000, ABSOLUTE, COMPRESSED[0x0000a33c])

    Execution Region ER_IROM1 (Base: 0x08000000, Size: 0x0000a314, Max: 0x00010000, ABSOLUTE)

    Base Addr    Size         Type   Attr      Idx    E Section Name        Object

    0x08000000   0x000000c0   Data   RO         3824    RESET               startup_stm32l051xx.o
    0x080000c0   0x00000000   Code   RO         6828  * .ARM.Collect$$$$00000000  mc_p.l(entry.o)
    0x080000c0   0x00000004   Code   RO         7124    .ARM.Collect$$$$00000001  mc_p.l(entry2.o)
    0x080000c4   0x00000004   Code   RO         7127    .ARM.Collect$$$$00000004  mc_p.l(entry5.o)
    0x080000c8   0x00000000   Code   RO         7129    .ARM.Collect$$$$00000008  mc_p.l(entry7b.o)
    0x080000c8   0x00000000   Code   RO         7131    .ARM.Collect$$$$0000000A  mc_p.l(entry8b.o)
    0x080000c8   0x00000008   Code   RO         7132    .ARM.Collect$$$$0000000B  mc_p.l(entry9a.o)
    0x080000d0   0x00000000   Code   RO         7134    .ARM.Collect$$$$0000000D  mc_p.l(entry10a.o)
    0x080000d0   0x00000000   Code   RO         7136    .ARM.Collect$$$$0000000F  mc_p.l(entry11a.o)
    0x080000d0   0x00000004   Code   RO         7125    .ARM.Collect$$$$00002712  mc_p.l(entry2.o)
    0x080000d4   0x0000001c   Code   RO         3825    .text               startup_stm32l051xx.o
    0x080000f0   0x0000002c   Code   RO         6831    .text               mc_p.l(uidiv.o)
    0x0800011c   0x00000060   Code   RO         6835    .text               mc_p.l(uldiv.o)
    0x0800017c   0x00000024   Code   RO         6837    .text               mc_p.l(memcpya.o)
    0x080001a0   0x00000024   Code   RO         6839    .text               mc_p.l(memseta.o)
    0x080001c4   0x0000001a   Code   RO         6841    .text               mc_p.l(memcmp.o)
    0x080001de   0x0000001e   Code   RO         6843    .text               mc_p.l(strncmp.o)
    0x080001fc   0x00000014   Code   RO         7108    .text               mc_p.l(uread4.o)
    0x08000210   0x00000012   Code   RO         7110    .text               mc_p.l(uwrite4.o)
    0x08000222   0x00000002   PAD
    0x08000224   0x00000164   Code   RO         7112    .text               mf_p.l(dadd.o)
    0x08000388   0x000000d0   Code   RO         7114    .text               mf_p.l(dmul.o)
    0x08000458   0x000000f0   Code   RO         7116    .text               mf_p.l(ddiv.o)
    0x08000548   0x0000002c   Code   RO         7118    .text               mf_p.l(dscalb.o)
    0x08000574   0x0000001c   Code   RO         7120    .text               mf_p.l(dfltui.o)
    0x08000590   0x0000003c   Code   RO         7122    .text               mf_p.l(dfixui.o)
    0x080005cc   0x00000020   Code   RO         7139    .text               mc_p.l(llshl.o)
    0x080005ec   0x00000022   Code   RO         7141    .text               mc_p.l(llushr.o)
    0x0800060e   0x00000026   Code   RO         7143    .text               mc_p.l(llsshr.o)
    0x08000634   0x00000000   Code   RO         7145    .text               mc_p.l(iusefp.o)
    0x08000634   0x000000be   Code   RO         7146    .text               mf_p.l(depilogue.o)
    0x080006f2   0x00000002   PAD
    0x080006f4   0x00000028   Code   RO         7152    .text               mf_p.l(cdrcmple.o)
    0x0800071c   0x00000024   Code   RO         7154    .text               mc_p.l(init.o)
    0x08000740   0x0000003a   Code   RO         7164    .text               mc_p.l(__dczerorl.o)
    0x0800077a   0x00000002   PAD
    0x0800077c   0x00000020   Code   RO         5862    i.ACK_Send          aware_protocol.o
    0x0800079c   0x00000024   Code   RO         3480    i.ADC_DelayMicroSecond  stm32l0xx_hal_adc.o
    0x080007c0   0x00000040   Code   RO         5864    i.Add_Node_RouteTbl  aware_protocol.o
    0x08000800   0x00000004   Data   RO         3964    .ARM.__AT_0x08000800  common.o
    0x08000804   0x000000fc   Code   RO         5863    i.Accept_Join_LoRa  aware_protocol.o
    0x08000900   0x00000024   Code   RO         4737    i.Add_Node_To_Flash  flash.o
    0x08000924   0x00000080   Code   RO         5865    i.Add_Poll_Msg      aware_protocol.o
    0x080009a4   0x00000104   Code   RO         5866    i.Add_RF_Frame_To_TX_Que  aware_protocol.o
    0x08000aa8   0x00000018   Code   RO         5868    i.AwarePro_Create_PID  aware_protocol.o
    0x08000ac0   0x00000028   Code   RO         5869    i.AwarePro_Default  aware_protocol.o
    0x08000ae8   0x00000008   Code   RO         5873    i.AwarePro_GetHostExtAddr  aware_protocol.o
    0x08000af0   0x00000010   Code   RO         5876    i.AwarePro_GetNwkAddr  aware_protocol.o
    0x08000b00   0x0000000c   Code   RO         5877    i.AwarePro_GetPGap  aware_protocol.o
    0x08000b0c   0x0000000c   Code   RO         5878    i.AwarePro_GetPID   aware_protocol.o
    0x08000b18   0x00000010   Code   RO         5879    i.AwarePro_GetPareAddr  aware_protocol.o
    0x08000b28   0x00000004   Code   RO         5881    i.AwarePro_GetVerion  aware_protocol.o
    0x08000b2c   0x0000007c   Code   RO         5883    i.AwarePro_Init     aware_protocol.o
    0x08000ba8   0x00000002   Code   RO         5884    i.AwarePro_Join     aware_protocol.o
    0x08000baa   0x00000002   PAD
    0x08000bac   0x00000014   Code   RO         5886    i.AwarePro_Leave    aware_protocol.o
    0x08000bc0   0x000000f8   Code   RO         5887    i.AwarePro_NV_Init  aware_protocol.o
    0x08000cb8   0x0000000c   Code   RO         5888    i.AwarePro_NV_JoinFlg  aware_protocol.o
    0x08000cc4   0x00000012   Code   RO         5890    i.AwarePro_Period_Event  aware_protocol.o
    0x08000cd6   0x00000002   PAD
    0x08000cd8   0x0000029c   Code   RO         5892    i.AwarePro_RF_Rec_Process  aware_protocol.o
    0x08000f74   0x00000088   Code   RO         5893    i.AwarePro_RF_Tx_Process  aware_protocol.o
    0x08000ffc   0x00000016   Code   RO         5896    i.AwarePro_Run      aware_protocol.o
    0x08001012   0x00000002   PAD
    0x08001014   0x0000000c   Code   RO         5897    i.AwarePro_Rx_Done_Process  aware_protocol.o
    0x08001020   0x00000010   Code   RO         5898    i.AwarePro_Rx_Error_Process  aware_protocol.o
    0x08001030   0x00000002   Code   RO         5899    i.AwarePro_Rx_Timeout_Process  aware_protocol.o
    0x08001032   0x00000002   PAD
    0x08001034   0x00000014   Code   RO         5901    i.AwarePro_SetPGap  aware_protocol.o
    0x08001048   0x0000001c   Code   RO         5902    i.AwarePro_SetPID   aware_protocol.o
    0x08001064   0x00000014   Code   RO         5903    i.AwarePro_Tx_Done_Process  aware_protocol.o
    0x08001078   0x00000010   Code   RO         5904    i.AwarePro_Tx_Timeout_Process  aware_protocol.o
    0x08001088   0x00000010   Code   RO         5905    i.AwarePro_ZED_Poll_Once  aware_protocol.o
    0x08001098   0x0000000c   Code   RO         5617    i.BSP_Get_RTCFreq   tim.o
    0x080010a4   0x0000002c   Code   RO         5618    i.BSP_LSI_Calibrator  tim.o
    0x080010d0   0x00000080   Code   RO         5907    i.Beacon_Resp       aware_protocol.o
    0x08001150   0x00000064   Code   RO         5909    i.Build_Cmd_Resp    aware_protocol.o
    0x080011b4   0x00000068   Code   RO         5910    i.Build_LoRa_App_Frame  aware_protocol.o
    0x0800121c   0x0000002c   Code   RO         5912    i.Build_MAC_Frame   aware_protocol.o
    0x08001248   0x00000058   Code   RO         5913    i.Build_Zero_Poll_Resp  aware_protocol.o
    0x080012a0   0x00000020   Code   RO         6482    i.CRC8              ccrfid_crc8.o
    0x080012c0   0x00000030   Code   RO         3835    i.Check_APP_NV_Para  common.o
    0x080012f0   0x0000002c   Code   RO         5914    i.Check_NV_Para     aware_protocol.o
    0x0800131c   0x0000001a   Code   RO         3836    i.Check_Sum         common.o
    0x08001336   0x0000001a   Code   RO         5915    i.Check_Sum         aware_protocol.o
    0x08001350   0x00000010   Code   RO         3770    i.DMA1_Channel2_3_IRQHandler  stm32l0xx_it.o
    0x08001360   0x0000001e   Code   RO          331    i.DMA_SetConfig     stm32l0xx_hal_dma.o
    0x0800137e   0x00000002   PAD
    0x08001380   0x00000024   Code   RO         6726    i.Davail_DeInit     orh_uart.o
    0x080013a4   0x00000038   Code   RO         6727    i.Davail_Input      orh_uart.o
    0x080013dc   0x0000000c   Code   RO         6502    i.Delaymm           lf_as3932.o
    0x080013e8   0x00000014   Code   RO         3837    i.Delete_App_NV     common.o
    0x080013fc   0x00000014   Code   RO         4739    i.Delete_NV         flash.o
    0x08001410   0x0000006c   Code   RO         3839    i.DevPro_Send       common.o
    0x0800147c   0x000000c8   Code   RO         3840    i.Dev_Event         common.o
    0x08001544   0x00000070   Code   RO         5916    i.Dev_Leave_Req     aware_protocol.o
    0x080015b4   0x00000010   Code   RO         3843    i.EXTI0_1_IRQHandler  common.o
    0x080015c4   0x00000010   Code   RO         3844    i.EXTI2_3_IRQHandler  common.o
    0x080015d4   0x0000005c   Code   RO         3845    i.EXTI4_15_IRQHandler  common.o
    0x08001630   0x00000020   Code   RO         4740    i.Erase_Block_Flash  flash.o
    0x08001650   0x00000014   Code   RO         4741    i.Erase_NodeTable   flash.o
    0x08001664   0x00000090   Code   RO         1725    i.FLASH_SetErrorCode  stm32l0xx_hal_flash.o
    0x080016f4   0x00000070   Code   RO         1726    i.FLASH_WaitForLastOperation  stm32l0xx_hal_flash.o
    0x08001764   0x0000002c   Code   RO         5234    i.GetFskBandwidthRegValue  sx1276.o
    0x08001790   0x00000060   Code   RO         5919    i.Get_Empty_RoutTable  aware_protocol.o
    0x080017f0   0x00000040   Code   RO         5920    i.Get_Node_Entry    aware_protocol.o
    0x08001830   0x0000002c   Code   RO         5921    i.Get_NwkAddr_Entry  aware_protocol.o
    0x0800185c   0x00000028   Code   RO         3851    i.Get_TagSN         common.o
    0x08001884   0x00000094   Code   RO         3484    i.HAL_ADC_ConfigChannel  stm32l0xx_hal_adc.o
    0x08001918   0x000001c4   Code   RO         3493    i.HAL_ADC_Init      stm32l0xx_hal_adc.o
    0x08001adc   0x00000054   Code   RO         3853    i.HAL_ADC_MspInit   common.o
    0x08001b30   0x0000004c   Code   RO          332    i.HAL_DMA_Abort     stm32l0xx_hal_dma.o
    0x08001b7c   0x00000098   Code   RO          333    i.HAL_DMA_Abort_IT  stm32l0xx_hal_dma.o
    0x08001c14   0x000001d4   Code   RO          334    i.HAL_DMA_DeInit    stm32l0xx_hal_dma.o
    0x08001de8   0x00000280   Code   RO          337    i.HAL_DMA_IRQHandler  stm32l0xx_hal_dma.o
    0x08002068   0x00000108   Code   RO          338    i.HAL_DMA_Init      stm32l0xx_hal_dma.o
    0x08002170   0x0000004e   Code   RO          341    i.HAL_DMA_Start_IT  stm32l0xx_hal_dma.o
    0x080021be   0x00000016   Code   RO         2973    i.HAL_Delay         stm32l0xx_hal.o
    0x080021d4   0x00000028   Code   RO            9    i.HAL_FLASHEx_DATAEEPROM_Erase  stm32l0xx_hal_flash_ex.o
    0x080021fc   0x00000014   Code   RO           10    i.HAL_FLASHEx_DATAEEPROM_Lock  stm32l0xx_hal_flash_ex.o
    0x08002210   0x00000054   Code   RO           11    i.HAL_FLASHEx_DATAEEPROM_Program  stm32l0xx_hal_flash_ex.o
    0x08002264   0x00000024   Code   RO           12    i.HAL_FLASHEx_DATAEEPROM_Unlock  stm32l0xx_hal_flash_ex.o
    0x08002288   0x000000e4   Code   RO         2617    i.HAL_GPIO_DeInit   stm32l0xx_hal_gpio.o
    0x0800236c   0x0000007c   Code   RO         4829    i.HAL_GPIO_EXTI_Callback  hw_gpio.o
    0x080023e8   0x00000018   Code   RO         2619    i.HAL_GPIO_EXTI_IRQHandler  stm32l0xx_hal_gpio.o
    0x08002400   0x00000178   Code   RO         2620    i.HAL_GPIO_Init     stm32l0xx_hal_gpio.o
    0x08002578   0x0000000a   Code   RO         2622    i.HAL_GPIO_ReadPin  stm32l0xx_hal_gpio.o
    0x08002582   0x00000008   Code   RO         2623    i.HAL_GPIO_TogglePin  stm32l0xx_hal_gpio.o
    0x0800258a   0x0000000c   Code   RO         2624    i.HAL_GPIO_WritePin  stm32l0xx_hal_gpio.o
    0x08002596   0x00000002   PAD
    0x08002598   0x0000000c   Code   RO         2977    i.HAL_GetTick       stm32l0xx_hal.o
    0x080025a4   0x00000010   Code   RO         2978    i.HAL_IncTick       stm32l0xx_hal.o
    0x080025b4   0x00000020   Code   RO         2979    i.HAL_Init          stm32l0xx_hal.o
    0x080025d4   0x00000028   Code   RO         2980    i.HAL_InitTick      stm32l0xx_hal.o
    0x080025fc   0x00000038   Code   RO         3713    i.HAL_MspInit       stm32l0xx_hal_msp.o
    0x08002634   0x00000014   Code   RO          233    i.HAL_NVIC_DisableIRQ  stm32l0xx_hal_cortex.o
    0x08002648   0x00000014   Code   RO          234    i.HAL_NVIC_EnableIRQ  stm32l0xx_hal_cortex.o
    0x0800265c   0x00000008   Code   RO          238    i.HAL_NVIC_SetPriority  stm32l0xx_hal_cortex.o
    0x08002664   0x00000138   Code   RO         1155    i.HAL_RCCEx_GetPeriphCLKFreq  stm32l0xx_hal_rcc_ex.o
    0x0800279c   0x00000164   Code   RO         1158    i.HAL_RCCEx_PeriphCLKConfig  stm32l0xx_hal_rcc_ex.o
    0x08002900   0x00000168   Code   RO         2472    i.HAL_RCC_ClockConfig  stm32l0xx_hal_rcc.o
    0x08002a68   0x0000000c   Code   RO         2476    i.HAL_RCC_GetHCLKFreq  stm32l0xx_hal_rcc.o
    0x08002a74   0x00000020   Code   RO         2478    i.HAL_RCC_GetPCLK1Freq  stm32l0xx_hal_rcc.o
    0x08002a94   0x00000020   Code   RO         2479    i.HAL_RCC_GetPCLK2Freq  stm32l0xx_hal_rcc.o
    0x08002ab4   0x00000078   Code   RO         2480    i.HAL_RCC_GetSysClockFreq  stm32l0xx_hal_rcc.o
    0x08002b2c   0x000003ec   Code   RO         2483    i.HAL_RCC_OscConfig  stm32l0xx_hal_rcc.o
    0x08002f18   0x00000002   Code   RO         3264    i.HAL_RTCEx_AlarmBEventCallback  stm32l0xx_hal_rtc_ex.o
    0x08002f1a   0x0000003c   Code   RO         3273    i.HAL_RTCEx_EnableBypassShadow  stm32l0xx_hal_rtc_ex.o
    0x08002f56   0x00000008   Code   RO         3854    i.HAL_RTC_AlarmAEventCallback  common.o
    0x08002f5e   0x00000002   PAD
    0x08002f60   0x00000060   Code   RO         3132    i.HAL_RTC_AlarmIRQHandler  stm32l0xx_hal_rtc.o
    0x08002fc0   0x000000b8   Code   RO         3134    i.HAL_RTC_DeactivateAlarm  stm32l0xx_hal_rtc.o
    0x08003078   0x00000044   Code   RO         3136    i.HAL_RTC_GetDate   stm32l0xx_hal_rtc.o
    0x080030bc   0x0000005c   Code   RO         3138    i.HAL_RTC_GetTime   stm32l0xx_hal_rtc.o
    0x08003118   0x000000a4   Code   RO         3139    i.HAL_RTC_Init      stm32l0xx_hal_rtc.o
    0x080031bc   0x00000030   Code   RO         3715    i.HAL_RTC_MspInit   stm32l0xx_hal_msp.o
    0x080031ec   0x000001a0   Code   RO         3144    i.HAL_RTC_SetAlarm_IT  stm32l0xx_hal_rtc.o
    0x0800338c   0x000000cc   Code   RO         3145    i.HAL_RTC_SetDate   stm32l0xx_hal_rtc.o
    0x08003458   0x000000f0   Code   RO         3146    i.HAL_RTC_SetTime   stm32l0xx_hal_rtc.o
    0x08003548   0x00000034   Code   RO         3147    i.HAL_RTC_WaitForSynchro  stm32l0xx_hal_rtc.o
    0x0800357c   0x00000084   Code   RO         2737    i.HAL_SPI_Init      stm32l0xx_hal_spi.o
    0x08003600   0x0000006c   Code   RO         3717    i.HAL_SPI_MspInit   stm32l0xx_hal_msp.o
    0x0800366c   0x000002b8   Code   RO         2746    i.HAL_SPI_TransmitReceive  stm32l0xx_hal_spi.o
    0x08003924   0x00000018   Code   RO          240    i.HAL_SYSTICK_CLKSourceConfig  stm32l0xx_hal_cortex.o
    0x0800393c   0x00000002   Code   RO         3855    i.HAL_SYSTICK_Callback  common.o
    0x0800393e   0x00000002   PAD
    0x08003940   0x00000030   Code   RO          242    i.HAL_SYSTICK_Config  stm32l0xx_hal_cortex.o
    0x08003970   0x00000008   Code   RO          243    i.HAL_SYSTICK_IRQHandler  stm32l0xx_hal_cortex.o
    0x08003978   0x00000048   Code   RO         1213    i.HAL_TIMEx_MasterConfigSynchronization  stm32l0xx_hal_tim_ex.o
    0x080039c0   0x0000001e   Code   RO         1214    i.HAL_TIMEx_RemapConfig  stm32l0xx_hal_tim_ex.o
    0x080039de   0x00000002   PAD
    0x080039e0   0x00000024   Code   RO          536    i.HAL_TIM_Base_Stop_IT  stm32l0xx_hal_tim.o
    0x08003a04   0x0000004c   Code   RO         5621    i.HAL_TIM_IC_CaptureCallback  tim.o
    0x08003a50   0x00000120   Code   RO          558    i.HAL_TIM_IC_ConfigChannel  stm32l0xx_hal_tim.o
    0x08003b70   0x0000002c   Code   RO          559    i.HAL_TIM_IC_DeInit  stm32l0xx_hal_tim.o
    0x08003b9c   0x00000034   Code   RO          561    i.HAL_TIM_IC_Init   stm32l0xx_hal_tim.o
    0x08003bd0   0x00000024   Code   RO         5622    i.HAL_TIM_IC_MspDeInit  tim.o
    0x08003bf4   0x00000030   Code   RO         5623    i.HAL_TIM_IC_MspInit  tim.o
    0x08003c24   0x00000048   Code   RO          566    i.HAL_TIM_IC_Start_IT  stm32l0xx_hal_tim.o
    0x08003c6c   0x00000054   Code   RO          569    i.HAL_TIM_IC_Stop_IT  stm32l0xx_hal_tim.o
    0x08003cc0   0x00000126   Code   RO          570    i.HAL_TIM_IRQHandler  stm32l0xx_hal_tim.o
    0x08003de6   0x00000002   PAD
    0x08003de8   0x0000007c   Code   RO         5624    i.HAL_TIM_MspPostInit  tim.o
    0x08003e64   0x00000002   Code   RO          573    i.HAL_TIM_OC_DelayElapsedCallback  stm32l0xx_hal_tim.o
    0x08003e66   0x000000d0   Code   RO          594    i.HAL_TIM_PWM_ConfigChannel  stm32l0xx_hal_tim.o
    0x08003f36   0x00000002   PAD
    0x08003f38   0x0000002c   Code   RO          595    i.HAL_TIM_PWM_DeInit  stm32l0xx_hal_tim.o
    0x08003f64   0x00000034   Code   RO          597    i.HAL_TIM_PWM_Init  stm32l0xx_hal_tim.o
    0x08003f98   0x00000024   Code   RO         5625    i.HAL_TIM_PWM_MspDeInit  tim.o
    0x08003fbc   0x0000002c   Code   RO         5626    i.HAL_TIM_PWM_MspInit  tim.o
    0x08003fe8   0x00000002   Code   RO          600    i.HAL_TIM_PWM_PulseFinishedCallback  stm32l0xx_hal_tim.o
    0x08003fea   0x0000001a   Code   RO          601    i.HAL_TIM_PWM_Start  stm32l0xx_hal_tim.o
    0x08004004   0x0000002c   Code   RO          604    i.HAL_TIM_PWM_Stop  stm32l0xx_hal_tim.o
    0x08004030   0x00000018   Code   RO         6651    i.HAL_TIM_PeriodElapsedCallback  lfwakeup.o
    0x08004048   0x00000002   Code   RO          611    i.HAL_TIM_TriggerCallback  stm32l0xx_hal_tim.o
    0x0800404a   0x00000002   Code   RO         1670    i.HAL_UARTEx_WakeupCallback  stm32l0xx_hal_uart_ex.o
    0x0800404c   0x00000058   Code   RO         2149    i.HAL_UART_DMAStop  stm32l0xx_hal_uart.o
    0x080040a4   0x00000002   Code   RO         2151    i.HAL_UART_ErrorCallback  stm32l0xx_hal_uart.o
    0x080040a6   0x00000002   PAD
    0x080040a8   0x00000144   Code   RO         2154    i.HAL_UART_IRQHandler  stm32l0xx_hal_uart.o
    0x080041ec   0x0000006c   Code   RO         2155    i.HAL_UART_Init     stm32l0xx_hal_uart.o
    0x08004258   0x00000064   Code   RO         3718    i.HAL_UART_MspDeInit  stm32l0xx_hal_msp.o
    0x080042bc   0x00000134   Code   RO         3719    i.HAL_UART_MspInit  stm32l0xx_hal_msp.o
    0x080043f0   0x000000a4   Code   RO         2159    i.HAL_UART_Receive_DMA  stm32l0xx_hal_uart.o
    0x08004494   0x00000002   Code   RO         3856    i.HAL_UART_RxCpltCallback  common.o
    0x08004496   0x00000002   Code   RO         2162    i.HAL_UART_RxHalfCpltCallback  stm32l0xx_hal_uart.o
    0x08004498   0x000000c8   Code   RO         2163    i.HAL_UART_Transmit  stm32l0xx_hal_uart.o
    0x08004560   0x00000002   Code   RO         2166    i.HAL_UART_TxCpltCallback  stm32l0xx_hal_uart.o
    0x08004562   0x00000002   PAD
    0x08004564   0x0000004c   Code   RO         3857    i.HL_atoh           common.o
    0x080045b0   0x00000038   Code   RO         4830    i.HW_GPIO_GetBitPos  hw_gpio.o
    0x080045e8   0x00000054   Code   RO         4831    i.HW_GPIO_Init      hw_gpio.o
    0x0800463c   0x00000018   Code   RO         4832    i.HW_GPIO_IrqHandler  hw_gpio.o
    0x08004654   0x00000034   Code   RO         4834    i.HW_GPIO_SetIrq    hw_gpio.o
    0x08004688   0x0000000a   Code   RO         4835    i.HW_GPIO_Write     hw_gpio.o
    0x08004692   0x00000002   PAD
    0x08004694   0x00000044   Code   RO         3862    i.HW_GetUniqueId    common.o
    0x080046d8   0x00000026   Code   RO         4950    i.HW_RTC_DelayMs    hw_rtc.o
    0x080046fe   0x00000002   PAD
    0x08004700   0x000000c0   Code   RO         4951    i.HW_RTC_GetCalendarValue  hw_rtc.o
    0x080047c0   0x00000004   Code   RO         4952    i.HW_RTC_GetMinimumTimeout  hw_rtc.o
    0x080047c4   0x0000000c   Code   RO         4953    i.HW_RTC_GetTimerContext  hw_rtc.o
    0x080047d0   0x0000001c   Code   RO         4954    i.HW_RTC_GetTimerElapsedTime  hw_rtc.o
    0x080047ec   0x00000010   Code   RO         4955    i.HW_RTC_GetTimerValue  hw_rtc.o
    0x080047fc   0x0000002c   Code   RO         4956    i.HW_RTC_Init       hw_rtc.o
    0x08004828   0x00000014   Code   RO         4957    i.HW_RTC_IrqHandler  hw_rtc.o
    0x0800483c   0x00000044   Code   RO         4958    i.HW_RTC_SetAlarm   hw_rtc.o
    0x08004880   0x00000060   Code   RO         4959    i.HW_RTC_SetConfig  hw_rtc.o
    0x080048e0   0x00000018   Code   RO         4960    i.HW_RTC_SetTimerContext  hw_rtc.o
    0x080048f8   0x00000118   Code   RO         4961    i.HW_RTC_StartWakeUpAlarm  hw_rtc.o
    0x08004a10   0x00000020   Code   RO         4962    i.HW_RTC_StopAlarm  hw_rtc.o
    0x08004a30   0x00000010   Code   RO         4963    i.HW_RTC_Tick2ms    hw_rtc.o
    0x08004a40   0x00000020   Code   RO         5071    i.HW_SPI_InOut      hw_spi.o
    0x08004a60   0x000000ec   Code   RO         5072    i.HW_SPI_Init       hw_spi.o
    0x08004b4c   0x00000044   Code   RO         5923    i.Handle_Error_Process  aware_protocol.o
    0x08004b90   0x00000002   Code   RO         3771    i.HardFault_Handler  stm32l0xx_it.o
    0x08004b92   0x0000000e   Code   RO         3865    i.IS_Set_ATCmd      common.o
    0x08004ba0   0x00000098   Code   RO         3866    i.Init_SysConfig    common.o
    0x08004c38   0x00000028   Code   RO         5926    i.Is_Dup_Frame      aware_protocol.o
    0x08004c60   0x00000038   Code   RO         5928    i.Is_Local_Addr     aware_protocol.o
    0x08004c98   0x00000028   Code   RO         5929    i.Is_Local_NwkAddr  aware_protocol.o
    0x08004cc0   0x00000084   Code   RO         5933    i.Join_Resp         aware_protocol.o
    0x08004d44   0x000000b8   Code   RO         3868    i.Key_Func_Handler  common.o
    0x08004dfc   0x00000060   Code   RO         3870    i.Key_GPIO_INT_Init  common.o
    0x08004e5c   0x00000028   Code   RO         3871    i.Key_Read          common.o
    0x08004e84   0x00000084   Code   RO         3872    i.Key_Status_Poll   common.o
    0x08004f08   0x0000010a   Code   RO         3873    i.LED_Ctrl          common.o
    0x08005012   0x00000002   PAD
    0x08005014   0x00000058   Code   RO         3875    i.LED_GPIO_Init     common.o
    0x0800506c   0x0000003c   Code   RO         3877    i.LED_Show          common.o
    0x080050a8   0x000001d8   Code   RO         6507    i.LF_AwakeUp        lf_as3932.o
    0x08005280   0x00000072   Code   RO         6508    i.LF_Read_Register  lf_as3932.o
    0x080052f2   0x00000002   PAD
    0x080052f4   0x00000090   Code   RO         6510    i.LF_SPI_GPIO_Init  lf_as3932.o
    0x08005384   0x00000042   Code   RO         6511    i.LF_SPI_Write      lf_as3932.o
    0x080053c6   0x00000002   PAD
    0x080053c8   0x00000064   Code   RO         6656    i.LF_SendBit        lfwakeup.o
    0x0800542c   0x0000003a   Code   RO         6512    i.LF_Write_Command  lf_as3932.o
    0x08005466   0x00000018   Code   RO         3882    i.LoRa_Config       common.o
    0x0800547e   0x00000002   PAD
    0x08005480   0x00000168   Code   RO         3883    i.LoRa_Init         common.o
    0x080055e8   0x00000018   Code   RO         5558    i.LowPower_Disable  low_power.o
    0x08005600   0x00000018   Code   RO         5559    i.LowPower_Enable   low_power.o
    0x08005618   0x0000000c   Code   RO         5560    i.LowPower_GetState  low_power.o
    0x08005624   0x000002d0   Code   RO         3884    i.MINI_Pro_Resp     common.o
    0x080058f4   0x00000056   Code   RO         4836    i.MSP_GetIRQn       hw_gpio.o
    0x0800594a   0x00000002   PAD
    0x0800594c   0x00000094   Code   RO         3885    i.MX_ADC_Init       common.o
    0x080059e0   0x00000038   Code   RO         3886    i.MX_DMA_Init       common.o
    0x08005a18   0x0000009c   Code   RO         5627    i.MX_TIM21_Init     tim.o
    0x08005ab4   0x00000054   Code   RO         3887    i.MX_USART1_UART_Init  common.o
    0x08005b08   0x00000058   Code   RO         3889    i.Match_Tag_ID      common.o
    0x08005b60   0x00000002   Code   RO         3772    i.NMI_Handler       stm32l0xx_it.o
    0x08005b62   0x00000002   PAD
    0x08005b64   0x00000044   Code   RO          244    i.NVIC_SetPriority  stm32l0xx_hal_cortex.o
    0x08005ba8   0x0000001c   Code   RO         3890    i.NVIC_SystemReset  common.o
    0x08005bc4   0x00000058   Code   RO         3891    i.Node_Change       common.o
    0x08005c1c   0x00000074   Code   RO         6728    i.OHR_GPIO_Init     orh_uart.o
    0x08005c90   0x0000000c   Code   RO         6731    i.OHR_init          orh_uart.o
    0x08005c9c   0x00000002   Code   RO         3892    i.OnPollData        common.o
    0x08005c9e   0x00000002   PAD
    0x08005ca0   0x0000005c   Code   RO         3893    i.OnRxDone          common.o
    0x08005cfc   0x0000002c   Code   RO         3894    i.OnRxError         common.o
    0x08005d28   0x00000018   Code   RO         3895    i.OnRxTimeout       common.o
    0x08005d40   0x00000018   Code   RO         3896    i.OnTxDone          common.o
    0x08005d58   0x00000030   Code   RO         3897    i.OnTxTimeout       common.o
    0x08005d88   0x0000006c   Code   RO         6658    i.PWM_GPIO_Init     lfwakeup.o
    0x08005df4   0x00000002   Code   RO         3773    i.PendSV_Handler    stm32l0xx_it.o
    0x08005df6   0x00000002   PAD
    0x08005df8   0x00000020   Code   RO         5936    i.Period_Update_Event  aware_protocol.o
    0x08005e18   0x0000003c   Code   RO         5937    i.Poll_Buffer_Age_Increase  aware_protocol.o
    0x08005e54   0x0000002c   Code   RO         5938    i.Poll_Empty_RoutTbl  aware_protocol.o
    0x08005e80   0x00000080   Code   RO         5940    i.Process_Ack       aware_protocol.o
    0x08005f00   0x00000050   Code   RO         3900    i.Process_App_Ack   common.o
    0x08005f50   0x0000019c   Code   RO         5941    i.Process_App_Cmd   aware_protocol.o
    0x080060ec   0x00000044   Code   RO         3901    i.Process_App_RF_RT_Rec  common.o
    0x08006130   0x000001a4   Code   RO         3902    i.Process_App_RF_Rec  common.o
    0x080062d4   0x00000058   Code   RO         3905    i.Process_Cmd_Status  common.o
    0x0800632c   0x00000018   Code   RO         3906    i.Process_Error     common.o
    0x08006344   0x00000016   Code   RO         5943    i.Process_Join_Cmd  aware_protocol.o
    0x0800635a   0x00000002   PAD
    0x0800635c   0x0000002c   Code   RO         3908    i.Process_Join_Status  common.o
    0x08006388   0x00000030   Code   RO         3909    i.Process_Key       common.o
    0x080063b8   0x00000030   Code   RO         3910    i.Process_LED_Event  common.o
    0x080063e8   0x00000064   Code   RO         3913    i.Process_LoRa_Data  common.o
    0x0800644c   0x00000014   Code   RO         3916    i.Process_PWM_SPK   common.o
    0x08006460   0x00000024   Code   RO         3918    i.Process_RF_Tx     common.o
    0x08006484   0x0000017c   Code   RO         5945    i.Process_SuperFrame  aware_protocol.o
    0x08006600   0x00000078   Code   RO         3922    i.Process_UART_Data  common.o
    0x08006678   0x00000034   Code   RO         3925    i.Pwr_Init          common.o
    0x080066ac   0x00000070   Code   RO         2484    i.RCC_SetFlashLatencyFromMSIRange  stm32l0xx_hal_rcc.o
    0x0800671c   0x0000003c   Code   RO         3926    i.RF_CH_Config      common.o
    0x08006758   0x000000d4   Code   RO         3927    i.RF_DataRate_Config  common.o
    0x0800682c   0x00000028   Code   RO         5946    i.RF_Tx_Inc         aware_protocol.o
    0x08006854   0x00000010   Code   RO         3148    i.RTC_Bcd2ToByte    stm32l0xx_hal_rtc.o
    0x08006864   0x00000016   Code   RO         3149    i.RTC_ByteToBcd2    stm32l0xx_hal_rtc.o
    0x0800687a   0x00000002   PAD
    0x0800687c   0x00000020   Code   RO         3928    i.RTC_Cali          common.o
    0x0800689c   0x00000038   Code   RO         3150    i.RTC_EnterInitMode  stm32l0xx_hal_rtc.o
    0x080068d4   0x00000008   Code   RO         3929    i.RTC_IRQHandler    common.o
    0x080068dc   0x00000018   Code   RO         3930    i.Read_App_NV       common.o
    0x080068f4   0x0000001c   Code   RO         4742    i.Read_Data_From_Flash  flash.o
    0x08006910   0x00000018   Code   RO         4743    i.Read_NV           flash.o
    0x08006928   0x0000001c   Code   RO         4744    i.Read_Node_From_Flash  flash.o
    0x08006944   0x00000084   Code   RO         5948    i.Relay_Join_Resp   aware_protocol.o
    0x080069c8   0x00000068   Code   RO         5950    i.RoutTab_Age_Increase  aware_protocol.o
    0x08006a30   0x00000094   Code   RO         5235    i.RxChainCalibration  sx1276.o
    0x08006ac4   0x000000b2   Code   RO         2767    i.SPI_WaitOnFlagUntilTimeout  stm32l0xx_hal_spi.o
    0x08006b76   0x00000002   PAD
    0x08006b78   0x00000014   Code   RO         3934    i.SPK_GPIO_Init     common.o
    0x08006b8c   0x00000084   Code   RO         3936    i.SPK_PWM_Ctrl      common.o
    0x08006c10   0x00000030   Code   RO         3937    i.SPK_PWM_Toggle    common.o
    0x08006c40   0x00000024   Code   RO         3938    i.SPK_Show          common.o
    0x08006c64   0x0000008c   Code   RO         3939    i.SPK_TIM2_Init     common.o
    0x08006cf0   0x00000002   Code   RO         3774    i.SVC_Handler       stm32l0xx_it.o
    0x08006cf2   0x00000004   Code   RO         5156    i.SX1276CheckRfFrequency  mlm32l07x01.o
    0x08006cf6   0x00000002   PAD
    0x08006cf8   0x0000000c   Code   RO         5236    i.SX1276GetStatus   sx1276.o
    0x08006d04   0x00000004   Code   RO         5237    i.SX1276GetTimeOnAir  sx1276.o
    0x08006d08   0x0000007c   Code   RO         5238    i.SX1276Init        sx1276.o
    0x08006d84   0x00000040   Code   RO         5158    i.SX1276IoDeInit    mlm32l07x01.o
    0x08006dc4   0x00000054   Code   RO         5159    i.SX1276IoInit      mlm32l07x01.o
    0x08006e18   0x00000014   Code   RO         5160    i.SX1276IoIrqInit   mlm32l07x01.o
    0x08006e2c   0x00000036   Code   RO         5239    i.SX1276IsChannelFree  sx1276.o
    0x08006e62   0x00000002   PAD
    0x08006e64   0x00000258   Code   RO         5240    i.SX1276OnDio0Irq   sx1276.o
    0x080070bc   0x000000f0   Code   RO         5241    i.SX1276OnDio1Irq   sx1276.o
    0x080071ac   0x000000b4   Code   RO         5242    i.SX1276OnDio2Irq   sx1276.o
    0x08007260   0x00000054   Code   RO         5243    i.SX1276OnDio3Irq   sx1276.o
    0x080072b4   0x0000001c   Code   RO         5244    i.SX1276OnDio4Irq   sx1276.o
    0x080072d0   0x00000084   Code   RO         5246    i.SX1276OnTimeoutIrq  sx1276.o
    0x08007354   0x0000003a   Code   RO         5247    i.SX1276Random      sx1276.o
    0x0800738e   0x00000010   Code   RO         5248    i.SX1276Read        sx1276.o
    0x0800739e   0x00000002   PAD
    0x080073a0   0x00000044   Code   RO         5249    i.SX1276ReadBuffer  sx1276.o
    0x080073e4   0x0000000e   Code   RO         5250    i.SX1276ReadFifo    sx1276.o
    0x080073f2   0x00000002   PAD
    0x080073f4   0x00000044   Code   RO         5251    i.SX1276ReadRssi    sx1276.o
    0x08007438   0x0000002c   Code   RO         5252    i.SX1276Reset       sx1276.o
    0x08007464   0x000000e8   Code   RO         5253    i.SX1276Send        sx1276.o
    0x0800754c   0x0000003c   Code   RO         5161    i.SX1276SetAntSw    mlm32l07x01.o
    0x08007588   0x000000b8   Code   RO         5162    i.SX1276SetAntSwLowPower  mlm32l07x01.o
    0x08007640   0x00000050   Code   RO         5254    i.SX1276SetChannel  sx1276.o
    0x08007690   0x00000030   Code   RO         5255    i.SX1276SetMaxPayloadLength  sx1276.o
    0x080076c0   0x00000060   Code   RO         5256    i.SX1276SetModem    sx1276.o
    0x08007720   0x0000002e   Code   RO         5257    i.SX1276SetOpMode   sx1276.o
    0x0800774e   0x00000090   Code   RO         5163    i.SX1276SetRfTxPower  mlm32l07x01.o
    0x080077de   0x00000002   PAD
    0x080077e0   0x00000264   Code   RO         5258    i.SX1276SetRx       sx1276.o
    0x08007a44   0x00000248   Code   RO         5259    i.SX1276SetRxConfig  sx1276.o
    0x08007c8c   0x00000024   Code   RO         5260    i.SX1276SetSleep    sx1276.o
    0x08007cb0   0x00000024   Code   RO         5261    i.SX1276SetStby     sx1276.o
    0x08007cd4   0x00000014   Code   RO         5262    i.SX1276SetSyncWord  sx1276.o
    0x08007ce8   0x000000a4   Code   RO         5263    i.SX1276SetTx       sx1276.o
    0x08007d8c   0x000001f0   Code   RO         5264    i.SX1276SetTxConfig  sx1276.o
    0x08007f7c   0x00000090   Code   RO         5265    i.SX1276SetTxContinuousWave  sx1276.o
    0x0800800c   0x00000038   Code   RO         5266    i.SX1276StartCad    sx1276.o
    0x08008044   0x0000000c   Code   RO         5267    i.SX1276Write       sx1276.o
    0x08008050   0x00000044   Code   RO         5268    i.SX1276WriteBuffer  sx1276.o
    0x08008094   0x0000000e   Code   RO         5269    i.SX1276WriteFifo   sx1276.o
    0x080080a2   0x00000002   PAD
    0x080080a4   0x00000014   Code   RO         3941    i.SetCH             common.o
    0x080080b8   0x00000014   Code   RO         3942    i.SetRFPwr          common.o
    0x080080cc   0x00000014   Code   RO         3943    i.SetRFRate         common.o
    0x080080e0   0x00000044   Code   RO         6733    i.StartOHR          orh_uart.o
    0x08008124   0x00000038   Code   RO         6734    i.StopOHR           orh_uart.o
    0x0800815c   0x00000068   Code   RO         5954    i.Store_SuperFrame  aware_protocol.o
    0x080081c4   0x00000074   Code   RO         3944    i.Store_UART_Data   common.o
    0x08008238   0x0000000c   Code   RO         3775    i.SysTick_Handler   stm32l0xx_it.o
    0x08008244   0x000000a0   Code   RO         5795    i.SystemClock_Config  coo_main.o
    0x080082e4   0x00000054   Code   RO         5831    i.SystemInit        system_stm32l0xx.o
    0x08008338   0x00000008   Code   RO         3945    i.Systick_Event     common.o
    0x08008340   0x00000010   Code   RO         5630    i.TIM21_IRQHandler  tim.o
    0x08008350   0x00000010   Code   RO         5631    i.TIM6_IRQHandler   tim.o
    0x08008360   0x00000050   Code   RO          612    i.TIM_Base_SetConfig  stm32l0xx_hal_tim.o
    0x080083b0   0x00000016   Code   RO          613    i.TIM_CCxChannelCmd  stm32l0xx_hal_tim.o
    0x080083c6   0x00000030   Code   RO          621    i.TIM_OC1_SetConfig  stm32l0xx_hal_tim.o
    0x080083f6   0x00000032   Code   RO          622    i.TIM_OC2_SetConfig  stm32l0xx_hal_tim.o
    0x08008428   0x00000036   Code   RO          623    i.TIM_OC3_SetConfig  stm32l0xx_hal_tim.o
    0x0800845e   0x00000036   Code   RO          624    i.TIM_OC4_SetConfig  stm32l0xx_hal_tim.o
    0x08008494   0x00000050   Code   RO          627    i.TIM_TI1_SetConfig  stm32l0xx_hal_tim.o
    0x080084e4   0x00000034   Code   RO          629    i.TIM_TI2_SetConfig  stm32l0xx_hal_tim.o
    0x08008518   0x0000019c   Code   RO         5955    i.TX_RF_Data        aware_protocol.o
    0x080086b4   0x00000014   Code   RO         3948    i.Time_Init         common.o
    0x080086c8   0x0000000e   Code   RO         5475    i.TimerInit         timeserver.o
    0x080086d6   0x00000002   PAD
    0x080086d8   0x0000001c   Code   RO         5476    i.TimerInsertNewHeadTimer  timeserver.o
    0x080086f4   0x00000078   Code   RO         5477    i.TimerIrqHandler   timeserver.o
    0x0800876c   0x0000002c   Code   RO         5479    i.TimerSetTimeout   timeserver.o
    0x08008798   0x0000001a   Code   RO         5480    i.TimerSetValue     timeserver.o
    0x080087b2   0x00000002   PAD
    0x080087b4   0x00000070   Code   RO         5481    i.TimerStart        timeserver.o
    0x08008824   0x00000060   Code   RO         5482    i.TimerStop         timeserver.o
    0x08008884   0x0000075c   Code   RO         3951    i.UART_AT_CMD_Process  common.o
    0x08008fe0   0x000000ca   Code   RO         2168    i.UART_AdvFeatureConfig  stm32l0xx_hal_uart.o
    0x080090aa   0x00000002   PAD
    0x080090ac   0x00000060   Code   RO         2169    i.UART_CheckIdleState  stm32l0xx_hal_uart.o
    0x0800910c   0x00000014   Code   RO         2170    i.UART_DMAAbortOnError  stm32l0xx_hal_uart.o
    0x08009120   0x0000004a   Code   RO         2171    i.UART_DMAError     stm32l0xx_hal_uart.o
    0x0800916a   0x00000040   Code   RO         2172    i.UART_DMAReceiveCplt  stm32l0xx_hal_uart.o
    0x080091aa   0x0000000a   Code   RO         2174    i.UART_DMARxHalfCplt  stm32l0xx_hal_uart.o
    0x080091b4   0x0000001e   Code   RO         2180    i.UART_EndRxTransfer  stm32l0xx_hal_uart.o
    0x080091d2   0x00000012   Code   RO         2181    i.UART_EndTxTransfer  stm32l0xx_hal_uart.o
    0x080091e4   0x0000007e   Code   RO         2182    i.UART_Receive_IT   stm32l0xx_hal_uart.o
    0x08009262   0x00000002   PAD
    0x08009264   0x0000021c   Code   RO         2183    i.UART_SetConfig    stm32l0xx_hal_uart.o
    0x08009480   0x00000040   Code   RO         6735    i.UART_TX_Output_Low  orh_uart.o
    0x080094c0   0x00000066   Code   RO         2184    i.UART_Transmit_IT  stm32l0xx_hal_uart.o
    0x08009526   0x00000062   Code   RO         2185    i.UART_WaitOnFlagUntilTimeout  stm32l0xx_hal_uart.o
    0x08009588   0x00000058   Code   RO         3952    i.USART1_IRQHandler  common.o
    0x080095e0   0x00000058   Code   RO         3953    i.USART2_IRQHandler  common.o
    0x08009638   0x00000060   Code   RO         3955    i.Uart_Enable       common.o
    0x08009698   0x00000024   Code   RO         5956    i.Update_NwkAddr_Table  aware_protocol.o
    0x080096bc   0x00000020   Code   RO         5957    i.Update_Parent_RSSI  aware_protocol.o
    0x080096dc   0x0000003c   Code   RO         3958    i.Write_App_NV      common.o
    0x08009718   0x00000026   Code   RO         4746    i.Write_Data_To_Flash  flash.o
    0x0800973e   0x00000002   PAD
    0x08009740   0x00000038   Code   RO         4747    i.Write_NV          flash.o
    0x08009778   0x000000a8   Code   RO         5961    i.ZED_Poll_Resp     aware_protocol.o
    0x08009820   0x00000002   Code   RO         5796    i._Error_Handler    coo_main.o
    0x08009822   0x00000002   PAD
    0x08009824   0x00000020   Code   RO         7054    i.__0printf$8       mc_p.l(printf8.o)
    0x08009844   0x0000002e   Code   RO         7148    i.__ARM_clz         mf_p.l(depilogue.o)
    0x08009872   0x00000030   Code   RO         5058    i.__ARM_common_ll_muluu  hw_rtc.o
    0x080098a2   0x0000001a   Code   RO         1144    i.__ARM_common_switch8  stm32l0xx_hal_tim.o
    0x080098bc   0x0000000e   Code   RO         7158    i.__scatterload_copy  mc_p.l(handlers.o)
    0x080098ca   0x00000002   Code   RO         7159    i.__scatterload_null  mc_p.l(handlers.o)
    0x080098cc   0x0000000e   Code   RO         7160    i.__scatterload_zeroinit  mc_p.l(handlers.o)
    0x080098da   0x00000002   PAD
    0x080098dc   0x00000428   Code   RO         7061    i._printf_core      mc_p.l(printf8.o)
    0x08009d04   0x00000020   Code   RO         7062    i._printf_post_padding  mc_p.l(printf8.o)
    0x08009d24   0x0000002c   Code   RO         7063    i._printf_pre_padding  mc_p.l(printf8.o)
    0x08009d50   0x000000c8   Code   RO         6825    i.ceil              m_ps.l(ceil.o)
    0x08009e18   0x0000001c   Code   RO         3960    i.fputc             common.o
    0x08009e34   0x00000098   Code   RO         5797    i.main              coo_main.o
    0x08009ecc   0x00000010   Code   RO         3961    i.osal_memcpy       common.o
    0x08009edc   0x00000012   Code   RO         3962    i.osal_revmemcpy    common.o
    0x08009eee   0x00000002   PAD
    0x08009ef0   0x00000054   Code   RO         3963    i.print_8_02x       common.o
    0x08009f44   0x0000002c   Code   RO         5962    i.rand1             aware_protocol.o
    0x08009f70   0x00000016   Code   RO         5963    i.randr             aware_protocol.o
    0x08009f86   0x000000dc   Data   RO         3966    .constdata          common.o
    0x0800a062   0x00000018   Data   RO         4968    .constdata          hw_rtc.o
    0x0800a07a   0x00000002   PAD
    0x0800a07c   0x00000064   Data   RO         5164    .constdata          mlm32l07x01.o
    0x0800a0e0   0x000000e0   Data   RO         5271    .constdata          sx1276.o
    0x0800a1c0   0x00000019   Data   RO         5832    .constdata          system_stm32l0xx.o
    0x0800a1d9   0x00000008   Data   RO         5833    .constdata          system_stm32l0xx.o
    0x0800a1e1   0x00000010   Data   RO         5967    .constdata          aware_protocol.o
    0x0800a1f1   0x00000100   Data   RO         6483    .constdata          ccrfid_crc8.o
    0x0800a2f1   0x00000003   PAD
    0x0800a2f4   0x00000020   Data   RO         7156    Region$$Table       anon$$obj.o


    Execution Region RW_IRAM1 (Base: 0x20000000, Size: 0x00001cb8, Max: 0x00002000, ABSOLUTE, COMPRESSED[0x00000028])

    Base Addr    Size         Type   Attr      Idx    E Section Name        Object

    0x20000000   0x00000004   Data   RW         2989    .data               stm32l0xx_hal.o
    0x20000004   0x00000098   Data   RW         3972    .data               common.o
    0x2000009c   0x00000004   Data   RW         4969    .data               hw_rtc.o
    0x200000a0   0x00000001   Data   RW         5165    .data               mlm32l07x01.o
    0x200000a1   0x00000003   PAD
    0x200000a4   0x0000001c   Data   RW         5272    .data               sx1276.o
    0x200000c0   0x00000004   Data   RW         5483    .data               timeserver.o
    0x200000c4   0x00000004   Data   RW         5562    .data               low_power.o
    0x200000c8   0x0000000c   Data   RW         5633    .data               tim.o
    0x200000d4   0x00000004   Data   RW         5798    .data               coo_main.o
    0x200000d8   0x00000004   Data   RW         5834    .data               system_stm32l0xx.o
    0x200000dc   0x00000036   Data   RW         5970    .data               aware_protocol.o
    0x20000112   0x00000002   PAD
    0x20000114   0x00000014   Data   RW         6515    .data               lf_as3932.o
    0x20000128   0x00000003   Data   RW         6660    .data               lfwakeup.o
    0x2000012b   0x0000000a   Data   RW         6741    .data               orh_uart.o
    0x20000135   0x00000003   PAD
    0x20000138   0x00000004   Data   RW         7138    .data               mc_p.l(stdout.o)
    0x2000013c   0x00000018   Zero   RW         1738    .bss                stm32l0xx_hal_flash.o
    0x20000154   0x000006fc   Zero   RW         3965    .bss                common.o
    0x20000850   0x00000040   Zero   RW         4837    .bss                hw_gpio.o
    0x20000890   0x00000068   Zero   RW         4967    .bss                hw_rtc.o
    0x200008f8   0x00000058   Zero   RW         5081    .bss                hw_spi.o
    0x20000950   0x0000019c   Zero   RW         5270    .bss                sx1276.o
    0x20000aec   0x000000a8   Zero   RW         5632    .bss                tim.o
    0x20000b94   0x00000d04   Zero   RW         5965    .bss                aware_protocol.o
    0x20001898   0x00000020   Zero   RW         6659    .bss                lfwakeup.o
    0x200018b8   0x00000400   Zero   RW         3822    STACK               startup_stm32l051xx.o


==============================================================================

Image component sizes


      Code (inc. data)   RO Data    RW Data    ZI Data      Debug   Object Name

      5606        770         16         54       3332      53788   aware_protocol.o
        32          4        256          0          0       1259   ccrfid_crc8.o
      8094       1958        224        152       1788      95038   common.o
       314         12          0          4          0       2516   coo_main.o
       282         48          0          0          0       5175   flash.o
       436         54          0          0         64      17475   hw_gpio.o
       918         92         24          4        104      10152   hw_rtc.o
       268         54          0          0         88       2053   hw_spi.o
       866         18          0         20          0       7299   lf_as3932.o
       232         32          0          3         32       4329   lfwakeup.o
        60         14          0          4          0       2001   low_power.o
       560         44        100          1          0       9927   mlm32l07x01.o
       408         60          0         10          0       6896   orh_uart.o
        28          8        192          0       1024        624   startup_stm32l051xx.o
       122         24          0          4          0       3811   stm32l0xx_hal.o
       636         26          0          0          0       3015   stm32l0xx_hal_adc.o
       196         34          0          0          0      12574   stm32l0xx_hal_cortex.o
      1708         24          0          0          0       6311   stm32l0xx_hal_dma.o
       256         16          0          0         24       1794   stm32l0xx_hal_flash.o
       180         36          0          0          0     368946   stm32l0xx_hal_flash_ex.o
       658         62          0          0          0       5169   stm32l0xx_hal_gpio.o
       620         96          0          0          0       3646   stm32l0xx_hal_msp.o
      1672        116          0          0          0       7020   stm32l0xx_hal_rcc.o
       668         44          0          0          0       2925   stm32l0xx_hal_rcc_ex.o
      1610         34          0          0          0      10274   stm32l0xx_hal_rtc.o
        62          0          0          0          0       1703   stm32l0xx_hal_rtc_ex.o
      1006          0          0          0          0       3781   stm32l0xx_hal_spi.o
      1716         38          0          0          0      17287   stm32l0xx_hal_tim.o
       102          0          0          0          0       1900   stm32l0xx_hal_tim_ex.o
      2270         92          0          0          0      15798   stm32l0xx_hal_uart.o
         2          0          0          0          0       1032   stm32l0xx_hal_uart_ex.o
        36          6          0          0          0       2716   stm32l0xx_it.o
      4662        268        224         28        412      26953   sx1276.o
        84         18         33          4          0       1283   system_stm32l0xx.o
       608        108          0         12        168       6498   tim.o
       440         18          0          4          0       8083   timeserver.o

    ----------------------------------------------------------------------
     37496       4228       1106        312       7036     731051   Object Totals
         0          0         32          0          0          0   (incl. Generated)
        78          0          5          8          0          0   (incl. Padding)

    ----------------------------------------------------------------------

      Code (inc. data)   RO Data    RW Data    ZI Data      Debug   Library Member Name

       200         20          0          0          0         76   ceil.o
        58          0          0          0          0          0   __dczerorl.o
         0          0          0          0          0          0   entry.o
         0          0          0          0          0          0   entry10a.o
         0          0          0          0          0          0   entry11a.o
         8          4          0          0          0          0   entry2.o
         4          0          0          0          0          0   entry5.o
         0          0          0          0          0          0   entry7b.o
         0          0          0          0          0          0   entry8b.o
         8          4          0          0          0          0   entry9a.o
        30          0          0          0          0          0   handlers.o
        36          8          0          0          0         68   init.o
         0          0          0          0          0          0   iusefp.o
        32          0          0          0          0         68   llshl.o
        38          0          0          0          0         68   llsshr.o
        34          0          0          0          0         68   llushr.o
        26          0          0          0          0         72   memcmp.o
        36          0          0          0          0         60   memcpya.o
        36          0          0          0          0        100   memseta.o
      1172         52          0          0          0        324   printf8.o
         0          0          0          4          0          0   stdout.o
        30          0          0          0          0         72   strncmp.o
        44          0          0          0          0         72   uidiv.o
        96          0          0          0          0         84   uldiv.o
        20          0          0          0          0         60   uread4.o
        18          0          0          0          0         60   uwrite4.o
        40          2          0          0          0         68   cdrcmple.o
       356          4          0          0          0        140   dadd.o
       240          6          0          0          0         84   ddiv.o
       236          0          0          0          0        216   depilogue.o
        60         10          0          0          0         68   dfixui.o
        28          4          0          0          0         68   dfltui.o
       208          6          0          0          0         88   dmul.o
        44          0          0          0          0         72   dscalb.o

    ----------------------------------------------------------------------
      3146        120          0          4          0       2056   Library Totals
         8          0          0          0          0          0   (incl. Padding)

    ----------------------------------------------------------------------

      Code (inc. data)   RO Data    RW Data    ZI Data      Debug   Library Name

       200         20          0          0          0         76   m_ps.l
      1726         68          0          4          0       1176   mc_p.l
      1212         32          0          0          0        804   mf_p.l

    ----------------------------------------------------------------------
      3146        120          0          4          0       2056   Library Totals

    ----------------------------------------------------------------------

==============================================================================


      Code (inc. data)   RO Data    RW Data    ZI Data      Debug   

     40642       4348       1106        316       7036     715987   Grand Totals
     40642       4348       1106         40       7036     715987   ELF Image Totals (compressed)
     40642       4348       1106         40          0          0   ROM Totals

==============================================================================

    Total RO  Size (Code + RO Data)                41748 (  40.77kB)
    Total RW  Size (RW Data + ZI Data)              7352 (   7.18kB)
    Total ROM Size (Code + RO Data + RW Data)      41788 (  40.81kB)

==============================================================================

