<html>
<body>
<pre>
<h1>µVision Build Log</h1>
<h2>Tool Versions:</h2>
IDE-Version: ¦ÌVision V5.18a
Copyright (C) 2016 ARM Ltd and ARM Germany GmbH. All rights reserved.
License Information: y y, y, LIC=AK1Y8-31TP2-15ITV-PIJR2-9KMDL-Q4BCC
 
Tool Versions:
Toolchain:       MDK-ARM Professional  Version: 5.18a
Toolchain Path:  d:\Keil_v5\ARM\ARMCC\Bin
C Compiler:      Armcc.exe V5.06 update 1 (build 61)
Assembler:       Armasm.exe V5.06 update 1 (build 61)
Linker/Locator:  ArmLink.exe V5.06 update 1 (build 61)
Library Manager: ArmAr.exe V5.06 update 1 (build 61)
Hex Converter:   FromElf.exe V5.06 update 1 (build 61)
CPU DLL:         SARMCM3.DLL V5.18a
Dialog DLL:      DARMCM1.DLL V1.12.0.0
Target DLL:      STLink\ST-LINKIII-KEIL_SWO.dll V2.0.18.0
Dialog DLL:      TARMCM1.DLL V1.9.0.0
 
<h2>Project:</h2>
F:\02yaoyida\01-Software\trunk\PatientTag-LoRa\LoRa_L051-SKM-180629-V1.3\MDK-ARM\LoRa_Test_Lo51.uvprojx
Project File Date:  06/08/2018

<h2>Output:</h2>
*** Using Compiler 'V5.06 update 1 (build 61)', folder: 'd:\Keil_v5\ARM\ARMCC\Bin'
Build target 'ZED-L051'
linking...
LoRa_Test_Lo51\MateTag.axf: Warning: L6969W: Changing AT Section .ARM.__AT_0x08000800 type from RW to RO in ER_IROM1.
Program Size: Code=57256 RO-data=1168 RW-data=320 ZI-data=7752  
Finished: 0 information, 1 warning and 0 error messages.
After Build - User command #1: fromelf.exe --bin -o ./LoRa_Test_Lo51/MateTag.bin ./LoRa_Test_Lo51/MateTag.axf
"LoRa_Test_Lo51\MateTag.axf" - 0 Error(s), 1 Warning(s).

<h2>Software Packages used:</h2>

Package Vendor: ARM
                http://www.keil.com/pack/ARM.CMSIS.4.5.0.pack
                ARM::CMSIS:CORE:4.3.0
                CMSIS (Cortex Microcontroller Software Interface Standard)
   * Component: CORE Version: 4.3.0

<h2>Collection of Component include folders:</h2>
  F:\02yaoyida\01-Software\trunk\PatientTag-LoRa\LoRa_L051-SKM-180629-V1.3\MDK-ARM\RTE
  d:\Keil_v5\ARM\PACK\ARM\CMSIS\4.5.0\CMSIS\Include
  d:\Keil_v5\ARM\PACK\Keil\STM32L0xx_DFP\2.0.0\Drivers\CMSIS\Device\ST\STM32L0xx\Include

<h2>Collection of Component Files used:</h2>

   * Component: ARM::CMSIS:CORE:4.3.0
Build Time Elapsed:  00:00:05
</pre>
</body>
</html>
