<!doctype html public "-//w3c//dtd html 4.0 transitional//en">
<html><head>
<title>Static Call Graph - [LoRa_Test_Lo51\MateTag.axf]</title></head>
<body><HR>
<H1>Static Call Graph for image LoRa_Test_Lo51\MateTag.axf</H1><HR>
<BR><P>#&#060CALLGRAPH&#062# ARM Linker, 5060061: Last Updated: Wed Jul 11 09:33:27 2018
<BR><P>
<H3>Maximum Stack Usage =        280 bytes + Unknown(Cycles, Untraceable Function Pointers)</H3><H3>
Call chain for Maximum Stack Depth:</H3>
main &rArr; Process_UART_Data &rArr; GpstoHex &rArr; atof &rArr; __strtod_int &rArr; _local_sscanf &rArr; _scanf_real
<P>
<H3>
Mutually Recursive functions
</H3> <LI><a href="#[16]">ADC1_COMP_IRQHandler</a>&nbsp;&nbsp;&nbsp;&rArr;&nbsp;&nbsp;&nbsp;<a href="#[16]">ADC1_COMP_IRQHandler</a><BR>
 <LI><a href="#[7]">HardFault_Handler</a>&nbsp;&nbsp;&nbsp;&rArr;&nbsp;&nbsp;&nbsp;<a href="#[7]">HardFault_Handler</a><BR>
 <LI><a href="#[155]">_Error_Handler</a>&nbsp;&nbsp;&nbsp;&rArr;&nbsp;&nbsp;&nbsp;<a href="#[155]">_Error_Handler</a><BR>
</UL>
<P>
<H3>
Function Pointers
</H3><UL>
 <LI><a href="#[16]">ADC1_COMP_IRQHandler</a> from startup_stm32l051xx.o(.text) referenced from startup_stm32l051xx.o(RESET)
 <LI><a href="#[38]">AwarePro_NV_Init</a> from aware_protocol.o(i.AwarePro_NV_Init) referenced from common.o(.constdata)
 <LI><a href="#[13]">DMA1_Channel1_IRQHandler</a> from startup_stm32l051xx.o(.text) referenced from startup_stm32l051xx.o(RESET)
 <LI><a href="#[14]">DMA1_Channel2_3_IRQHandler</a> from common.o(i.DMA1_Channel2_3_IRQHandler) referenced from startup_stm32l051xx.o(RESET)
 <LI><a href="#[15]">DMA1_Channel4_5_6_7_IRQHandler</a> from common.o(i.DMA1_Channel4_5_6_7_IRQHandler) referenced from startup_stm32l051xx.o(RESET)
 <LI><a href="#[10]">EXTI0_1_IRQHandler</a> from common.o(i.EXTI0_1_IRQHandler) referenced from startup_stm32l051xx.o(RESET)
 <LI><a href="#[11]">EXTI2_3_IRQHandler</a> from common.o(i.EXTI2_3_IRQHandler) referenced from startup_stm32l051xx.o(RESET)
 <LI><a href="#[12]">EXTI4_15_IRQHandler</a> from common.o(i.EXTI4_15_IRQHandler) referenced from startup_stm32l051xx.o(RESET)
 <LI><a href="#[e]">FLASH_IRQHandler</a> from startup_stm32l051xx.o(.text) referenced from startup_stm32l051xx.o(RESET)
 <LI><a href="#[7]">HardFault_Handler</a> from stm32l0xx_it.o(i.HardFault_Handler) referenced from startup_stm32l051xx.o(RESET)
 <LI><a href="#[1c]">I2C1_IRQHandler</a> from startup_stm32l051xx.o(.text) referenced from startup_stm32l051xx.o(RESET)
 <LI><a href="#[1d]">I2C2_IRQHandler</a> from common.o(i.I2C2_IRQHandler) referenced from startup_stm32l051xx.o(RESET)
 <LI><a href="#[2d]">I2C_DMAAbort</a> from stm32l0xx_hal_i2c.o(i.I2C_DMAAbort) referenced from stm32l0xx_hal_i2c.o(i.I2C_ITError)
 <LI><a href="#[2e]">I2C_Slave_ISR_IT</a> from stm32l0xx_hal_i2c.o(i.I2C_Slave_ISR_IT) referenced from stm32l0xx_hal_i2c.o(i.I2C_ITError)
 <LI><a href="#[17]">LPTIM1_IRQHandler</a> from startup_stm32l051xx.o(.text) referenced from startup_stm32l051xx.o(RESET)
 <LI><a href="#[22]">LPUART1_IRQHandler</a> from common.o(i.LPUART1_IRQHandler) referenced from startup_stm32l051xx.o(RESET)
 <LI><a href="#[6]">NMI_Handler</a> from stm32l0xx_it.o(i.NMI_Handler) referenced from startup_stm32l051xx.o(RESET)
 <LI><a href="#[36]">OnPollData</a> from common.o(i.OnPollData) referenced from common.o(i.Time_Init)
 <LI><a href="#[30]">OnRxDone</a> from common.o(i.OnRxDone) referenced from common.o(i.LoRa_Init)
 <LI><a href="#[33]">OnRxError</a> from common.o(i.OnRxError) referenced from common.o(i.LoRa_Init)
 <LI><a href="#[32]">OnRxTimeout</a> from common.o(i.OnRxTimeout) referenced from common.o(i.LoRa_Init)
 <LI><a href="#[2f]">OnTxDone</a> from common.o(i.OnTxDone) referenced from common.o(i.LoRa_Init)
 <LI><a href="#[31]">OnTxTimeout</a> from common.o(i.OnTxTimeout) referenced from common.o(i.LoRa_Init)
 <LI><a href="#[c]">PVD_IRQHandler</a> from startup_stm32l051xx.o(.text) referenced from startup_stm32l051xx.o(RESET)
 <LI><a href="#[9]">PendSV_Handler</a> from stm32l0xx_it.o(i.PendSV_Handler) referenced from startup_stm32l051xx.o(RESET)
 <LI><a href="#[3c]">Process_App_Ack</a> from common.o(i.Process_App_Ack) referenced from common.o(.constdata)
 <LI><a href="#[39]">Process_App_RF_Rec</a> from common.o(i.Process_App_RF_Rec) referenced from common.o(.constdata)
 <LI><a href="#[3d]">Process_Cmd_Status</a> from common.o(i.Process_Cmd_Status) referenced from common.o(.constdata)
 <LI><a href="#[3e]">Process_Error</a> from common.o(i.Process_Error) referenced from common.o(.constdata)
 <LI><a href="#[3b]">Process_Join_Status</a> from common.o(i.Process_Join_Status) referenced from common.o(.constdata)
 <LI><a href="#[3a]">Process_RF_Tx</a> from common.o(i.Process_RF_Tx) referenced from common.o(.constdata)
 <LI><a href="#[f]">RCC_IRQHandler</a> from startup_stm32l051xx.o(.text) referenced from startup_stm32l051xx.o(RESET)
 <LI><a href="#[d]">RTC_IRQHandler</a> from common.o(i.RTC_IRQHandler) referenced from startup_stm32l051xx.o(RESET)
 <LI><a href="#[5]">Reset_Handler</a> from startup_stm32l051xx.o(.text) referenced from startup_stm32l051xx.o(RESET)
 <LI><a href="#[1e]">SPI1_IRQHandler</a> from startup_stm32l051xx.o(.text) referenced from startup_stm32l051xx.o(RESET)
 <LI><a href="#[1f]">SPI2_IRQHandler</a> from startup_stm32l051xx.o(.text) referenced from startup_stm32l051xx.o(RESET)
 <LI><a href="#[8]">SVC_Handler</a> from stm32l0xx_it.o(i.SVC_Handler) referenced from startup_stm32l051xx.o(RESET)
 <LI><a href="#[49]">SX1276CheckRfFrequency</a> from mlm32l07x01.o(i.SX1276CheckRfFrequency) referenced from mlm32l07x01.o(.constdata)
 <LI><a href="#[42]">SX1276GetStatus</a> from sx1276.o(i.SX1276GetStatus) referenced from mlm32l07x01.o(.constdata)
 <LI><a href="#[4a]">SX1276GetTimeOnAir</a> from sx1276.o(i.SX1276GetTimeOnAir) referenced from mlm32l07x01.o(.constdata)
 <LI><a href="#[41]">SX1276Init</a> from sx1276.o(i.SX1276Init) referenced from mlm32l07x01.o(.constdata)
 <LI><a href="#[40]">SX1276IoDeInit</a> from mlm32l07x01.o(i.SX1276IoDeInit) referenced from mlm32l07x01.o(.constdata)
 <LI><a href="#[3f]">SX1276IoInit</a> from mlm32l07x01.o(i.SX1276IoInit) referenced from mlm32l07x01.o(.constdata)
 <LI><a href="#[45]">SX1276IsChannelFree</a> from sx1276.o(i.SX1276IsChannelFree) referenced from mlm32l07x01.o(.constdata)
 <LI><a href="#[0]">SX1276OnDio0Irq</a> from sx1276.o(i.SX1276OnDio0Irq) referenced 2 times from sx1276.o(.data)
 <LI><a href="#[1]">SX1276OnDio1Irq</a> from sx1276.o(i.SX1276OnDio1Irq) referenced 2 times from sx1276.o(.data)
 <LI><a href="#[2]">SX1276OnDio2Irq</a> from sx1276.o(i.SX1276OnDio2Irq) referenced 2 times from sx1276.o(.data)
 <LI><a href="#[3]">SX1276OnDio3Irq</a> from sx1276.o(i.SX1276OnDio3Irq) referenced 2 times from sx1276.o(.data)
 <LI><a href="#[4]">SX1276OnDio4Irq</a> from sx1276.o(i.SX1276OnDio4Irq) referenced 2 times from sx1276.o(.data)
 <LI><a href="#[35]">SX1276OnTimeoutIrq</a> from sx1276.o(i.SX1276OnTimeoutIrq) referenced from sx1276.o(i.SX1276Init)
 <LI><a href="#[46]">SX1276Random</a> from sx1276.o(i.SX1276Random) referenced from mlm32l07x01.o(.constdata)
 <LI><a href="#[53]">SX1276Read</a> from sx1276.o(i.SX1276Read) referenced from mlm32l07x01.o(.constdata)
 <LI><a href="#[55]">SX1276ReadBuffer</a> from sx1276.o(i.SX1276ReadBuffer) referenced from mlm32l07x01.o(.constdata)
 <LI><a href="#[51]">SX1276ReadRssi</a> from sx1276.o(i.SX1276ReadRssi) referenced from mlm32l07x01.o(.constdata)
 <LI><a href="#[4b]">SX1276Send</a> from sx1276.o(i.SX1276Send) referenced from mlm32l07x01.o(.constdata)
 <LI><a href="#[44]">SX1276SetChannel</a> from sx1276.o(i.SX1276SetChannel) referenced from mlm32l07x01.o(.constdata)
 <LI><a href="#[57]">SX1276SetMaxPayloadLength</a> from sx1276.o(i.SX1276SetMaxPayloadLength) referenced from mlm32l07x01.o(.constdata)
 <LI><a href="#[43]">SX1276SetModem</a> from sx1276.o(i.SX1276SetModem) referenced from mlm32l07x01.o(.constdata)
 <LI><a href="#[4e]">SX1276SetRx</a> from sx1276.o(i.SX1276SetRx) referenced from mlm32l07x01.o(.constdata)
 <LI><a href="#[47]">SX1276SetRxConfig</a> from sx1276.o(i.SX1276SetRxConfig) referenced from mlm32l07x01.o(.constdata)
 <LI><a href="#[4c]">SX1276SetSleep</a> from sx1276.o(i.SX1276SetSleep) referenced from mlm32l07x01.o(.constdata)
 <LI><a href="#[4d]">SX1276SetStby</a> from sx1276.o(i.SX1276SetStby) referenced from mlm32l07x01.o(.constdata)
 <LI><a href="#[56]">SX1276SetSyncWord</a> from sx1276.o(i.SX1276SetSyncWord) referenced from mlm32l07x01.o(.constdata)
 <LI><a href="#[48]">SX1276SetTxConfig</a> from sx1276.o(i.SX1276SetTxConfig) referenced from mlm32l07x01.o(.constdata)
 <LI><a href="#[50]">SX1276SetTxContinuousWave</a> from sx1276.o(i.SX1276SetTxContinuousWave) referenced from mlm32l07x01.o(.constdata)
 <LI><a href="#[4f]">SX1276StartCad</a> from sx1276.o(i.SX1276StartCad) referenced from mlm32l07x01.o(.constdata)
 <LI><a href="#[52]">SX1276Write</a> from sx1276.o(i.SX1276Write) referenced from mlm32l07x01.o(.constdata)
 <LI><a href="#[54]">SX1276WriteBuffer</a> from sx1276.o(i.SX1276WriteBuffer) referenced from mlm32l07x01.o(.constdata)
 <LI><a href="#[a]">SysTick_Handler</a> from stm32l0xx_it.o(i.SysTick_Handler) referenced from startup_stm32l051xx.o(RESET)
 <LI><a href="#[24]">SystemInit</a> from system_stm32l0xx.o(i.SystemInit) referenced from startup_stm32l051xx.o(.text)
 <LI><a href="#[1a]">TIM21_IRQHandler</a> from tim.o(i.TIM21_IRQHandler) referenced from startup_stm32l051xx.o(RESET)
 <LI><a href="#[1b]">TIM22_IRQHandler</a> from startup_stm32l051xx.o(.text) referenced from startup_stm32l051xx.o(RESET)
 <LI><a href="#[18]">TIM2_IRQHandler</a> from startup_stm32l051xx.o(.text) referenced from startup_stm32l051xx.o(RESET)
 <LI><a href="#[19]">TIM6_IRQHandler</a> from tim.o(i.TIM6_IRQHandler) referenced from startup_stm32l051xx.o(RESET)
 <LI><a href="#[29]">UART_DMAAbortOnError</a> from stm32l0xx_hal_uart.o(i.UART_DMAAbortOnError) referenced from stm32l0xx_hal_uart.o(i.HAL_UART_IRQHandler)
 <LI><a href="#[2c]">UART_DMAError</a> from stm32l0xx_hal_uart.o(i.UART_DMAError) referenced from stm32l0xx_hal_uart.o(i.HAL_UART_Receive_DMA)
 <LI><a href="#[2a]">UART_DMAReceiveCplt</a> from stm32l0xx_hal_uart.o(i.UART_DMAReceiveCplt) referenced from stm32l0xx_hal_uart.o(i.HAL_UART_Receive_DMA)
 <LI><a href="#[2b]">UART_DMARxHalfCplt</a> from stm32l0xx_hal_uart.o(i.UART_DMARxHalfCplt) referenced from stm32l0xx_hal_uart.o(i.HAL_UART_Receive_DMA)
 <LI><a href="#[20]">USART1_IRQHandler</a> from common.o(i.USART1_IRQHandler) referenced from startup_stm32l051xx.o(RESET)
 <LI><a href="#[21]">USART2_IRQHandler</a> from common.o(i.USART2_IRQHandler) referenced from startup_stm32l051xx.o(RESET)
 <LI><a href="#[b]">WWDG_IRQHandler</a> from startup_stm32l051xx.o(.text) referenced from startup_stm32l051xx.o(RESET)
 <LI><a href="#[25]">__main</a> from entry.o(.ARM.Collect$$$$00000000) referenced from startup_stm32l051xx.o(.text)
 <LI><a href="#[27]">_sbackspace</a> from _sgetc.o(.text) referenced from strtod.o(.text)
 <LI><a href="#[26]">_sgetc</a> from _sgetc.o(.text) referenced from strtod.o(.text)
 <LI><a href="#[37]">fputc</a> from common.o(i.fputc) referenced from printfa.o(i.__0printf)
 <LI><a href="#[28]">isspace</a> from isspace_c.o(.text) referenced from strtod.o(.text)
 <LI><a href="#[23]">main</a> from main.o(i.main) referenced from entry9a.o(.ARM.Collect$$$$0000000B)
 <LI><a href="#[34]">timer_ohr_handler</a> from ohr_i2c.o(i.timer_ohr_handler) referenced from ohr_i2c.o(i.OHR_init)
</UL>
<P>
<H3>
Global Symbols
</H3>
<P><STRONG><a name="[25]"></a>__main</STRONG> (Thumb, 0 bytes, Stack size unknown bytes, entry.o(.ARM.Collect$$$$00000000))
<BR>[Address Reference Count : 1]<UL><LI> startup_stm32l051xx.o(.text)
</UL>
<P><STRONG><a name="[239]"></a>_main_stk</STRONG> (Thumb, 0 bytes, Stack size unknown bytes, entry2.o(.ARM.Collect$$$$00000001))

<P><STRONG><a name="[58]"></a>_main_scatterload</STRONG> (Thumb, 0 bytes, Stack size unknown bytes, entry5.o(.ARM.Collect$$$$00000004))
<BR><BR>[Calls]<UL><LI><a href="#[59]">&gt;&gt;</a>&nbsp;&nbsp;&nbsp;__scatterload
</UL>

<P><STRONG><a name="[74]"></a>__main_after_scatterload</STRONG> (Thumb, 0 bytes, Stack size unknown bytes, entry5.o(.ARM.Collect$$$$00000004))
<BR><BR>[Called By]<UL><LI><a href="#[59]">&gt;&gt;</a>&nbsp;&nbsp;&nbsp;__scatterload
</UL>

<P><STRONG><a name="[23a]"></a>_main_clock</STRONG> (Thumb, 0 bytes, Stack size unknown bytes, entry7b.o(.ARM.Collect$$$$00000008))

<P><STRONG><a name="[23b]"></a>_main_cpp_init</STRONG> (Thumb, 0 bytes, Stack size unknown bytes, entry8b.o(.ARM.Collect$$$$0000000A))

<P><STRONG><a name="[23c]"></a>_main_init</STRONG> (Thumb, 0 bytes, Stack size unknown bytes, entry9a.o(.ARM.Collect$$$$0000000B))

<P><STRONG><a name="[23d]"></a>__rt_final_cpp</STRONG> (Thumb, 0 bytes, Stack size unknown bytes, entry10a.o(.ARM.Collect$$$$0000000D))

<P><STRONG><a name="[23e]"></a>__rt_final_exit</STRONG> (Thumb, 0 bytes, Stack size unknown bytes, entry11a.o(.ARM.Collect$$$$0000000F))

<P><STRONG><a name="[5]"></a>Reset_Handler</STRONG> (Thumb, 8 bytes, Stack size 0 bytes, startup_stm32l051xx.o(.text))
<BR>[Address Reference Count : 1]<UL><LI> startup_stm32l051xx.o(RESET)
</UL>
<P><STRONG><a name="[16]"></a>ADC1_COMP_IRQHandler</STRONG> (Thumb, 0 bytes, Stack size 0 bytes, startup_stm32l051xx.o(.text))
<BR><BR>[Calls]<UL><LI><a href="#[16]">&gt;&gt;</a>&nbsp;&nbsp;&nbsp;ADC1_COMP_IRQHandler
</UL>
<BR>[Called By]<UL><LI><a href="#[16]">&gt;&gt;</a>&nbsp;&nbsp;&nbsp;ADC1_COMP_IRQHandler
</UL>
<BR>[Address Reference Count : 1]<UL><LI> startup_stm32l051xx.o(RESET)
</UL>
<P><STRONG><a name="[13]"></a>DMA1_Channel1_IRQHandler</STRONG> (Thumb, 0 bytes, Stack size 0 bytes, startup_stm32l051xx.o(.text))
<BR>[Address Reference Count : 1]<UL><LI> startup_stm32l051xx.o(RESET)
</UL>
<P><STRONG><a name="[e]"></a>FLASH_IRQHandler</STRONG> (Thumb, 0 bytes, Stack size 0 bytes, startup_stm32l051xx.o(.text))
<BR>[Address Reference Count : 1]<UL><LI> startup_stm32l051xx.o(RESET)
</UL>
<P><STRONG><a name="[1c]"></a>I2C1_IRQHandler</STRONG> (Thumb, 0 bytes, Stack size 0 bytes, startup_stm32l051xx.o(.text))
<BR>[Address Reference Count : 1]<UL><LI> startup_stm32l051xx.o(RESET)
</UL>
<P><STRONG><a name="[17]"></a>LPTIM1_IRQHandler</STRONG> (Thumb, 0 bytes, Stack size 0 bytes, startup_stm32l051xx.o(.text))
<BR>[Address Reference Count : 1]<UL><LI> startup_stm32l051xx.o(RESET)
</UL>
<P><STRONG><a name="[c]"></a>PVD_IRQHandler</STRONG> (Thumb, 0 bytes, Stack size 0 bytes, startup_stm32l051xx.o(.text))
<BR>[Address Reference Count : 1]<UL><LI> startup_stm32l051xx.o(RESET)
</UL>
<P><STRONG><a name="[f]"></a>RCC_IRQHandler</STRONG> (Thumb, 0 bytes, Stack size 0 bytes, startup_stm32l051xx.o(.text))
<BR>[Address Reference Count : 1]<UL><LI> startup_stm32l051xx.o(RESET)
</UL>
<P><STRONG><a name="[1e]"></a>SPI1_IRQHandler</STRONG> (Thumb, 0 bytes, Stack size 0 bytes, startup_stm32l051xx.o(.text))
<BR>[Address Reference Count : 1]<UL><LI> startup_stm32l051xx.o(RESET)
</UL>
<P><STRONG><a name="[1f]"></a>SPI2_IRQHandler</STRONG> (Thumb, 0 bytes, Stack size 0 bytes, startup_stm32l051xx.o(.text))
<BR>[Address Reference Count : 1]<UL><LI> startup_stm32l051xx.o(RESET)
</UL>
<P><STRONG><a name="[1b]"></a>TIM22_IRQHandler</STRONG> (Thumb, 0 bytes, Stack size 0 bytes, startup_stm32l051xx.o(.text))
<BR>[Address Reference Count : 1]<UL><LI> startup_stm32l051xx.o(RESET)
</UL>
<P><STRONG><a name="[18]"></a>TIM2_IRQHandler</STRONG> (Thumb, 0 bytes, Stack size 0 bytes, startup_stm32l051xx.o(.text))
<BR>[Address Reference Count : 1]<UL><LI> startup_stm32l051xx.o(RESET)
</UL>
<P><STRONG><a name="[b]"></a>WWDG_IRQHandler</STRONG> (Thumb, 0 bytes, Stack size 0 bytes, startup_stm32l051xx.o(.text))
<BR>[Address Reference Count : 1]<UL><LI> startup_stm32l051xx.o(RESET)
</UL>
<P><STRONG><a name="[23f]"></a>__aeabi_uidiv</STRONG> (Thumb, 0 bytes, Stack size 12 bytes, uidiv.o(.text), UNUSED)

<P><STRONG><a name="[5b]"></a>__aeabi_uidivmod</STRONG> (Thumb, 44 bytes, Stack size 12 bytes, uidiv.o(.text))
<BR><BR>[Stack]<UL><LI>Max Depth = 12<LI>Call Chain = __aeabi_uidivmod
</UL>
<BR>[Called By]<UL><LI><a href="#[150]">&gt;&gt;</a>&nbsp;&nbsp;&nbsp;UART_SetConfig
<LI><a href="#[101]">&gt;&gt;</a>&nbsp;&nbsp;&nbsp;HAL_InitTick
<LI><a href="#[10b]">&gt;&gt;</a>&nbsp;&nbsp;&nbsp;HAL_RCC_GetSysClockFreq
<LI><a href="#[219]">&gt;&gt;</a>&nbsp;&nbsp;&nbsp;SystemClock_Config
<LI><a href="#[7e]">&gt;&gt;</a>&nbsp;&nbsp;&nbsp;ADC_DelayMicroSecond
<LI><a href="#[127]">&gt;&gt;</a>&nbsp;&nbsp;&nbsp;HAL_TIM_IC_CaptureCallback
<LI><a href="#[44]">&gt;&gt;</a>&nbsp;&nbsp;&nbsp;SX1276SetChannel
<LI><a href="#[178]">&gt;&gt;</a>&nbsp;&nbsp;&nbsp;HW_RTC_StartWakeUpAlarm
<LI><a href="#[38]">&gt;&gt;</a>&nbsp;&nbsp;&nbsp;AwarePro_NV_Init
<LI><a href="#[5a]">&gt;&gt;</a>&nbsp;&nbsp;&nbsp;__aeabi_idivmod
<LI><a href="#[82]">&gt;&gt;</a>&nbsp;&nbsp;&nbsp;randr
<LI><a href="#[238]">&gt;&gt;</a>&nbsp;&nbsp;&nbsp;rand1
<LI><a href="#[230]">&gt;&gt;</a>&nbsp;&nbsp;&nbsp;_printf_core
</UL>

<P><STRONG><a name="[240]"></a>__aeabi_idiv</STRONG> (Thumb, 0 bytes, Stack size 16 bytes, idiv.o(.text), UNUSED)

<P><STRONG><a name="[5a]"></a>__aeabi_idivmod</STRONG> (Thumb, 40 bytes, Stack size 16 bytes, idiv.o(.text))
<BR><BR>[Stack]<UL><LI>Max Depth = 28<LI>Call Chain = __aeabi_idivmod &rArr; __aeabi_uidivmod
</UL>
<BR>[Calls]<UL><LI><a href="#[5b]">&gt;&gt;</a>&nbsp;&nbsp;&nbsp;__aeabi_uidivmod
</UL>
<BR>[Called By]<UL><LI><a href="#[16b]">&gt;&gt;</a>&nbsp;&nbsp;&nbsp;HW_GetBatteryLevel
</UL>

<P><STRONG><a name="[5c]"></a>__aeabi_uldivmod</STRONG> (Thumb, 96 bytes, Stack size 48 bytes, uldiv.o(.text))
<BR><BR>[Stack]<UL><LI>Max Depth = 56<LI>Call Chain = __aeabi_uldivmod &rArr; __aeabi_llsr
</UL>
<BR>[Calls]<UL><LI><a href="#[5d]">&gt;&gt;</a>&nbsp;&nbsp;&nbsp;__aeabi_llsr
<LI><a href="#[5e]">&gt;&gt;</a>&nbsp;&nbsp;&nbsp;__aeabi_llsl
</UL>
<BR>[Called By]<UL><LI><a href="#[150]">&gt;&gt;</a>&nbsp;&nbsp;&nbsp;UART_SetConfig
<LI><a href="#[16c]">&gt;&gt;</a>&nbsp;&nbsp;&nbsp;HW_RTC_DelayMs
<LI><a href="#[230]">&gt;&gt;</a>&nbsp;&nbsp;&nbsp;_printf_core
<LI><a href="#[231]">&gt;&gt;</a>&nbsp;&nbsp;&nbsp;_fp_digits
</UL>

<P><STRONG><a name="[83]"></a>__aeabi_memcpy</STRONG> (Thumb, 36 bytes, Stack size 0 bytes, memcpya.o(.text))
<BR><BR>[Called By]<UL><LI><a href="#[217]">&gt;&gt;</a>&nbsp;&nbsp;&nbsp;Store_UART_Data
<LI><a href="#[1ee]">&gt;&gt;</a>&nbsp;&nbsp;&nbsp;Process_LoRa_Data
<LI><a href="#[1e6]">&gt;&gt;</a>&nbsp;&nbsp;&nbsp;Process_Bind
<LI><a href="#[1df]">&gt;&gt;</a>&nbsp;&nbsp;&nbsp;Parse_GpsBuffer
<LI><a href="#[30]">&gt;&gt;</a>&nbsp;&nbsp;&nbsp;OnRxDone
<LI><a href="#[4b]">&gt;&gt;</a>&nbsp;&nbsp;&nbsp;SX1276Send
<LI><a href="#[9b]">&gt;&gt;</a>&nbsp;&nbsp;&nbsp;AwarePro_RF_Rec_Process
<LI><a href="#[38]">&gt;&gt;</a>&nbsp;&nbsp;&nbsp;AwarePro_NV_Init
<LI><a href="#[1ea]">&gt;&gt;</a>&nbsp;&nbsp;&nbsp;Process_Join_Req
<LI><a href="#[195]">&gt;&gt;</a>&nbsp;&nbsp;&nbsp;Node_Join_LoRa
<LI><a href="#[92]">&gt;&gt;</a>&nbsp;&nbsp;&nbsp;Join_Req
<LI><a href="#[a8]">&gt;&gt;</a>&nbsp;&nbsp;&nbsp;Build_LoRa_RT_Frame
<LI><a href="#[a6]">&gt;&gt;</a>&nbsp;&nbsp;&nbsp;Build_LoRa_App_Frame
<LI><a href="#[b6]">&gt;&gt;</a>&nbsp;&nbsp;&nbsp;Build_Cmd_Resp
<LI><a href="#[91]">&gt;&gt;</a>&nbsp;&nbsp;&nbsp;Beacon_Req
<LI><a href="#[81]">&gt;&gt;</a>&nbsp;&nbsp;&nbsp;Add_RF_Frame_To_TX_Que
</UL>

<P><STRONG><a name="[17a]"></a>__aeabi_memcpy4</STRONG> (Thumb, 0 bytes, Stack size 0 bytes, memcpya.o(.text))
<BR><BR>[Called By]<UL><LI><a href="#[178]">&gt;&gt;</a>&nbsp;&nbsp;&nbsp;HW_RTC_StartWakeUpAlarm
<LI><a href="#[200]">&gt;&gt;</a>&nbsp;&nbsp;&nbsp;Read_Data_From_Flash
</UL>

<P><STRONG><a name="[241]"></a>__aeabi_memcpy8</STRONG> (Thumb, 0 bytes, Stack size 0 bytes, memcpya.o(.text), UNUSED)

<P><STRONG><a name="[60]"></a>__aeabi_memset</STRONG> (Thumb, 14 bytes, Stack size 0 bytes, memseta.o(.text))
<BR><BR>[Called By]<UL><LI><a href="#[61]">&gt;&gt;</a>&nbsp;&nbsp;&nbsp;_memset$wrapper
<LI><a href="#[5f]">&gt;&gt;</a>&nbsp;&nbsp;&nbsp;__aeabi_memclr
</UL>

<P><STRONG><a name="[242]"></a>__aeabi_memset4</STRONG> (Thumb, 0 bytes, Stack size 0 bytes, memseta.o(.text), UNUSED)

<P><STRONG><a name="[243]"></a>__aeabi_memset8</STRONG> (Thumb, 0 bytes, Stack size 0 bytes, memseta.o(.text), UNUSED)

<P><STRONG><a name="[5f]"></a>__aeabi_memclr</STRONG> (Thumb, 4 bytes, Stack size 0 bytes, memseta.o(.text))
<BR><BR>[Calls]<UL><LI><a href="#[60]">&gt;&gt;</a>&nbsp;&nbsp;&nbsp;__aeabi_memset
</UL>
<BR>[Called By]<UL><LI><a href="#[217]">&gt;&gt;</a>&nbsp;&nbsp;&nbsp;Store_UART_Data
<LI><a href="#[8f]">&gt;&gt;</a>&nbsp;&nbsp;&nbsp;AwarePro_Join
<LI><a href="#[84]">&gt;&gt;</a>&nbsp;&nbsp;&nbsp;AwarePro_Default
<LI><a href="#[ab]">&gt;&gt;</a>&nbsp;&nbsp;&nbsp;TX_RF_Data
<LI><a href="#[1ea]">&gt;&gt;</a>&nbsp;&nbsp;&nbsp;Process_Join_Req
<LI><a href="#[9c]">&gt;&gt;</a>&nbsp;&nbsp;&nbsp;Process_Ack
</UL>

<P><STRONG><a name="[90]"></a>__aeabi_memclr4</STRONG> (Thumb, 0 bytes, Stack size 0 bytes, memseta.o(.text))
<BR><BR>[Called By]<UL><LI><a href="#[217]">&gt;&gt;</a>&nbsp;&nbsp;&nbsp;Store_UART_Data
<LI><a href="#[8f]">&gt;&gt;</a>&nbsp;&nbsp;&nbsp;AwarePro_Join
<LI><a href="#[4e]">&gt;&gt;</a>&nbsp;&nbsp;&nbsp;SX1276SetRx
<LI><a href="#[20e]">&gt;&gt;</a>&nbsp;&nbsp;&nbsp;SX1276SetAntSwLowPower
<LI><a href="#[3f]">&gt;&gt;</a>&nbsp;&nbsp;&nbsp;SX1276IoInit
<LI><a href="#[40]">&gt;&gt;</a>&nbsp;&nbsp;&nbsp;SX1276IoDeInit
<LI><a href="#[180]">&gt;&gt;</a>&nbsp;&nbsp;&nbsp;LoRa_SPISetup
<LI><a href="#[15f]">&gt;&gt;</a>&nbsp;&nbsp;&nbsp;HW_SPI_DeInit
<LI><a href="#[1e3]">&gt;&gt;</a>&nbsp;&nbsp;&nbsp;ZED_DataReq_Event
<LI><a href="#[ab]">&gt;&gt;</a>&nbsp;&nbsp;&nbsp;TX_RF_Data
<LI><a href="#[a1]">&gt;&gt;</a>&nbsp;&nbsp;&nbsp;Process_App_Cmd
</UL>

<P><STRONG><a name="[244]"></a>__aeabi_memclr8</STRONG> (Thumb, 0 bytes, Stack size 0 bytes, memseta.o(.text), UNUSED)

<P><STRONG><a name="[61]"></a>_memset$wrapper</STRONG> (Thumb, 18 bytes, Stack size 8 bytes, memseta.o(.text), UNUSED)
<BR><BR>[Calls]<UL><LI><a href="#[60]">&gt;&gt;</a>&nbsp;&nbsp;&nbsp;__aeabi_memset
</UL>

<P><STRONG><a name="[1e0]"></a>strstr</STRONG> (Thumb, 40 bytes, Stack size 12 bytes, strstr.o(.text))
<BR><BR>[Stack]<UL><LI>Max Depth = 12<LI>Call Chain = strstr
</UL>
<BR>[Called By]<UL><LI><a href="#[1fa]">&gt;&gt;</a>&nbsp;&nbsp;&nbsp;Process_UART_Data
<LI><a href="#[1df]">&gt;&gt;</a>&nbsp;&nbsp;&nbsp;Parse_GpsBuffer
</UL>

<P><STRONG><a name="[a2]"></a>memcmp</STRONG> (Thumb, 26 bytes, Stack size 12 bytes, memcmp.o(.text))
<BR><BR>[Stack]<UL><LI>Max Depth = 12<LI>Call Chain = memcmp
</UL>
<BR>[Called By]<UL><LI><a href="#[9b]">&gt;&gt;</a>&nbsp;&nbsp;&nbsp;AwarePro_RF_Rec_Process
<LI><a href="#[9d]">&gt;&gt;</a>&nbsp;&nbsp;&nbsp;Is_Local_Addr
<LI><a href="#[db]">&gt;&gt;</a>&nbsp;&nbsp;&nbsp;Get_PareNode_Entry
<LI><a href="#[a3]">&gt;&gt;</a>&nbsp;&nbsp;&nbsp;Get_Empty_PareTable
<LI><a href="#[d4]">&gt;&gt;</a>&nbsp;&nbsp;&nbsp;Find_Best_Parent
</UL>

<P><STRONG><a name="[227]"></a>strncmp</STRONG> (Thumb, 30 bytes, Stack size 12 bytes, strncmp.o(.text))
<BR><BR>[Stack]<UL><LI>Max Depth = 12<LI>Call Chain = strncmp
</UL>
<BR>[Called By]<UL><LI><a href="#[1fb]">&gt;&gt;</a>&nbsp;&nbsp;&nbsp;UART_AT_CMD_Process
</UL>

<P><STRONG><a name="[8d]"></a>__aeabi_uread4</STRONG> (Thumb, 20 bytes, Stack size 0 bytes, uread4.o(.text))
<BR><BR>[Called By]<UL><LI><a href="#[1fa]">&gt;&gt;</a>&nbsp;&nbsp;&nbsp;Process_UART_Data
<LI><a href="#[1ed]">&gt;&gt;</a>&nbsp;&nbsp;&nbsp;Process_LF
<LI><a href="#[8f]">&gt;&gt;</a>&nbsp;&nbsp;&nbsp;AwarePro_Join
<LI><a href="#[1a0]">&gt;&gt;</a>&nbsp;&nbsp;&nbsp;LED_Ctrl
<LI><a href="#[1ac]">&gt;&gt;</a>&nbsp;&nbsp;&nbsp;LF_ProtocolAnalyzing
<LI><a href="#[9b]">&gt;&gt;</a>&nbsp;&nbsp;&nbsp;AwarePro_RF_Rec_Process
<LI><a href="#[8c]">&gt;&gt;</a>&nbsp;&nbsp;&nbsp;AwarePro_Init
<LI><a href="#[1f3]">&gt;&gt;</a>&nbsp;&nbsp;&nbsp;SPK_PWM_Ctrl
<LI><a href="#[ab]">&gt;&gt;</a>&nbsp;&nbsp;&nbsp;TX_RF_Data
<LI><a href="#[a1]">&gt;&gt;</a>&nbsp;&nbsp;&nbsp;Process_App_Cmd
<LI><a href="#[9c]">&gt;&gt;</a>&nbsp;&nbsp;&nbsp;Process_Ack
<LI><a href="#[195]">&gt;&gt;</a>&nbsp;&nbsp;&nbsp;Node_Join_LoRa
<LI><a href="#[9d]">&gt;&gt;</a>&nbsp;&nbsp;&nbsp;Is_Local_Addr
<LI><a href="#[9a]">&gt;&gt;</a>&nbsp;&nbsp;&nbsp;Handle_Error_Process
<LI><a href="#[a8]">&gt;&gt;</a>&nbsp;&nbsp;&nbsp;Build_LoRa_RT_Frame
<LI><a href="#[91]">&gt;&gt;</a>&nbsp;&nbsp;&nbsp;Beacon_Req
</UL>

<P><STRONG><a name="[245]"></a>__rt_uread4</STRONG> (Thumb, 0 bytes, Stack size 0 bytes, uread4.o(.text), UNUSED)

<P><STRONG><a name="[246]"></a>_uread4</STRONG> (Thumb, 0 bytes, Stack size 0 bytes, uread4.o(.text), UNUSED)

<P><STRONG><a name="[7b]"></a>__aeabi_uwrite4</STRONG> (Thumb, 18 bytes, Stack size 0 bytes, uwrite4.o(.text))
<BR><BR>[Called By]<UL><LI><a href="#[19b]">&gt;&gt;</a>&nbsp;&nbsp;&nbsp;SPK_Show
<LI><a href="#[1fa]">&gt;&gt;</a>&nbsp;&nbsp;&nbsp;Process_UART_Data
<LI><a href="#[1ed]">&gt;&gt;</a>&nbsp;&nbsp;&nbsp;Process_LF
<LI><a href="#[1e8]">&gt;&gt;</a>&nbsp;&nbsp;&nbsp;Process_GPS
<LI><a href="#[19a]">&gt;&gt;</a>&nbsp;&nbsp;&nbsp;LED_Show
<LI><a href="#[1a0]">&gt;&gt;</a>&nbsp;&nbsp;&nbsp;LED_Ctrl
<LI><a href="#[38]">&gt;&gt;</a>&nbsp;&nbsp;&nbsp;AwarePro_NV_Init
<LI><a href="#[1f3]">&gt;&gt;</a>&nbsp;&nbsp;&nbsp;SPK_PWM_Ctrl
<LI><a href="#[7a]">&gt;&gt;</a>&nbsp;&nbsp;&nbsp;ACK_Send
</UL>

<P><STRONG><a name="[247]"></a>__rt_uwrite4</STRONG> (Thumb, 0 bytes, Stack size 0 bytes, uwrite4.o(.text), UNUSED)

<P><STRONG><a name="[248]"></a>_uwrite4</STRONG> (Thumb, 0 bytes, Stack size 0 bytes, uwrite4.o(.text), UNUSED)

<P><STRONG><a name="[62]"></a>__aeabi_dadd</STRONG> (Thumb, 328 bytes, Stack size 48 bytes, dadd.o(.text))
<BR><BR>[Stack]<UL><LI>Max Depth = 104<LI>Call Chain = __aeabi_dadd &rArr; _double_epilogue &rArr; __aeabi_llsr
</UL>
<BR>[Calls]<UL><LI><a href="#[63]">&gt;&gt;</a>&nbsp;&nbsp;&nbsp;__aeabi_lasr
<LI><a href="#[5e]">&gt;&gt;</a>&nbsp;&nbsp;&nbsp;__aeabi_llsl
<LI><a href="#[65]">&gt;&gt;</a>&nbsp;&nbsp;&nbsp;_double_round
<LI><a href="#[64]">&gt;&gt;</a>&nbsp;&nbsp;&nbsp;_double_epilogue
</UL>
<BR>[Called By]<UL><LI><a href="#[4e]">&gt;&gt;</a>&nbsp;&nbsp;&nbsp;SX1276SetRx
<LI><a href="#[67]">&gt;&gt;</a>&nbsp;&nbsp;&nbsp;__aeabi_drsub
<LI><a href="#[211]">&gt;&gt;</a>&nbsp;&nbsp;&nbsp;ceil
<LI><a href="#[66]">&gt;&gt;</a>&nbsp;&nbsp;&nbsp;__aeabi_dsub
<LI><a href="#[231]">&gt;&gt;</a>&nbsp;&nbsp;&nbsp;_fp_digits
</UL>

<P><STRONG><a name="[66]"></a>__aeabi_dsub</STRONG> (Thumb, 12 bytes, Stack size 8 bytes, dadd.o(.text), UNUSED)
<BR><BR>[Calls]<UL><LI><a href="#[62]">&gt;&gt;</a>&nbsp;&nbsp;&nbsp;__aeabi_dadd
</UL>

<P><STRONG><a name="[67]"></a>__aeabi_drsub</STRONG> (Thumb, 12 bytes, Stack size 8 bytes, dadd.o(.text))
<BR><BR>[Stack]<UL><LI>Max Depth = 112<LI>Call Chain = __aeabi_drsub &rArr; __aeabi_dadd &rArr; _double_epilogue &rArr; __aeabi_llsr
</UL>
<BR>[Calls]<UL><LI><a href="#[62]">&gt;&gt;</a>&nbsp;&nbsp;&nbsp;__aeabi_dadd
</UL>
<BR>[Called By]<UL><LI><a href="#[211]">&gt;&gt;</a>&nbsp;&nbsp;&nbsp;ceil
</UL>

<P><STRONG><a name="[68]"></a>__aeabi_dmul</STRONG> (Thumb, 202 bytes, Stack size 72 bytes, dmul.o(.text))
<BR><BR>[Stack]<UL><LI>Max Depth = 128<LI>Call Chain = __aeabi_dmul &rArr; _double_epilogue &rArr; __aeabi_llsr
</UL>
<BR>[Calls]<UL><LI><a href="#[64]">&gt;&gt;</a>&nbsp;&nbsp;&nbsp;_double_epilogue
</UL>
<BR>[Called By]<UL><LI><a href="#[50]">&gt;&gt;</a>&nbsp;&nbsp;&nbsp;SX1276SetTxContinuousWave
<LI><a href="#[4e]">&gt;&gt;</a>&nbsp;&nbsp;&nbsp;SX1276SetRx
<LI><a href="#[75]">&gt;&gt;</a>&nbsp;&nbsp;&nbsp;_fp_value
<LI><a href="#[231]">&gt;&gt;</a>&nbsp;&nbsp;&nbsp;_fp_digits
</UL>

<P><STRONG><a name="[69]"></a>__aeabi_ddiv</STRONG> (Thumb, 234 bytes, Stack size 40 bytes, ddiv.o(.text))
<BR><BR>[Stack]<UL><LI>Max Depth = 48<LI>Call Chain = __aeabi_ddiv &rArr; _double_round
</UL>
<BR>[Calls]<UL><LI><a href="#[65]">&gt;&gt;</a>&nbsp;&nbsp;&nbsp;_double_round
</UL>
<BR>[Called By]<UL><LI><a href="#[48]">&gt;&gt;</a>&nbsp;&nbsp;&nbsp;SX1276SetTxConfig
<LI><a href="#[47]">&gt;&gt;</a>&nbsp;&nbsp;&nbsp;SX1276SetRxConfig
<LI><a href="#[4e]">&gt;&gt;</a>&nbsp;&nbsp;&nbsp;SX1276SetRx
<LI><a href="#[75]">&gt;&gt;</a>&nbsp;&nbsp;&nbsp;_fp_value
<LI><a href="#[231]">&gt;&gt;</a>&nbsp;&nbsp;&nbsp;_fp_digits
</UL>

<P><STRONG><a name="[210]"></a>__ARM_scalbn</STRONG> (Thumb, 44 bytes, Stack size 16 bytes, dscalb.o(.text))
<BR><BR>[Stack]<UL><LI>Max Depth = 16<LI>Call Chain = __ARM_scalbn
</UL>
<BR>[Called By]<UL><LI><a href="#[4e]">&gt;&gt;</a>&nbsp;&nbsp;&nbsp;SX1276SetRx
</UL>

<P><STRONG><a name="[249]"></a>scalbn</STRONG> (Thumb, 0 bytes, Stack size 16 bytes, dscalb.o(.text), UNUSED)

<P><STRONG><a name="[6a]"></a>__aeabi_ui2d</STRONG> (Thumb, 24 bytes, Stack size 16 bytes, dfltui.o(.text))
<BR><BR>[Stack]<UL><LI>Max Depth = 72<LI>Call Chain = __aeabi_ui2d &rArr; _double_epilogue &rArr; __aeabi_llsr
</UL>
<BR>[Calls]<UL><LI><a href="#[64]">&gt;&gt;</a>&nbsp;&nbsp;&nbsp;_double_epilogue
</UL>
<BR>[Called By]<UL><LI><a href="#[50]">&gt;&gt;</a>&nbsp;&nbsp;&nbsp;SX1276SetTxContinuousWave
<LI><a href="#[48]">&gt;&gt;</a>&nbsp;&nbsp;&nbsp;SX1276SetTxConfig
<LI><a href="#[47]">&gt;&gt;</a>&nbsp;&nbsp;&nbsp;SX1276SetRxConfig
<LI><a href="#[4e]">&gt;&gt;</a>&nbsp;&nbsp;&nbsp;SX1276SetRx
</UL>

<P><STRONG><a name="[6b]"></a>__aeabi_d2uiz</STRONG> (Thumb, 50 bytes, Stack size 8 bytes, dfixui.o(.text))
<BR><BR>[Stack]<UL><LI>Max Depth = 16<LI>Call Chain = __aeabi_d2uiz &rArr; __aeabi_llsr
</UL>
<BR>[Calls]<UL><LI><a href="#[5d]">&gt;&gt;</a>&nbsp;&nbsp;&nbsp;__aeabi_llsr
</UL>
<BR>[Called By]<UL><LI><a href="#[50]">&gt;&gt;</a>&nbsp;&nbsp;&nbsp;SX1276SetTxContinuousWave
<LI><a href="#[48]">&gt;&gt;</a>&nbsp;&nbsp;&nbsp;SX1276SetTxConfig
<LI><a href="#[47]">&gt;&gt;</a>&nbsp;&nbsp;&nbsp;SX1276SetRxConfig
<LI><a href="#[4e]">&gt;&gt;</a>&nbsp;&nbsp;&nbsp;SX1276SetRx
</UL>

<P><STRONG><a name="[6c]"></a>__aeabi_d2f</STRONG> (Thumb, 56 bytes, Stack size 8 bytes, d2f.o(.text))
<BR><BR>[Stack]<UL><LI>Max Depth = 8<LI>Call Chain = __aeabi_d2f
</UL>
<BR>[Calls]<UL><LI><a href="#[6d]">&gt;&gt;</a>&nbsp;&nbsp;&nbsp;_float_round
</UL>
<BR>[Called By]<UL><LI><a href="#[dc]">&gt;&gt;</a>&nbsp;&nbsp;&nbsp;GpstoHex
<LI><a href="#[78]">&gt;&gt;</a>&nbsp;&nbsp;&nbsp;_scanf_really_real
</UL>

<P><STRONG><a name="[5e]"></a>__aeabi_llsl</STRONG> (Thumb, 32 bytes, Stack size 8 bytes, llshl.o(.text))
<BR><BR>[Stack]<UL><LI>Max Depth = 8<LI>Call Chain = __aeabi_llsl
</UL>
<BR>[Called By]<UL><LI><a href="#[62]">&gt;&gt;</a>&nbsp;&nbsp;&nbsp;__aeabi_dadd
<LI><a href="#[5c]">&gt;&gt;</a>&nbsp;&nbsp;&nbsp;__aeabi_uldivmod
<LI><a href="#[76]">&gt;&gt;</a>&nbsp;&nbsp;&nbsp;__aeabi_lmul
<LI><a href="#[64]">&gt;&gt;</a>&nbsp;&nbsp;&nbsp;_double_epilogue
<LI><a href="#[73]">&gt;&gt;</a>&nbsp;&nbsp;&nbsp;__aeabi_d2ulz
</UL>

<P><STRONG><a name="[24a]"></a>_ll_shift_l</STRONG> (Thumb, 0 bytes, Stack size 8 bytes, llshl.o(.text), UNUSED)

<P><STRONG><a name="[5d]"></a>__aeabi_llsr</STRONG> (Thumb, 34 bytes, Stack size 8 bytes, llushr.o(.text))
<BR><BR>[Stack]<UL><LI>Max Depth = 8<LI>Call Chain = __aeabi_llsr
</UL>
<BR>[Called By]<UL><LI><a href="#[6b]">&gt;&gt;</a>&nbsp;&nbsp;&nbsp;__aeabi_d2uiz
<LI><a href="#[5c]">&gt;&gt;</a>&nbsp;&nbsp;&nbsp;__aeabi_uldivmod
<LI><a href="#[64]">&gt;&gt;</a>&nbsp;&nbsp;&nbsp;_double_epilogue
<LI><a href="#[73]">&gt;&gt;</a>&nbsp;&nbsp;&nbsp;__aeabi_d2ulz
</UL>

<P><STRONG><a name="[24b]"></a>_ll_ushift_r</STRONG> (Thumb, 0 bytes, Stack size 8 bytes, llushr.o(.text), UNUSED)

<P><STRONG><a name="[63]"></a>__aeabi_lasr</STRONG> (Thumb, 38 bytes, Stack size 8 bytes, llsshr.o(.text))
<BR><BR>[Stack]<UL><LI>Max Depth = 8<LI>Call Chain = __aeabi_lasr
</UL>
<BR>[Called By]<UL><LI><a href="#[62]">&gt;&gt;</a>&nbsp;&nbsp;&nbsp;__aeabi_dadd
</UL>

<P><STRONG><a name="[24c]"></a>_ll_sshift_r</STRONG> (Thumb, 0 bytes, Stack size 8 bytes, llsshr.o(.text), UNUSED)

<P><STRONG><a name="[70]"></a>__strtod_int</STRONG> (Thumb, 92 bytes, Stack size 40 bytes, strtod.o(.text))
<BR><BR>[Stack]<UL><LI>Max Depth = 200<LI>Call Chain = __strtod_int &rArr; _local_sscanf &rArr; _scanf_real
</UL>
<BR>[Calls]<UL><LI><a href="#[6e]">&gt;&gt;</a>&nbsp;&nbsp;&nbsp;_local_sscanf
</UL>
<BR>[Called By]<UL><LI><a href="#[dd]">&gt;&gt;</a>&nbsp;&nbsp;&nbsp;atof
</UL>

<P><STRONG><a name="[24d]"></a>__I$use$fp</STRONG> (Thumb, 0 bytes, Stack size 0 bytes, iusefp.o(.text), UNUSED)

<P><STRONG><a name="[6d]"></a>_float_round</STRONG> (Thumb, 16 bytes, Stack size 0 bytes, fepilogue.o(.text))
<BR><BR>[Called By]<UL><LI><a href="#[6c]">&gt;&gt;</a>&nbsp;&nbsp;&nbsp;__aeabi_d2f
</UL>

<P><STRONG><a name="[24e]"></a>_float_epilogue</STRONG> (Thumb, 114 bytes, Stack size 12 bytes, fepilogue.o(.text), UNUSED)

<P><STRONG><a name="[28]"></a>isspace</STRONG> (Thumb, 14 bytes, Stack size 8 bytes, isspace_c.o(.text))
<BR><BR>[Stack]<UL><LI>Max Depth = 8<LI>Call Chain = isspace
</UL>
<BR>[Calls]<UL><LI><a href="#[71]">&gt;&gt;</a>&nbsp;&nbsp;&nbsp;__ctype_lookup
</UL>
<BR>[Address Reference Count : 1]<UL><LI> strtod.o(.text)
</UL>
<P><STRONG><a name="[1e7]"></a>AwarePro_Cancel_Poll</STRONG> (Thumb, 8 bytes, Stack size 0 bytes, aware_protocol.o(i.AwarePro_Cancel_Poll))
<BR><BR>[Called By]<UL><LI><a href="#[1e6]">&gt;&gt;</a>&nbsp;&nbsp;&nbsp;Process_Bind
</UL>

<P><STRONG><a name="[1c2]"></a>AwarePro_GetVerion</STRONG> (Thumb, 4 bytes, Stack size 0 bytes, aware_protocol.o(i.AwarePro_GetVerion))
<BR><BR>[Called By]<UL><LI><a href="#[1bd]">&gt;&gt;</a>&nbsp;&nbsp;&nbsp;LoRa_Init
</UL>

<P><STRONG><a name="[65]"></a>_double_round</STRONG> (Thumb, 26 bytes, Stack size 8 bytes, depilogue.o(.text))
<BR><BR>[Stack]<UL><LI>Max Depth = 8<LI>Call Chain = _double_round
</UL>
<BR>[Called By]<UL><LI><a href="#[69]">&gt;&gt;</a>&nbsp;&nbsp;&nbsp;__aeabi_ddiv
<LI><a href="#[62]">&gt;&gt;</a>&nbsp;&nbsp;&nbsp;__aeabi_dadd
<LI><a href="#[64]">&gt;&gt;</a>&nbsp;&nbsp;&nbsp;_double_epilogue
</UL>

<P><STRONG><a name="[64]"></a>_double_epilogue</STRONG> (Thumb, 164 bytes, Stack size 48 bytes, depilogue.o(.text))
<BR><BR>[Stack]<UL><LI>Max Depth = 56<LI>Call Chain = _double_epilogue &rArr; __aeabi_llsr
</UL>
<BR>[Calls]<UL><LI><a href="#[72]">&gt;&gt;</a>&nbsp;&nbsp;&nbsp;__ARM_clz
<LI><a href="#[5d]">&gt;&gt;</a>&nbsp;&nbsp;&nbsp;__aeabi_llsr
<LI><a href="#[5e]">&gt;&gt;</a>&nbsp;&nbsp;&nbsp;__aeabi_llsl
<LI><a href="#[65]">&gt;&gt;</a>&nbsp;&nbsp;&nbsp;_double_round
</UL>
<BR>[Called By]<UL><LI><a href="#[6a]">&gt;&gt;</a>&nbsp;&nbsp;&nbsp;__aeabi_ui2d
<LI><a href="#[68]">&gt;&gt;</a>&nbsp;&nbsp;&nbsp;__aeabi_dmul
<LI><a href="#[62]">&gt;&gt;</a>&nbsp;&nbsp;&nbsp;__aeabi_dadd
<LI><a href="#[77]">&gt;&gt;</a>&nbsp;&nbsp;&nbsp;__aeabi_ul2d
</UL>

<P><STRONG><a name="[73]"></a>__aeabi_d2ulz</STRONG> (Thumb, 54 bytes, Stack size 8 bytes, dfixul.o(.text), UNUSED)
<BR><BR>[Calls]<UL><LI><a href="#[5d]">&gt;&gt;</a>&nbsp;&nbsp;&nbsp;__aeabi_llsr
<LI><a href="#[5e]">&gt;&gt;</a>&nbsp;&nbsp;&nbsp;__aeabi_llsl
</UL>
<BR>[Called By]<UL><LI><a href="#[231]">&gt;&gt;</a>&nbsp;&nbsp;&nbsp;_fp_digits
</UL>

<P><STRONG><a name="[232]"></a>__aeabi_cdrcmple</STRONG> (Thumb, 38 bytes, Stack size 0 bytes, cdrcmple.o(.text))
<BR><BR>[Called By]<UL><LI><a href="#[211]">&gt;&gt;</a>&nbsp;&nbsp;&nbsp;ceil
<LI><a href="#[231]">&gt;&gt;</a>&nbsp;&nbsp;&nbsp;_fp_digits
</UL>

<P><STRONG><a name="[59]"></a>__scatterload</STRONG> (Thumb, 28 bytes, Stack size 0 bytes, init.o(.text))
<BR><BR>[Calls]<UL><LI><a href="#[74]">&gt;&gt;</a>&nbsp;&nbsp;&nbsp;__main_after_scatterload
</UL>
<BR>[Called By]<UL><LI><a href="#[58]">&gt;&gt;</a>&nbsp;&nbsp;&nbsp;_main_scatterload
</UL>

<P><STRONG><a name="[24f]"></a>__scatterload_rt2</STRONG> (Thumb, 0 bytes, Stack size 0 bytes, init.o(.text), UNUSED)

<P><STRONG><a name="[6f]"></a>_scanf_real</STRONG> (Thumb, 0 bytes, Stack size 104 bytes, scanf_fp.o(.text))
<BR><BR>[Stack]<UL><LI>Max Depth = 104<LI>Call Chain = _scanf_real
</UL>
<BR>[Called By]<UL><LI><a href="#[6e]">&gt;&gt;</a>&nbsp;&nbsp;&nbsp;_local_sscanf
</UL>

<P><STRONG><a name="[78]"></a>_scanf_really_real</STRONG> (Thumb, 586 bytes, Stack size 104 bytes, scanf_fp.o(.text), UNUSED)
<BR><BR>[Calls]<UL><LI><a href="#[6c]">&gt;&gt;</a>&nbsp;&nbsp;&nbsp;__aeabi_d2f
<LI><a href="#[79]">&gt;&gt;</a>&nbsp;&nbsp;&nbsp;_is_digit
<LI><a href="#[75]">&gt;&gt;</a>&nbsp;&nbsp;&nbsp;_fp_value
</UL>

<P><STRONG><a name="[26]"></a>_sgetc</STRONG> (Thumb, 32 bytes, Stack size 0 bytes, _sgetc.o(.text))
<BR>[Address Reference Count : 1]<UL><LI> strtod.o(.text)
</UL>
<P><STRONG><a name="[27]"></a>_sbackspace</STRONG> (Thumb, 36 bytes, Stack size 0 bytes, _sgetc.o(.text))
<BR>[Address Reference Count : 1]<UL><LI> strtod.o(.text)
</UL>
<P><STRONG><a name="[76]"></a>__aeabi_lmul</STRONG> (Thumb, 122 bytes, Stack size 64 bytes, llmul.o(.text), UNUSED)
<BR><BR>[Calls]<UL><LI><a href="#[5e]">&gt;&gt;</a>&nbsp;&nbsp;&nbsp;__aeabi_llsl
</UL>
<BR>[Called By]<UL><LI><a href="#[75]">&gt;&gt;</a>&nbsp;&nbsp;&nbsp;_fp_value
</UL>

<P><STRONG><a name="[250]"></a>_ll_mul</STRONG> (Thumb, 0 bytes, Stack size 64 bytes, llmul.o(.text), UNUSED)

<P><STRONG><a name="[71]"></a>__ctype_lookup</STRONG> (Thumb, 32 bytes, Stack size 0 bytes, ctype_c.o(.text))
<BR><BR>[Called By]<UL><LI><a href="#[28]">&gt;&gt;</a>&nbsp;&nbsp;&nbsp;isspace
</UL>

<P><STRONG><a name="[77]"></a>__aeabi_ul2d</STRONG> (Thumb, 22 bytes, Stack size 16 bytes, dfltul.o(.text), UNUSED)
<BR><BR>[Calls]<UL><LI><a href="#[64]">&gt;&gt;</a>&nbsp;&nbsp;&nbsp;_double_epilogue
</UL>
<BR>[Called By]<UL><LI><a href="#[75]">&gt;&gt;</a>&nbsp;&nbsp;&nbsp;_fp_value
</UL>

<P><STRONG><a name="[251]"></a>__decompress</STRONG> (Thumb, 0 bytes, Stack size unknown bytes, __dczerorl.o(.text), UNUSED)

<P><STRONG><a name="[252]"></a>__decompress0</STRONG> (Thumb, 58 bytes, Stack size unknown bytes, __dczerorl.o(.text), UNUSED)

<P><STRONG><a name="[7a]"></a>ACK_Send</STRONG> (Thumb, 28 bytes, Stack size 8 bytes, aware_protocol.o(i.ACK_Send))
<BR><BR>[Stack]<UL><LI>Max Depth = 8<LI>Call Chain = ACK_Send
</UL>
<BR>[Calls]<UL><LI><a href="#[7b]">&gt;&gt;</a>&nbsp;&nbsp;&nbsp;__aeabi_uwrite4
</UL>
<BR>[Called By]<UL><LI><a href="#[9b]">&gt;&gt;</a>&nbsp;&nbsp;&nbsp;AwarePro_RF_Rec_Process
</UL>

<P><STRONG><a name="[1f8]"></a>Add_HB_Record</STRONG> (Thumb, 38 bytes, Stack size 0 bytes, common.o(i.Add_HB_Record))
<BR><BR>[Called By]<UL><LI><a href="#[1f7]">&gt;&gt;</a>&nbsp;&nbsp;&nbsp;Process_Tag_Alarm
</UL>

<P><STRONG><a name="[81]"></a>Add_RF_Frame_To_TX_Que</STRONG> (Thumb, 258 bytes, Stack size 40 bytes, aware_protocol.o(i.Add_RF_Frame_To_TX_Que))
<BR><BR>[Stack]<UL><LI>Max Depth = 76<LI>Call Chain = Add_RF_Frame_To_TX_Que &rArr; randr &rArr; rand1 &rArr; __aeabi_uidivmod
</UL>
<BR>[Calls]<UL><LI><a href="#[83]">&gt;&gt;</a>&nbsp;&nbsp;&nbsp;__aeabi_memcpy
<LI><a href="#[82]">&gt;&gt;</a>&nbsp;&nbsp;&nbsp;randr
</UL>
<BR>[Called By]<UL><LI><a href="#[a7]">&gt;&gt;</a>&nbsp;&nbsp;&nbsp;AwarePro_RF_Tx_RT_Process
<LI><a href="#[a5]">&gt;&gt;</a>&nbsp;&nbsp;&nbsp;AwarePro_RF_Tx_Process
<LI><a href="#[1e2]">&gt;&gt;</a>&nbsp;&nbsp;&nbsp;ZED_Data_Req
<LI><a href="#[a1]">&gt;&gt;</a>&nbsp;&nbsp;&nbsp;Process_App_Cmd
<LI><a href="#[195]">&gt;&gt;</a>&nbsp;&nbsp;&nbsp;Node_Join_LoRa
<LI><a href="#[95]">&gt;&gt;</a>&nbsp;&nbsp;&nbsp;Dev_Leave_Req
<LI><a href="#[91]">&gt;&gt;</a>&nbsp;&nbsp;&nbsp;Beacon_Req
</UL>

<P><STRONG><a name="[84]"></a>AwarePro_Default</STRONG> (Thumb, 28 bytes, Stack size 8 bytes, aware_protocol.o(i.AwarePro_Default))
<BR><BR>[Stack]<UL><LI>Max Depth = 72<LI>Call Chain = AwarePro_Default &rArr; Delete_NV &rArr; Erase_Block_Flash &rArr; HAL_FLASHEx_DATAEEPROM_Erase &rArr; FLASH_WaitForLastOperation &rArr; FLASH_SetErrorCode
</UL>
<BR>[Calls]<UL><LI><a href="#[85]">&gt;&gt;</a>&nbsp;&nbsp;&nbsp;Delete_NV
<LI><a href="#[5f]">&gt;&gt;</a>&nbsp;&nbsp;&nbsp;__aeabi_memclr
</UL>
<BR>[Called By]<UL><LI><a href="#[1fb]">&gt;&gt;</a>&nbsp;&nbsp;&nbsp;UART_AT_CMD_Process
</UL>

<P><STRONG><a name="[86]"></a>AwarePro_DevStatus</STRONG> (Thumb, 56 bytes, Stack size 4 bytes, aware_protocol.o(i.AwarePro_DevStatus))
<BR><BR>[Stack]<UL><LI>Max Depth = 8<LI>Call Chain = AwarePro_DevStatus &rArr; Is_RF_Tx_Pending
</UL>
<BR>[Calls]<UL><LI><a href="#[88]">&gt;&gt;</a>&nbsp;&nbsp;&nbsp;Is_ZED_PollReq
<LI><a href="#[87]">&gt;&gt;</a>&nbsp;&nbsp;&nbsp;Is_RF_Tx_Pending
<LI><a href="#[8a]">&gt;&gt;</a>&nbsp;&nbsp;&nbsp;Is_Joining
<LI><a href="#[8b]">&gt;&gt;</a>&nbsp;&nbsp;&nbsp;Is_Cmd_Resp_Pending
<LI><a href="#[89]">&gt;&gt;</a>&nbsp;&nbsp;&nbsp;Is_Ack_Pending
</UL>
<BR>[Called By]<UL><LI><a href="#[21b]">&gt;&gt;</a>&nbsp;&nbsp;&nbsp;Systick_Event
</UL>

<P><STRONG><a name="[1c0]"></a>AwarePro_GetHostExtAddr</STRONG> (Thumb, 4 bytes, Stack size 0 bytes, aware_protocol.o(i.AwarePro_GetHostExtAddr))
<BR><BR>[Called By]<UL><LI><a href="#[1bd]">&gt;&gt;</a>&nbsp;&nbsp;&nbsp;LoRa_Init
</UL>

<P><STRONG><a name="[1c1]"></a>AwarePro_GetNwkAddr</STRONG> (Thumb, 12 bytes, Stack size 0 bytes, aware_protocol.o(i.AwarePro_GetNwkAddr))
<BR><BR>[Called By]<UL><LI><a href="#[1bd]">&gt;&gt;</a>&nbsp;&nbsp;&nbsp;LoRa_Init
</UL>

<P><STRONG><a name="[22b]"></a>AwarePro_GetPGap</STRONG> (Thumb, 6 bytes, Stack size 0 bytes, aware_protocol.o(i.AwarePro_GetPGap))
<BR><BR>[Called By]<UL><LI><a href="#[1fb]">&gt;&gt;</a>&nbsp;&nbsp;&nbsp;UART_AT_CMD_Process
</UL>

<P><STRONG><a name="[1bf]"></a>AwarePro_GetPID</STRONG> (Thumb, 6 bytes, Stack size 0 bytes, aware_protocol.o(i.AwarePro_GetPID))
<BR><BR>[Called By]<UL><LI><a href="#[1bd]">&gt;&gt;</a>&nbsp;&nbsp;&nbsp;LoRa_Init
<LI><a href="#[1fb]">&gt;&gt;</a>&nbsp;&nbsp;&nbsp;UART_AT_CMD_Process
</UL>

<P><STRONG><a name="[c2]"></a>AwarePro_GetPareAddr</STRONG> (Thumb, 12 bytes, Stack size 0 bytes, aware_protocol.o(i.AwarePro_GetPareAddr))
<BR><BR>[Called By]<UL><LI><a href="#[1ab]">&gt;&gt;</a>&nbsp;&nbsp;&nbsp;LF_Config
<LI><a href="#[ca]">&gt;&gt;</a>&nbsp;&nbsp;&nbsp;Dev_Register
<LI><a href="#[c9]">&gt;&gt;</a>&nbsp;&nbsp;&nbsp;Dev_Period_Report
<LI><a href="#[b5]">&gt;&gt;</a>&nbsp;&nbsp;&nbsp;DevPro_Send
</UL>

<P><STRONG><a name="[8c]"></a>AwarePro_Init</STRONG> (Thumb, 82 bytes, Stack size 8 bytes, aware_protocol.o(i.AwarePro_Init))
<BR><BR>[Stack]<UL><LI>Max Depth = 32<LI>Call Chain = AwarePro_Init &rArr; __2printf
</UL>
<BR>[Calls]<UL><LI><a href="#[8d]">&gt;&gt;</a>&nbsp;&nbsp;&nbsp;__aeabi_uread4
<LI><a href="#[8e]">&gt;&gt;</a>&nbsp;&nbsp;&nbsp;__2printf
</UL>
<BR>[Called By]<UL><LI><a href="#[1bd]">&gt;&gt;</a>&nbsp;&nbsp;&nbsp;LoRa_Init
</UL>

<P><STRONG><a name="[8f]"></a>AwarePro_Join</STRONG> (Thumb, 274 bytes, Stack size 24 bytes, aware_protocol.o(i.AwarePro_Join))
<BR><BR>[Stack]<UL><LI>Max Depth = 156<LI>Call Chain = AwarePro_Join &rArr; Join_Req &rArr; Node_Join_LoRa &rArr; Add_RF_Frame_To_TX_Que &rArr; randr &rArr; rand1 &rArr; __aeabi_uidivmod
</UL>
<BR>[Calls]<UL><LI><a href="#[93]">&gt;&gt;</a>&nbsp;&nbsp;&nbsp;Write_NV
<LI><a href="#[85]">&gt;&gt;</a>&nbsp;&nbsp;&nbsp;Delete_NV
<LI><a href="#[90]">&gt;&gt;</a>&nbsp;&nbsp;&nbsp;__aeabi_memclr4
<LI><a href="#[5f]">&gt;&gt;</a>&nbsp;&nbsp;&nbsp;__aeabi_memclr
<LI><a href="#[92]">&gt;&gt;</a>&nbsp;&nbsp;&nbsp;Join_Req
<LI><a href="#[91]">&gt;&gt;</a>&nbsp;&nbsp;&nbsp;Beacon_Req
<LI><a href="#[8d]">&gt;&gt;</a>&nbsp;&nbsp;&nbsp;__aeabi_uread4
<LI><a href="#[8e]">&gt;&gt;</a>&nbsp;&nbsp;&nbsp;__2printf
</UL>
<BR>[Called By]<UL><LI><a href="#[23]">&gt;&gt;</a>&nbsp;&nbsp;&nbsp;main
</UL>

<P><STRONG><a name="[94]"></a>AwarePro_Leave</STRONG> (Thumb, 14 bytes, Stack size 8 bytes, aware_protocol.o(i.AwarePro_Leave))
<BR><BR>[Stack]<UL><LI>Max Depth = 116<LI>Call Chain = AwarePro_Leave &rArr; Dev_Leave_Req &rArr; Add_RF_Frame_To_TX_Que &rArr; randr &rArr; rand1 &rArr; __aeabi_uidivmod
</UL>
<BR>[Calls]<UL><LI><a href="#[95]">&gt;&gt;</a>&nbsp;&nbsp;&nbsp;Dev_Leave_Req
</UL>
<BR>[Called By]<UL><LI><a href="#[1fb]">&gt;&gt;</a>&nbsp;&nbsp;&nbsp;UART_AT_CMD_Process
</UL>

<P><STRONG><a name="[38]"></a>AwarePro_NV_Init</STRONG> (Thumb, 156 bytes, Stack size 40 bytes, aware_protocol.o(i.AwarePro_NV_Init))
<BR><BR>[Stack]<UL><LI>Max Depth = 104<LI>Call Chain = AwarePro_NV_Init &rArr; Delete_NV &rArr; Erase_Block_Flash &rArr; HAL_FLASHEx_DATAEEPROM_Erase &rArr; FLASH_WaitForLastOperation &rArr; FLASH_SetErrorCode
</UL>
<BR>[Calls]<UL><LI><a href="#[96]">&gt;&gt;</a>&nbsp;&nbsp;&nbsp;Read_NV
<LI><a href="#[85]">&gt;&gt;</a>&nbsp;&nbsp;&nbsp;Delete_NV
<LI><a href="#[83]">&gt;&gt;</a>&nbsp;&nbsp;&nbsp;__aeabi_memcpy
<LI><a href="#[5b]">&gt;&gt;</a>&nbsp;&nbsp;&nbsp;__aeabi_uidivmod
<LI><a href="#[97]">&gt;&gt;</a>&nbsp;&nbsp;&nbsp;Check_NV_Para
<LI><a href="#[7b]">&gt;&gt;</a>&nbsp;&nbsp;&nbsp;__aeabi_uwrite4
<LI><a href="#[8e]">&gt;&gt;</a>&nbsp;&nbsp;&nbsp;__2printf
</UL>
<BR>[Called By]<UL><LI><a href="#[1bd]">&gt;&gt;</a>&nbsp;&nbsp;&nbsp;LoRa_Init
</UL>
<BR>[Address Reference Count : 1]<UL><LI> common.o(.constdata)
</UL>
<P><STRONG><a name="[b8]"></a>AwarePro_NV_JoinFlg</STRONG> (Thumb, 6 bytes, Stack size 0 bytes, aware_protocol.o(i.AwarePro_NV_JoinFlg))
<BR><BR>[Called By]<UL><LI><a href="#[1fd]">&gt;&gt;</a>&nbsp;&nbsp;&nbsp;Process_WorkMode
<LI><a href="#[1f7]">&gt;&gt;</a>&nbsp;&nbsp;&nbsp;Process_Tag_Alarm
<LI><a href="#[1f4]">&gt;&gt;</a>&nbsp;&nbsp;&nbsp;Process_Pwr
<LI><a href="#[1ed]">&gt;&gt;</a>&nbsp;&nbsp;&nbsp;Process_LF
<LI><a href="#[1e9]">&gt;&gt;</a>&nbsp;&nbsp;&nbsp;Process_HeartBeat
<LI><a href="#[1bd]">&gt;&gt;</a>&nbsp;&nbsp;&nbsp;LoRa_Init
<LI><a href="#[3c]">&gt;&gt;</a>&nbsp;&nbsp;&nbsp;Process_App_Ack
<LI><a href="#[1b7]">&gt;&gt;</a>&nbsp;&nbsp;&nbsp;LF_Report
<LI><a href="#[1ab]">&gt;&gt;</a>&nbsp;&nbsp;&nbsp;LF_Config
<LI><a href="#[196]">&gt;&gt;</a>&nbsp;&nbsp;&nbsp;Key_Func_Handler
<LI><a href="#[15a]">&gt;&gt;</a>&nbsp;&nbsp;&nbsp;HB_Record_Report
<LI><a href="#[d8]">&gt;&gt;</a>&nbsp;&nbsp;&nbsp;GPS_Info_Report
<LI><a href="#[ca]">&gt;&gt;</a>&nbsp;&nbsp;&nbsp;Dev_Register
<LI><a href="#[c9]">&gt;&gt;</a>&nbsp;&nbsp;&nbsp;Dev_Period_Report
<LI><a href="#[b5]">&gt;&gt;</a>&nbsp;&nbsp;&nbsp;DevPro_Send
<LI><a href="#[b7]">&gt;&gt;</a>&nbsp;&nbsp;&nbsp;CHG_Report
<LI><a href="#[1fe]">&gt;&gt;</a>&nbsp;&nbsp;&nbsp;WorkMode_Report
<LI><a href="#[1fb]">&gt;&gt;</a>&nbsp;&nbsp;&nbsp;UART_AT_CMD_Process
<LI><a href="#[1f9]">&gt;&gt;</a>&nbsp;&nbsp;&nbsp;Tag_Alarm_Report
</UL>

<P><STRONG><a name="[98]"></a>AwarePro_Period_Event</STRONG> (Thumb, 18 bytes, Stack size 8 bytes, aware_protocol.o(i.AwarePro_Period_Event))
<BR><BR>[Stack]<UL><LI>Max Depth = 140<LI>Call Chain = AwarePro_Period_Event &rArr; Period_Poll_Data &rArr; ZED_DataReq_Event &rArr; ZED_Data_Req &rArr; Add_RF_Frame_To_TX_Que &rArr; randr &rArr; rand1 &rArr; __aeabi_uidivmod
</UL>
<BR>[Calls]<UL><LI><a href="#[99]">&gt;&gt;</a>&nbsp;&nbsp;&nbsp;Period_Poll_Data
<LI><a href="#[9a]">&gt;&gt;</a>&nbsp;&nbsp;&nbsp;Handle_Error_Process
</UL>
<BR>[Called By]<UL><LI><a href="#[aa]">&gt;&gt;</a>&nbsp;&nbsp;&nbsp;AwarePro_Run
</UL>

<P><STRONG><a name="[9b]"></a>AwarePro_RF_Rec_Process</STRONG> (Thumb, 350 bytes, Stack size 40 bytes, aware_protocol.o(i.AwarePro_RF_Rec_Process))
<BR><BR>[Stack]<UL><LI>Max Depth = 196<LI>Call Chain = AwarePro_RF_Rec_Process &rArr; Process_App_Cmd &rArr; ZED_Data_Req &rArr; Add_RF_Frame_To_TX_Que &rArr; randr &rArr; rand1 &rArr; __aeabi_uidivmod
</UL>
<BR>[Calls]<UL><LI><a href="#[9f]">&gt;&gt;</a>&nbsp;&nbsp;&nbsp;Check_Sum
<LI><a href="#[a2]">&gt;&gt;</a>&nbsp;&nbsp;&nbsp;memcmp
<LI><a href="#[83]">&gt;&gt;</a>&nbsp;&nbsp;&nbsp;__aeabi_memcpy
<LI><a href="#[a0]">&gt;&gt;</a>&nbsp;&nbsp;&nbsp;Update_Parent_RSSI
<LI><a href="#[a4]">&gt;&gt;</a>&nbsp;&nbsp;&nbsp;Process_Join_Cmd
<LI><a href="#[a1]">&gt;&gt;</a>&nbsp;&nbsp;&nbsp;Process_App_Cmd
<LI><a href="#[9c]">&gt;&gt;</a>&nbsp;&nbsp;&nbsp;Process_Ack
<LI><a href="#[9e]">&gt;&gt;</a>&nbsp;&nbsp;&nbsp;Is_Local_NwkAddr
<LI><a href="#[9d]">&gt;&gt;</a>&nbsp;&nbsp;&nbsp;Is_Local_Addr
<LI><a href="#[a3]">&gt;&gt;</a>&nbsp;&nbsp;&nbsp;Get_Empty_PareTable
<LI><a href="#[7a]">&gt;&gt;</a>&nbsp;&nbsp;&nbsp;ACK_Send
<LI><a href="#[8d]">&gt;&gt;</a>&nbsp;&nbsp;&nbsp;__aeabi_uread4
<LI><a href="#[8e]">&gt;&gt;</a>&nbsp;&nbsp;&nbsp;__2printf
</UL>
<BR>[Called By]<UL><LI><a href="#[1ee]">&gt;&gt;</a>&nbsp;&nbsp;&nbsp;Process_LoRa_Data
</UL>

<P><STRONG><a name="[a5]"></a>AwarePro_RF_Tx_Process</STRONG> (Thumb, 96 bytes, Stack size 32 bytes, aware_protocol.o(i.AwarePro_RF_Tx_Process))
<BR><BR>[Stack]<UL><LI>Max Depth = 108<LI>Call Chain = AwarePro_RF_Tx_Process &rArr; Add_RF_Frame_To_TX_Que &rArr; randr &rArr; rand1 &rArr; __aeabi_uidivmod
</UL>
<BR>[Calls]<UL><LI><a href="#[a6]">&gt;&gt;</a>&nbsp;&nbsp;&nbsp;Build_LoRa_App_Frame
<LI><a href="#[81]">&gt;&gt;</a>&nbsp;&nbsp;&nbsp;Add_RF_Frame_To_TX_Que
<LI><a href="#[8e]">&gt;&gt;</a>&nbsp;&nbsp;&nbsp;__2printf
</UL>
<BR>[Called By]<UL><LI><a href="#[1ab]">&gt;&gt;</a>&nbsp;&nbsp;&nbsp;LF_Config
<LI><a href="#[ca]">&gt;&gt;</a>&nbsp;&nbsp;&nbsp;Dev_Register
<LI><a href="#[c9]">&gt;&gt;</a>&nbsp;&nbsp;&nbsp;Dev_Period_Report
<LI><a href="#[b5]">&gt;&gt;</a>&nbsp;&nbsp;&nbsp;DevPro_Send
</UL>

<P><STRONG><a name="[a7]"></a>AwarePro_RF_Tx_RT_Process</STRONG> (Thumb, 38 bytes, Stack size 24 bytes, aware_protocol.o(i.AwarePro_RF_Tx_RT_Process))
<BR><BR>[Stack]<UL><LI>Max Depth = 100<LI>Call Chain = AwarePro_RF_Tx_RT_Process &rArr; Add_RF_Frame_To_TX_Que &rArr; randr &rArr; rand1 &rArr; __aeabi_uidivmod
</UL>
<BR>[Calls]<UL><LI><a href="#[a8]">&gt;&gt;</a>&nbsp;&nbsp;&nbsp;Build_LoRa_RT_Frame
<LI><a href="#[81]">&gt;&gt;</a>&nbsp;&nbsp;&nbsp;Add_RF_Frame_To_TX_Que
</UL>
<BR>[Called By]<UL><LI><a href="#[c9]">&gt;&gt;</a>&nbsp;&nbsp;&nbsp;Dev_Period_Report
<LI><a href="#[c0]">&gt;&gt;</a>&nbsp;&nbsp;&nbsp;DevPro_RT_Send
</UL>

<P><STRONG><a name="[a9]"></a>AwarePro_ReJoin</STRONG> (Thumb, 22 bytes, Stack size 8 bytes, aware_protocol.o(i.AwarePro_ReJoin))
<BR><BR>[Stack]<UL><LI>Max Depth = 72<LI>Call Chain = AwarePro_ReJoin &rArr; Delete_NV &rArr; Erase_Block_Flash &rArr; HAL_FLASHEx_DATAEEPROM_Erase &rArr; FLASH_WaitForLastOperation &rArr; FLASH_SetErrorCode
</UL>
<BR>[Calls]<UL><LI><a href="#[85]">&gt;&gt;</a>&nbsp;&nbsp;&nbsp;Delete_NV
</UL>
<BR>[Called By]<UL><LI><a href="#[1f4]">&gt;&gt;</a>&nbsp;&nbsp;&nbsp;Process_Pwr
<LI><a href="#[1f0]">&gt;&gt;</a>&nbsp;&nbsp;&nbsp;Process_Net_Status
<LI><a href="#[1ed]">&gt;&gt;</a>&nbsp;&nbsp;&nbsp;Process_LF
<LI><a href="#[196]">&gt;&gt;</a>&nbsp;&nbsp;&nbsp;Key_Func_Handler
</UL>

<P><STRONG><a name="[aa]"></a>AwarePro_Run</STRONG> (Thumb, 16 bytes, Stack size 8 bytes, aware_protocol.o(i.AwarePro_Run))
<BR><BR>[Stack]<UL><LI>Max Depth = 148<LI>Call Chain = AwarePro_Run &rArr; AwarePro_Period_Event &rArr; Period_Poll_Data &rArr; ZED_DataReq_Event &rArr; ZED_Data_Req &rArr; Add_RF_Frame_To_TX_Que &rArr; randr &rArr; rand1 &rArr; __aeabi_uidivmod
</UL>
<BR>[Calls]<UL><LI><a href="#[ab]">&gt;&gt;</a>&nbsp;&nbsp;&nbsp;TX_RF_Data
<LI><a href="#[98]">&gt;&gt;</a>&nbsp;&nbsp;&nbsp;AwarePro_Period_Event
</UL>
<BR>[Called By]<UL><LI><a href="#[23]">&gt;&gt;</a>&nbsp;&nbsp;&nbsp;main
</UL>

<P><STRONG><a name="[1da]"></a>AwarePro_Rx_Done_Process</STRONG> (Thumb, 8 bytes, Stack size 0 bytes, aware_protocol.o(i.AwarePro_Rx_Done_Process))
<BR><BR>[Called By]<UL><LI><a href="#[30]">&gt;&gt;</a>&nbsp;&nbsp;&nbsp;OnRxDone
</UL>

<P><STRONG><a name="[1db]"></a>AwarePro_Rx_Error_Process</STRONG> (Thumb, 10 bytes, Stack size 0 bytes, aware_protocol.o(i.AwarePro_Rx_Error_Process))
<BR><BR>[Called By]<UL><LI><a href="#[33]">&gt;&gt;</a>&nbsp;&nbsp;&nbsp;OnRxError
</UL>

<P><STRONG><a name="[1dc]"></a>AwarePro_Rx_Timeout_Process</STRONG> (Thumb, 2 bytes, Stack size 0 bytes, aware_protocol.o(i.AwarePro_Rx_Timeout_Process))
<BR><BR>[Called By]<UL><LI><a href="#[32]">&gt;&gt;</a>&nbsp;&nbsp;&nbsp;OnRxTimeout
</UL>

<P><STRONG><a name="[ac]"></a>AwarePro_SetPGap</STRONG> (Thumb, 14 bytes, Stack size 8 bytes, aware_protocol.o(i.AwarePro_SetPGap))
<BR><BR>[Stack]<UL><LI>Max Depth = 88<LI>Call Chain = AwarePro_SetPGap &rArr; Write_NV &rArr; Write_Data_To_Flash &rArr; HAL_FLASHEx_DATAEEPROM_Program &rArr; FLASH_WaitForLastOperation &rArr; FLASH_SetErrorCode
</UL>
<BR>[Calls]<UL><LI><a href="#[93]">&gt;&gt;</a>&nbsp;&nbsp;&nbsp;Write_NV
</UL>
<BR>[Called By]<UL><LI><a href="#[1fb]">&gt;&gt;</a>&nbsp;&nbsp;&nbsp;UART_AT_CMD_Process
</UL>

<P><STRONG><a name="[ad]"></a>AwarePro_SetPID</STRONG> (Thumb, 22 bytes, Stack size 8 bytes, aware_protocol.o(i.AwarePro_SetPID))
<BR><BR>[Stack]<UL><LI>Max Depth = 88<LI>Call Chain = AwarePro_SetPID &rArr; Write_NV &rArr; Write_Data_To_Flash &rArr; HAL_FLASHEx_DATAEEPROM_Program &rArr; FLASH_WaitForLastOperation &rArr; FLASH_SetErrorCode
</UL>
<BR>[Calls]<UL><LI><a href="#[93]">&gt;&gt;</a>&nbsp;&nbsp;&nbsp;Write_NV
</UL>
<BR>[Called By]<UL><LI><a href="#[1fb]">&gt;&gt;</a>&nbsp;&nbsp;&nbsp;UART_AT_CMD_Process
</UL>

<P><STRONG><a name="[ae]"></a>AwarePro_Tx_Done_Process</STRONG> (Thumb, 14 bytes, Stack size 4 bytes, aware_protocol.o(i.AwarePro_Tx_Done_Process))
<BR><BR>[Stack]<UL><LI>Max Depth = 4<LI>Call Chain = AwarePro_Tx_Done_Process
</UL>
<BR>[Calls]<UL><LI><a href="#[af]">&gt;&gt;</a>&nbsp;&nbsp;&nbsp;RF_Tx_Inc
</UL>
<BR>[Called By]<UL><LI><a href="#[2f]">&gt;&gt;</a>&nbsp;&nbsp;&nbsp;OnTxDone
</UL>

<P><STRONG><a name="[1dd]"></a>AwarePro_Tx_Timeout_Process</STRONG> (Thumb, 10 bytes, Stack size 0 bytes, aware_protocol.o(i.AwarePro_Tx_Timeout_Process))
<BR><BR>[Called By]<UL><LI><a href="#[31]">&gt;&gt;</a>&nbsp;&nbsp;&nbsp;OnTxTimeout
</UL>

<P><STRONG><a name="[1e4]"></a>AwarePro_ZED_Poll_Once</STRONG> (Thumb, 10 bytes, Stack size 0 bytes, aware_protocol.o(i.AwarePro_ZED_Poll_Once))
<BR><BR>[Called By]<UL><LI><a href="#[1f6]">&gt;&gt;</a>&nbsp;&nbsp;&nbsp;Process_Reg
<LI><a href="#[1e9]">&gt;&gt;</a>&nbsp;&nbsp;&nbsp;Process_HeartBeat
<LI><a href="#[3c]">&gt;&gt;</a>&nbsp;&nbsp;&nbsp;Process_App_Ack
<LI><a href="#[1fb]">&gt;&gt;</a>&nbsp;&nbsp;&nbsp;UART_AT_CMD_Process
</UL>

<P><STRONG><a name="[237]"></a>BSP_Get_RTCFreq</STRONG> (Thumb, 6 bytes, Stack size 0 bytes, tim.o(i.BSP_Get_RTCFreq))
<BR><BR>[Called By]<UL><LI><a href="#[23]">&gt;&gt;</a>&nbsp;&nbsp;&nbsp;main
</UL>

<P><STRONG><a name="[b0]"></a>BSP_LSI_Calibrator</STRONG> (Thumb, 34 bytes, Stack size 8 bytes, tim.o(i.BSP_LSI_Calibrator))
<BR><BR>[Stack]<UL><LI>Max Depth = 24<LI>Call Chain = BSP_LSI_Calibrator &rArr; HAL_Delay
</UL>
<BR>[Calls]<UL><LI><a href="#[b1]">&gt;&gt;</a>&nbsp;&nbsp;&nbsp;HAL_Delay
<LI><a href="#[b3]">&gt;&gt;</a>&nbsp;&nbsp;&nbsp;HAL_TIM_IC_Stop_IT
<LI><a href="#[b2]">&gt;&gt;</a>&nbsp;&nbsp;&nbsp;HAL_TIM_IC_Start_IT
</UL>
<BR>[Called By]<UL><LI><a href="#[23]">&gt;&gt;</a>&nbsp;&nbsp;&nbsp;main
</UL>

<P><STRONG><a name="[b4]"></a>Band_SOS_Report</STRONG> (Thumb, 36 bytes, Stack size 8 bytes, common.o(i.Band_SOS_Report))
<BR><BR>[Stack]<UL><LI>Max Depth = 156<LI>Call Chain = Band_SOS_Report &rArr; DevPro_Send &rArr; AwarePro_RF_Tx_Process &rArr; Add_RF_Frame_To_TX_Que &rArr; randr &rArr; rand1 &rArr; __aeabi_uidivmod
</UL>
<BR>[Calls]<UL><LI><a href="#[b5]">&gt;&gt;</a>&nbsp;&nbsp;&nbsp;DevPro_Send
</UL>
<BR>[Called By]<UL><LI><a href="#[196]">&gt;&gt;</a>&nbsp;&nbsp;&nbsp;Key_Func_Handler
</UL>

<P><STRONG><a name="[91]"></a>Beacon_Req</STRONG> (Thumb, 100 bytes, Stack size 40 bytes, aware_protocol.o(i.Beacon_Req))
<BR><BR>[Stack]<UL><LI>Max Depth = 116<LI>Call Chain = Beacon_Req &rArr; Add_RF_Frame_To_TX_Que &rArr; randr &rArr; rand1 &rArr; __aeabi_uidivmod
</UL>
<BR>[Calls]<UL><LI><a href="#[9f]">&gt;&gt;</a>&nbsp;&nbsp;&nbsp;Check_Sum
<LI><a href="#[83]">&gt;&gt;</a>&nbsp;&nbsp;&nbsp;__aeabi_memcpy
<LI><a href="#[81]">&gt;&gt;</a>&nbsp;&nbsp;&nbsp;Add_RF_Frame_To_TX_Que
<LI><a href="#[8d]">&gt;&gt;</a>&nbsp;&nbsp;&nbsp;__aeabi_uread4
</UL>
<BR>[Called By]<UL><LI><a href="#[8f]">&gt;&gt;</a>&nbsp;&nbsp;&nbsp;AwarePro_Join
</UL>

<P><STRONG><a name="[21e]"></a>Bind_Done</STRONG> (Thumb, 22 bytes, Stack size 0 bytes, common.o(i.Bind_Done))
<BR><BR>[Called By]<UL><LI><a href="#[21b]">&gt;&gt;</a>&nbsp;&nbsp;&nbsp;Systick_Event
</UL>

<P><STRONG><a name="[b6]"></a>Build_Cmd_Resp</STRONG> (Thumb, 96 bytes, Stack size 24 bytes, aware_protocol.o(i.Build_Cmd_Resp))
<BR><BR>[Stack]<UL><LI>Max Depth = 32<LI>Call Chain = Build_Cmd_Resp &rArr; Check_Sum
</UL>
<BR>[Calls]<UL><LI><a href="#[9f]">&gt;&gt;</a>&nbsp;&nbsp;&nbsp;Check_Sum
<LI><a href="#[83]">&gt;&gt;</a>&nbsp;&nbsp;&nbsp;__aeabi_memcpy
</UL>
<BR>[Called By]<UL><LI><a href="#[a1]">&gt;&gt;</a>&nbsp;&nbsp;&nbsp;Process_App_Cmd
</UL>

<P><STRONG><a name="[a6]"></a>Build_LoRa_App_Frame</STRONG> (Thumb, 104 bytes, Stack size 24 bytes, aware_protocol.o(i.Build_LoRa_App_Frame))
<BR><BR>[Stack]<UL><LI>Max Depth = 32<LI>Call Chain = Build_LoRa_App_Frame &rArr; Check_Sum
</UL>
<BR>[Calls]<UL><LI><a href="#[9f]">&gt;&gt;</a>&nbsp;&nbsp;&nbsp;Check_Sum
<LI><a href="#[83]">&gt;&gt;</a>&nbsp;&nbsp;&nbsp;__aeabi_memcpy
</UL>
<BR>[Called By]<UL><LI><a href="#[a5]">&gt;&gt;</a>&nbsp;&nbsp;&nbsp;AwarePro_RF_Tx_Process
</UL>

<P><STRONG><a name="[a8]"></a>Build_LoRa_RT_Frame</STRONG> (Thumb, 84 bytes, Stack size 32 bytes, aware_protocol.o(i.Build_LoRa_RT_Frame))
<BR><BR>[Stack]<UL><LI>Max Depth = 40<LI>Call Chain = Build_LoRa_RT_Frame &rArr; Check_Sum
</UL>
<BR>[Calls]<UL><LI><a href="#[9f]">&gt;&gt;</a>&nbsp;&nbsp;&nbsp;Check_Sum
<LI><a href="#[83]">&gt;&gt;</a>&nbsp;&nbsp;&nbsp;__aeabi_memcpy
<LI><a href="#[8d]">&gt;&gt;</a>&nbsp;&nbsp;&nbsp;__aeabi_uread4
</UL>
<BR>[Called By]<UL><LI><a href="#[a7]">&gt;&gt;</a>&nbsp;&nbsp;&nbsp;AwarePro_RF_Tx_RT_Process
</UL>

<P><STRONG><a name="[b7]"></a>CHG_Report</STRONG> (Thumb, 62 bytes, Stack size 16 bytes, common.o(i.CHG_Report))
<BR><BR>[Stack]<UL><LI>Max Depth = 164<LI>Call Chain = CHG_Report &rArr; DevPro_Send &rArr; AwarePro_RF_Tx_Process &rArr; Add_RF_Frame_To_TX_Que &rArr; randr &rArr; rand1 &rArr; __aeabi_uidivmod
</UL>
<BR>[Calls]<UL><LI><a href="#[b5]">&gt;&gt;</a>&nbsp;&nbsp;&nbsp;DevPro_Send
<LI><a href="#[b8]">&gt;&gt;</a>&nbsp;&nbsp;&nbsp;AwarePro_NV_JoinFlg
</UL>
<BR>[Called By]<UL><LI><a href="#[1f4]">&gt;&gt;</a>&nbsp;&nbsp;&nbsp;Process_Pwr
</UL>

<P><STRONG><a name="[1aa]"></a>CRC8</STRONG> (Thumb, 28 bytes, Stack size 8 bytes, ccrfid_crc8.o(i.CRC8))
<BR><BR>[Stack]<UL><LI>Max Depth = 8<LI>Call Chain = CRC8
</UL>
<BR>[Called By]<UL><LI><a href="#[ee]">&gt;&gt;</a>&nbsp;&nbsp;&nbsp;LF_AwakeUp
<LI><a href="#[1af]">&gt;&gt;</a>&nbsp;&nbsp;&nbsp;LF_DataSend
</UL>

<P><STRONG><a name="[b9]"></a>Check_APP_NV_Para</STRONG> (Thumb, 42 bytes, Stack size 8 bytes, common.o(i.Check_APP_NV_Para))
<BR><BR>[Stack]<UL><LI>Max Depth = 16<LI>Call Chain = Check_APP_NV_Para &rArr; Check_Sum
</UL>
<BR>[Calls]<UL><LI><a href="#[ba]">&gt;&gt;</a>&nbsp;&nbsp;&nbsp;Check_Sum
</UL>
<BR>[Called By]<UL><LI><a href="#[190]">&gt;&gt;</a>&nbsp;&nbsp;&nbsp;Init_SysConfig
</UL>

<P><STRONG><a name="[97]"></a>Check_NV_Para</STRONG> (Thumb, 38 bytes, Stack size 8 bytes, aware_protocol.o(i.Check_NV_Para))
<BR><BR>[Stack]<UL><LI>Max Depth = 16<LI>Call Chain = Check_NV_Para &rArr; Check_Sum
</UL>
<BR>[Calls]<UL><LI><a href="#[9f]">&gt;&gt;</a>&nbsp;&nbsp;&nbsp;Check_Sum
</UL>
<BR>[Called By]<UL><LI><a href="#[38]">&gt;&gt;</a>&nbsp;&nbsp;&nbsp;AwarePro_NV_Init
</UL>

<P><STRONG><a name="[9f]"></a>Check_Sum</STRONG> (Thumb, 26 bytes, Stack size 8 bytes, aware_protocol.o(i.Check_Sum))
<BR><BR>[Stack]<UL><LI>Max Depth = 8<LI>Call Chain = Check_Sum
</UL>
<BR>[Called By]<UL><LI><a href="#[93]">&gt;&gt;</a>&nbsp;&nbsp;&nbsp;Write_NV
<LI><a href="#[9b]">&gt;&gt;</a>&nbsp;&nbsp;&nbsp;AwarePro_RF_Rec_Process
<LI><a href="#[1e2]">&gt;&gt;</a>&nbsp;&nbsp;&nbsp;ZED_Data_Req
<LI><a href="#[195]">&gt;&gt;</a>&nbsp;&nbsp;&nbsp;Node_Join_LoRa
<LI><a href="#[95]">&gt;&gt;</a>&nbsp;&nbsp;&nbsp;Dev_Leave_Req
<LI><a href="#[97]">&gt;&gt;</a>&nbsp;&nbsp;&nbsp;Check_NV_Para
<LI><a href="#[a8]">&gt;&gt;</a>&nbsp;&nbsp;&nbsp;Build_LoRa_RT_Frame
<LI><a href="#[a6]">&gt;&gt;</a>&nbsp;&nbsp;&nbsp;Build_LoRa_App_Frame
<LI><a href="#[b6]">&gt;&gt;</a>&nbsp;&nbsp;&nbsp;Build_Cmd_Resp
<LI><a href="#[91]">&gt;&gt;</a>&nbsp;&nbsp;&nbsp;Beacon_Req
</UL>

<P><STRONG><a name="[14]"></a>DMA1_Channel2_3_IRQHandler</STRONG> (Thumb, 10 bytes, Stack size 8 bytes, common.o(i.DMA1_Channel2_3_IRQHandler))
<BR><BR>[Stack]<UL><LI>Max Depth = 32<LI>Call Chain = DMA1_Channel2_3_IRQHandler &rArr; HAL_DMA_IRQHandler
</UL>
<BR>[Calls]<UL><LI><a href="#[bb]">&gt;&gt;</a>&nbsp;&nbsp;&nbsp;HAL_DMA_IRQHandler
</UL>
<BR>[Address Reference Count : 1]<UL><LI> startup_stm32l051xx.o(RESET)
</UL>
<P><STRONG><a name="[15]"></a>DMA1_Channel4_5_6_7_IRQHandler</STRONG> (Thumb, 18 bytes, Stack size 8 bytes, common.o(i.DMA1_Channel4_5_6_7_IRQHandler))
<BR><BR>[Stack]<UL><LI>Max Depth = 32<LI>Call Chain = DMA1_Channel4_5_6_7_IRQHandler &rArr; HAL_DMA_IRQHandler
</UL>
<BR>[Calls]<UL><LI><a href="#[bb]">&gt;&gt;</a>&nbsp;&nbsp;&nbsp;HAL_DMA_IRQHandler
</UL>
<BR>[Address Reference Count : 1]<UL><LI> startup_stm32l051xx.o(RESET)
</UL>
<P><STRONG><a name="[bc]"></a>Davail_DeInit</STRONG> (Thumb, 28 bytes, Stack size 8 bytes, ohr_i2c.o(i.Davail_DeInit))
<BR><BR>[Stack]<UL><LI>Max Depth = 28<LI>Call Chain = Davail_DeInit &rArr; HAL_GPIO_DeInit
</UL>
<BR>[Calls]<UL><LI><a href="#[bd]">&gt;&gt;</a>&nbsp;&nbsp;&nbsp;HAL_GPIO_DeInit
</UL>
<BR>[Called By]<UL><LI><a href="#[1d6]">&gt;&gt;</a>&nbsp;&nbsp;&nbsp;StopOHR
</UL>

<P><STRONG><a name="[be]"></a>Delete_App_NV</STRONG> (Thumb, 14 bytes, Stack size 8 bytes, common.o(i.Delete_App_NV))
<BR><BR>[Stack]<UL><LI>Max Depth = 64<LI>Call Chain = Delete_App_NV &rArr; Erase_Block_Flash &rArr; HAL_FLASHEx_DATAEEPROM_Erase &rArr; FLASH_WaitForLastOperation &rArr; FLASH_SetErrorCode
</UL>
<BR>[Calls]<UL><LI><a href="#[bf]">&gt;&gt;</a>&nbsp;&nbsp;&nbsp;Erase_Block_Flash
</UL>
<BR>[Called By]<UL><LI><a href="#[1c4]">&gt;&gt;</a>&nbsp;&nbsp;&nbsp;MINI_Pro_Resp
<LI><a href="#[196]">&gt;&gt;</a>&nbsp;&nbsp;&nbsp;Key_Func_Handler
<LI><a href="#[190]">&gt;&gt;</a>&nbsp;&nbsp;&nbsp;Init_SysConfig
<LI><a href="#[1fb]">&gt;&gt;</a>&nbsp;&nbsp;&nbsp;UART_AT_CMD_Process
</UL>

<P><STRONG><a name="[85]"></a>Delete_NV</STRONG> (Thumb, 14 bytes, Stack size 8 bytes, flash.o(i.Delete_NV))
<BR><BR>[Stack]<UL><LI>Max Depth = 64<LI>Call Chain = Delete_NV &rArr; Erase_Block_Flash &rArr; HAL_FLASHEx_DATAEEPROM_Erase &rArr; FLASH_WaitForLastOperation &rArr; FLASH_SetErrorCode
</UL>
<BR>[Calls]<UL><LI><a href="#[bf]">&gt;&gt;</a>&nbsp;&nbsp;&nbsp;Erase_Block_Flash
</UL>
<BR>[Called By]<UL><LI><a href="#[8f]">&gt;&gt;</a>&nbsp;&nbsp;&nbsp;AwarePro_Join
<LI><a href="#[1c4]">&gt;&gt;</a>&nbsp;&nbsp;&nbsp;MINI_Pro_Resp
<LI><a href="#[196]">&gt;&gt;</a>&nbsp;&nbsp;&nbsp;Key_Func_Handler
<LI><a href="#[190]">&gt;&gt;</a>&nbsp;&nbsp;&nbsp;Init_SysConfig
<LI><a href="#[c3]">&gt;&gt;</a>&nbsp;&nbsp;&nbsp;Dev_Event
<LI><a href="#[a9]">&gt;&gt;</a>&nbsp;&nbsp;&nbsp;AwarePro_ReJoin
<LI><a href="#[38]">&gt;&gt;</a>&nbsp;&nbsp;&nbsp;AwarePro_NV_Init
<LI><a href="#[84]">&gt;&gt;</a>&nbsp;&nbsp;&nbsp;AwarePro_Default
<LI><a href="#[1e3]">&gt;&gt;</a>&nbsp;&nbsp;&nbsp;ZED_DataReq_Event
</UL>

<P><STRONG><a name="[c0]"></a>DevPro_RT_Send</STRONG> (Thumb, 64 bytes, Stack size 16 bytes, common.o(i.DevPro_RT_Send))
<BR><BR>[Stack]<UL><LI>Max Depth = 116<LI>Call Chain = DevPro_RT_Send &rArr; AwarePro_RF_Tx_RT_Process &rArr; Add_RF_Frame_To_TX_Que &rArr; randr &rArr; rand1 &rArr; __aeabi_uidivmod
</UL>
<BR>[Calls]<UL><LI><a href="#[ba]">&gt;&gt;</a>&nbsp;&nbsp;&nbsp;Check_Sum
<LI><a href="#[a7]">&gt;&gt;</a>&nbsp;&nbsp;&nbsp;AwarePro_RF_Tx_RT_Process
<LI><a href="#[c1]">&gt;&gt;</a>&nbsp;&nbsp;&nbsp;osal_memcpy
</UL>
<BR>[Called By]<UL><LI><a href="#[1a9]">&gt;&gt;</a>&nbsp;&nbsp;&nbsp;LF_Alarm_Report
</UL>

<P><STRONG><a name="[b5]"></a>DevPro_Send</STRONG> (Thumb, 100 bytes, Stack size 40 bytes, common.o(i.DevPro_Send))
<BR><BR>[Stack]<UL><LI>Max Depth = 148<LI>Call Chain = DevPro_Send &rArr; AwarePro_RF_Tx_Process &rArr; Add_RF_Frame_To_TX_Que &rArr; randr &rArr; rand1 &rArr; __aeabi_uidivmod
</UL>
<BR>[Calls]<UL><LI><a href="#[ba]">&gt;&gt;</a>&nbsp;&nbsp;&nbsp;Check_Sum
<LI><a href="#[a5]">&gt;&gt;</a>&nbsp;&nbsp;&nbsp;AwarePro_RF_Tx_Process
<LI><a href="#[b8]">&gt;&gt;</a>&nbsp;&nbsp;&nbsp;AwarePro_NV_JoinFlg
<LI><a href="#[c2]">&gt;&gt;</a>&nbsp;&nbsp;&nbsp;AwarePro_GetPareAddr
<LI><a href="#[c1]">&gt;&gt;</a>&nbsp;&nbsp;&nbsp;osal_memcpy
</UL>
<BR>[Called By]<UL><LI><a href="#[1c4]">&gt;&gt;</a>&nbsp;&nbsp;&nbsp;MINI_Pro_Resp
<LI><a href="#[1b7]">&gt;&gt;</a>&nbsp;&nbsp;&nbsp;LF_Report
<LI><a href="#[15a]">&gt;&gt;</a>&nbsp;&nbsp;&nbsp;HB_Record_Report
<LI><a href="#[d8]">&gt;&gt;</a>&nbsp;&nbsp;&nbsp;GPS_Info_Report
<LI><a href="#[b7]">&gt;&gt;</a>&nbsp;&nbsp;&nbsp;CHG_Report
<LI><a href="#[b4]">&gt;&gt;</a>&nbsp;&nbsp;&nbsp;Band_SOS_Report
<LI><a href="#[1fe]">&gt;&gt;</a>&nbsp;&nbsp;&nbsp;WorkMode_Report
<LI><a href="#[1f9]">&gt;&gt;</a>&nbsp;&nbsp;&nbsp;Tag_Alarm_Report
</UL>

<P><STRONG><a name="[c3]"></a>Dev_Event</STRONG> (Thumb, 222 bytes, Stack size 24 bytes, common.o(i.Dev_Event))
<BR><BR>[Stack]<UL><LI>Max Depth = 184<LI>Call Chain = Dev_Event &rArr; StartOHR &rArr; TimerStart &rArr; TimerInsertNewHeadTimer &rArr; TimerSetTimeout &rArr; HW_RTC_SetAlarm &rArr; HW_RTC_StartWakeUpAlarm &rArr; HAL_RTC_SetAlarm_IT
</UL>
<BR>[Calls]<UL><LI><a href="#[c6]">&gt;&gt;</a>&nbsp;&nbsp;&nbsp;NVIC_SystemReset
<LI><a href="#[c8]">&gt;&gt;</a>&nbsp;&nbsp;&nbsp;StartOHR
<LI><a href="#[85]">&gt;&gt;</a>&nbsp;&nbsp;&nbsp;Delete_NV
<LI><a href="#[c4]">&gt;&gt;</a>&nbsp;&nbsp;&nbsp;Write_App_NV
<LI><a href="#[c7]">&gt;&gt;</a>&nbsp;&nbsp;&nbsp;RF_DataRate_Config
<LI><a href="#[c5]">&gt;&gt;</a>&nbsp;&nbsp;&nbsp;RF_CH_Config
</UL>
<BR>[Called By]<UL><LI><a href="#[21b]">&gt;&gt;</a>&nbsp;&nbsp;&nbsp;Systick_Event
</UL>

<P><STRONG><a name="[95]"></a>Dev_Leave_Req</STRONG> (Thumb, 102 bytes, Stack size 32 bytes, aware_protocol.o(i.Dev_Leave_Req))
<BR><BR>[Stack]<UL><LI>Max Depth = 108<LI>Call Chain = Dev_Leave_Req &rArr; Add_RF_Frame_To_TX_Que &rArr; randr &rArr; rand1 &rArr; __aeabi_uidivmod
</UL>
<BR>[Calls]<UL><LI><a href="#[9f]">&gt;&gt;</a>&nbsp;&nbsp;&nbsp;Check_Sum
<LI><a href="#[81]">&gt;&gt;</a>&nbsp;&nbsp;&nbsp;Add_RF_Frame_To_TX_Que
</UL>
<BR>[Called By]<UL><LI><a href="#[94]">&gt;&gt;</a>&nbsp;&nbsp;&nbsp;AwarePro_Leave
</UL>

<P><STRONG><a name="[c9]"></a>Dev_Period_Report</STRONG> (Thumb, 138 bytes, Stack size 24 bytes, common.o(i.Dev_Period_Report))
<BR><BR>[Stack]<UL><LI>Max Depth = 132<LI>Call Chain = Dev_Period_Report &rArr; AwarePro_RF_Tx_Process &rArr; Add_RF_Frame_To_TX_Que &rArr; randr &rArr; rand1 &rArr; __aeabi_uidivmod
</UL>
<BR>[Calls]<UL><LI><a href="#[ba]">&gt;&gt;</a>&nbsp;&nbsp;&nbsp;Check_Sum
<LI><a href="#[a7]">&gt;&gt;</a>&nbsp;&nbsp;&nbsp;AwarePro_RF_Tx_RT_Process
<LI><a href="#[a5]">&gt;&gt;</a>&nbsp;&nbsp;&nbsp;AwarePro_RF_Tx_Process
<LI><a href="#[b8]">&gt;&gt;</a>&nbsp;&nbsp;&nbsp;AwarePro_NV_JoinFlg
<LI><a href="#[c2]">&gt;&gt;</a>&nbsp;&nbsp;&nbsp;AwarePro_GetPareAddr
</UL>
<BR>[Called By]<UL><LI><a href="#[1e9]">&gt;&gt;</a>&nbsp;&nbsp;&nbsp;Process_HeartBeat
</UL>

<P><STRONG><a name="[ca]"></a>Dev_Register</STRONG> (Thumb, 122 bytes, Stack size 32 bytes, common.o(i.Dev_Register))
<BR><BR>[Stack]<UL><LI>Max Depth = 140<LI>Call Chain = Dev_Register &rArr; AwarePro_RF_Tx_Process &rArr; Add_RF_Frame_To_TX_Que &rArr; randr &rArr; rand1 &rArr; __aeabi_uidivmod
</UL>
<BR>[Calls]<UL><LI><a href="#[ba]">&gt;&gt;</a>&nbsp;&nbsp;&nbsp;Check_Sum
<LI><a href="#[a5]">&gt;&gt;</a>&nbsp;&nbsp;&nbsp;AwarePro_RF_Tx_Process
<LI><a href="#[b8]">&gt;&gt;</a>&nbsp;&nbsp;&nbsp;AwarePro_NV_JoinFlg
<LI><a href="#[c2]">&gt;&gt;</a>&nbsp;&nbsp;&nbsp;AwarePro_GetPareAddr
<LI><a href="#[cb]">&gt;&gt;</a>&nbsp;&nbsp;&nbsp;osal_revmemcpy
</UL>
<BR>[Called By]<UL><LI><a href="#[1f6]">&gt;&gt;</a>&nbsp;&nbsp;&nbsp;Process_Reg
</UL>

<P><STRONG><a name="[10]"></a>EXTI0_1_IRQHandler</STRONG> (Thumb, 16 bytes, Stack size 8 bytes, common.o(i.EXTI0_1_IRQHandler))
<BR><BR>[Stack]<UL><LI>Max Depth = 184<LI>Call Chain = EXTI0_1_IRQHandler &rArr; HAL_GPIO_EXTI_IRQHandler &rArr; HAL_GPIO_EXTI_Callback &rArr; OHR_davail_handler &rArr; TimerStop &rArr; TimerSetTimeout &rArr; HW_RTC_SetAlarm &rArr; HW_RTC_StartWakeUpAlarm &rArr; HAL_RTC_SetAlarm_IT
</UL>
<BR>[Calls]<UL><LI><a href="#[cc]">&gt;&gt;</a>&nbsp;&nbsp;&nbsp;HAL_GPIO_EXTI_IRQHandler
</UL>
<BR>[Address Reference Count : 1]<UL><LI> startup_stm32l051xx.o(RESET)
</UL>
<P><STRONG><a name="[11]"></a>EXTI2_3_IRQHandler</STRONG> (Thumb, 16 bytes, Stack size 8 bytes, common.o(i.EXTI2_3_IRQHandler))
<BR><BR>[Stack]<UL><LI>Max Depth = 184<LI>Call Chain = EXTI2_3_IRQHandler &rArr; HAL_GPIO_EXTI_IRQHandler &rArr; HAL_GPIO_EXTI_Callback &rArr; OHR_davail_handler &rArr; TimerStop &rArr; TimerSetTimeout &rArr; HW_RTC_SetAlarm &rArr; HW_RTC_StartWakeUpAlarm &rArr; HAL_RTC_SetAlarm_IT
</UL>
<BR>[Calls]<UL><LI><a href="#[cc]">&gt;&gt;</a>&nbsp;&nbsp;&nbsp;HAL_GPIO_EXTI_IRQHandler
</UL>
<BR>[Address Reference Count : 1]<UL><LI> startup_stm32l051xx.o(RESET)
</UL>
<P><STRONG><a name="[12]"></a>EXTI4_15_IRQHandler</STRONG> (Thumb, 92 bytes, Stack size 8 bytes, common.o(i.EXTI4_15_IRQHandler))
<BR><BR>[Stack]<UL><LI>Max Depth = 184<LI>Call Chain = EXTI4_15_IRQHandler &rArr; HAL_GPIO_EXTI_IRQHandler &rArr; HAL_GPIO_EXTI_Callback &rArr; OHR_davail_handler &rArr; TimerStop &rArr; TimerSetTimeout &rArr; HW_RTC_SetAlarm &rArr; HW_RTC_StartWakeUpAlarm &rArr; HAL_RTC_SetAlarm_IT
</UL>
<BR>[Calls]<UL><LI><a href="#[cc]">&gt;&gt;</a>&nbsp;&nbsp;&nbsp;HAL_GPIO_EXTI_IRQHandler
</UL>
<BR>[Address Reference Count : 1]<UL><LI> startup_stm32l051xx.o(RESET)
</UL>
<P><STRONG><a name="[bf]"></a>Erase_Block_Flash</STRONG> (Thumb, 32 bytes, Stack size 16 bytes, flash.o(i.Erase_Block_Flash))
<BR><BR>[Stack]<UL><LI>Max Depth = 56<LI>Call Chain = Erase_Block_Flash &rArr; HAL_FLASHEx_DATAEEPROM_Erase &rArr; FLASH_WaitForLastOperation &rArr; FLASH_SetErrorCode
</UL>
<BR>[Calls]<UL><LI><a href="#[cd]">&gt;&gt;</a>&nbsp;&nbsp;&nbsp;HAL_FLASHEx_DATAEEPROM_Unlock
<LI><a href="#[cf]">&gt;&gt;</a>&nbsp;&nbsp;&nbsp;HAL_FLASHEx_DATAEEPROM_Lock
<LI><a href="#[ce]">&gt;&gt;</a>&nbsp;&nbsp;&nbsp;HAL_FLASHEx_DATAEEPROM_Erase
</UL>
<BR>[Called By]<UL><LI><a href="#[be]">&gt;&gt;</a>&nbsp;&nbsp;&nbsp;Delete_App_NV
<LI><a href="#[93]">&gt;&gt;</a>&nbsp;&nbsp;&nbsp;Write_NV
<LI><a href="#[85]">&gt;&gt;</a>&nbsp;&nbsp;&nbsp;Delete_NV
<LI><a href="#[c4]">&gt;&gt;</a>&nbsp;&nbsp;&nbsp;Write_App_NV
</UL>

<P><STRONG><a name="[d0]"></a>Erase_HB_Record</STRONG> (Thumb, 16 bytes, Stack size 4 bytes, common.o(i.Erase_HB_Record))
<BR><BR>[Stack]<UL><LI>Max Depth = 4<LI>Call Chain = Erase_HB_Record
</UL>
<BR>[Calls]<UL><LI><a href="#[d1]">&gt;&gt;</a>&nbsp;&nbsp;&nbsp;osal_memset
</UL>
<BR>[Called By]<UL><LI><a href="#[1f7]">&gt;&gt;</a>&nbsp;&nbsp;&nbsp;Process_Tag_Alarm
</UL>

<P><STRONG><a name="[d2]"></a>FLASH_WaitForLastOperation</STRONG> (Thumb, 106 bytes, Stack size 16 bytes, stm32l0xx_hal_flash.o(i.FLASH_WaitForLastOperation))
<BR><BR>[Stack]<UL><LI>Max Depth = 24<LI>Call Chain = FLASH_WaitForLastOperation &rArr; FLASH_SetErrorCode
</UL>
<BR>[Calls]<UL><LI><a href="#[7d]">&gt;&gt;</a>&nbsp;&nbsp;&nbsp;HAL_GetTick
<LI><a href="#[d3]">&gt;&gt;</a>&nbsp;&nbsp;&nbsp;FLASH_SetErrorCode
</UL>
<BR>[Called By]<UL><LI><a href="#[e9]">&gt;&gt;</a>&nbsp;&nbsp;&nbsp;HAL_FLASHEx_DATAEEPROM_Program
<LI><a href="#[ce]">&gt;&gt;</a>&nbsp;&nbsp;&nbsp;HAL_FLASHEx_DATAEEPROM_Erase
</UL>

<P><STRONG><a name="[d4]"></a>Find_Best_Parent</STRONG> (Thumb, 126 bytes, Stack size 24 bytes, aware_protocol.o(i.Find_Best_Parent))
<BR><BR>[Stack]<UL><LI>Max Depth = 48<LI>Call Chain = Find_Best_Parent &rArr; __2printf
</UL>
<BR>[Calls]<UL><LI><a href="#[a2]">&gt;&gt;</a>&nbsp;&nbsp;&nbsp;memcmp
<LI><a href="#[8e]">&gt;&gt;</a>&nbsp;&nbsp;&nbsp;__2printf
</UL>
<BR>[Called By]<UL><LI><a href="#[92]">&gt;&gt;</a>&nbsp;&nbsp;&nbsp;Join_Req
</UL>

<P><STRONG><a name="[d5]"></a>GPS_GPIO_Init</STRONG> (Thumb, 60 bytes, Stack size 40 bytes, common.o(i.GPS_GPIO_Init))
<BR><BR>[Stack]<UL><LI>Max Depth = 64<LI>Call Chain = GPS_GPIO_Init &rArr; HAL_GPIO_Init
</UL>
<BR>[Calls]<UL><LI><a href="#[d7]">&gt;&gt;</a>&nbsp;&nbsp;&nbsp;HAL_GPIO_WritePin
<LI><a href="#[d6]">&gt;&gt;</a>&nbsp;&nbsp;&nbsp;HAL_GPIO_Init
</UL>
<BR>[Called By]<UL><LI><a href="#[23]">&gt;&gt;</a>&nbsp;&nbsp;&nbsp;main
</UL>

<P><STRONG><a name="[221]"></a>GPS_Idle</STRONG> (Thumb, 16 bytes, Stack size 0 bytes, common.o(i.GPS_Idle))
<BR><BR>[Called By]<UL><LI><a href="#[21b]">&gt;&gt;</a>&nbsp;&nbsp;&nbsp;Systick_Event
</UL>

<P><STRONG><a name="[d8]"></a>GPS_Info_Report</STRONG> (Thumb, 102 bytes, Stack size 24 bytes, common.o(i.GPS_Info_Report))
<BR><BR>[Stack]<UL><LI>Max Depth = 172<LI>Call Chain = GPS_Info_Report &rArr; DevPro_Send &rArr; AwarePro_RF_Tx_Process &rArr; Add_RF_Frame_To_TX_Que &rArr; randr &rArr; rand1 &rArr; __aeabi_uidivmod
</UL>
<BR>[Calls]<UL><LI><a href="#[b5]">&gt;&gt;</a>&nbsp;&nbsp;&nbsp;DevPro_Send
<LI><a href="#[b8]">&gt;&gt;</a>&nbsp;&nbsp;&nbsp;AwarePro_NV_JoinFlg
<LI><a href="#[cb]">&gt;&gt;</a>&nbsp;&nbsp;&nbsp;osal_revmemcpy
</UL>
<BR>[Called By]<UL><LI><a href="#[1fa]">&gt;&gt;</a>&nbsp;&nbsp;&nbsp;Process_UART_Data
<LI><a href="#[1e8]">&gt;&gt;</a>&nbsp;&nbsp;&nbsp;Process_GPS
</UL>

<P><STRONG><a name="[d9]"></a>GetLPMoveCount</STRONG> (Thumb, 32 bytes, Stack size 8 bytes, lptim.o(i.GetLPMoveCount))
<BR><BR>[Stack]<UL><LI>Max Depth = 8<LI>Call Chain = GetLPMoveCount
</UL>
<BR>[Calls]<UL><LI><a href="#[da]">&gt;&gt;</a>&nbsp;&nbsp;&nbsp;HAL_LPTIM_ReadCounter
</UL>
<BR>[Called By]<UL><LI><a href="#[1ef]">&gt;&gt;</a>&nbsp;&nbsp;&nbsp;Process_Motion
</UL>

<P><STRONG><a name="[a3]"></a>Get_Empty_PareTable</STRONG> (Thumb, 46 bytes, Stack size 16 bytes, aware_protocol.o(i.Get_Empty_PareTable))
<BR><BR>[Stack]<UL><LI>Max Depth = 44<LI>Call Chain = Get_Empty_PareTable &rArr; Get_PareNode_Entry &rArr; memcmp
</UL>
<BR>[Calls]<UL><LI><a href="#[a2]">&gt;&gt;</a>&nbsp;&nbsp;&nbsp;memcmp
<LI><a href="#[db]">&gt;&gt;</a>&nbsp;&nbsp;&nbsp;Get_PareNode_Entry
</UL>
<BR>[Called By]<UL><LI><a href="#[9b]">&gt;&gt;</a>&nbsp;&nbsp;&nbsp;AwarePro_RF_Rec_Process
</UL>

<P><STRONG><a name="[db]"></a>Get_PareNode_Entry</STRONG> (Thumb, 50 bytes, Stack size 16 bytes, aware_protocol.o(i.Get_PareNode_Entry))
<BR><BR>[Stack]<UL><LI>Max Depth = 28<LI>Call Chain = Get_PareNode_Entry &rArr; memcmp
</UL>
<BR>[Calls]<UL><LI><a href="#[a2]">&gt;&gt;</a>&nbsp;&nbsp;&nbsp;memcmp
</UL>
<BR>[Called By]<UL><LI><a href="#[a3]">&gt;&gt;</a>&nbsp;&nbsp;&nbsp;Get_Empty_PareTable
</UL>

<P><STRONG><a name="[192]"></a>Get_TagSN</STRONG> (Thumb, 34 bytes, Stack size 0 bytes, common.o(i.Get_TagSN))
<BR><BR>[Called By]<UL><LI><a href="#[190]">&gt;&gt;</a>&nbsp;&nbsp;&nbsp;Init_SysConfig
</UL>

<P><STRONG><a name="[dc]"></a>GpstoHex</STRONG> (Thumb, 12 bytes, Stack size 8 bytes, common.o(i.GpstoHex))
<BR><BR>[Stack]<UL><LI>Max Depth = 232<LI>Call Chain = GpstoHex &rArr; atof &rArr; __strtod_int &rArr; _local_sscanf &rArr; _scanf_real
</UL>
<BR>[Calls]<UL><LI><a href="#[6c]">&gt;&gt;</a>&nbsp;&nbsp;&nbsp;__aeabi_d2f
<LI><a href="#[dd]">&gt;&gt;</a>&nbsp;&nbsp;&nbsp;atof
</UL>
<BR>[Called By]<UL><LI><a href="#[1fa]">&gt;&gt;</a>&nbsp;&nbsp;&nbsp;Process_UART_Data
<LI><a href="#[1e8]">&gt;&gt;</a>&nbsp;&nbsp;&nbsp;Process_GPS
</UL>

<P><STRONG><a name="[de]"></a>HAL_ADCEx_Calibration_Start</STRONG> (Thumb, 170 bytes, Stack size 24 bytes, stm32l0xx_hal_adc_ex.o(i.HAL_ADCEx_Calibration_Start))
<BR><BR>[Stack]<UL><LI>Max Depth = 24<LI>Call Chain = HAL_ADCEx_Calibration_Start
</UL>
<BR>[Calls]<UL><LI><a href="#[7d]">&gt;&gt;</a>&nbsp;&nbsp;&nbsp;HAL_GetTick
</UL>
<BR>[Called By]<UL><LI><a href="#[15c]">&gt;&gt;</a>&nbsp;&nbsp;&nbsp;HW_AdcReadChannel
</UL>

<P><STRONG><a name="[df]"></a>HAL_ADC_ConfigChannel</STRONG> (Thumb, 140 bytes, Stack size 24 bytes, stm32l0xx_hal_adc.o(i.HAL_ADC_ConfigChannel))
<BR><BR>[Stack]<UL><LI>Max Depth = 52<LI>Call Chain = HAL_ADC_ConfigChannel &rArr; ADC_DelayMicroSecond &rArr; __aeabi_uidivmod
</UL>
<BR>[Calls]<UL><LI><a href="#[7e]">&gt;&gt;</a>&nbsp;&nbsp;&nbsp;ADC_DelayMicroSecond
</UL>
<BR>[Called By]<UL><LI><a href="#[1c5]">&gt;&gt;</a>&nbsp;&nbsp;&nbsp;MX_ADC_Init
<LI><a href="#[15c]">&gt;&gt;</a>&nbsp;&nbsp;&nbsp;HW_AdcReadChannel
</UL>

<P><STRONG><a name="[e0]"></a>HAL_ADC_DeInit</STRONG> (Thumb, 164 bytes, Stack size 16 bytes, stm32l0xx_hal_adc.o(i.HAL_ADC_DeInit))
<BR><BR>[Stack]<UL><LI>Max Depth = 44<LI>Call Chain = HAL_ADC_DeInit &rArr; HAL_ADC_MspDeInit &rArr; HAL_GPIO_DeInit
</UL>
<BR>[Calls]<UL><LI><a href="#[7f]">&gt;&gt;</a>&nbsp;&nbsp;&nbsp;ADC_Disable
<LI><a href="#[7c]">&gt;&gt;</a>&nbsp;&nbsp;&nbsp;ADC_ConversionStop
<LI><a href="#[e1]">&gt;&gt;</a>&nbsp;&nbsp;&nbsp;HAL_ADC_MspDeInit
</UL>
<BR>[Called By]<UL><LI><a href="#[15e]">&gt;&gt;</a>&nbsp;&nbsp;&nbsp;HW_DeInit
</UL>

<P><STRONG><a name="[15d]"></a>HAL_ADC_GetValue</STRONG> (Thumb, 6 bytes, Stack size 0 bytes, stm32l0xx_hal_adc.o(i.HAL_ADC_GetValue))
<BR><BR>[Called By]<UL><LI><a href="#[15c]">&gt;&gt;</a>&nbsp;&nbsp;&nbsp;HW_AdcReadChannel
</UL>

<P><STRONG><a name="[e2]"></a>HAL_ADC_Init</STRONG> (Thumb, 442 bytes, Stack size 16 bytes, stm32l0xx_hal_adc.o(i.HAL_ADC_Init))
<BR><BR>[Stack]<UL><LI>Max Depth = 80<LI>Call Chain = HAL_ADC_Init &rArr; HAL_ADC_MspInit &rArr; HAL_GPIO_Init
</UL>
<BR>[Calls]<UL><LI><a href="#[e3]">&gt;&gt;</a>&nbsp;&nbsp;&nbsp;HAL_ADC_MspInit
</UL>
<BR>[Called By]<UL><LI><a href="#[1c5]">&gt;&gt;</a>&nbsp;&nbsp;&nbsp;MX_ADC_Init
<LI><a href="#[164]">&gt;&gt;</a>&nbsp;&nbsp;&nbsp;Hw_Init
</UL>

<P><STRONG><a name="[e1]"></a>HAL_ADC_MspDeInit</STRONG> (Thumb, 32 bytes, Stack size 8 bytes, common.o(i.HAL_ADC_MspDeInit))
<BR><BR>[Stack]<UL><LI>Max Depth = 28<LI>Call Chain = HAL_ADC_MspDeInit &rArr; HAL_GPIO_DeInit
</UL>
<BR>[Calls]<UL><LI><a href="#[bd]">&gt;&gt;</a>&nbsp;&nbsp;&nbsp;HAL_GPIO_DeInit
</UL>
<BR>[Called By]<UL><LI><a href="#[e0]">&gt;&gt;</a>&nbsp;&nbsp;&nbsp;HAL_ADC_DeInit
</UL>

<P><STRONG><a name="[e3]"></a>HAL_ADC_MspInit</STRONG> (Thumb, 74 bytes, Stack size 40 bytes, common.o(i.HAL_ADC_MspInit))
<BR><BR>[Stack]<UL><LI>Max Depth = 64<LI>Call Chain = HAL_ADC_MspInit &rArr; HAL_GPIO_Init
</UL>
<BR>[Calls]<UL><LI><a href="#[d7]">&gt;&gt;</a>&nbsp;&nbsp;&nbsp;HAL_GPIO_WritePin
<LI><a href="#[d6]">&gt;&gt;</a>&nbsp;&nbsp;&nbsp;HAL_GPIO_Init
</UL>
<BR>[Called By]<UL><LI><a href="#[e2]">&gt;&gt;</a>&nbsp;&nbsp;&nbsp;HAL_ADC_Init
</UL>

<P><STRONG><a name="[e4]"></a>HAL_ADC_PollForConversion</STRONG> (Thumb, 190 bytes, Stack size 24 bytes, stm32l0xx_hal_adc.o(i.HAL_ADC_PollForConversion))
<BR><BR>[Stack]<UL><LI>Max Depth = 24<LI>Call Chain = HAL_ADC_PollForConversion
</UL>
<BR>[Calls]<UL><LI><a href="#[7d]">&gt;&gt;</a>&nbsp;&nbsp;&nbsp;HAL_GetTick
</UL>
<BR>[Called By]<UL><LI><a href="#[15c]">&gt;&gt;</a>&nbsp;&nbsp;&nbsp;HW_AdcReadChannel
</UL>

<P><STRONG><a name="[e5]"></a>HAL_ADC_Start</STRONG> (Thumb, 86 bytes, Stack size 16 bytes, stm32l0xx_hal_adc.o(i.HAL_ADC_Start))
<BR><BR>[Stack]<UL><LI>Max Depth = 68<LI>Call Chain = HAL_ADC_Start &rArr; ADC_Enable &rArr; ADC_DelayMicroSecond &rArr; __aeabi_uidivmod
</UL>
<BR>[Calls]<UL><LI><a href="#[80]">&gt;&gt;</a>&nbsp;&nbsp;&nbsp;ADC_Enable
</UL>
<BR>[Called By]<UL><LI><a href="#[15c]">&gt;&gt;</a>&nbsp;&nbsp;&nbsp;HW_AdcReadChannel
</UL>

<P><STRONG><a name="[e6]"></a>HAL_DMA_Abort</STRONG> (Thumb, 76 bytes, Stack size 24 bytes, stm32l0xx_hal_dma.o(i.HAL_DMA_Abort))
<BR><BR>[Stack]<UL><LI>Max Depth = 24<LI>Call Chain = HAL_DMA_Abort
</UL>
<BR>[Calls]<UL><LI><a href="#[7d]">&gt;&gt;</a>&nbsp;&nbsp;&nbsp;HAL_GetTick
</UL>
<BR>[Called By]<UL><LI><a href="#[143]">&gt;&gt;</a>&nbsp;&nbsp;&nbsp;HAL_UART_DMAStop
</UL>

<P><STRONG><a name="[148]"></a>HAL_DMA_Abort_IT</STRONG> (Thumb, 148 bytes, Stack size 16 bytes, stm32l0xx_hal_dma.o(i.HAL_DMA_Abort_IT))
<BR><BR>[Stack]<UL><LI>Max Depth = 16<LI>Call Chain = HAL_DMA_Abort_IT
</UL>
<BR>[Called By]<UL><LI><a href="#[146]">&gt;&gt;</a>&nbsp;&nbsp;&nbsp;HAL_UART_IRQHandler
<LI><a href="#[f2]">&gt;&gt;</a>&nbsp;&nbsp;&nbsp;I2C_ITError
</UL>

<P><STRONG><a name="[153]"></a>HAL_DMA_DeInit</STRONG> (Thumb, 464 bytes, Stack size 20 bytes, stm32l0xx_hal_dma.o(i.HAL_DMA_DeInit))
<BR><BR>[Stack]<UL><LI>Max Depth = 20<LI>Call Chain = HAL_DMA_DeInit
</UL>
<BR>[Called By]<UL><LI><a href="#[152]">&gt;&gt;</a>&nbsp;&nbsp;&nbsp;HAL_UART_MspDeInit
</UL>

[...]
<LI><a href="#[18a]">&gt;&gt;</a>&nbsp;&nbsp;&nbsp;I2C_ITSlaveCplt
<LI><a href="#[188]">&gt;&gt;</a>&nbsp;&nbsp;&nbsp;I2C_ITListenCplt
<LI><a href="#[185]">&gt;&gt;</a>&nbsp;&nbsp;&nbsp;I2C_ITAddrCplt
<LI><a href="#[18b]">&gt;&gt;</a>&nbsp;&nbsp;&nbsp;I2C_Flush_TXDR
</UL>
<BR>[Address Reference Count : 1]<UL><LI> stm32l0xx_hal_i2c.o(i.I2C_ITError)
</UL>
<P><STRONG><a name="[f7]"></a>I2C_TransferConfig</STRONG> (Thumb, 30 bytes, Stack size 16 bytes, stm32l0xx_hal_i2c.o(i.I2C_TransferConfig))
<BR><BR>[Stack]<UL><LI>Max Depth = 16<LI>Call Chain = I2C_TransferConfig
</UL>
<BR>[Called By]<UL><LI><a href="#[f9]">&gt;&gt;</a>&nbsp;&nbsp;&nbsp;HAL_I2C_Mem_Write
<LI><a href="#[f4]">&gt;&gt;</a>&nbsp;&nbsp;&nbsp;HAL_I2C_Mem_Read
<LI><a href="#[fa]">&gt;&gt;</a>&nbsp;&nbsp;&nbsp;I2C_RequestMemoryWrite
<LI><a href="#[f6]">&gt;&gt;</a>&nbsp;&nbsp;&nbsp;I2C_RequestMemoryRead
</UL>

<P><STRONG><a name="[f5]"></a>I2C_WaitOnFlagUntilTimeout</STRONG> (Thumb, 72 bytes, Stack size 24 bytes, stm32l0xx_hal_i2c.o(i.I2C_WaitOnFlagUntilTimeout))
<BR><BR>[Stack]<UL><LI>Max Depth = 24<LI>Call Chain = I2C_WaitOnFlagUntilTimeout
</UL>
<BR>[Calls]<UL><LI><a href="#[7d]">&gt;&gt;</a>&nbsp;&nbsp;&nbsp;HAL_GetTick
</UL>
<BR>[Called By]<UL><LI><a href="#[f9]">&gt;&gt;</a>&nbsp;&nbsp;&nbsp;HAL_I2C_Mem_Write
<LI><a href="#[f4]">&gt;&gt;</a>&nbsp;&nbsp;&nbsp;HAL_I2C_Mem_Read
<LI><a href="#[fa]">&gt;&gt;</a>&nbsp;&nbsp;&nbsp;I2C_RequestMemoryWrite
<LI><a href="#[f6]">&gt;&gt;</a>&nbsp;&nbsp;&nbsp;I2C_RequestMemoryRead
</UL>

<P><STRONG><a name="[f8]"></a>I2C_WaitOnSTOPFlagUntilTimeout</STRONG> (Thumb, 78 bytes, Stack size 16 bytes, stm32l0xx_hal_i2c.o(i.I2C_WaitOnSTOPFlagUntilTimeout))
<BR><BR>[Stack]<UL><LI>Max Depth = 48<LI>Call Chain = I2C_WaitOnSTOPFlagUntilTimeout &rArr; I2C_IsAcknowledgeFailed
</UL>
<BR>[Calls]<UL><LI><a href="#[7d]">&gt;&gt;</a>&nbsp;&nbsp;&nbsp;HAL_GetTick
<LI><a href="#[18f]">&gt;&gt;</a>&nbsp;&nbsp;&nbsp;I2C_IsAcknowledgeFailed
</UL>
<BR>[Called By]<UL><LI><a href="#[f9]">&gt;&gt;</a>&nbsp;&nbsp;&nbsp;HAL_I2C_Mem_Write
<LI><a href="#[f4]">&gt;&gt;</a>&nbsp;&nbsp;&nbsp;HAL_I2C_Mem_Read
</UL>

<P><STRONG><a name="[fb]"></a>I2C_WaitOnTXISFlagUntilTimeout</STRONG> (Thumb, 82 bytes, Stack size 16 bytes, stm32l0xx_hal_i2c.o(i.I2C_WaitOnTXISFlagUntilTimeout))
<BR><BR>[Stack]<UL><LI>Max Depth = 48<LI>Call Chain = I2C_WaitOnTXISFlagUntilTimeout &rArr; I2C_IsAcknowledgeFailed
</UL>
<BR>[Calls]<UL><LI><a href="#[7d]">&gt;&gt;</a>&nbsp;&nbsp;&nbsp;HAL_GetTick
<LI><a href="#[18f]">&gt;&gt;</a>&nbsp;&nbsp;&nbsp;I2C_IsAcknowledgeFailed
</UL>
<BR>[Called By]<UL><LI><a href="#[f9]">&gt;&gt;</a>&nbsp;&nbsp;&nbsp;HAL_I2C_Mem_Write
<LI><a href="#[fa]">&gt;&gt;</a>&nbsp;&nbsp;&nbsp;I2C_RequestMemoryWrite
<LI><a href="#[f6]">&gt;&gt;</a>&nbsp;&nbsp;&nbsp;I2C_RequestMemoryRead
</UL>

<P><STRONG><a name="[d3]"></a>FLASH_SetErrorCode</STRONG> (Thumb, 134 bytes, Stack size 8 bytes, stm32l0xx_hal_flash.o(i.FLASH_SetErrorCode))
<BR><BR>[Stack]<UL><LI>Max Depth = 8<LI>Call Chain = FLASH_SetErrorCode
</UL>
<BR>[Called By]<UL><LI><a href="#[d2]">&gt;&gt;</a>&nbsp;&nbsp;&nbsp;FLASH_WaitForLastOperation
</UL>

<P><STRONG><a name="[29]"></a>UART_DMAAbortOnError</STRONG> (Thumb, 20 bytes, Stack size 8 bytes, stm32l0xx_hal_uart.o(i.UART_DMAAbortOnError))
<BR><BR>[Stack]<UL><LI>Max Depth = 8<LI>Call Chain = UART_DMAAbortOnError
</UL>
<BR>[Calls]<UL><LI><a href="#[149]">&gt;&gt;</a>&nbsp;&nbsp;&nbsp;HAL_UART_ErrorCallback
</UL>
<BR>[Address Reference Count : 1]<UL><LI> stm32l0xx_hal_uart.o(i.HAL_UART_IRQHandler)
</UL>
<P><STRONG><a name="[2c]"></a>UART_DMAError</STRONG> (Thumb, 74 bytes, Stack size 16 bytes, stm32l0xx_hal_uart.o(i.UART_DMAError))
<BR><BR>[Stack]<UL><LI>Max Depth = 16<LI>Call Chain = UART_DMAError
</UL>
<BR>[Calls]<UL><LI><a href="#[149]">&gt;&gt;</a>&nbsp;&nbsp;&nbsp;HAL_UART_ErrorCallback
<LI><a href="#[144]">&gt;&gt;</a>&nbsp;&nbsp;&nbsp;UART_EndTxTransfer
<LI><a href="#[145]">&gt;&gt;</a>&nbsp;&nbsp;&nbsp;UART_EndRxTransfer
</UL>
<BR>[Address Reference Count : 1]<UL><LI> stm32l0xx_hal_uart.o(i.HAL_UART_Receive_DMA)
</UL>
<P><STRONG><a name="[2a]"></a>UART_DMAReceiveCplt</STRONG> (Thumb, 64 bytes, Stack size 8 bytes, stm32l0xx_hal_uart.o(i.UART_DMAReceiveCplt))
<BR><BR>[Stack]<UL><LI>Max Depth = 8<LI>Call Chain = UART_DMAReceiveCplt
</UL>
<BR>[Calls]<UL><LI><a href="#[157]">&gt;&gt;</a>&nbsp;&nbsp;&nbsp;HAL_UART_RxCpltCallback
</UL>
<BR>[Address Reference Count : 1]<UL><LI> stm32l0xx_hal_uart.o(i.HAL_UART_Receive_DMA)
</UL>
<P><STRONG><a name="[2b]"></a>UART_DMARxHalfCplt</STRONG> (Thumb, 10 bytes, Stack size 8 bytes, stm32l0xx_hal_uart.o(i.UART_DMARxHalfCplt))
<BR><BR>[Stack]<UL><LI>Max Depth = 8<LI>Call Chain = UART_DMARxHalfCplt
</UL>
<BR>[Calls]<UL><LI><a href="#[22c]">&gt;&gt;</a>&nbsp;&nbsp;&nbsp;HAL_UART_RxHalfCpltCallback
</UL>
<BR>[Address Reference Count : 1]<UL><LI> stm32l0xx_hal_uart.o(i.HAL_UART_Receive_DMA)
</UL>
<P><STRONG><a name="[145]"></a>UART_EndRxTransfer</STRONG> (Thumb, 30 bytes, Stack size 0 bytes, stm32l0xx_hal_uart.o(i.UART_EndRxTransfer))
<BR><BR>[Called By]<UL><LI><a href="#[146]">&gt;&gt;</a>&nbsp;&nbsp;&nbsp;HAL_UART_IRQHandler
<LI><a href="#[143]">&gt;&gt;</a>&nbsp;&nbsp;&nbsp;HAL_UART_DMAStop
<LI><a href="#[2c]">&gt;&gt;</a>&nbsp;&nbsp;&nbsp;UART_DMAError
</UL>

<P><STRONG><a name="[144]"></a>UART_EndTxTransfer</STRONG> (Thumb, 18 bytes, Stack size 0 bytes, stm32l0xx_hal_uart.o(i.UART_EndTxTransfer))
<BR><BR>[Called By]<UL><LI><a href="#[143]">&gt;&gt;</a>&nbsp;&nbsp;&nbsp;HAL_UART_DMAStop
<LI><a href="#[2c]">&gt;&gt;</a>&nbsp;&nbsp;&nbsp;UART_DMAError
</UL>

<P><STRONG><a name="[147]"></a>UART_Receive_IT</STRONG> (Thumb, 126 bytes, Stack size 16 bytes, stm32l0xx_hal_uart.o(i.UART_Receive_IT))
<BR><BR>[Stack]<UL><LI>Max Depth = 16<LI>Call Chain = UART_Receive_IT
</UL>
<BR>[Calls]<UL><LI><a href="#[157]">&gt;&gt;</a>&nbsp;&nbsp;&nbsp;HAL_UART_RxCpltCallback
</UL>
<BR>[Called By]<UL><LI><a href="#[146]">&gt;&gt;</a>&nbsp;&nbsp;&nbsp;HAL_UART_IRQHandler
</UL>

<P><STRONG><a name="[14b]"></a>UART_Transmit_IT</STRONG> (Thumb, 102 bytes, Stack size 0 bytes, stm32l0xx_hal_uart.o(i.UART_Transmit_IT))
<BR><BR>[Called By]<UL><LI><a href="#[146]">&gt;&gt;</a>&nbsp;&nbsp;&nbsp;HAL_UART_IRQHandler
</UL>

<P><STRONG><a name="[110]"></a>RCC_SetFlashLatencyFromMSIRange</STRONG> (Thumb, 94 bytes, Stack size 16 bytes, stm32l0xx_hal_rcc.o(i.RCC_SetFlashLatencyFromMSIRange))
<BR><BR>[Stack]<UL><LI>Max Depth = 16<LI>Call Chain = RCC_SetFlashLatencyFromMSIRange
</UL>
<BR>[Called By]<UL><LI><a href="#[10f]">&gt;&gt;</a>&nbsp;&nbsp;&nbsp;HAL_RCC_OscConfig
</UL>

<P><STRONG><a name="[7c]"></a>ADC_ConversionStop</STRONG> (Thumb, 82 bytes, Stack size 16 bytes, stm32l0xx_hal_adc.o(i.ADC_ConversionStop))
<BR><BR>[Stack]<UL><LI>Max Depth = 16<LI>Call Chain = ADC_ConversionStop
</UL>
<BR>[Calls]<UL><LI><a href="#[7d]">&gt;&gt;</a>&nbsp;&nbsp;&nbsp;HAL_GetTick
</UL>
<BR>[Called By]<UL><LI><a href="#[e0]">&gt;&gt;</a>&nbsp;&nbsp;&nbsp;HAL_ADC_DeInit
</UL>

<P><STRONG><a name="[7e]"></a>ADC_DelayMicroSecond</STRONG> (Thumb, 28 bytes, Stack size 16 bytes, stm32l0xx_hal_adc.o(i.ADC_DelayMicroSecond))
<BR><BR>[Stack]<UL><LI>Max Depth = 28<LI>Call Chain = ADC_DelayMicroSecond &rArr; __aeabi_uidivmod
</UL>
<BR>[Calls]<UL><LI><a href="#[5b]">&gt;&gt;</a>&nbsp;&nbsp;&nbsp;__aeabi_uidivmod
</UL>
<BR>[Called By]<UL><LI><a href="#[df]">&gt;&gt;</a>&nbsp;&nbsp;&nbsp;HAL_ADC_ConfigChannel
<LI><a href="#[80]">&gt;&gt;</a>&nbsp;&nbsp;&nbsp;ADC_Enable
</UL>

<P><STRONG><a name="[7f]"></a>ADC_Disable</STRONG> (Thumb, 96 bytes, Stack size 24 bytes, stm32l0xx_hal_adc.o(i.ADC_Disable))
<BR><BR>[Stack]<UL><LI>Max Depth = 24<LI>Call Chain = ADC_Disable
</UL>
<BR>[Calls]<UL><LI><a href="#[7d]">&gt;&gt;</a>&nbsp;&nbsp;&nbsp;HAL_GetTick
</UL>
<BR>[Called By]<UL><LI><a href="#[e0]">&gt;&gt;</a>&nbsp;&nbsp;&nbsp;HAL_ADC_DeInit
</UL>

<P><STRONG><a name="[80]"></a>ADC_Enable</STRONG> (Thumb, 96 bytes, Stack size 24 bytes, stm32l0xx_hal_adc.o(i.ADC_Enable))
<BR><BR>[Stack]<UL><LI>Max Depth = 52<LI>Call Chain = ADC_Enable &rArr; ADC_DelayMicroSecond &rArr; __aeabi_uidivmod
</UL>
<BR>[Calls]<UL><LI><a href="#[7d]">&gt;&gt;</a>&nbsp;&nbsp;&nbsp;HAL_GetTick
<LI><a href="#[7e]">&gt;&gt;</a>&nbsp;&nbsp;&nbsp;ADC_DelayMicroSecond
</UL>
<BR>[Called By]<UL><LI><a href="#[e5]">&gt;&gt;</a>&nbsp;&nbsp;&nbsp;HAL_ADC_Start
</UL>

<P><STRONG><a name="[ba]"></a>Check_Sum</STRONG> (Thumb, 26 bytes, Stack size 8 bytes, common.o(i.Check_Sum))
<BR><BR>[Stack]<UL><LI>Max Depth = 8<LI>Call Chain = Check_Sum
</UL>
<BR>[Called By]<UL><LI><a href="#[ca]">&gt;&gt;</a>&nbsp;&nbsp;&nbsp;Dev_Register
<LI><a href="#[c9]">&gt;&gt;</a>&nbsp;&nbsp;&nbsp;Dev_Period_Report
<LI><a href="#[b5]">&gt;&gt;</a>&nbsp;&nbsp;&nbsp;DevPro_Send
<LI><a href="#[c0]">&gt;&gt;</a>&nbsp;&nbsp;&nbsp;DevPro_RT_Send
<LI><a href="#[b9]">&gt;&gt;</a>&nbsp;&nbsp;&nbsp;Check_APP_NV_Para
<LI><a href="#[c4]">&gt;&gt;</a>&nbsp;&nbsp;&nbsp;Write_App_NV
</UL>

<P><STRONG><a name="[c6]"></a>NVIC_SystemReset</STRONG> (Thumb, 18 bytes, Stack size 0 bytes, common.o(i.NVIC_SystemReset))
<BR><BR>[Called By]<UL><LI><a href="#[157]">&gt;&gt;</a>&nbsp;&nbsp;&nbsp;HAL_UART_RxCpltCallback
<LI><a href="#[c3]">&gt;&gt;</a>&nbsp;&nbsp;&nbsp;Dev_Event
</UL>

<P><STRONG><a name="[36]"></a>OnPollData</STRONG> (Thumb, 2 bytes, Stack size 0 bytes, common.o(i.OnPollData))
<BR>[Address Reference Count : 1]<UL><LI> common.o(i.Time_Init)
</UL>
<P><STRONG><a name="[166]"></a>HW_GPIO_GetBitPos</STRONG> (Thumb, 42 bytes, Stack size 0 bytes, hw_gpio.o(i.HW_GPIO_GetBitPos))
<BR><BR>[Called By]<UL><LI><a href="#[168]">&gt;&gt;</a>&nbsp;&nbsp;&nbsp;HW_GPIO_SetIrq
<LI><a href="#[eb]">&gt;&gt;</a>&nbsp;&nbsp;&nbsp;HW_GPIO_IrqHandler
</UL>

<P><STRONG><a name="[16e]"></a>HW_RTC_GetCalendarValue</STRONG> (Thumb, 168 bytes, Stack size 24 bytes, hw_rtc.o(i.HW_RTC_GetCalendarValue))
<BR><BR>[Stack]<UL><LI>Max Depth = 36<LI>Call Chain = HW_RTC_GetCalendarValue &rArr; HAL_RTC_GetTime
</UL>
<BR>[Calls]<UL><LI><a href="#[119]">&gt;&gt;</a>&nbsp;&nbsp;&nbsp;HAL_RTC_GetTime
<LI><a href="#[118]">&gt;&gt;</a>&nbsp;&nbsp;&nbsp;HAL_RTC_GetDate
</UL>
<BR>[Called By]<UL><LI><a href="#[16d]">&gt;&gt;</a>&nbsp;&nbsp;&nbsp;HW_RTC_GetTimerValue
<LI><a href="#[17e]">&gt;&gt;</a>&nbsp;&nbsp;&nbsp;HW_RTC_setMcuWakeUpTime
<LI><a href="#[172]">&gt;&gt;</a>&nbsp;&nbsp;&nbsp;HW_RTC_SetTimerContext
<LI><a href="#[16f]">&gt;&gt;</a>&nbsp;&nbsp;&nbsp;HW_RTC_GetTimerElapsedTime
</UL>

<P><STRONG><a name="[171]"></a>HW_RTC_SetConfig</STRONG> (Thumb, 84 bytes, Stack size 32 bytes, hw_rtc.o(i.HW_RTC_SetConfig))
<BR><BR>[Stack]<UL><LI>Max Depth = 72<LI>Call Chain = HW_RTC_SetConfig &rArr; HAL_RTC_SetTime &rArr; RTC_EnterInitMode
</UL>
<BR>[Calls]<UL><LI><a href="#[121]">&gt;&gt;</a>&nbsp;&nbsp;&nbsp;HAL_RTC_SetTime
<LI><a href="#[11f]">&gt;&gt;</a>&nbsp;&nbsp;&nbsp;HAL_RTC_SetDate
<LI><a href="#[11a]">&gt;&gt;</a>&nbsp;&nbsp;&nbsp;HAL_RTC_Init
<LI><a href="#[179]">&gt;&gt;</a>&nbsp;&nbsp;&nbsp;HAL_RTCEx_EnableBypassShadow
</UL>
<BR>[Called By]<UL><LI><a href="#[170]">&gt;&gt;</a>&nbsp;&nbsp;&nbsp;HW_RTC_Init
</UL>

<P><STRONG><a name="[178]"></a>HW_RTC_StartWakeUpAlarm</STRONG> (Thumb, 264 bytes, Stack size 48 bytes, hw_rtc.o(i.HW_RTC_StartWakeUpAlarm))
<BR><BR>[Stack]<UL><LI>Max Depth = 80<LI>Call Chain = HW_RTC_StartWakeUpAlarm &rArr; HAL_RTC_SetAlarm_IT
</UL>
<BR>[Calls]<UL><LI><a href="#[11d]">&gt;&gt;</a>&nbsp;&nbsp;&nbsp;HAL_RTC_SetAlarm_IT
<LI><a href="#[17b]">&gt;&gt;</a>&nbsp;&nbsp;&nbsp;HW_RTC_StopAlarm
<LI><a href="#[17a]">&gt;&gt;</a>&nbsp;&nbsp;&nbsp;__aeabi_memcpy4
<LI><a href="#[5b]">&gt;&gt;</a>&nbsp;&nbsp;&nbsp;__aeabi_uidivmod
</UL>
<BR>[Called By]<UL><LI><a href="#[175]">&gt;&gt;</a>&nbsp;&nbsp;&nbsp;HW_RTC_SetAlarm
</UL>

<P><STRONG><a name="[212]"></a>GetFskBandwidthRegValue</STRONG> (Thumb, 40 bytes, Stack size 8 bytes, sx1276.o(i.GetFskBandwidthRegValue))
<BR><BR>[Stack]<UL><LI>Max Depth = 8<LI>Call Chain = GetFskBandwidthRegValue
</UL>
<BR>[Called By]<UL><LI><a href="#[47]">&gt;&gt;</a>&nbsp;&nbsp;&nbsp;SX1276SetRxConfig
</UL>

<P><STRONG><a name="[202]"></a>RxChainCalibration</STRONG> (Thumb, 138 bytes, Stack size 16 bytes, sx1276.o(i.RxChainCalibration))
<BR><BR>[Stack]<UL><LI>Max Depth = 104<LI>Call Chain = RxChainCalibration &rArr; SX1276SetChannel &rArr; SX1276Write &rArr; SX1276WriteBuffer &rArr; SpiInOut &rArr; HW_GPIO_Read
</UL>
<BR>[Calls]<UL><LI><a href="#[52]">&gt;&gt;</a>&nbsp;&nbsp;&nbsp;SX1276Write
<LI><a href="#[44]">&gt;&gt;</a>&nbsp;&nbsp;&nbsp;SX1276SetChannel
<LI><a href="#[53]">&gt;&gt;</a>&nbsp;&nbsp;&nbsp;SX1276Read
</UL>
<BR>[Called By]<UL><LI><a href="#[41]">&gt;&gt;</a>&nbsp;&nbsp;&nbsp;SX1276Init
</UL>

<P><STRONG><a name="[223]"></a>TimerInsertNewHeadTimer</STRONG> (Thumb, 24 bytes, Stack size 8 bytes, timeserver.o(i.TimerInsertNewHeadTimer))
<BR><BR>[Stack]<UL><LI>Max Depth = 120<LI>Call Chain = TimerInsertNewHeadTimer &rArr; TimerSetTimeout &rArr; HW_RTC_SetAlarm &rArr; HW_RTC_StartWakeUpAlarm &rArr; HAL_RTC_SetAlarm_IT
</UL>
<BR>[Calls]<UL><LI><a href="#[224]">&gt;&gt;</a>&nbsp;&nbsp;&nbsp;TimerSetTimeout
</UL>
<BR>[Called By]<UL><LI><a href="#[1d4]">&gt;&gt;</a>&nbsp;&nbsp;&nbsp;TimerStart
</UL>

<P><STRONG><a name="[224]"></a>TimerSetTimeout</STRONG> (Thumb, 44 bytes, Stack size 16 bytes, timeserver.o(i.TimerSetTimeout))
<BR><BR>[Stack]<UL><LI>Max Depth = 112<LI>Call Chain = TimerSetTimeout &rArr; HW_RTC_SetAlarm &rArr; HW_RTC_StartWakeUpAlarm &rArr; HAL_RTC_SetAlarm_IT
</UL>
<BR>[Calls]<UL><LI><a href="#[175]">&gt;&gt;</a>&nbsp;&nbsp;&nbsp;HW_RTC_SetAlarm
<LI><a href="#[16f]">&gt;&gt;</a>&nbsp;&nbsp;&nbsp;HW_RTC_GetTimerElapsedTime
<LI><a href="#[226]">&gt;&gt;</a>&nbsp;&nbsp;&nbsp;HW_RTC_GetMinimumTimeout
</UL>
<BR>[Called By]<UL><LI><a href="#[223]">&gt;&gt;</a>&nbsp;&nbsp;&nbsp;TimerInsertNewHeadTimer
<LI><a href="#[1d1]">&gt;&gt;</a>&nbsp;&nbsp;&nbsp;TimerStop
<LI><a href="#[112]">&gt;&gt;</a>&nbsp;&nbsp;&nbsp;TimerIrqHandler
</UL>

<P><STRONG><a name="[1b5]"></a>Delaymm</STRONG> (Thumb, 12 bytes, Stack size 0 bytes, lf_as3932.o(i.Delaymm))
<BR><BR>[Called By]<UL><LI><a href="#[1a3]">&gt;&gt;</a>&nbsp;&nbsp;&nbsp;LF_Write_Register
<LI><a href="#[1a7]">&gt;&gt;</a>&nbsp;&nbsp;&nbsp;LF_Write_Command
<LI><a href="#[1a8]">&gt;&gt;</a>&nbsp;&nbsp;&nbsp;LF_Read_Register
<LI><a href="#[1b6]">&gt;&gt;</a>&nbsp;&nbsp;&nbsp;LF_SPI_Write
</UL>

<P><STRONG><a name="[1a4]"></a>LF_AS3932_GPIO_DeInit</STRONG> (Thumb, 102 bytes, Stack size 40 bytes, lf_as3932.o(i.LF_AS3932_GPIO_DeInit))
<BR><BR>[Stack]<UL><LI>Max Depth = 80<LI>Call Chain = LF_AS3932_GPIO_DeInit &rArr; HW_GPIO_Init &rArr; HAL_GPIO_Init
</UL>
<BR>[Calls]<UL><LI><a href="#[165]">&gt;&gt;</a>&nbsp;&nbsp;&nbsp;HW_GPIO_Init
</UL>
<BR>[Called By]<UL><LI><a href="#[198]">&gt;&gt;</a>&nbsp;&nbsp;&nbsp;LF_AS3932DeInit
</UL>

<P><STRONG><a name="[1a6]"></a>LF_AS3932_GPIO_Init</STRONG> (Thumb, 112 bytes, Stack size 40 bytes, lf_as3932.o(i.LF_AS3932_GPIO_Init))
<BR><BR>[Stack]<UL><LI>Max Depth = 80<LI>Call Chain = LF_AS3932_GPIO_Init &rArr; HW_GPIO_Init &rArr; HAL_GPIO_Init
</UL>
<BR>[Calls]<UL><LI><a href="#[d7]">&gt;&gt;</a>&nbsp;&nbsp;&nbsp;HAL_GPIO_WritePin
<LI><a href="#[165]">&gt;&gt;</a>&nbsp;&nbsp;&nbsp;HW_GPIO_Init
</UL>
<BR>[Called By]<UL><LI><a href="#[1a5]">&gt;&gt;</a>&nbsp;&nbsp;&nbsp;LF_AS3932Init
</UL>

<P><STRONG><a name="[1b6]"></a>LF_SPI_Write</STRONG> (Thumb, 66 bytes, Stack size 16 bytes, lf_as3932.o(i.LF_SPI_Write))
<BR><BR>[Stack]<UL><LI>Max Depth = 16<LI>Call Chain = LF_SPI_Write
</UL>
<BR>[Calls]<UL><LI><a href="#[d7]">&gt;&gt;</a>&nbsp;&nbsp;&nbsp;HAL_GPIO_WritePin
<LI><a href="#[1b5]">&gt;&gt;</a>&nbsp;&nbsp;&nbsp;Delaymm
</UL>
<BR>[Called By]<UL><LI><a href="#[1a3]">&gt;&gt;</a>&nbsp;&nbsp;&nbsp;LF_Write_Register
<LI><a href="#[1a7]">&gt;&gt;</a>&nbsp;&nbsp;&nbsp;LF_Write_Command
<LI><a href="#[1a8]">&gt;&gt;</a>&nbsp;&nbsp;&nbsp;LF_Read_Register
</UL>

<P><STRONG><a name="[1af]"></a>LF_DataSend</STRONG> (Thumb, 292 bytes, Stack size 32 bytes, lfwakeup.o(i.LF_DataSend))
<BR><BR>[Stack]<UL><LI>Max Depth = 40<LI>Call Chain = LF_DataSend &rArr; CRC8
</UL>
<BR>[Calls]<UL><LI><a href="#[1b0]">&gt;&gt;</a>&nbsp;&nbsp;&nbsp;HAL_TIM_Base_Stop_IT
<LI><a href="#[1b1]">&gt;&gt;</a>&nbsp;&nbsp;&nbsp;HAL_TIM_Base_Start_IT
<LI><a href="#[1aa]">&gt;&gt;</a>&nbsp;&nbsp;&nbsp;CRC8
</UL>
<BR>[Called By]<UL><LI><a href="#[1b8]">&gt;&gt;</a>&nbsp;&nbsp;&nbsp;LF_SendConfig
</UL>

<P><STRONG><a name="[1d7]"></a>Rx_handle</STRONG> (Thumb, 190 bytes, Stack size 16 bytes, ohr_i2c.o(i.Rx_handle))
<BR><BR>[Stack]<UL><LI>Max Depth = 16<LI>Call Chain = Rx_handle
</UL>
<BR>[Called By]<UL><LI><a href="#[1d2]">&gt;&gt;</a>&nbsp;&nbsp;&nbsp;OHR_event_handler
</UL>

<P><STRONG><a name="[1d5]"></a>ohrCmd_start</STRONG> (Thumb, 78 bytes, Stack size 24 bytes, ohr_i2c.o(i.ohrCmd_start))
<BR><BR>[Stack]<UL><LI>Max Depth = 144<LI>Call Chain = ohrCmd_start &rArr; HAL_I2C_Mem_Write &rArr; I2C_RequestMemoryWrite &rArr; I2C_WaitOnTXISFlagUntilTimeout &rArr; I2C_IsAcknowledgeFailed
</UL>
<BR>[Calls]<UL><LI><a href="#[f9]">&gt;&gt;</a>&nbsp;&nbsp;&nbsp;HAL_I2C_Mem_Write
<LI><a href="#[8e]">&gt;&gt;</a>&nbsp;&nbsp;&nbsp;__2printf
</UL>
<BR>[Called By]<UL><LI><a href="#[1d2]">&gt;&gt;</a>&nbsp;&nbsp;&nbsp;OHR_event_handler
</UL>

<P><STRONG><a name="[34]"></a>timer_ohr_handler</STRONG> (Thumb, 22 bytes, Stack size 0 bytes, ohr_i2c.o(i.timer_ohr_handler))
<BR>[Address Reference Count : 1]<UL><LI> ohr_i2c.o(i.OHR_init)
</UL>
<P><STRONG><a name="[231]"></a>_fp_digits</STRONG> (Thumb, 316 bytes, Stack size 56 bytes, printfa.o(i._fp_digits), UNUSED)
<BR><BR>[Calls]<UL><LI><a href="#[68]">&gt;&gt;</a>&nbsp;&nbsp;&nbsp;__aeabi_dmul
<LI><a href="#[69]">&gt;&gt;</a>&nbsp;&nbsp;&nbsp;__aeabi_ddiv
<LI><a href="#[62]">&gt;&gt;</a>&nbsp;&nbsp;&nbsp;__aeabi_dadd
<LI><a href="#[5c]">&gt;&gt;</a>&nbsp;&nbsp;&nbsp;__aeabi_uldivmod
<LI><a href="#[232]">&gt;&gt;</a>&nbsp;&nbsp;&nbsp;__aeabi_cdrcmple
<LI><a href="#[73]">&gt;&gt;</a>&nbsp;&nbsp;&nbsp;__aeabi_d2ulz
</UL>
<BR>[Called By]<UL><LI><a href="#[230]">&gt;&gt;</a>&nbsp;&nbsp;&nbsp;_printf_core
</UL>

<P><STRONG><a name="[230]"></a>_printf_core</STRONG> (Thumb, 1754 bytes, Stack size 128 bytes, printfa.o(i._printf_core), UNUSED)
<BR><BR>[Calls]<UL><LI><a href="#[5c]">&gt;&gt;</a>&nbsp;&nbsp;&nbsp;__aeabi_uldivmod
<LI><a href="#[5b]">&gt;&gt;</a>&nbsp;&nbsp;&nbsp;__aeabi_uidivmod
<LI><a href="#[233]">&gt;&gt;</a>&nbsp;&nbsp;&nbsp;_printf_pre_padding
<LI><a href="#[234]">&gt;&gt;</a>&nbsp;&nbsp;&nbsp;_printf_post_padding
<LI><a href="#[231]">&gt;&gt;</a>&nbsp;&nbsp;&nbsp;_fp_digits
</UL>
<BR>[Called By]<UL><LI><a href="#[22f]">&gt;&gt;</a>&nbsp;&nbsp;&nbsp;__0printf
</UL>

<P><STRONG><a name="[234]"></a>_printf_post_padding</STRONG> (Thumb, 32 bytes, Stack size 24 bytes, printfa.o(i._printf_post_padding), UNUSED)
<BR><BR>[Called By]<UL><LI><a href="#[230]">&gt;&gt;</a>&nbsp;&nbsp;&nbsp;_printf_core
</UL>

<P><STRONG><a name="[233]"></a>_printf_pre_padding</STRONG> (Thumb, 44 bytes, Stack size 40 bytes, printfa.o(i._printf_pre_padding), UNUSED)
<BR><BR>[Called By]<UL><LI><a href="#[230]">&gt;&gt;</a>&nbsp;&nbsp;&nbsp;_printf_core
</UL>

<P><STRONG><a name="[6e]"></a>_local_sscanf</STRONG> (Thumb, 54 bytes, Stack size 56 bytes, strtod.o(.text))
<BR><BR>[Stack]<UL><LI>Max Depth = 160<LI>Call Chain = _local_sscanf &rArr; _scanf_real
</UL>
<BR>[Calls]<UL><LI><a href="#[6f]">&gt;&gt;</a>&nbsp;&nbsp;&nbsp;_scanf_real
</UL>
<BR>[Called By]<UL><LI><a href="#[70]">&gt;&gt;</a>&nbsp;&nbsp;&nbsp;__strtod_int
</UL>

<P><STRONG><a name="[75]"></a>_fp_value</STRONG> (Thumb, 246 bytes, Stack size 56 bytes, scanf_fp.o(.text), UNUSED)
<BR><BR>[Calls]<UL><LI><a href="#[68]">&gt;&gt;</a>&nbsp;&nbsp;&nbsp;__aeabi_dmul
<LI><a href="#[69]">&gt;&gt;</a>&nbsp;&nbsp;&nbsp;__aeabi_ddiv
<LI><a href="#[76]">&gt;&gt;</a>&nbsp;&nbsp;&nbsp;__aeabi_lmul
<LI><a href="#[77]">&gt;&gt;</a>&nbsp;&nbsp;&nbsp;__aeabi_ul2d
</UL>
<BR>[Called By]<UL><LI><a href="#[78]">&gt;&gt;</a>&nbsp;&nbsp;&nbsp;_scanf_really_real
</UL>
<P>
<H3>
Undefined Global Symbols
</H3><HR></body></html>
