Component: ARM Compiler 5.06 update 1 (build 61) Tool: armlink [4d35a8]

==============================================================================

Section Cross References

    stm32l0xx_hal_flash_ex.o(i.FLASH_OB_ProtectedSectorsConfig) refers to stm32l0xx_hal_flash.o(i.FLASH_WaitForLastOperation) for FLASH_WaitForLastOperation
    stm32l0xx_hal_flash_ex.o(i.FLASH_OB_ProtectedSectorsConfig) refers to stm32l0xx_hal_flash.o(.bss) for pFlash
    stm32l0xx_hal_flash_ex.o(i.FLASH_PageErase) refers to stm32l0xx_hal_flash.o(.bss) for pFlash
    stm32l0xx_hal_flash_ex.o(i.HAL_FLASHEx_AdvOBProgram) refers to stm32l0xx_hal_flash_ex.o(i.FLASH_OB_ProtectedSectorsConfig) for FLASH_OB_ProtectedSectorsConfig
    stm32l0xx_hal_flash_ex.o(i.HAL_FLASHEx_DATAEEPROM_Erase) refers to stm32l0xx_hal_flash.o(i.FLASH_WaitForLastOperation) for FLASH_WaitForLastOperation
    stm32l0xx_hal_flash_ex.o(i.HAL_FLASHEx_DATAEEPROM_Erase) refers to stm32l0xx_hal_flash.o(.bss) for pFlash
    stm32l0xx_hal_flash_ex.o(i.HAL_FLASHEx_DATAEEPROM_Program) refers to stm32l0xx_hal_flash.o(i.FLASH_WaitForLastOperation) for FLASH_WaitForLastOperation
    stm32l0xx_hal_flash_ex.o(i.HAL_FLASHEx_DATAEEPROM_Program) refers to stm32l0xx_hal_flash.o(.bss) for pFlash
    stm32l0xx_hal_flash_ex.o(i.HAL_FLASHEx_Erase) refers to stm32l0xx_hal_flash.o(i.FLASH_WaitForLastOperation) for FLASH_WaitForLastOperation
    stm32l0xx_hal_flash_ex.o(i.HAL_FLASHEx_Erase) refers to stm32l0xx_hal_flash_ex.o(i.FLASH_PageErase) for FLASH_PageErase
    stm32l0xx_hal_flash_ex.o(i.HAL_FLASHEx_Erase) refers to stm32l0xx_hal_flash.o(.bss) for pFlash
    stm32l0xx_hal_flash_ex.o(i.HAL_FLASHEx_Erase_IT) refers to stm32l0xx_hal_flash.o(i.FLASH_WaitForLastOperation) for FLASH_WaitForLastOperation
    stm32l0xx_hal_flash_ex.o(i.HAL_FLASHEx_Erase_IT) refers to stm32l0xx_hal_flash_ex.o(i.FLASH_PageErase) for FLASH_PageErase
    stm32l0xx_hal_flash_ex.o(i.HAL_FLASHEx_Erase_IT) refers to stm32l0xx_hal_flash.o(.bss) for pFlash
    stm32l0xx_hal_flash_ex.o(i.HAL_FLASHEx_OBProgram) refers to stm32l0xx_hal_flash_ex.o(i.FLASH_OB_ProtectedSectorsConfig) for FLASH_OB_ProtectedSectorsConfig
    stm32l0xx_hal_flash_ex.o(i.HAL_FLASHEx_OBProgram) refers to stm32l0xx_hal_flash.o(i.FLASH_WaitForLastOperation) for FLASH_WaitForLastOperation
    stm32l0xx_hal_flash_ex.o(i.HAL_FLASHEx_OBProgram) refers to stm32l0xx_hal_flash.o(.bss) for pFlash
    stm32l0xx_hal_flash_ex.o(i.HAL_FLASHEx_OB_DeSelectPCROP) refers to stm32l0xx_hal_flash.o(i.FLASH_WaitForLastOperation) for FLASH_WaitForLastOperation
    stm32l0xx_hal_flash_ex.o(i.HAL_FLASHEx_OB_DeSelectPCROP) refers to stm32l0xx_hal_flash.o(.bss) for pFlash
    stm32l0xx_hal_flash_ex.o(i.HAL_FLASHEx_OB_SelectPCROP) refers to stm32l0xx_hal_flash.o(i.FLASH_WaitForLastOperation) for FLASH_WaitForLastOperation
    stm32l0xx_hal_flash_ex.o(i.HAL_FLASHEx_OB_SelectPCROP) refers to stm32l0xx_hal_flash.o(.bss) for pFlash
    stm32l0xx_hal_cortex.o(i.HAL_NVIC_SetPriority) refers to stm32l0xx_hal_cortex.o(i.NVIC_SetPriority) for NVIC_SetPriority
    stm32l0xx_hal_cortex.o(i.HAL_SYSTICK_Config) refers to stm32l0xx_hal_cortex.o(i.NVIC_SetPriority) for NVIC_SetPriority
    stm32l0xx_hal_cortex.o(i.HAL_SYSTICK_IRQHandler) refers to common.o(i.HAL_SYSTICK_Callback) for HAL_SYSTICK_Callback
    stm32l0xx_hal_dma.o(i.HAL_DMA_Abort) refers to stm32l0xx_hal.o(i.HAL_GetTick) for HAL_GetTick
    stm32l0xx_hal_dma.o(i.HAL_DMA_PollForTransfer) refers to stm32l0xx_hal.o(i.HAL_GetTick) for HAL_GetTick
    stm32l0xx_hal_dma.o(i.HAL_DMA_Start) refers to stm32l0xx_hal_dma.o(i.DMA_SetConfig) for DMA_SetConfig
    stm32l0xx_hal_dma.o(i.HAL_DMA_Start_IT) refers to stm32l0xx_hal_dma.o(i.DMA_SetConfig) for DMA_SetConfig
    stm32l0xx_hal_pwr.o(i.HAL_PWR_PVD_IRQHandler) refers to stm32l0xx_hal_pwr.o(i.HAL_PWR_PVDCallback) for HAL_PWR_PVDCallback
    stm32l0xx_hal_tim.o(i.HAL_TIM_Base_DeInit) refers to tim.o(i.HAL_TIM_Base_MspDeInit) for HAL_TIM_Base_MspDeInit
    stm32l0xx_hal_tim.o(i.HAL_TIM_Base_Init) refers to tim.o(i.HAL_TIM_Base_MspInit) for HAL_TIM_Base_MspInit
    stm32l0xx_hal_tim.o(i.HAL_TIM_Base_Init) refers to stm32l0xx_hal_tim.o(i.TIM_Base_SetConfig) for TIM_Base_SetConfig
    stm32l0xx_hal_tim.o(i.HAL_TIM_Base_Start_DMA) refers to stm32l0xx_hal_dma.o(i.HAL_DMA_Start_IT) for HAL_DMA_Start_IT
    stm32l0xx_hal_tim.o(i.HAL_TIM_Base_Start_DMA) refers to stm32l0xx_hal_tim.o(i.TIM_DMAPeriodElapsedCplt) for TIM_DMAPeriodElapsedCplt
    stm32l0xx_hal_tim.o(i.HAL_TIM_Base_Start_DMA) refers to stm32l0xx_hal_tim.o(i.TIM_DMAError) for TIM_DMAError
    stm32l0xx_hal_tim.o(i.HAL_TIM_ConfigClockSource) refers to stm32l0xx_hal_tim.o(i.TIM_ETR_SetConfig) for TIM_ETR_SetConfig
    stm32l0xx_hal_tim.o(i.HAL_TIM_ConfigClockSource) refers to stm32l0xx_hal_tim.o(i.TIM_TI1_ConfigInputStage) for TIM_TI1_ConfigInputStage
    stm32l0xx_hal_tim.o(i.HAL_TIM_ConfigClockSource) refers to stm32l0xx_hal_tim.o(i.TIM_TI2_ConfigInputStage) for TIM_TI2_ConfigInputStage
[...]
    NMI_Handler                              0x08008435   Thumb Code     2  stm32l0xx_it.o(i.NMI_Handler)
    Node_Join_LoRa                           0x08008499   Thumb Code   102  aware_protocol.o(i.Node_Join_LoRa)
    OHR_GPIO_Init                            0x08008509   Thumb Code    72  ohr_i2c.o(i.OHR_GPIO_Init)
    OHR_davail_handler                       0x08008559   Thumb Code   126  ohr_i2c.o(i.OHR_davail_handler)
    OHR_event_handler                        0x080085f5   Thumb Code   170  ohr_i2c.o(i.OHR_event_handler)
    OHR_init                                 0x0800871d   Thumb Code    22  ohr_i2c.o(i.OHR_init)
    OnRxDone                                 0x08008745   Thumb Code    60  common.o(i.OnRxDone)
    OnRxError                                0x08008799   Thumb Code    28  common.o(i.OnRxError)
    OnRxTimeout                              0x080087c5   Thumb Code    14  common.o(i.OnRxTimeout)
    OnTxDone                                 0x080087d9   Thumb Code    22  common.o(i.OnTxDone)
    OnTxTimeout                              0x080087f5   Thumb Code    28  common.o(i.OnTxTimeout)
    PWM_GPIO_Init                            0x08008825   Thumb Code    98  lfwakeup.o(i.PWM_GPIO_Init)
    PackFrame_Config                         0x08008891   Thumb Code   114  common.o(i.PackFrame_Config)
    PackFrame_Data7Byte                      0x0800890d   Thumb Code   110  common.o(i.PackFrame_Data7Byte)
    Parse_GpsBuffer                          0x08008981   Thumb Code   154  common.o(i.Parse_GpsBuffer)
    PendSV_Handler                           0x08008a21   Thumb Code     2  stm32l0xx_it.o(i.PendSV_Handler)
    Period_Poll_Data                         0x08008a25   Thumb Code    58  aware_protocol.o(i.Period_Poll_Data)
    Poll_RF_Buffer                           0x08008a69   Thumb Code    28  aware_protocol.o(i.Poll_RF_Buffer)
    Poll_Record_Num                          0x08008a89   Thumb Code    22  common.o(i.Poll_Record_Num)
    Process_Ack                              0x08008aa5   Thumb Code    90  aware_protocol.o(i.Process_Ack)
    Process_App_Ack                          0x08008b1d   Thumb Code    44  common.o(i.Process_App_Ack)
    Process_App_Cmd                          0x08008b6d   Thumb Code   280  aware_protocol.o(i.Process_App_Cmd)
    Process_App_RF_Rec                       0x08008d01   Thumb Code   244  common.o(i.Process_App_RF_Rec)
    Process_Bind                             0x08008ea9   Thumb Code   196  common.o(i.Process_Bind)
    Process_Cmd                              0x08008f8d   Thumb Code   134  aware_protocol.o(i.Process_Cmd)
    Process_Cmd_Status                       0x080090a9   Thumb Code    26  common.o(i.Process_Cmd_Status)
    Process_Error                            0x08009101   Thumb Code    20  common.o(i.Process_Error)
    Process_GPS                              0x08009119   Thumb Code   290  common.o(i.Process_GPS)
    Process_HeartBeat                        0x0800928d   Thumb Code   112  common.o(i.Process_HeartBeat)
    Process_Join_Cmd                         0x08009305   Thumb Code    22  aware_protocol.o(i.Process_Join_Cmd)
    Process_Join_Req                         0x0800931d   Thumb Code   106  aware_protocol.o(i.Process_Join_Req)
    Process_Join_Status                      0x080093d1   Thumb Code    18  common.o(i.Process_Join_Status)
    Process_Key                              0x080093fd   Thumb Code    42  common.o(i.Process_Key)
    Process_LED_Event                        0x0800942d   Thumb Code    42  common.o(i.Process_LED_Event)
    Process_LF                               0x0800945d   Thumb Code   500  common.o(i.Process_LF)
    Process_LoRa_Data                        0x080096c9   Thumb Code    84  common.o(i.Process_LoRa_Data)
    Process_Motion                           0x08009731   Thumb Code   128  common.o(i.Process_Motion)
    Process_Net_Status                       0x080097d9   Thumb Code    46  common.o(i.Process_Net_Status)
    Process_OHR                              0x08009825   Thumb Code     8  common.o(i.Process_OHR)
    Process_PWM_SPK                          0x0800982d   Thumb Code    14  common.o(i.Process_PWM_SPK)
    Process_Pwr                              0x08009841   Thumb Code   330  common.o(i.Process_Pwr)
    Process_RF_Tx                            0x080099e1   Thumb Code    32  common.o(i.Process_RF_Tx)
    Process_Reg                              0x08009a05   Thumb Code   156  common.o(i.Process_Reg)
    Process_Tag_Alarm                        0x08009acd   Thumb Code   302  common.o(i.Process_Tag_Alarm)
    Process_UART_Data                        0x08009c8d   Thumb Code   470  common.o(i.Process_UART_Data)
    Process_WorkMode                         0x08009eed   Thumb Code   326  common.o(i.Process_WorkMode)
    Pwr_DeInit                               0x0800a075   Thumb Code    50  common.o(i.Pwr_DeInit)
    Pwr_Init                                 0x0800a0b5   Thumb Code    68  common.o(i.Pwr_Init)
    RF_CH_Config                             0x0800a175   Thumb Code    30  common.o(i.RF_CH_Config)
    RF_DataRate_Config                       0x0800a1b1   Thumb Code   182  common.o(i.RF_DataRate_Config)
    RF_Tx_Inc                                0x0800a291   Thumb Code    34  aware_protocol.o(i.RF_Tx_Inc)
    RTC_Bcd2ToByte                           0x0800a2bd   Thumb Code    16  stm32l0xx_hal_rtc.o(i.RTC_Bcd2ToByte)
    RTC_ByteToBcd2                           0x0800a2cd   Thumb Code    22  stm32l0xx_hal_rtc.o(i.RTC_ByteToBcd2)
    RTC_Cali                                 0x0800a2e5   Thumb Code    24  common.o(i.RTC_Cali)
    RTC_EnterInitMode                        0x0800a305   Thumb Code    56  stm32l0xx_hal_rtc.o(i.RTC_EnterInitMode)
    RTC_IRQHandler                           0x0800a33d   Thumb Code     8  common.o(i.RTC_IRQHandler)
    Read_App_NV                              0x0800a345   Thumb Code    16  common.o(i.Read_App_NV)
    Read_Data_From_Flash                     0x0800a35d   Thumb Code    28  flash.o(i.Read_Data_From_Flash)
    Read_NV                                  0x0800a379   Thumb Code    16  flash.o(i.Read_NV)
    Register_Done                            0x0800a391   Thumb Code    38  common.o(i.Register_Done)
    SPK_GPIO_Init                            0x0800a531   Thumb Code    16  common.o(i.SPK_GPIO_Init)
    SPK_Idle                                 0x0800a545   Thumb Code    16  common.o(i.SPK_Idle)
    SPK_PWM_Ctrl                             0x0800a559   Thumb Code   126  common.o(i.SPK_PWM_Ctrl)
    SPK_PWM_Toggle                           0x0800a5dd   Thumb Code    38  common.o(i.SPK_PWM_Toggle)
    SPK_Show                                 0x0800a60d   Thumb Code    36  common.o(i.SPK_Show)
    SPK_TIM2_Init                            0x0800a635   Thumb Code   114  common.o(i.SPK_TIM2_Init)
    SVC_Handler                              0x0800a6c1   Thumb Code     2  stm32l0xx_it.o(i.SVC_Handler)
    SX1276CheckRfFrequency                   0x0800a6c3   Thumb Code     4  mlm32l07x01.o(i.SX1276CheckRfFrequency)
    SX1276GetStatus                          0x0800a6c9   Thumb Code     6  sx1276.o(i.SX1276GetStatus)
    SX1276GetTimeOnAir                       0x0800a6d5   Thumb Code     4  sx1276.o(i.SX1276GetTimeOnAir)
    SX1276Init                               0x0800a6d9   Thumb Code   106  sx1276.o(i.SX1276Init)
    SX1276IoDeInit                           0x0800a755   Thumb Code    54  mlm32l07x01.o(i.SX1276IoDeInit)
    SX1276IoInit                             0x0800a795   Thumb Code    70  mlm32l07x01.o(i.SX1276IoInit)
    SX1276IoIrqInit                          0x0800a7e9   Thumb Code    18  mlm32l07x01.o(i.SX1276IoIrqInit)
    SX1276IsChannelFree                      0x0800a801   Thumb Code    54  sx1276.o(i.SX1276IsChannelFree)
    SX1276OnDio0Irq                          0x0800a839   Thumb Code   584  sx1276.o(i.SX1276OnDio0Irq)
    SX1276OnDio1Irq                          0x0800aa91   Thumb Code   228  sx1276.o(i.SX1276OnDio1Irq)
    SX1276OnDio2Irq                          0x0800ab81   Thumb Code   166  sx1276.o(i.SX1276OnDio2Irq)
    SX1276OnDio3Irq                          0x0800ac35   Thumb Code    76  sx1276.o(i.SX1276OnDio3Irq)
    SX1276OnDio4Irq                          0x0800ac89   Thumb Code    24  sx1276.o(i.SX1276OnDio4Irq)
    SX1276OnTimeoutIrq                       0x0800aca5   Thumb Code   122  sx1276.o(i.SX1276OnTimeoutIrq)
    SX1276Random                             0x0800ad29   Thumb Code    58  sx1276.o(i.SX1276Random)
    SX1276Read                               0x0800ad63   Thumb Code    16  sx1276.o(i.SX1276Read)
    SX1276ReadBuffer                         0x0800ad75   Thumb Code    62  sx1276.o(i.SX1276ReadBuffer)
    SX1276ReadFifo                           0x0800adb9   Thumb Code    14  sx1276.o(i.SX1276ReadFifo)
    SX1276ReadRssi                           0x0800adc9   Thumb Code    58  sx1276.o(i.SX1276ReadRssi)
    SX1276Reset                              0x0800ae0d   Thumb Code    42  sx1276.o(i.SX1276Reset)
    SX1276Send                               0x0800ae3d   Thumb Code   224  sx1276.o(i.SX1276Send)
    SX1276SetAntSw                           0x0800af25   Thumb Code    52  mlm32l07x01.o(i.SX1276SetAntSw)
    SX1276SetAntSwLowPower                   0x0800af61   Thumb Code   176  mlm32l07x01.o(i.SX1276SetAntSwLowPower)
    SX1276SetChannel                         0x0800b019   Thumb Code    72  sx1276.o(i.SX1276SetChannel)
    SX1276SetMaxPayloadLength                0x0800b069   Thumb Code    42  sx1276.o(i.SX1276SetMaxPayloadLength)
    SX1276SetModem                           0x0800b099   Thumb Code    90  sx1276.o(i.SX1276SetModem)
    SX1276SetOpMode                          0x0800b0f9   Thumb Code    46  sx1276.o(i.SX1276SetOpMode)
    SX1276SetRfTxPower                       0x0800b127   Thumb Code   144  mlm32l07x01.o(i.SX1276SetRfTxPower)
    SX1276SetRx                              0x0800b1b9   Thumb Code   566  sx1276.o(i.SX1276SetRx)
    SX1276SetRxConfig                        0x0800b41d   Thumb Code   570  sx1276.o(i.SX1276SetRxConfig)
    SX1276SetSleep                           0x0800b665   Thumb Code    32  sx1276.o(i.SX1276SetSleep)
    SX1276SetStby                            0x0800b689   Thumb Code    32  sx1276.o(i.SX1276SetStby)
    SX1276SetSyncWord                        0x0800b6ad   Thumb Code    20  sx1276.o(i.SX1276SetSyncWord)
    SX1276SetTx                              0x0800b6c1   Thumb Code   158  sx1276.o(i.SX1276SetTx)
    SX1276SetTxConfig                        0x0800b765   Thumb Code   484  sx1276.o(i.SX1276SetTxConfig)
    SX1276SetTxContinuousWave                0x0800b955   Thumb Code   136  sx1276.o(i.SX1276SetTxContinuousWave)
    SX1276StartCad                           0x0800b9e5   Thumb Code    52  sx1276.o(i.SX1276StartCad)
    SX1276Write                              0x0800ba1d   Thumb Code    12  sx1276.o(i.SX1276Write)
    SX1276WriteBuffer                        0x0800ba29   Thumb Code    62  sx1276.o(i.SX1276WriteBuffer)
    SX1276WriteFifo                          0x0800ba6d   Thumb Code    14  sx1276.o(i.SX1276WriteFifo)
    SetCH                                    0x0800ba7d   Thumb Code    14  common.o(i.SetCH)
    SetRFPwr                                 0x0800ba91   Thumb Code    14  common.o(i.SetRFPwr)
    SetRFRate                                0x0800baa5   Thumb Code    14  common.o(i.SetRFRate)
    SpiInOut                                 0x0800bab9   Thumb Code    92  hw_spi.o(i.SpiInOut)
    StartOHR                                 0x0800bb15   Thumb Code    94  ohr_i2c.o(i.StartOHR)
    StopOHR                                  0x0800bb89   Thumb Code    42  ohr_i2c.o(i.StopOHR)
    Store_UART_Data                          0x0800bbc1   Thumb Code    92  common.o(i.Store_UART_Data)
    SysTick_Handler                          0x0800bc2d   Thumb Code    12  stm32l0xx_it.o(i.SysTick_Handler)
    SystemClock_Config                       0x0800bc39   Thumb Code   156  main.o(i.SystemClock_Config)
    SystemInit                               0x0800bcdd   Thumb Code    66  system_stm32l0xx.o(i.SystemInit)
    Systick_Event                            0x0800bd31   Thumb Code   130  common.o(i.Systick_Event)
    TIM21_IRQHandler                         0x0800bdc1   Thumb Code    10  tim.o(i.TIM21_IRQHandler)
    TIM6_IRQHandler                          0x0800bdd1   Thumb Code    10  tim.o(i.TIM6_IRQHandler)
    TX_RF_Data                               0x0800bf99   Thumb Code   380  aware_protocol.o(i.TX_RF_Data)
    Tag_Alarm_Report                         0x0800c139   Thumb Code    58  common.o(i.Tag_Alarm_Report)
    Time_Init                                0x0800c181   Thumb Code    12  common.o(i.Time_Init)
    TimerInit                                0x0800c195   Thumb Code    14  timeserver.o(i.TimerInit)
    TimerIrqHandler                          0x0800c1c1   Thumb Code   116  timeserver.o(i.TimerIrqHandler)
    TimerSetValue                            0x0800c265   Thumb Code    26  timeserver.o(i.TimerSetValue)
    TimerStart                               0x0800c281   Thumb Code   108  timeserver.o(i.TimerStart)
    TimerStop                                0x0800c2f1   Thumb Code    90  timeserver.o(i.TimerStop)
    UART_AT_CMD_Process                      0x0800c351   Thumb Code  1712  common.o(i.UART_AT_CMD_Process)
    UART_AdvFeatureConfig                    0x0800ca59   Thumb Code   202  stm32l0xx_hal_uart.o(i.UART_AdvFeatureConfig)
    UART_CheckIdleState                      0x0800cb25   Thumb Code    90  stm32l0xx_hal_uart.o(i.UART_CheckIdleState)
    UART_SetConfig                           0x0800ccdd   Thumb Code   498  stm32l0xx_hal_uart.o(i.UART_SetConfig)
    UART_WaitOnFlagUntilTimeout              0x0800cf5f   Thumb Code    98  stm32l0xx_hal_uart.o(i.UART_WaitOnFlagUntilTimeout)
    USART1_IRQHandler                        0x0800cfc1   Thumb Code    18  common.o(i.USART1_IRQHandler)
    USART2_IRQHandler                        0x0800cfdd   Thumb Code    18  common.o(i.USART2_IRQHandler)
    Uart_Enable                              0x0800cff9   Thumb Code    80  common.o(i.Uart_Enable)
    Uart_Rec_Idle                            0x0800d059   Thumb Code   120  common.o(i.Uart_Rec_Idle)
    Update_Parent_RSSI                       0x0800d0e5   Thumb Code    26  aware_protocol.o(i.Update_Parent_RSSI)
    WorkMode_Report                          0x0800d105   Thumb Code    62  common.o(i.WorkMode_Report)
    Write_App_NV                             0x0800d151   Thumb Code    50  common.o(i.Write_App_NV)
    Write_Data_To_Flash                      0x0800d18d   Thumb Code    38  flash.o(i.Write_Data_To_Flash)
    Write_NV                                 0x0800d1b5   Thumb Code    46  flash.o(i.Write_NV)
    ZED_DataReq_Event                        0x0800d1ed   Thumb Code   148  aware_protocol.o(i.ZED_DataReq_Event)
    ZED_Data_Req                             0x0800d2ad   Thumb Code   102  aware_protocol.o(i.ZED_Data_Req)
    _Error_Handler                           0x0800d31d   Thumb Code     2  main.o(i._Error_Handler)
    __0printf                                0x0800d321   Thumb Code    24  printfa.o(i.__0printf)
    __1printf                                0x0800d321   Thumb Code     0  printfa.o(i.__0printf)
    __2printf                                0x0800d321   Thumb Code     0  printfa.o(i.__0printf)
    __c89printf                              0x0800d321   Thumb Code     0  printfa.o(i.__0printf)
    printf                                   0x0800d321   Thumb Code     0  printfa.o(i.__0printf)
    __ARM_clz                                0x0800d341   Thumb Code    46  depilogue.o(i.__ARM_clz)
    __ARM_common_ll_muluu                    0x0800d36f   Thumb Code    48  hw_rtc.o(i.__ARM_common_ll_muluu)
    __ARM_common_switch8                     0x0800d39f   Thumb Code    26  stm32l0xx_hal_tim.o(i.__ARM_common_switch8)
    __read_errno                             0x0800d3b9   Thumb Code     6  errno.o(i.__read_errno)
    __scatterload_copy                       0x0800d3c5   Thumb Code    14  handlers.o(i.__scatterload_copy)
    __scatterload_null                       0x0800d3d3   Thumb Code     2  handlers.o(i.__scatterload_null)
    __scatterload_zeroinit                   0x0800d3d5   Thumb Code    14  handlers.o(i.__scatterload_zeroinit)
    __set_errno                              0x0800d3e5   Thumb Code     6  errno.o(i.__set_errno)
    _is_digit                                0x0800d549   Thumb Code    14  scanf_fp.o(i._is_digit)
    atof                                     0x0800dc91   Thumb Code    42  atof.o(i.atof)
    ceil                                     0x0800dcbd   Thumb Code   180  ceil.o(i.ceil)
    fputc                                    0x0800dd85   Thumb Code    18  common.o(i.fputc)
    main                                     0x0800dda1   Thumb Code   316  main.o(i.main)
    nrf_gpio_cfg_sense_input                 0x0800dee1   Thumb Code    44  ohr_i2c.o(i.nrf_gpio_cfg_sense_input)
    osal_memcpy                              0x0800df9d   Thumb Code    16  common.o(i.osal_memcpy)
    osal_memset                              0x0800dfad   Thumb Code    12  common.o(i.osal_memset)
    osal_revmemcpy                           0x0800dfb9   Thumb Code    18  common.o(i.osal_revmemcpy)
    print_8_02x                              0x0800dfcd   Thumb Code    38  common.o(i.print_8_02x)
    rand1                                    0x0800e021   Thumb Code    26  aware_protocol.o(i.rand1)
    randr                                    0x0800e04d   Thumb Code    22  aware_protocol.o(i.randr)
    AtJoin                                   0x0800e080   Data           6  common.o(.constdata)
    AtRst                                    0x0800e086   Data           7  common.o(.constdata)
    AtVer                                    0x0800e08d   Data           7  common.o(.constdata)
    AtUid                                    0x0800e094   Data           7  common.o(.constdata)
    AtDefault                                0x0800e09b   Data           7  common.o(.constdata)
    AtPWR                                    0x0800e0a2   Data           7  common.o(.constdata)
    AtPID                                    0x0800e0a9   Data           7  common.o(.constdata)
    AtLeave                                  0x0800e0b0   Data           7  common.o(.constdata)
    AtTst                                    0x0800e0b7   Data           7  common.o(.constdata)
    AtOHR                                    0x0800e0be   Data           7  common.o(.constdata)
    AtGPS                                    0x0800e0c5   Data           7  common.o(.constdata)
    AtCmac                                   0x0800e0cc   Data           8  common.o(.constdata)
    AtNodeTab                                0x0800e0d4   Data           8  common.o(.constdata)
    AtPollBuf                                0x0800e0dc   Data           8  common.o(.constdata)
    AtRFCH                                   0x0800e0e4   Data           8  common.o(.constdata)
    AtPollGap                                0x0800e0ec   Data           8  common.o(.constdata)
    AtPoll                                   0x0800e0f4   Data           8  common.o(.constdata)
    Atbind                                   0x0800e0fc   Data           8  common.o(.constdata)
    AtOpMode                                 0x0800e104   Data          10  common.o(.constdata)
    AtSleep                                  0x0800e10e   Data           9  common.o(.constdata)
    AtStandby                                0x0800e117   Data          11  common.o(.constdata)
    AtRxTime                                 0x0800e122   Data          10  common.o(.constdata)
    AtRFRate                                 0x0800e12c   Data          10  common.o(.constdata)
    AtBeatGap                                0x0800e136   Data           9  common.o(.constdata)
    FuncReg                                  0x0800e13f   Data          28  common.o(.constdata)
    Radio                                    0x0800e174   Data         100  mlm32l07x01.o(.constdata)
    RadioRegsInit                            0x0800e1d8   Data          48  sx1276.o(.constdata)
    FskBandwidths                            0x0800e208   Data         176  sx1276.o(.constdata)
    AHBPrescTable                            0x0800e2b8   Data          16  system_stm32l0xx.o(.constdata)
    PLLMulTable                              0x0800e2c8   Data           9  system_stm32l0xx.o(.constdata)
    APBPrescTable                            0x0800e2d1   Data           8  system_stm32l0xx.o(.constdata)
    BroadCastAddr                            0x0800e2d9   Data           8  aware_protocol.o(.constdata)
    NullAddr                                 0x0800e2e1   Data           8  aware_protocol.o(.constdata)
    CRC8Table                                0x0800e2e9   Data         256  ccrfid_crc8.o(.constdata)
    __ctype_categories                       0x0800e3e9   Data          64  ctype_c.o(.constdata)
    Region$$Table$$Base                      0x0800e42c   Number         0  anon$$obj.o(Region$$Table)
    Region$$Table$$Limit                     0x0800e44c   Number         0  anon$$obj.o(Region$$Table)
    uwTick                                   0x20000000   Data           4  stm32l0xx_hal.o(.data)
    RTC_Cnt                                  0x20000004   Data           4  main.o(.data)
    Event_Flg                                0x20000008   Data           1  common.o(.data)
    ucHeart_Status                           0x2000001f   Data           1  common.o(.data)
    RTC_Sec_Cnt                              0x20000020   Data           2  common.o(.data)
    Pwr                                      0x20000024   Data           3  common.o(.data)
    Func_Key                                 0x20000027   Data           3  common.o(.data)
    Match_Key                                0x2000002a   Data           3  common.o(.data)
    GpsStatus                                0x2000002d   Data           4  common.o(.data)
    SysStatus                                0x20000078   Data           7  common.o(.data)
    RedLED                                   0x2000007f   Data           8  common.o(.data)
    GreenLED                                 0x20000087   Data           8  common.o(.data)
    BlueLED                                  0x2000008f   Data           8  common.o(.data)
    Speek                                    0x20000097   Data           8  common.o(.data)
    DioIrq                                   0x200000ac   Data          24  sx1276.o(.data)
    TimerListHead                            0x200000c4   Data           4  timeserver.o(.data)
    SystemCoreClock                          0x200000dc   Data           4  system_stm32l0xx.o(.data)
    ucPreJoinStatus                          0x200000e0   Data           1  aware_protocol.o(.data)
    Poll_Ack                                 0x200000e4   Data           3  aware_protocol.o(.data)
    HandleError                              0x200000e7   Data           4  aware_protocol.o(.data)
    Func_t                                   0x200000ec   Data           4  aware_protocol.o(.data)
    Ack                                      0x20000100   Data           7  aware_protocol.o(.data)
    SysPara                                  0x20000107   Data          15  aware_protocol.o(.data)
    LF_RecByte                               0x2000011b   Data           8  lf_as3932.o(.data)
    LF                                       0x20000124   Data           8  lf_as3932.o(.data)
    LFByteP                                  0x2000012c   Data           1  lfwakeup.o(.data)
    LFBitP                                   0x2000012d   Data           1  lfwakeup.o(.data)
    LFByteLength                             0x2000012e   Data           1  lfwakeup.o(.data)
    OHR_status                               0x2000012f   Data           1  ohr_i2c.o(.data)
    uarterror                                0x20000130   Data           1  ohr_i2c.o(.data)
    Rxlen                                    0x20000131   Data           1  ohr_i2c.o(.data)
    __stdout                                 0x20000138   Data           4  stdout.o(.data)
    pFlash                                   0x20000140   Data          24  stm32l0xx_hal_flash.o(.bss)
    asGPS_Buffer                             0x20000158   Data        2006  common.o(.bss)
    asUART0_Buffer                           0x2000092e   Data         268  common.o(.bss)
    Gps                                      0x20000a3a   Data          38  common.o(.bss)
    Gps_Rp                                   0x20000a60   Data          14  common.o(.bss)
    HB                                       0x20000a6e   Data          31  common.o(.bss)
    huart1                                   0x20000a90   Data         112  common.o(.bss)
    huart2                                   0x20000b00   Data         112  common.o(.bss)
    hlpuart1                                 0x20000b70   Data         112  common.o(.bss)
    hdma_usart1_rx                           0x20000be0   Data          64  common.o(.bss)
    hdma_usart2_rx                           0x20000c20   Data          64  common.o(.bss)
    hdma_lpuart1_rx                          0x20000c60   Data          64  common.o(.bss)
    hi2c2                                    0x20000ca0   Data          76  common.o(.bss)
    RFConfig                                 0x20000d1c   Data          53  common.o(.bss)
    LoRaRxBuffer                             0x20000d51   Data         518  common.o(.bss)
    LoRaTxBuffer                             0x20000f58   Data         255  common.o(.bss)
    Loc                                      0x20001057   Data          11  common.o(.bss)
    hadc                                     0x20001064   Data          96  common.o(.bss)
    SX1276                                   0x2000126c   Data          96  sx1276.o(.bss)
    TxTimeoutTimer                           0x200012cc   Data          20  sx1276.o(.bss)
    RxTimeoutTimer                           0x200012e0   Data          20  sx1276.o(.bss)
    RxTimeoutSyncWord                        0x200012f4   Data          20  sx1276.o(.bss)
    htim2                                    0x20001308   Data          56  tim.o(.bss)
    htim21                                   0x20001340   Data          56  tim.o(.bss)
    htim22                                   0x20001378   Data          56  tim.o(.bss)
    htim6                                    0x200013b0   Data          56  tim.o(.bss)
    hlptim1                                  0x200013e8   Data          48  lptim.o(.bss)
    Nv_Para                                  0x20001418   Data          20  aware_protocol.o(.bss)
    RadioSendBuffer                          0x2000142c   Data         255  aware_protocol.o(.bss)
    PareTbl                                  0x2000152b   Data          70  aware_protocol.o(.bss)
    asRF_TX_Que                              0x20001571   Data        1340  aware_protocol.o(.bss)
    LFSendDat                                0x20001aad   Data          32  lfwakeup.o(.bss)
    OHRdata                                  0x20001ad0   Data          40  ohr_i2c.o(.bss)
    Rxbuf                                    0x20001af8   Data          48  ohr_i2c.o(.bss)
    timer_ohr                                0x20001b28   Data          20  ohr_i2c.o(.bss)
    __initial_sp                             0x20001f40   Data           0  startup_stm32l051xx.o(STACK)



==============================================================================

Memory Map of the image

  Image Entry point : 0x080000c1

  Load Region LR_IROM1 (Base: 0x08000000, Size: 0x0000e58c, Max: 0x00010000, ABSOLUTE, COMPRESSED[0x0000e474])

    Execution Region ER_IROM1 (Base: 0x08000000, Size: 0x0000e44c, Max: 0x00010000, ABSOLUTE)

    Base Addr    Size         Type   Attr      Idx    E Section Name        Object

    0x08000000   0x000000c0   Data   RO         3818    RESET               startup_stm32l051xx.o
    0x080000c0   0x00000000   Code   RO         6924  * .ARM.Collect$$$$00000000  mc_p.l(entry.o)
    0x080000c0   0x00000004   Code   RO         7224    .ARM.Collect$$$$00000001  mc_p.l(entry2.o)
    0x080000c4   0x00000004   Code   RO         7227    .ARM.Collect$$$$00000004  mc_p.l(entry5.o)
    0x080000c8   0x00000000   Code   RO         7229    .ARM.Collect$$$$00000008  mc_p.l(entry7b.o)
    0x080000c8   0x00000000   Code   RO         7231    .ARM.Collect$$$$0000000A  mc_p.l(entry8b.o)
    0x080000c8   0x00000008   Code   RO         7232    .ARM.Collect$$$$0000000B  mc_p.l(entry9a.o)
    0x080000d0   0x00000000   Code   RO         7234    .ARM.Collect$$$$0000000D  mc_p.l(entry10a.o)
    0x080000d0   0x00000000   Code   RO         7236    .ARM.Collect$$$$0000000F  mc_p.l(entry11a.o)
    0x080000d0   0x00000004   Code   RO         7225    .ARM.Collect$$$$00002712  mc_p.l(entry2.o)
    0x080000d4   0x0000001c   Code   RO         3819    .text               startup_stm32l051xx.o
    0x080000f0   0x0000002c   Code   RO         6927    .text               mc_p.l(uidiv.o)
    0x0800011c   0x00000028   Code   RO         6929    .text               mc_p.l(idiv.o)
    0x08000144   0x00000060   Code   RO         6931    .text               mc_p.l(uldiv.o)
    0x080001a4   0x00000024   Code   RO         6933    .text               mc_p.l(memcpya.o)
    0x080001c8   0x00000024   Code   RO         6935    .text               mc_p.l(memseta.o)
    0x080001ec   0x00000028   Code   RO         6937    .text               mc_p.l(strstr.o)
    0x08000214   0x0000001a   Code   RO         6939    .text               mc_p.l(memcmp.o)
    0x0800022e   0x0000001e   Code   RO         6941    .text               mc_p.l(strncmp.o)
    0x0800024c   0x00000014   Code   RO         7206    .text               mc_p.l(uread4.o)
    0x08000260   0x00000012   Code   RO         7208    .text               mc_p.l(uwrite4.o)
    0x08000272   0x00000002   PAD
    0x08000274   0x00000164   Code   RO         7210    .text               mf_p.l(dadd.o)
    0x080003d8   0x000000d0   Code   RO         7212    .text               mf_p.l(dmul.o)
    0x080004a8   0x000000f0   Code   RO         7214    .text               mf_p.l(ddiv.o)
    0x08000598   0x0000002c   Code   RO         7216    .text               mf_p.l(dscalb.o)
    0x080005c4   0x0000001c   Code   RO         7218    .text               mf_p.l(dfltui.o)
    0x080005e0   0x0000003c   Code   RO         7220    .text               mf_p.l(dfixui.o)
    0x0800061c   0x00000038   Code   RO         7222    .text               mf_p.l(d2f.o)
    0x08000654   0x00000020   Code   RO         7239    .text               mc_p.l(llshl.o)
    0x08000674   0x00000022   Code   RO         7241    .text               mc_p.l(llushr.o)
    0x08000696   0x00000026   Code   RO         7243    .text               mc_p.l(llsshr.o)
    0x080006bc   0x000000a4   Code   RO         7252    .text               mc_p.l(strtod.o)
    0x08000760   0x00000000   Code   RO         7254    .text               mc_p.l(iusefp.o)
    0x08000760   0x00000082   Code   RO         7255    .text               mf_p.l(fepilogue.o)
    0x080007e2   0x0000000e   Code   RO         7267    .text               mc_p.l(isspace_c.o)
    0x080007f0   0x0000000c   Code   RO         5975    i.AwarePro_Cancel_Poll  aware_protocol.o
    0x080007fc   0x00000004   Code   RO         5989    i.AwarePro_GetVerion  aware_protocol.o
    0x08000800   0x00000004   Data   RO         4110    .ARM.__AT_0x08000800  common.o
    0x08000804   0x000000be   Code   RO         7257    .text               mf_p.l(depilogue.o)
    0x080008c2   0x00000002   PAD
    0x080008c4   0x00000040   Code   RO         7261    .text               mf_p.l(dfixul.o)
    0x08000904   0x00000028   Code   RO         7263    .text               mf_p.l(cdrcmple.o)
    0x0800092c   0x00000024   Code   RO         7265    .text               mc_p.l(init.o)
    0x08000950   0x0000034c   Code   RO         7269    .text               mc_p.l(scanf_fp.o)
    0x08000c9c   0x00000044   Code   RO         7273    .text               mc_p.l(_sgetc.o)
    0x08000ce0   0x0000007a   Code   RO         7275    .text               mc_p.l(llmul.o)
    0x08000d5a   0x00000002   PAD
    0x08000d5c   0x00000024   Code   RO         7277    .text               mc_p.l(ctype_c.o)
    0x08000d80   0x0000001c   Code   RO         7280    .text               mf_p.l(dfltul.o)
    0x08000d9c   0x0000003a   Code   RO         7290    .text               mc_p.l(__dczerorl.o)
    0x08000dd6   0x00000002   PAD
    0x08000dd8   0x00000020   Code   RO         5970    i.ACK_Send          aware_protocol.o
    0x08000df8   0x00000052   Code   RO         3476    i.ADC_ConversionStop  stm32l0xx_hal_adc.o
    0x08000e4a   0x00000002   PAD
    0x08000e4c   0x00000024   Code   RO         3480    i.ADC_DelayMicroSecond  stm32l0xx_hal_adc.o
    0x08000e70   0x00000060   Code   RO         3481    i.ADC_Disable       stm32l0xx_hal_adc.o
    0x08000ed0   0x00000064   Code   RO         3482    i.ADC_Enable        stm32l0xx_hal_adc.o
    0x08000f34   0x0000002c   Code   RO         3953    i.Add_HB_Record     common.o
    0x08000f60   0x0000010c   Code   RO         5974    i.Add_RF_Frame_To_TX_Que  aware_protocol.o
    0x0800106c   0x00000024   Code   RO         5977    i.AwarePro_Default  aware_protocol.o
    0x08001090   0x0000003c   Code   RO         5978    i.AwarePro_DevStatus  aware_protocol.o
    0x080010cc   0x00000008   Code   RO         5981    i.AwarePro_GetHostExtAddr  aware_protocol.o
    0x080010d4   0x00000010   Code   RO         5984    i.AwarePro_GetNwkAddr  aware_protocol.o
    0x080010e4   0x0000000c   Code   RO         5985    i.AwarePro_GetPGap  aware_protocol.o
    0x080010f0   0x0000000c   Code   RO         5986    i.AwarePro_GetPID   aware_protocol.o
    0x080010fc   0x00000010   Code   RO         5987    i.AwarePro_GetPareAddr  aware_protocol.o
    0x0800110c   0x0000007c   Code   RO         5991    i.AwarePro_Init     aware_protocol.o
    0x08001188   0x00000148   Code   RO         5992    i.AwarePro_Join     aware_protocol.o
    0x080012d0   0x00000014   Code   RO         5994    i.AwarePro_Leave    aware_protocol.o
    0x080012e4   0x000000e8   Code   RO         5995    i.AwarePro_NV_Init  aware_protocol.o
    0x080013cc   0x0000000c   Code   RO         5996    i.AwarePro_NV_JoinFlg  aware_protocol.o
    0x080013d8   0x00000012   Code   RO         5998    i.AwarePro_Period_Event  aware_protocol.o
    0x080013ea   0x00000002   PAD
    0x080013ec   0x00000180   Code   RO         6000    i.AwarePro_RF_Rec_Process  aware_protocol.o
    0x0800156c   0x00000090   Code   RO         6001    i.AwarePro_RF_Tx_Process  aware_protocol.o
    0x080015fc   0x00000034   Code   RO         6002    i.AwarePro_RF_Tx_RT_Process  aware_protocol.o
    0x08001630   0x00000020   Code   RO         6003    i.AwarePro_ReJoin   aware_protocol.o
    0x08001650   0x00000010   Code   RO         6004    i.AwarePro_Run      aware_protocol.o
    0x08001660   0x0000000c   Code   RO         6005    i.AwarePro_Rx_Done_Process  aware_protocol.o
    0x0800166c   0x00000010   Code   RO         6006    i.AwarePro_Rx_Error_Process  aware_protocol.o
    0x0800167c   0x00000002   Code   RO         6007    i.AwarePro_Rx_Timeout_Process  aware_protocol.o
    0x0800167e   0x00000002   PAD
    0x08001680   0x00000014   Code   RO         6009    i.AwarePro_SetPGap  aware_protocol.o
    0x08001694   0x0000001c   Code   RO         6010    i.AwarePro_SetPID   aware_protocol.o
    0x080016b0   0x00000014   Code   RO         6011    i.AwarePro_Tx_Done_Process  aware_protocol.o
    0x080016c4   0x00000010   Code   RO         6012    i.AwarePro_Tx_Timeout_Process  aware_protocol.o
    0x080016d4   0x00000010   Code   RO         6013    i.AwarePro_ZED_Poll_Once  aware_protocol.o
    0x080016e4   0x0000000c   Code   RO         5754    i.BSP_Get_RTCFreq   tim.o
    0x080016f0   0x0000002c   Code   RO         5755    i.BSP_LSI_Calibrator  tim.o
    0x0800171c   0x0000002c   Code   RO         3955    i.Band_SOS_Report   common.o
    0x08001748   0x00000070   Code   RO         6014    i.Beacon_Req        aware_protocol.o
    0x080017b8   0x0000001c   Code   RO         3956    i.Bind_Done         common.o
    0x080017d4   0x00000064   Code   RO         6017    i.Build_Cmd_Resp    aware_protocol.o
    0x08001838   0x00000070   Code   RO         6018    i.Build_LoRa_App_Frame  aware_protocol.o
    0x080018a8   0x00000058   Code   RO         6019    i.Build_LoRa_RT_Frame  aware_protocol.o
    0x08001900   0x0000004c   Code   RO         3957    i.CHG_Report        common.o
    0x0800194c   0x00000020   Code   RO         6580    i.CRC8              ccrfid_crc8.o
    0x0800196c   0x00000030   Code   RO         3958    i.Check_APP_NV_Para  common.o
    0x0800199c   0x0000002c   Code   RO         6022    i.Check_NV_Para     aware_protocol.o
    0x080019c8   0x0000001a   Code   RO         3959    i.Check_Sum         common.o
    0x080019e2   0x0000001a   Code   RO         6023    i.Check_Sum         aware_protocol.o
    0x080019fc   0x00000010   Code   RO         3960    i.DMA1_Channel2_3_IRQHandler  common.o
    0x08001a0c   0x00000018   Code   RO         3961    i.DMA1_Channel4_5_6_7_IRQHandler  common.o
    0x08001a24   0x0000001e   Code   RO          331    i.DMA_SetConfig     stm32l0xx_hal_dma.o
    0x08001a42   0x00000002   PAD
    0x08001a44   0x00000024   Code   RO         6824    i.Davail_DeInit     ohr_i2c.o
    0x08001a68   0x0000000c   Code   RO         6600    i.Delaymm           lf_as3932.o
    0x08001a74   0x00000014   Code   RO         3962    i.Delete_App_NV     common.o
    0x08001a88   0x00000014   Code   RO         4928    i.Delete_NV         flash.o
    0x08001a9c   0x00000044   Code   RO         3963    i.DevPro_RT_Send    common.o
    0x08001ae0   0x0000006c   Code   RO         3964    i.DevPro_Send       common.o
    0x08001b4c   0x000000e8   Code   RO         3965    i.Dev_Event         common.o
    0x08001c34   0x00000070   Code   RO         6024    i.Dev_Leave_Req     aware_protocol.o
    0x08001ca4   0x0000009c   Code   RO         3966    i.Dev_Period_Report  common.o
    0x08001d40   0x00000084   Code   RO         3967    i.Dev_Register      common.o
    0x08001dc4   0x00000010   Code   RO         3968    i.EXTI0_1_IRQHandler  common.o
    0x08001dd4   0x00000010   Code   RO         3969    i.EXTI2_3_IRQHandler  common.o
    0x08001de4   0x0000005c   Code   RO         3970    i.EXTI4_15_IRQHandler  common.o
    0x08001e40   0x00000020   Code   RO         4929    i.Erase_Block_Flash  flash.o
    0x08001e60   0x00000014   Code   RO         3971    i.Erase_HB_Record   common.o
    0x08001e74   0x00000090   Code   RO         1725    i.FLASH_SetErrorCode  stm32l0xx_hal_flash.o
    0x08001f04   0x00000070   Code   RO         1726    i.FLASH_WaitForLastOperation  stm32l0xx_hal_flash.o
    0x08001f74   0x000000ac   Code   RO         6025    i.Find_Best_Parent  aware_protocol.o
    0x08002020   0x00000044   Code   RO         3973    i.GPS_GPIO_Init     common.o
    0x08002064   0x00000014   Code   RO         3974    i.GPS_Idle          common.o
    0x08002078   0x00000078   Code   RO         3975    i.GPS_Info_Report   common.o
    0x080020f0   0x0000002c   Code   RO         5373    i.GetFskBandwidthRegValue  sx1276.o
    0x0800211c   0x0000002c   Code   RO         5875    i.GetLPMoveCount    lptim.o
    0x08002148   0x00000038   Code   RO         6026    i.Get_Empty_PareTable  aware_protocol.o
    0x08002180   0x00000038   Code   RO         6030    i.Get_PareNode_Entry  aware_protocol.o
    0x080021b8   0x00000028   Code   RO         3980    i.Get_TagSN         common.o
    0x080021e0   0x0000000c   Code   RO         3981    i.GpstoHex          common.o
    0x080021ec   0x000000aa   Code   RO         3659    i.HAL_ADCEx_Calibration_Start  stm32l0xx_hal_adc_ex.o
    0x08002296   0x00000002   PAD
    0x08002298   0x00000094   Code   RO         3484    i.HAL_ADC_ConfigChannel  stm32l0xx_hal_adc.o
    0x0800232c   0x000000b4   Code   RO         3487    i.HAL_ADC_DeInit    stm32l0xx_hal_adc.o
    0x080023e0   0x00000006   Code   RO         3491    i.HAL_ADC_GetValue  stm32l0xx_hal_adc.o
    0x080023e6   0x00000002   PAD
    0x080023e8   0x000001c4   Code   RO         3493    i.HAL_ADC_Init      stm32l0xx_hal_adc.o
    0x080025ac   0x00000028   Code   RO         3982    i.HAL_ADC_MspDeInit  common.o
    0x080025d4   0x00000054   Code   RO         3983    i.HAL_ADC_MspInit   common.o
    0x08002628   0x000000be   Code   RO         3497    i.HAL_ADC_PollForConversion  stm32l0xx_hal_adc.o
    0x080026e6   0x00000002   PAD
    0x080026e8   0x0000005c   Code   RO         3499    i.HAL_ADC_Start     stm32l0xx_hal_adc.o
    0x08002744   0x0000004c   Code   RO          332    i.HAL_DMA_Abort     stm32l0xx_hal_dma.o
    0x08002790   0x00000098   Code   RO          333    i.HAL_DMA_Abort_IT  stm32l0xx_hal_dma.o
    0x08002828   0x000001d4   Code   RO          334    i.HAL_DMA_DeInit    stm32l0xx_hal_dma.o
    0x080029fc   0x00000280   Code   RO          337    i.HAL_DMA_IRQHandler  stm32l0xx_hal_dma.o
    0x08002c7c   0x00000108   Code   RO          338    i.HAL_DMA_Init      stm32l0xx_hal_dma.o
    0x08002d84   0x0000004e   Code   RO          341    i.HAL_DMA_Start_IT  stm32l0xx_hal_dma.o
    0x08002dd2   0x00000016   Code   RO         2973    i.HAL_Delay         stm32l0xx_hal.o
    0x08002de8   0x00000028   Code   RO            9    i.HAL_FLASHEx_DATAEEPROM_Erase  stm32l0xx_hal_flash_ex.o
    0x08002e10   0x00000014   Code   RO           10    i.HAL_FLASHEx_DATAEEPROM_Lock  stm32l0xx_hal_flash_ex.o
    0x08002e24   0x00000054   Code   RO           11    i.HAL_FLASHEx_DATAEEPROM_Program  stm32l0xx_hal_flash_ex.o
    0x08002e78   0x00000024   Code   RO           12    i.HAL_FLASHEx_DATAEEPROM_Unlock  stm32l0xx_hal_flash_ex.o
    0x08002e9c   0x000000e4   Code   RO         2617    i.HAL_GPIO_DeInit   stm32l0xx_hal_gpio.o
    0x08002f80   0x00000074   Code   RO         4980    i.HAL_GPIO_EXTI_Callback  hw_gpio.o
    0x08002ff4   0x00000018   Code   RO         2619    i.HAL_GPIO_EXTI_IRQHandler  stm32l0xx_hal_gpio.o
    0x0800300c   0x00000178   Code   RO         2620    i.HAL_GPIO_Init     stm32l0xx_hal_gpio.o
    0x08003184   0x0000000a   Code   RO         2622    i.HAL_GPIO_ReadPin  stm32l0xx_hal_gpio.o
    0x0800318e   0x00000008   Code   RO         2623    i.HAL_GPIO_TogglePin  stm32l0xx_hal_gpio.o
    0x08003196   0x0000000c   Code   RO         2624    i.HAL_GPIO_WritePin  stm32l0xx_hal_gpio.o
    0x080031a2   0x00000002   PAD
    0x080031a4   0x0000000c   Code   RO         2977    i.HAL_GetTick       stm32l0xx_hal.o
    0x080031b0   0x0000004a   Code   RO         2679    i.HAL_I2CEx_ConfigAnalogFilter  stm32l0xx_hal_i2c_ex.o
    0x080031fa   0x00000048   Code   RO         2680    i.HAL_I2CEx_ConfigDigitalFilter  stm32l0xx_hal_i2c_ex.o
    0x08003242   0x00000002   Code   RO         1239    i.HAL_I2C_AbortCpltCallback  stm32l0xx_hal_i2c.o
    0x08003244   0x00000002   Code   RO         1240    i.HAL_I2C_AddrCallback  stm32l0xx_hal_i2c.o
    0x08003246   0x00000058   Code   RO         1243    i.HAL_I2C_ER_IRQHandler  stm32l0xx_hal_i2c.o
    0x0800329e   0x00000010   Code   RO         1244    i.HAL_I2C_EV_IRQHandler  stm32l0xx_hal_i2c.o
    0x080032ae   0x00000002   Code   RO         1246    i.HAL_I2C_ErrorCallback  stm32l0xx_hal_i2c.o
    0x080032b0   0x000000b4   Code   RO         1250    i.HAL_I2C_Init      stm32l0xx_hal_i2c.o
    0x08003364   0x00000002   Code   RO         1252    i.HAL_I2C_ListenCpltCallback  stm32l0xx_hal_i2c.o
    0x08003366   0x00000002   PAD
    0x08003368   0x00000158   Code   RO         1266    i.HAL_I2C_Mem_Read  stm32l0xx_hal_i2c.o
    0x080034c0   0x00000154   Code   RO         1269    i.HAL_I2C_Mem_Write  stm32l0xx_hal_i2c.o
    0x08003614   0x00000074   Code   RO         3984    i.HAL_I2C_MspDeInit  common.o
    0x08003688   0x000000a4   Code   RO         3985    i.HAL_I2C_MspInit   common.o
    0x0800372c   0x00000002   Code   RO         1274    i.HAL_I2C_SlaveRxCpltCallback  stm32l0xx_hal_i2c.o
    0x0800372e   0x00000002   Code   RO         1275    i.HAL_I2C_SlaveTxCpltCallback  stm32l0xx_hal_i2c.o
    0x08003730   0x00000010   Code   RO         2978    i.HAL_IncTick       stm32l0xx_hal.o
    0x08003740   0x00000020   Code   RO         2979    i.HAL_Init          stm32l0xx_hal.o
    0x08003760   0x00000028   Code   RO         2980    i.HAL_InitTick      stm32l0xx_hal.o
    0x08003788   0x00000044   Code   RO         1823    i.HAL_LPTIM_Counter_Start  stm32l0xx_hal_lptim.o
    0x080037cc   0x0000001a   Code   RO         1825    i.HAL_LPTIM_Counter_Stop  stm32l0xx_hal_lptim.o
    0x080037e6   0x0000002a   Code   RO         1827    i.HAL_LPTIM_DeInit  stm32l0xx_hal_lptim.o
    0x08003810   0x00000090   Code   RO         1836    i.HAL_LPTIM_Init    stm32l0xx_hal_lptim.o
    0x080038a0   0x0000002c   Code   RO         5876    i.HAL_LPTIM_MspDeInit  lptim.o
    0x080038cc   0x00000040   Code   RO         5877    i.HAL_LPTIM_MspInit  lptim.o
    0x0800390c   0x00000006   Code   RO         1849    i.HAL_LPTIM_ReadCounter  stm32l0xx_hal_lptim.o
    0x08003912   0x00000002   PAD
    0x08003914   0x00000038   Code   RO         3713    i.HAL_MspInit       stm32l0xx_hal_msp.o
    0x0800394c   0x00000014   Code   RO          233    i.HAL_NVIC_DisableIRQ  stm32l0xx_hal_cortex.o
    0x08003960   0x00000014   Code   RO          234    i.HAL_NVIC_EnableIRQ  stm32l0xx_hal_cortex.o
    0x08003974   0x0000001c   Code   RO          235    i.HAL_NVIC_GetPendingIRQ  stm32l0xx_hal_cortex.o
    0x08003990   0x00000008   Code   RO          238    i.HAL_NVIC_SetPriority  stm32l0xx_hal_cortex.o
    0x08003998   0x00000034   Code   RO          424    i.HAL_PWR_EnterSTOPMode  stm32l0xx_hal_pwr.o
    0x080039cc   0x00000138   Code   RO         1155    i.HAL_RCCEx_GetPeriphCLKFreq  stm32l0xx_hal_rcc_ex.o
    0x08003b04   0x00000164   Code   RO         1158    i.HAL_RCCEx_PeriphCLKConfig  stm32l0xx_hal_rcc_ex.o
    0x08003c68   0x00000168   Code   RO         2472    i.HAL_RCC_ClockConfig  stm32l0xx_hal_rcc.o
    0x08003dd0   0x0000000c   Code   RO         2476    i.HAL_RCC_GetHCLKFreq  stm32l0xx_hal_rcc.o
    0x08003ddc   0x00000020   Code   RO         2478    i.HAL_RCC_GetPCLK1Freq  stm32l0xx_hal_rcc.o
    0x08003dfc   0x00000020   Code   RO         2479    i.HAL_RCC_GetPCLK2Freq  stm32l0xx_hal_rcc.o
    0x08003e1c   0x00000078   Code   RO         2480    i.HAL_RCC_GetSysClockFreq  stm32l0xx_hal_rcc.o
    0x08003e94   0x000003ec   Code   RO         2483    i.HAL_RCC_OscConfig  stm32l0xx_hal_rcc.o
    0x08004280   0x00000002   Code   RO         3264    i.HAL_RTCEx_AlarmBEventCallback  stm32l0xx_hal_rtc_ex.o
    0x08004282   0x0000003c   Code   RO         3273    i.HAL_RTCEx_EnableBypassShadow  stm32l0xx_hal_rtc_ex.o
    0x080042be   0x00000008   Code   RO         3986    i.HAL_RTC_AlarmAEventCallback  common.o
    0x080042c6   0x00000002   PAD
    0x080042c8   0x00000060   Code   RO         3132    i.HAL_RTC_AlarmIRQHandler  stm32l0xx_hal_rtc.o
    0x08004328   0x000000b8   Code   RO         3134    i.HAL_RTC_DeactivateAlarm  stm32l0xx_hal_rtc.o
    0x080043e0   0x0000008c   Code   RO         3135    i.HAL_RTC_GetAlarm  stm32l0xx_hal_rtc.o
    0x0800446c   0x00000044   Code   RO         3136    i.HAL_RTC_GetDate   stm32l0xx_hal_rtc.o
    0x080044b0   0x0000005c   Code   RO         3138    i.HAL_RTC_GetTime   stm32l0xx_hal_rtc.o
    0x0800450c   0x000000a4   Code   RO         3139    i.HAL_RTC_Init      stm32l0xx_hal_rtc.o
    0x080045b0   0x00000030   Code   RO         3715    i.HAL_RTC_MspInit   stm32l0xx_hal_msp.o
    0x080045e0   0x000001a0   Code   RO         3144    i.HAL_RTC_SetAlarm_IT  stm32l0xx_hal_rtc.o
    0x08004780   0x000000cc   Code   RO         3145    i.HAL_RTC_SetDate   stm32l0xx_hal_rtc.o
    0x0800484c   0x000000f0   Code   RO         3146    i.HAL_RTC_SetTime   stm32l0xx_hal_rtc.o
    0x0800493c   0x00000034   Code   RO         3147    i.HAL_RTC_WaitForSynchro  stm32l0xx_hal_rtc.o
    0x08004970   0x00000018   Code   RO          240    i.HAL_SYSTICK_CLKSourceConfig  stm32l0xx_hal_cortex.o
    0x08004988   0x00000002   Code   RO         3987    i.HAL_SYSTICK_Callback  common.o
    0x0800498a   0x00000002   PAD
    0x0800498c   0x00000030   Code   RO          242    i.HAL_SYSTICK_Config  stm32l0xx_hal_cortex.o
    0x080049bc   0x00000008   Code   RO          243    i.HAL_SYSTICK_IRQHandler  stm32l0xx_hal_cortex.o
    0x080049c4   0x00000048   Code   RO         1213    i.HAL_TIMEx_MasterConfigSynchronization  stm32l0xx_hal_tim_ex.o
    0x08004a0c   0x0000001e   Code   RO         1214    i.HAL_TIMEx_RemapConfig  stm32l0xx_hal_tim_ex.o
    0x08004a2a   0x00000034   Code   RO          528    i.HAL_TIM_Base_Init  stm32l0xx_hal_tim.o
    0x08004a5e   0x00000002   PAD
    0x08004a60   0x00000030   Code   RO         5757    i.HAL_TIM_Base_MspInit  tim.o
    0x08004a90   0x00000016   Code   RO          533    i.HAL_TIM_Base_Start_IT  stm32l0xx_hal_tim.o
    0x08004aa6   0x00000002   PAD
    0x08004aa8   0x00000024   Code   RO          536    i.HAL_TIM_Base_Stop_IT  stm32l0xx_hal_tim.o
    0x08004acc   0x0000004c   Code   RO         5758    i.HAL_TIM_IC_CaptureCallback  tim.o
    0x08004b18   0x00000120   Code   RO          558    i.HAL_TIM_IC_ConfigChannel  stm32l0xx_hal_tim.o
    0x08004c38   0x0000002c   Code   RO          559    i.HAL_TIM_IC_DeInit  stm32l0xx_hal_tim.o
    0x08004c64   0x00000034   Code   RO          561    i.HAL_TIM_IC_Init   stm32l0xx_hal_tim.o
    0x08004c98   0x00000024   Code   RO         5759    i.HAL_TIM_IC_MspDeInit  tim.o
    0x08004cbc   0x00000030   Code   RO         5760    i.HAL_TIM_IC_MspInit  tim.o
    0x08004cec   0x00000048   Code   RO          566    i.HAL_TIM_IC_Start_IT  stm32l0xx_hal_tim.o
    0x08004d34   0x00000054   Code   RO          569    i.HAL_TIM_IC_Stop_IT  stm32l0xx_hal_tim.o
    0x08004d88   0x00000126   Code   RO          570    i.HAL_TIM_IRQHandler  stm32l0xx_hal_tim.o
    0x08004eae   0x00000002   PAD
    0x08004eb0   0x00000088   Code   RO         5761    i.HAL_TIM_MspPostInit  tim.o
    0x08004f38   0x00000002   Code   RO          573    i.HAL_TIM_OC_DelayElapsedCallback  stm32l0xx_hal_tim.o
    0x08004f3a   0x000000d0   Code   RO          594    i.HAL_TIM_PWM_ConfigChannel  stm32l0xx_hal_tim.o
    0x0800500a   0x00000002   PAD
    0x0800500c   0x0000002c   Code   RO          595    i.HAL_TIM_PWM_DeInit  stm32l0xx_hal_tim.o
    0x08005038   0x00000034   Code   RO          597    i.HAL_TIM_PWM_Init  stm32l0xx_hal_tim.o
    0x0800506c   0x00000038   Code   RO         5762    i.HAL_TIM_PWM_MspDeInit  tim.o
    0x080050a4   0x0000004c   Code   RO         5763    i.HAL_TIM_PWM_MspInit  tim.o
    0x080050f0   0x00000002   Code   RO          600    i.HAL_TIM_PWM_PulseFinishedCallback  stm32l0xx_hal_tim.o
    0x080050f2   0x0000001a   Code   RO          601    i.HAL_TIM_PWM_Start  stm32l0xx_hal_tim.o
    0x0800510c   0x0000002c   Code   RO          604    i.HAL_TIM_PWM_Stop  stm32l0xx_hal_tim.o
    0x08005138   0x00000018   Code   RO         6749    i.HAL_TIM_PeriodElapsedCallback  lfwakeup.o
    0x08005150   0x00000002   Code   RO          611    i.HAL_TIM_TriggerCallback  stm32l0xx_hal_tim.o
    0x08005152   0x00000002   Code   RO         1670    i.HAL_UARTEx_WakeupCallback  stm32l0xx_hal_uart_ex.o
    0x08005154   0x00000058   Code   RO         2149    i.HAL_UART_DMAStop  stm32l0xx_hal_uart.o
    0x080051ac   0x00000002   Code   RO         2151    i.HAL_UART_ErrorCallback  stm32l0xx_hal_uart.o
    0x080051ae   0x00000002   PAD
    0x080051b0   0x00000144   Code   RO         2154    i.HAL_UART_IRQHandler  stm32l0xx_hal_uart.o
    0x080052f4   0x0000006c   Code   RO         2155    i.HAL_UART_Init     stm32l0xx_hal_uart.o
    0x08005360   0x00000090   Code   RO         3718    i.HAL_UART_MspDeInit  stm32l0xx_hal_msp.o
    0x080053f0   0x000001b0   Code   RO         3719    i.HAL_UART_MspInit  stm32l0xx_hal_msp.o
    0x080055a0   0x000000a4   Code   RO         2159    i.HAL_UART_Receive_DMA  stm32l0xx_hal_uart.o
    0x08005644   0x00000004   Code   RO         3988    i.HAL_UART_RxCpltCallback  common.o
    0x08005648   0x00000002   Code   RO         3989    i.HAL_UART_RxHalfCpltCallback  common.o
    0x0800564a   0x000000c8   Code   RO         2163    i.HAL_UART_Transmit  stm32l0xx_hal_uart.o
    0x08005712   0x00000002   Code   RO         2166    i.HAL_UART_TxCpltCallback  stm32l0xx_hal_uart.o
    0x08005714   0x00000058   Code   RO         3990    i.HB_Record_Report  common.o
    0x0800576c   0x0000004c   Code   RO         3991    i.HL_atoh           common.o
    0x080057b8   0x00000084   Code   RO         3993    i.HW_AdcReadChannel  common.o
    0x0800583c   0x00000048   Code   RO         3994    i.HW_DeInit         common.o
    0x08005884   0x00000028   Code   RO         5695    i.HW_EnterStopMode  low_power.o
    0x080058ac   0x00000012   Code   RO         5696    i.HW_ExitStopMode   low_power.o
    0x080058be   0x00000002   PAD
    0x080058c0   0x00000038   Code   RO         4981    i.HW_GPIO_GetBitPos  hw_gpio.o
    0x080058f8   0x00000054   Code   RO         4982    i.HW_GPIO_Init      hw_gpio.o
    0x0800594c   0x00000018   Code   RO         4983    i.HW_GPIO_IrqHandler  hw_gpio.o
    0x08005964   0x00000008   Code   RO         4984    i.HW_GPIO_Read      hw_gpio.o
    0x0800596c   0x00000034   Code   RO         4985    i.HW_GPIO_SetIrq    hw_gpio.o
    0x080059a0   0x0000000a   Code   RO         4986    i.HW_GPIO_Write     hw_gpio.o
    0x080059aa   0x00000002   PAD
    0x080059ac   0x00000070   Code   RO         3995    i.HW_GetBatteryLevel  common.o
    0x08005a1c   0x00000044   Code   RO         3997    i.HW_GetUniqueId    common.o
    0x08005a60   0x00000026   Code   RO         5089    i.HW_RTC_DelayMs    hw_rtc.o
    0x08005a86   0x00000002   PAD
    0x08005a88   0x000000c0   Code   RO         5090    i.HW_RTC_GetCalendarValue  hw_rtc.o
    0x08005b48   0x00000004   Code   RO         5091    i.HW_RTC_GetMinimumTimeout  hw_rtc.o
    0x08005b4c   0x0000000c   Code   RO         5092    i.HW_RTC_GetTimerContext  hw_rtc.o
    0x08005b58   0x0000001c   Code   RO         5093    i.HW_RTC_GetTimerElapsedTime  hw_rtc.o
    0x08005b74   0x00000010   Code   RO         5094    i.HW_RTC_GetTimerValue  hw_rtc.o
    0x08005b84   0x0000002c   Code   RO         5095    i.HW_RTC_Init       hw_rtc.o
    0x08005bb0   0x00000014   Code   RO         5096    i.HW_RTC_IrqHandler  hw_rtc.o
    0x08005bc4   0x00000044   Code   RO         5097    i.HW_RTC_SetAlarm   hw_rtc.o
    0x08005c08   0x00000060   Code   RO         5098    i.HW_RTC_SetConfig  hw_rtc.o
    0x08005c68   0x00000018   Code   RO         5099    i.HW_RTC_SetTimerContext  hw_rtc.o
    0x08005c80   0x00000118   Code   RO         5100    i.HW_RTC_StartWakeUpAlarm  hw_rtc.o
    0x08005d98   0x00000020   Code   RO         5101    i.HW_RTC_StopAlarm  hw_rtc.o
    0x08005db8   0x00000010   Code   RO         5102    i.HW_RTC_Tick2ms    hw_rtc.o
    0x08005dc8   0x00000090   Code   RO         5105    i.HW_RTC_setMcuWakeUpTime  hw_rtc.o
    0x08005e58   0x000000b4   Code   RO         5209    i.HW_SPI_DeInit     hw_spi.o
    0x08005f0c   0x00000044   Code   RO         6031    i.Handle_Error_Process  aware_protocol.o
    0x08005f50   0x00000002   Code   RO         3770    i.HardFault_Handler  stm32l0xx_it.o
    0x08005f52   0x00000002   PAD
    0x08005f54   0x00000024   Code   RO         3998    i.HeartRate_Idle    common.o
    0x08005f78   0x0000002c   Code   RO         3999    i.Hw_Init           common.o
    0x08005fa4   0x00000020   Code   RO         4000    i.I2C2_IRQHandler   common.o
    0x08005fc4   0x00000034   Code   RO         1284    i.I2C_DMAAbort      stm32l0xx_hal_i2c.o
    0x08005ff8   0x00000056   Code   RO         1290    i.I2C_Disable_IRQ   stm32l0xx_hal_i2c.o
    0x0800604e   0x00000022   Code   RO         1292    i.I2C_Flush_TXDR    stm32l0xx_hal_i2c.o
    0x08006070   0x0000007a   Code   RO         1293    i.I2C_ITAddrCplt    stm32l0xx_hal_i2c.o
    0x080060ea   0x00000002   PAD
    0x080060ec   0x000000cc   Code   RO         1294    i.I2C_ITError       stm32l0xx_hal_i2c.o
    0x080061b8   0x00000060   Code   RO         1295    i.I2C_ITListenCplt  stm32l0xx_hal_i2c.o
    0x08006218   0x000000e8   Code   RO         1298    i.I2C_ITSlaveCplt   stm32l0xx_hal_i2c.o
    0x08006300   0x0000004a   Code   RO         1299    i.I2C_ITSlaveSequentialCplt  stm32l0xx_hal_i2c.o
    0x0800634a   0x00000002   PAD
    0x0800634c   0x00000074   Code   RO         1300    i.I2C_IsAcknowledgeFailed  stm32l0xx_hal_i2c.o
    0x080063c0   0x0000006a   Code   RO         1303    i.I2C_RequestMemoryRead  stm32l0xx_hal_i2c.o
    0x0800642a   0x0000006a   Code   RO         1304    i.I2C_RequestMemoryWrite  stm32l0xx_hal_i2c.o
    0x08006494   0x00000118   Code   RO         1306    i.I2C_Slave_ISR_IT  stm32l0xx_hal_i2c.o
    0x080065ac   0x00000024   Code   RO         1307    i.I2C_TransferConfig  stm32l0xx_hal_i2c.o
    0x080065d0   0x00000048   Code   RO         1308    i.I2C_WaitOnFlagUntilTimeout  stm32l0xx_hal_i2c.o
    0x08006618   0x0000004e   Code   RO         1310    i.I2C_WaitOnSTOPFlagUntilTimeout  stm32l0xx_hal_i2c.o
    0x08006666   0x00000052   Code   RO         1311    i.I2C_WaitOnTXISFlagUntilTimeout  stm32l0xx_hal_i2c.o
    0x080066b8   0x0000000e   Code   RO         4001    i.IS_Set_ATCmd      common.o
    0x080066c6   0x00000002   PAD
    0x080066c8   0x000000ac   Code   RO         4002    i.Init_SysConfig    common.o
    0x08006774   0x00000014   Code   RO         6032    i.Is_Ack_Pending    aware_protocol.o
    0x08006788   0x00000014   Code   RO         6033    i.Is_Cmd_Resp_Pending  aware_protocol.o
    0x0800679c   0x00000024   Code   RO         6035    i.Is_Joining        aware_protocol.o
    0x080067c0   0x00000038   Code   RO         6036    i.Is_Local_Addr     aware_protocol.o
    0x080067f8   0x00000028   Code   RO         6037    i.Is_Local_NwkAddr  aware_protocol.o
    0x08006820   0x00000012   Code   RO         6038    i.Is_RF_Tx_Pending  aware_protocol.o
    0x08006832   0x00000002   PAD
    0x08006834   0x00000020   Code   RO         6039    i.Is_ZED_PollReq    aware_protocol.o
    0x08006854   0x00000074   Code   RO         6040    i.Join_Req          aware_protocol.o
    0x080068c8   0x00000020   Code   RO         4003    i.KEY_Idle          common.o
    0x080068e8   0x00000160   Code   RO         4004    i.Key_Func_Handler  common.o
    0x08006a48   0x00000050   Code   RO         4006    i.Key_GPIO_INT_Init  common.o
    0x08006a98   0x00000028   Code   RO         4007    i.Key_Read          common.o
    0x08006ac0   0x00000084   Code   RO         4008    i.Key_Status_Poll   common.o
    0x08006b44   0x0000010a   Code   RO         4009    i.LED_Ctrl          common.o
    0x08006c4e   0x00000002   PAD
    0x08006c50   0x00000058   Code   RO         4011    i.LED_GPIO_Init     common.o
    0x08006ca8   0x00000028   Code   RO         4012    i.LED_Idle          common.o
    0x08006cd0   0x00000040   Code   RO         4013    i.LED_Show          common.o
    0x08006d10   0x00000016   Code   RO         6601    i.LF_AS3932DeInit   lf_as3932.o
    0x08006d26   0x00000002   PAD
    0x08006d28   0x00000088   Code   RO         6602    i.LF_AS3932Init     lf_as3932.o
    0x08006db0   0x0000006c   Code   RO         6603    i.LF_AS3932_GPIO_DeInit  lf_as3932.o
    0x08006e1c   0x00000088   Code   RO         6604    i.LF_AS3932_GPIO_Init  lf_as3932.o
    0x08006ea4   0x00000050   Code   RO         4014    i.LF_Alarm_Report   common.o
    0x08006ef4   0x000001d8   Code   RO         6605    i.LF_AwakeUp        lf_as3932.o
    0x080070cc   0x000001ec   Code   RO         4015    i.LF_Config         common.o
    0x080072b8   0x00000130   Code   RO         6751    i.LF_DataSend       lfwakeup.o
    0x080073e8   0x00000014   Code   RO         4016    i.LF_Done           common.o
    0x080073fc   0x00000010   Code   RO         6752    i.LF_Init           lfwakeup.o
    0x0800740c   0x0000010c   Code   RO         6698    i.LF_ProtocolAnalyzing  lf_protocol.o
    0x08007518   0x00000072   Code   RO         6606    i.LF_Read_Register  lf_as3932.o
    0x0800758a   0x00000002   PAD
    0x0800758c   0x00000068   Code   RO         4017    i.LF_Report         common.o
    0x080075f4   0x00000028   Code   RO         6753    i.LF_Reset          lfwakeup.o
    0x0800761c   0x00000088   Code   RO         6608    i.LF_SPI_GPIO_Init  lf_as3932.o
    0x080076a4   0x00000042   Code   RO         6609    i.LF_SPI_Write      lf_as3932.o
    0x080076e6   0x00000002   PAD
    0x080076e8   0x00000064   Code   RO         6754    i.LF_SendBit        lfwakeup.o
    0x0800774c   0x00000022   Code   RO         6755    i.LF_SendConfig     lfwakeup.o
    0x0800776e   0x0000003a   Code   RO         6610    i.LF_Write_Command  lf_as3932.o
    0x080077a8   0x0000003e   Code   RO         6611    i.LF_Write_Register  lf_as3932.o
    0x080077e6   0x00000002   PAD
    0x080077e8   0x00000018   Code   RO         5878    i.LPMoveCount_Start  lptim.o
    0x08007800   0x00000014   Code   RO         5879    i.LPMoveCount_Stop  lptim.o
    0x08007814   0x00000018   Code   RO         4018    i.LPUART1_IRQHandler  common.o
    0x0800782c   0x00000018   Code   RO         4019    i.LoRa_Config       common.o
    0x08007844   0x00000200   Code   RO         4020    i.LoRa_Init         common.o
    0x08007a44   0x0000009c   Code   RO         5212    i.LoRa_SPISetup     hw_spi.o
    0x08007ae0   0x00000018   Code   RO         5697    i.LowPower_Disable  low_power.o
    0x08007af8   0x00000018   Code   RO         5698    i.LowPower_Enable   low_power.o
    0x08007b10   0x0000000c   Code   RO         5699    i.LowPower_GetState  low_power.o
    0x08007b1c   0x0000003c   Code   RO         5700    i.LowPower_Handler  low_power.o
    0x08007b58   0x00000450   Code   RO         4022    i.MINI_Pro_Resp     common.o
    0x08007fa8   0x00000056   Code   RO         4987    i.MSP_GetIRQn       hw_gpio.o
    0x08007ffe   0x00000002   PAD
    0x08008000   0x00000094   Code   RO         4023    i.MX_ADC_Init       common.o
    0x08008094   0x00000038   Code   RO         4024    i.MX_DMA_Init       common.o
    0x080080cc   0x0000007c   Code   RO         4025    i.MX_I2C2_Init      common.o
    0x08008148   0x00000058   Code   RO         5880    i.MX_LPTIM1_Init    lptim.o
    0x080081a0   0x0000009c   Code   RO         5764    i.MX_TIM21_Init     tim.o
    0x0800823c   0x00000084   Code   RO         5765    i.MX_TIM22_Init     tim.o
    0x080082c0   0x00000058   Code   RO         5767    i.MX_TIM6_Init      tim.o
    0x08008318   0x00000054   Code   RO         4027    i.MX_USART1_UART_Init  common.o
    0x0800836c   0x00000054   Code   RO         4028    i.MX_USART2_UART_Init  common.o
    0x080083c0   0x00000074   Code   RO         4029    i.Match_Tag_ID      common.o
    0x08008434   0x00000002   Code   RO         3771    i.NMI_Handler       stm32l0xx_it.o
    0x08008436   0x00000002   PAD
    0x08008438   0x00000044   Code   RO          244    i.NVIC_SetPriority  stm32l0xx_hal_cortex.o
    0x0800847c   0x0000001c   Code   RO         4030    i.NVIC_SystemReset  common.o
    0x08008498   0x00000070   Code   RO         6042    i.Node_Join_LoRa    aware_protocol.o
    0x08008508   0x00000050   Code   RO         6826    i.OHR_GPIO_Init     ohr_i2c.o
    0x08008558   0x0000009c   Code   RO         6827    i.OHR_davail_handler  ohr_i2c.o
    0x080085f4   0x00000128   Code   RO         6828    i.OHR_event_handler  ohr_i2c.o
    0x0800871c   0x00000024   Code   RO         6829    i.OHR_init          ohr_i2c.o
    0x08008740   0x00000002   Code   RO         4032    i.OnPollData        common.o
    0x08008742   0x00000002   PAD
    0x08008744   0x00000054   Code   RO         4033    i.OnRxDone          common.o
    0x08008798   0x0000002c   Code   RO         4034    i.OnRxError         common.o
    0x080087c4   0x00000014   Code   RO         4035    i.OnRxTimeout       common.o
    0x080087d8   0x0000001c   Code   RO         4036    i.OnTxDone          common.o
    0x080087f4   0x00000030   Code   RO         4037    i.OnTxTimeout       common.o
    0x08008824   0x0000006c   Code   RO         6756    i.PWM_GPIO_Init     lfwakeup.o
    0x08008890   0x0000007c   Code   RO         4038    i.PackFrame_Config  common.o
    0x0800890c   0x00000074   Code   RO         4039    i.PackFrame_Data7Byte  common.o
    0x08008980   0x000000a0   Code   RO         4040    i.Parse_GpsBuffer   common.o
    0x08008a20   0x00000002   Code   RO         3772    i.PendSV_Handler    stm32l0xx_it.o
    0x08008a22   0x00000002   PAD
    0x08008a24   0x00000044   Code   RO         6043    i.Period_Poll_Data  aware_protocol.o
    0x08008a68   0x00000020   Code   RO         6047    i.Poll_RF_Buffer    aware_protocol.o
    0x08008a88   0x0000001c   Code   RO         4041    i.Poll_Record_Num   common.o
    0x08008aa4   0x00000078   Code   RO         6048    i.Process_Ack       aware_protocol.o
    0x08008b1c   0x00000050   Code   RO         4042    i.Process_App_Ack   common.o
    0x08008b6c   0x00000194   Code   RO         6049    i.Process_App_Cmd   aware_protocol.o
    0x08008d00   0x000001a8   Code   RO         4044    i.Process_App_RF_Rec  common.o
    0x08008ea8   0x000000e4   Code   RO         4046    i.Process_Bind      common.o
    0x08008f8c   0x0000011c   Code   RO         6050    i.Process_Cmd       aware_protocol.o
    0x080090a8   0x00000058   Code   RO         4047    i.Process_Cmd_Status  common.o
    0x08009100   0x00000018   Code   RO         4048    i.Process_Error     common.o
    0x08009118   0x00000174   Code   RO         4049    i.Process_GPS       common.o
    0x0800928c   0x00000078   Code   RO         4050    i.Process_HeartBeat  common.o
    0x08009304   0x00000016   Code   RO         6051    i.Process_Join_Cmd  aware_protocol.o
    0x0800931a   0x00000002   PAD
    0x0800931c   0x000000b4   Code   RO         6052    i.Process_Join_Req  aware_protocol.o
    0x080093d0   0x0000002c   Code   RO         4051    i.Process_Join_Status  common.o
    0x080093fc   0x00000030   Code   RO         4052    i.Process_Key       common.o
    0x0800942c   0x00000030   Code   RO         4053    i.Process_LED_Event  common.o
    0x0800945c   0x0000026c   Code   RO         4054    i.Process_LF        common.o
    0x080096c8   0x00000068   Code   RO         4056    i.Process_LoRa_Data  common.o
    0x08009730   0x000000a8   Code   RO         4057    i.Process_Motion    common.o
    0x080097d8   0x0000004c   Code   RO         4058    i.Process_Net_Status  common.o
    0x08009824   0x00000008   Code   RO         4059    i.Process_OHR       common.o
    0x0800982c   0x00000014   Code   RO         4060    i.Process_PWM_SPK   common.o
    0x08009840   0x000001a0   Code   RO         4061    i.Process_Pwr       common.o
    0x080099e0   0x00000024   Code   RO         4062    i.Process_RF_Tx     common.o
    0x08009a04   0x000000c8   Code   RO         4063    i.Process_Reg       common.o
    0x08009acc   0x000001c0   Code   RO         4065    i.Process_Tag_Alarm  common.o
    0x08009c8c   0x00000260   Code   RO         4066    i.Process_UART_Data  common.o
    0x08009eec   0x00000188   Code   RO         4067    i.Process_WorkMode  common.o
    0x0800a074   0x00000040   Code   RO         4068    i.Pwr_DeInit        common.o
    0x0800a0b4   0x00000050   Code   RO         4069    i.Pwr_Init          common.o
    0x0800a104   0x00000070   Code   RO         2484    i.RCC_SetFlashLatencyFromMSIRange  stm32l0xx_hal_rcc.o
    0x0800a174   0x0000003c   Code   RO         4070    i.RF_CH_Config      common.o
    0x0800a1b0   0x000000e0   Code   RO         4071    i.RF_DataRate_Config  common.o
    0x0800a290   0x0000002c   Code   RO         6053    i.RF_Tx_Inc         aware_protocol.o
    0x0800a2bc   0x00000010   Code   RO         3148    i.RTC_Bcd2ToByte    stm32l0xx_hal_rtc.o
    0x0800a2cc   0x00000016   Code   RO         3149    i.RTC_ByteToBcd2    stm32l0xx_hal_rtc.o
    0x0800a2e2   0x00000002   PAD
    0x0800a2e4   0x00000020   Code   RO         4072    i.RTC_Cali          common.o
    0x0800a304   0x00000038   Code   RO         3150    i.RTC_EnterInitMode  stm32l0xx_hal_rtc.o
    0x0800a33c   0x00000008   Code   RO         4073    i.RTC_IRQHandler    common.o
    0x0800a344   0x00000018   Code   RO         4074    i.Read_App_NV       common.o
    0x0800a35c   0x0000001c   Code   RO         4930    i.Read_Data_From_Flash  flash.o
    0x0800a378   0x00000018   Code   RO         4931    i.Read_NV           flash.o
    0x0800a390   0x00000040   Code   RO         4075    i.Register_Done     common.o
    0x0800a3d0   0x00000094   Code   RO         5374    i.RxChainCalibration  sx1276.o
    0x0800a464   0x000000cc   Code   RO         6830    i.Rx_handle         ohr_i2c.o
    0x0800a530   0x00000014   Code   RO         4078    i.SPK_GPIO_Init     common.o
    0x0800a544   0x00000014   Code   RO         4079    i.SPK_Idle          common.o
    0x0800a558   0x00000084   Code   RO         4080    i.SPK_PWM_Ctrl      common.o
    0x0800a5dc   0x00000030   Code   RO         4081    i.SPK_PWM_Toggle    common.o
    0x0800a60c   0x00000028   Code   RO         4082    i.SPK_Show          common.o
    0x0800a634   0x0000008c   Code   RO         4083    i.SPK_TIM2_Init     common.o
    0x0800a6c0   0x00000002   Code   RO         3773    i.SVC_Handler       stm32l0xx_it.o
    0x0800a6c2   0x00000004   Code   RO         5295    i.SX1276CheckRfFrequency  mlm32l07x01.o
    0x0800a6c6   0x00000002   PAD
    0x0800a6c8   0x0000000c   Code   RO         5375    i.SX1276GetStatus   sx1276.o
    0x0800a6d4   0x00000004   Code   RO         5376    i.SX1276GetTimeOnAir  sx1276.o
    0x0800a6d8   0x0000007c   Code   RO         5377    i.SX1276Init        sx1276.o
    0x0800a754   0x00000040   Code   RO         5297    i.SX1276IoDeInit    mlm32l07x01.o
    0x0800a794   0x00000054   Code   RO         5298    i.SX1276IoInit      mlm32l07x01.o
    0x0800a7e8   0x00000018   Code   RO         5299    i.SX1276IoIrqInit   mlm32l07x01.o
    0x0800a800   0x00000036   Code   RO         5378    i.SX1276IsChannelFree  sx1276.o
    0x0800a836   0x00000002   PAD
    0x0800a838   0x00000258   Code   RO         5379    i.SX1276OnDio0Irq   sx1276.o
    0x0800aa90   0x000000f0   Code   RO         5380    i.SX1276OnDio1Irq   sx1276.o
    0x0800ab80   0x000000b4   Code   RO         5381    i.SX1276OnDio2Irq   sx1276.o
    0x0800ac34   0x00000054   Code   RO         5382    i.SX1276OnDio3Irq   sx1276.o
    0x0800ac88   0x0000001c   Code   RO         5383    i.SX1276OnDio4Irq   sx1276.o
    0x0800aca4   0x00000084   Code   RO         5385    i.SX1276OnTimeoutIrq  sx1276.o
    0x0800ad28   0x0000003a   Code   RO         5386    i.SX1276Random      sx1276.o
    0x0800ad62   0x00000010   Code   RO         5387    i.SX1276Read        sx1276.o
    0x0800ad72   0x00000002   PAD
    0x0800ad74   0x00000044   Code   RO         5388    i.SX1276ReadBuffer  sx1276.o
    0x0800adb8   0x0000000e   Code   RO         5389    i.SX1276ReadFifo    sx1276.o
    0x0800adc6   0x00000002   PAD
    0x0800adc8   0x00000044   Code   RO         5390    i.SX1276ReadRssi    sx1276.o
    0x0800ae0c   0x00000030   Code   RO         5391    i.SX1276Reset       sx1276.o
    0x0800ae3c   0x000000e8   Code   RO         5392    i.SX1276Send        sx1276.o
    0x0800af24   0x0000003c   Code   RO         5300    i.SX1276SetAntSw    mlm32l07x01.o
    0x0800af60   0x000000b8   Code   RO         5301    i.SX1276SetAntSwLowPower  mlm32l07x01.o
    0x0800b018   0x00000050   Code   RO         5393    i.SX1276SetChannel  sx1276.o
    0x0800b068   0x00000030   Code   RO         5394    i.SX1276SetMaxPayloadLength  sx1276.o
    0x0800b098   0x00000060   Code   RO         5395    i.SX1276SetModem    sx1276.o
    0x0800b0f8   0x0000002e   Code   RO         5396    i.SX1276SetOpMode   sx1276.o
    0x0800b126   0x00000090   Code   RO         5302    i.SX1276SetRfTxPower  mlm32l07x01.o
    0x0800b1b6   0x00000002   PAD
    0x0800b1b8   0x00000264   Code   RO         5397    i.SX1276SetRx       sx1276.o
    0x0800b41c   0x00000248   Code   RO         5398    i.SX1276SetRxConfig  sx1276.o
    0x0800b664   0x00000024   Code   RO         5399    i.SX1276SetSleep    sx1276.o
    0x0800b688   0x00000024   Code   RO         5400    i.SX1276SetStby     sx1276.o
    0x0800b6ac   0x00000014   Code   RO         5401    i.SX1276SetSyncWord  sx1276.o
    0x0800b6c0   0x000000a4   Code   RO         5402    i.SX1276SetTx       sx1276.o
    0x0800b764   0x000001f0   Code   RO         5403    i.SX1276SetTxConfig  sx1276.o
    0x0800b954   0x00000090   Code   RO         5404    i.SX1276SetTxContinuousWave  sx1276.o
    0x0800b9e4   0x00000038   Code   RO         5405    i.SX1276StartCad    sx1276.o
    0x0800ba1c   0x0000000c   Code   RO         5406    i.SX1276Write       sx1276.o
    0x0800ba28   0x00000044   Code   RO         5407    i.SX1276WriteBuffer  sx1276.o
    0x0800ba6c   0x0000000e   Code   RO         5408    i.SX1276WriteFifo   sx1276.o
    0x0800ba7a   0x00000002   PAD
    0x0800ba7c   0x00000014   Code   RO         4085    i.SetCH             common.o
    0x0800ba90   0x00000014   Code   RO         4086    i.SetRFPwr          common.o
    0x0800baa4   0x00000014   Code   RO         4087    i.SetRFRate         common.o
    0x0800bab8   0x0000005c   Code   RO         5219    i.SpiInOut          hw_spi.o
    0x0800bb14   0x00000074   Code   RO         6831    i.StartOHR          ohr_i2c.o
    0x0800bb88   0x00000038   Code   RO         6832    i.StopOHR           ohr_i2c.o
    0x0800bbc0   0x0000006c   Code   RO         4088    i.Store_UART_Data   common.o
    0x0800bc2c   0x0000000c   Code   RO         3774    i.SysTick_Handler   stm32l0xx_it.o
    0x0800bc38   0x000000a4   Code   RO         3825    i.SystemClock_Config  main.o
    0x0800bcdc   0x00000054   Code   RO         5939    i.SystemInit        system_stm32l0xx.o
    0x0800bd30   0x00000090   Code   RO         4089    i.Systick_Event     common.o
    0x0800bdc0   0x00000010   Code   RO         5768    i.TIM21_IRQHandler  tim.o
    0x0800bdd0   0x00000010   Code   RO         5769    i.TIM6_IRQHandler   tim.o
    0x0800bde0   0x00000050   Code   RO          612    i.TIM_Base_SetConfig  stm32l0xx_hal_tim.o
    0x0800be30   0x00000016   Code   RO          613    i.TIM_CCxChannelCmd  stm32l0xx_hal_tim.o
    0x0800be46   0x00000030   Code   RO          621    i.TIM_OC1_SetConfig  stm32l0xx_hal_tim.o
    0x0800be76   0x00000032   Code   RO          622    i.TIM_OC2_SetConfig  stm32l0xx_hal_tim.o
    0x0800bea8   0x00000036   Code   RO          623    i.TIM_OC3_SetConfig  stm32l0xx_hal_tim.o
    0x0800bede   0x00000036   Code   RO          624    i.TIM_OC4_SetConfig  stm32l0xx_hal_tim.o
    0x0800bf14   0x00000050   Code   RO          627    i.TIM_TI1_SetConfig  stm32l0xx_hal_tim.o
    0x0800bf64   0x00000034   Code   RO          629    i.TIM_TI2_SetConfig  stm32l0xx_hal_tim.o
    0x0800bf98   0x000001a0   Code   RO         6061    i.TX_RF_Data        aware_protocol.o
    0x0800c138   0x00000048   Code   RO         4090    i.Tag_Alarm_Report  common.o
    0x0800c180   0x00000014   Code   RO         4092    i.Time_Init         common.o
    0x0800c194   0x0000000e   Code   RO         5611    i.TimerInit         timeserver.o
    0x0800c1a2   0x00000002   PAD
    0x0800c1a4   0x0000001c   Code   RO         5612    i.TimerInsertNewHeadTimer  timeserver.o
    0x0800c1c0   0x00000078   Code   RO         5613    i.TimerIrqHandler   timeserver.o
    0x0800c238   0x0000002c   Code   RO         5615    i.TimerSetTimeout   timeserver.o
    0x0800c264   0x0000001a   Code   RO         5616    i.TimerSetValue     timeserver.o
    0x0800c27e   0x00000002   PAD
    0x0800c280   0x00000070   Code   RO         5617    i.TimerStart        timeserver.o
    0x0800c2f0   0x00000060   Code   RO         5618    i.TimerStop         timeserver.o
    0x0800c350   0x00000708   Code   RO         4095    i.UART_AT_CMD_Process  common.o
    0x0800ca58   0x000000ca   Code   RO         2168    i.UART_AdvFeatureConfig  stm32l0xx_hal_uart.o
    0x0800cb22   0x00000002   PAD
    0x0800cb24   0x00000060   Code   RO         2169    i.UART_CheckIdleState  stm32l0xx_hal_uart.o
    0x0800cb84   0x00000014   Code   RO         2170    i.UART_DMAAbortOnError  stm32l0xx_hal_uart.o
    0x0800cb98   0x0000004a   Code   RO         2171    i.UART_DMAError     stm32l0xx_hal_uart.o
    0x0800cbe2   0x00000040   Code   RO         2172    i.UART_DMAReceiveCplt  stm32l0xx_hal_uart.o
    0x0800cc22   0x0000000a   Code   RO         2174    i.UART_DMARxHalfCplt  stm32l0xx_hal_uart.o
    0x0800cc2c   0x0000001e   Code   RO         2180    i.UART_EndRxTransfer  stm32l0xx_hal_uart.o
    0x0800cc4a   0x00000012   Code   RO         2181    i.UART_EndTxTransfer  stm32l0xx_hal_uart.o
    0x0800cc5c   0x0000007e   Code   RO         2182    i.UART_Receive_IT   stm32l0xx_hal_uart.o
    0x0800ccda   0x00000002   PAD
    0x0800ccdc   0x0000021c   Code   RO         2183    i.UART_SetConfig    stm32l0xx_hal_uart.o
    0x0800cef8   0x00000066   Code   RO         2184    i.UART_Transmit_IT  stm32l0xx_hal_uart.o
    0x0800cf5e   0x00000062   Code   RO         2185    i.UART_WaitOnFlagUntilTimeout  stm32l0xx_hal_uart.o
    0x0800cfc0   0x0000001c   Code   RO         4096    i.USART1_IRQHandler  common.o
    0x0800cfdc   0x0000001c   Code   RO         4097    i.USART2_IRQHandler  common.o
    0x0800cff8   0x00000060   Code   RO         4099    i.Uart_Enable       common.o
    0x0800d058   0x0000008c   Code   RO         4100    i.Uart_Rec_Idle     common.o
    0x0800d0e4   0x00000020   Code   RO         6063    i.Update_Parent_RSSI  aware_protocol.o
    0x0800d104   0x0000004c   Code   RO         4102    i.WorkMode_Report   common.o
    0x0800d150   0x0000003c   Code   RO         4103    i.Write_App_NV      common.o
    0x0800d18c   0x00000026   Code   RO         4932    i.Write_Data_To_Flash  flash.o
    0x0800d1b2   0x00000002   PAD
    0x0800d1b4   0x00000038   Code   RO         4933    i.Write_NV          flash.o
    0x0800d1ec   0x000000c0   Code   RO         6064    i.ZED_DataReq_Event  aware_protocol.o
    0x0800d2ac   0x00000070   Code   RO         6065    i.ZED_Data_Req      aware_protocol.o
    0x0800d31c   0x00000002   Code   RO         3826    i._Error_Handler    main.o
    0x0800d31e   0x00000002   PAD
    0x0800d320   0x00000020   Code   RO         7178    i.__0printf         mc_p.l(printfa.o)
    0x0800d340   0x0000002e   Code   RO         7259    i.__ARM_clz         mf_p.l(depilogue.o)
    0x0800d36e   0x00000030   Code   RO         5197    i.__ARM_common_ll_muluu  hw_rtc.o
    0x0800d39e   0x0000001a   Code   RO         1144    i.__ARM_common_switch8  stm32l0xx_hal_tim.o
    0x0800d3b8   0x0000000c   Code   RO         7246    i.__read_errno      mc_p.l(errno.o)
    0x0800d3c4   0x0000000e   Code   RO         7284    i.__scatterload_copy  mc_p.l(handlers.o)
    0x0800d3d2   0x00000002   Code   RO         7285    i.__scatterload_null  mc_p.l(handlers.o)
    0x0800d3d4   0x0000000e   Code   RO         7286    i.__scatterload_zeroinit  mc_p.l(handlers.o)
    0x0800d3e2   0x00000002   PAD
    0x0800d3e4   0x0000000c   Code   RO         7247    i.__set_errno       mc_p.l(errno.o)
    0x0800d3f0   0x00000158   Code   RO         7185    i._fp_digits        mc_p.l(printfa.o)
    0x0800d548   0x0000000e   Code   RO         7271    i._is_digit         mc_p.l(scanf_fp.o)
    0x0800d556   0x00000002   PAD
    0x0800d558   0x000006ec   Code   RO         7186    i._printf_core      mc_p.l(printfa.o)
    0x0800dc44   0x00000020   Code   RO         7187    i._printf_post_padding  mc_p.l(printfa.o)
    0x0800dc64   0x0000002c   Code   RO         7188    i._printf_pre_padding  mc_p.l(printfa.o)
    0x0800dc90   0x0000002a   Code   RO         6917    i.atof              m_ps.l(atof.o)
    0x0800dcba   0x00000002   PAD
    0x0800dcbc   0x000000c8   Code   RO         6921    i.ceil              m_ps.l(ceil.o)
    0x0800dd84   0x0000001c   Code   RO         4105    i.fputc             common.o
    0x0800dda0   0x00000140   Code   RO         3827    i.main              main.o
    0x0800dee0   0x00000038   Code   RO         6833    i.nrf_gpio_cfg_sense_input  ohr_i2c.o
    0x0800df18   0x00000084   Code   RO         6834    i.ohrCmd_start      ohr_i2c.o
    0x0800df9c   0x00000010   Code   RO         4106    i.osal_memcpy       common.o
    0x0800dfac   0x0000000c   Code   RO         4107    i.osal_memset       common.o
    0x0800dfb8   0x00000012   Code   RO         4108    i.osal_revmemcpy    common.o
    0x0800dfca   0x00000002   PAD
    0x0800dfcc   0x00000054   Code   RO         4109    i.print_8_02x       common.o
    0x0800e020   0x0000002c   Code   RO         6068    i.rand1             aware_protocol.o
    0x0800e04c   0x00000016   Code   RO         6069    i.randr             aware_protocol.o
    0x0800e062   0x00000002   PAD
    0x0800e064   0x0000001c   Code   RO         6835    i.timer_ohr_handler  ohr_i2c.o
    0x0800e080   0x000000db   Data   RO         4112    .constdata          common.o
    0x0800e15b   0x00000018   Data   RO         5107    .constdata          hw_rtc.o
    0x0800e173   0x00000001   PAD
    0x0800e174   0x00000064   Data   RO         5303    .constdata          mlm32l07x01.o
    0x0800e1d8   0x000000e0   Data   RO         5410    .constdata          sx1276.o
    0x0800e2b8   0x00000019   Data   RO         5940    .constdata          system_stm32l0xx.o
    0x0800e2d1   0x00000008   Data   RO         5941    .constdata          system_stm32l0xx.o
    0x0800e2d9   0x00000010   Data   RO         6072    .constdata          aware_protocol.o
    0x0800e2e9   0x00000100   Data   RO         6581    .constdata          ccrfid_crc8.o
    0x0800e3e9   0x00000040   Data   RO         7278    .constdata          mc_p.l(ctype_c.o)
    0x0800e429   0x00000003   PAD
    0x0800e42c   0x00000020   Data   RO         7282    Region$$Table       anon$$obj.o


    Execution Region RW_IRAM1 (Base: 0x20000000, Size: 0x00001f40, Max: 0x00002000, ABSOLUTE, COMPRESSED[0x00000028])

    Base Addr    Size         Type   Attr      Idx    E Section Name        Object

    0x20000000   0x00000004   Data   RW         2989    .data               stm32l0xx_hal.o
    0x20000004   0x00000004   Data   RW         3828    .data               main.o
    0x20000008   0x00000097   Data   RW         4118    .data               common.o
    0x2000009f   0x00000001   PAD
    0x200000a0   0x00000004   Data   RW         5108    .data               hw_rtc.o
    0x200000a4   0x00000001   Data   RW         5304    .data               mlm32l07x01.o
    0x200000a5   0x00000003   PAD
    0x200000a8   0x0000001c   Data   RW         5411    .data               sx1276.o
    0x200000c4   0x00000004   Data   RW         5619    .data               timeserver.o
    0x200000c8   0x00000004   Data   RW         5701    .data               low_power.o
    0x200000cc   0x0000000c   Data   RW         5771    .data               tim.o
    0x200000d8   0x00000004   Data   RW         5883    .data               lptim.o
    0x200000dc   0x00000004   Data   RW         5942    .data               system_stm32l0xx.o
    0x200000e0   0x00000036   Data   RW         6075    .data               aware_protocol.o
    0x20000116   0x00000002   PAD
    0x20000118   0x00000014   Data   RW         6613    .data               lf_as3932.o
    0x2000012c   0x00000003   Data   RW         6758    .data               lfwakeup.o
    0x2000012f   0x00000006   Data   RW         6837    .data               ohr_i2c.o
    0x20000135   0x00000003   PAD
    0x20000138   0x00000004   Data   RW         7238    .data               mc_p.l(stdout.o)
    0x2000013c   0x00000004   Data   RW         7248    .data               mc_p.l(errno.o)
    0x20000140   0x00000018   Zero   RW         1738    .bss                stm32l0xx_hal_flash.o
    0x20000158   0x00000f6c   Zero   RW         4111    .bss                common.o
    0x200010c4   0x00000040   Zero   RW         4988    .bss                hw_gpio.o
    0x20001104   0x00000068   Zero   RW         5106    .bss                hw_rtc.o
    0x2000116c   0x0000019c   Zero   RW         5409    .bss                sx1276.o
    0x20001308   0x000000e0   Zero   RW         5770    .bss                tim.o
    0x200013e8   0x00000030   Zero   RW         5882    .bss                lptim.o
    0x20001418   0x00000695   Zero   RW         6071    .bss                aware_protocol.o
    0x20001aad   0x00000020   Zero   RW         6757    .bss                lfwakeup.o
    0x20001acd   0x00000003   PAD
    0x20001ad0   0x0000006c   Zero   RW         6836    .bss                ohr_i2c.o
    0x20001b3c   0x00000004   PAD
    0x20001b40   0x00000400   Zero   RW         3816    STACK               startup_stm32l051xx.o


==============================================================================

Image component sizes


      Code (inc. data)   RO Data    RW Data    ZI Data      Debug   Object Name

      5336       1108         16         54       1685      51394   aware_protocol.o
        32          4        256          0          0       1235   ccrfid_crc8.o
     15758       3306        223        151       3948     117058   common.o
       198         24          0          0          0       3554   flash.o
       436         46          0          0         64       9322   hw_gpio.o
      1062        110         24          4        104      10746   hw_rtc.o
       428         18          0          0          0       2363   hw_spi.o
      1322         48          0         20          0       9961   lf_as3932.o
       268          6          0          0          0       4507   lf_protocol.o
       626         58          0          3         32       6782   lfwakeup.o
       178         46          0          4          0       4163   low_power.o
       284         88          0          4         48       3673   lptim.o
       486         12          0          4          0      17682   main.o
       564         46        100          1          0       9827   mlm32l07x01.o
      1196        308          0          6        108      10474   ohr_i2c.o
        28          8        192          0       1024        616   startup_stm32l051xx.o
       122         24          0          4          0       3739   stm32l0xx_hal.o
      1382         52          0          0          0       8327   stm32l0xx_hal_adc.o
       170          0          0          0          0       1470   stm32l0xx_hal_adc_ex.o
       224         38          0          0          0      13255   stm32l0xx_hal_cortex.o
      1708         24          0          0          0       6243   stm32l0xx_hal_dma.o
       256         16          0          0         24       1766   stm32l0xx_hal_flash.o
       180         36          0          0          0     384238   stm32l0xx_hal_flash_ex.o
       658         62          0          0          0       5113   stm32l0xx_hal_gpio.o
      2756         60          0          0          0      22478   stm32l0xx_hal_i2c.o
       146          0          0          0          0       1947   stm32l0xx_hal_i2c_ex.o
       286         14          0          0          0       3727   stm32l0xx_hal_lptim.o
       680         98          0          0          0       3152   stm32l0xx_hal_msp.o
        52          8          0          0          0        644   stm32l0xx_hal_pwr.o
      1672        116          0          0          0       6948   stm32l0xx_hal_rcc.o
       668         44          0          0          0       2889   stm32l0xx_hal_rcc_ex.o
      1750         40          0          0          0      11081   stm32l0xx_hal_rtc.o
        62          0          0          0          0       1671   stm32l0xx_hal_rtc_ex.o
      1790         38          0          0          0      18327   stm32l0xx_hal_tim.o
       102          0          0          0          0       1872   stm32l0xx_hal_tim_ex.o
      2268         92          0          0          0      15072   stm32l0xx_hal_uart.o
         2          0          0          0          0       1016   stm32l0xx_hal_uart_ex.o
        20          0          0          0          0       2179   stm32l0xx_it.o
      4666        268        224         28        412      26621   sx1276.o
        84         18         33          4          0       1259   system_stm32l0xx.o
       940        176          0         12        224       8143   tim.o
       440         18          0          4          0       7979   timeserver.o

    ----------------------------------------------------------------------
     51386       6478       1101        312       7680     824513   Object Totals
         0          0         32          0          0          0   (incl. Generated)
       100          0          1          9          7          0   (incl. Padding)

    ----------------------------------------------------------------------

      Code (inc. data)   RO Data    RW Data    ZI Data      Debug   Library Member Name

        42          0          0          0          0         76   atof.o
       200         20          0          0          0         76   ceil.o
        58          0          0          0          0          0   __dczerorl.o
        68          0          0          0          0         76   _sgetc.o
        36          4         64          0          0         60   ctype_c.o
         0          0          0          0          0          0   entry.o
         0          0          0          0          0          0   entry10a.o
         0          0          0          0          0          0   entry11a.o
         8          4          0          0          0          0   entry2.o
         4          0          0          0          0          0   entry5.o
         0          0          0          0          0          0   entry7b.o
         0          0          0          0          0          0   entry8b.o
         8          4          0          0          0          0   entry9a.o
        24         12          0          4          0        120   errno.o
        30          0          0          0          0          0   handlers.o
        40          0          0          0          0         72   idiv.o
        36          8          0          0          0         68   init.o
        14          0          0          0          0         68   isspace_c.o
         0          0          0          0          0          0   iusefp.o
       122          0          0          0          0         84   llmul.o
        32          0          0          0          0         68   llshl.o
        38          0          0          0          0         68   llsshr.o
        34          0          0          0          0         68   llushr.o
        26          0          0          0          0         72   memcmp.o
        36          0          0          0          0         60   memcpya.o
        36          0          0          0          0        100   memseta.o
      2224         98          0          0          0        412   printfa.o
       858         12          0          0          0        184   scanf_fp.o
         0          0          0          4          0          0   stdout.o
        30          0          0          0          0         72   strncmp.o
        40          0          0          0          0         72   strstr.o
       164         18          0          0          0        120   strtod.o
        44          0          0          0          0         72   uidiv.o
        96          0          0          0          0         84   uldiv.o
        20          0          0          0          0         60   uread4.o
        18          0          0          0          0         60   uwrite4.o
        40          2          0          0          0         68   cdrcmple.o
        56          0          0          0          0         68   d2f.o
       356          4          0          0          0        140   dadd.o
       240          6          0          0          0         84   ddiv.o
       236          0          0          0          0        216   depilogue.o
        60         10          0          0          0         68   dfixui.o
        64         10          0          0          0         68   dfixul.o
        28          4          0          0          0         68   dfltui.o
        28          6          0          0          0         68   dfltul.o
       208          6          0          0          0         88   dmul.o
        44          0          0          0          0         72   dscalb.o
       130          0          0          0          0        144   fepilogue.o

    ----------------------------------------------------------------------
      5890        228         67          8          0       3424   Library Totals
        14          0          3          0          0          0   (incl. Padding)

    ----------------------------------------------------------------------

      Code (inc. data)   RO Data    RW Data    ZI Data      Debug   Library Name

       242         20          0          0          0        152   m_ps.l
      4144        160         64          8          0       2120   mc_p.l
      1490         48          0          0          0       1152   mf_p.l

    ----------------------------------------------------------------------
      5890        228         67          8          0       3424   Library Totals

    ----------------------------------------------------------------------

==============================================================================


      Code (inc. data)   RO Data    RW Data    ZI Data      Debug   

     57276       6706       1168        320       7680     804701   Grand Totals
     57276       6706       1168         40       7680     804701   ELF Image Totals (compressed)
     57276       6706       1168         40          0          0   ROM Totals

==============================================================================

    Total RO  Size (Code + RO Data)                58444 (  57.07kB)
    Total RW  Size (RW Data + ZI Data)              8000 (   7.81kB)
    Total ROM Size (Code + RO Data + RW Data)      58484 (  57.11kB)

==============================================================================

